Archive member included because of file (symbol)

../HELLO_WORLD_SMALL_IO_EXTENDED_bsp/\libhal_bsp.a(alt_getchar.o)
                              obj/default/hello_world_small.o (alt_getchar)
../HELLO_WORLD_SMALL_IO_EXTENDED_bsp/\libhal_bsp.a(alt_load.o)
                              ../HELLO_WORLD_SMALL_IO_EXTENDED_bsp//obj/HAL/src/crt0.o (alt_load)
../HELLO_WORLD_SMALL_IO_EXTENDED_bsp/\libhal_bsp.a(alt_main.o)
                              ../HELLO_WORLD_SMALL_IO_EXTENDED_bsp//obj/HAL/src/crt0.o (alt_main)
../HELLO_WORLD_SMALL_IO_EXTENDED_bsp/\libhal_bsp.a(alt_putstr.o)
                              obj/default/hello_world_small.o (alt_putstr)
../HELLO_WORLD_SMALL_IO_EXTENDED_bsp/\libhal_bsp.a(alt_sys_init.o)
                              ../HELLO_WORLD_SMALL_IO_EXTENDED_bsp/\libhal_bsp.a(alt_main.o) (alt_irq_init)
../HELLO_WORLD_SMALL_IO_EXTENDED_bsp/\libhal_bsp.a(altera_avalon_jtag_uart_read.o)
                              ../HELLO_WORLD_SMALL_IO_EXTENDED_bsp/\libhal_bsp.a(alt_getchar.o) (altera_avalon_jtag_uart_read)
../HELLO_WORLD_SMALL_IO_EXTENDED_bsp/\libhal_bsp.a(altera_avalon_jtag_uart_write.o)
                              ../HELLO_WORLD_SMALL_IO_EXTENDED_bsp/\libhal_bsp.a(alt_putstr.o) (altera_avalon_jtag_uart_write)
../HELLO_WORLD_SMALL_IO_EXTENDED_bsp/\libhal_bsp.a(alt_dcache_flush_all.o)
                              ../HELLO_WORLD_SMALL_IO_EXTENDED_bsp/\libhal_bsp.a(alt_load.o) (alt_dcache_flush_all)
../HELLO_WORLD_SMALL_IO_EXTENDED_bsp/\libhal_bsp.a(alt_dev.o)
                              ../HELLO_WORLD_SMALL_IO_EXTENDED_bsp/\libhal_bsp.a(alt_getchar.o) (alt_fd_list)
../HELLO_WORLD_SMALL_IO_EXTENDED_bsp/\libhal_bsp.a(alt_icache_flush_all.o)
                              ../HELLO_WORLD_SMALL_IO_EXTENDED_bsp/\libhal_bsp.a(alt_load.o) (alt_icache_flush_all)
../HELLO_WORLD_SMALL_IO_EXTENDED_bsp/\libhal_bsp.a(altera_nios2_qsys_irq.o)
                              ../HELLO_WORLD_SMALL_IO_EXTENDED_bsp/\libhal_bsp.a(alt_sys_init.o) (altera_nios2_qsys_irq_init)
c:/altera/14.0/nios2eds/bin/gnu/h-x86_64-mingw32/bin/../lib/gcc/nios2-elf/4.7.3/../../../../../H-x86_64-mingw32/nios2-elf/lib/mno-hw-mul\libsmallc.a(lib_a-strlen.o)
                              ../HELLO_WORLD_SMALL_IO_EXTENDED_bsp/\libhal_bsp.a(alt_putstr.o) (strlen)

Memory Configuration

Name             Origin             Length             Attributes
reset            0x0000000000001000 0x0000000000000020
onchip_memory    0x0000000000001020 0x0000000000000fe0
*default*        0x0000000000000000 0xffffffffffffffff

Linker script and memory map

LOAD ../HELLO_WORLD_SMALL_IO_EXTENDED_bsp//obj/HAL/src/crt0.o
LOAD obj/default/hello_world_small.o
LOAD c:/altera/14.0/nios2eds/bin/gnu/h-x86_64-mingw32/bin/../lib/gcc/nios2-elf/4.7.3/../../../../../H-x86_64-mingw32/nios2-elf/lib/mno-hw-mul\libstdc++.a
LOAD c:/altera/14.0/nios2eds/bin/gnu/h-x86_64-mingw32/bin/../lib/gcc/nios2-elf/4.7.3/../../../../../H-x86_64-mingw32/nios2-elf/lib/mno-hw-mul\libm.a
LOAD c:/altera/14.0/nios2eds/bin/gnu/h-x86_64-mingw32/bin/../lib/gcc/nios2-elf/4.7.3/mno-hw-mul\libgcc.a
START GROUP
LOAD c:/altera/14.0/nios2eds/bin/gnu/h-x86_64-mingw32/bin/../lib/gcc/nios2-elf/4.7.3/../../../../../H-x86_64-mingw32/nios2-elf/lib/mno-hw-mul\libsmallc.a
LOAD c:/altera/14.0/nios2eds/bin/gnu/h-x86_64-mingw32/bin/../lib/gcc/nios2-elf/4.7.3/mno-hw-mul\libgcc.a
LOAD ../HELLO_WORLD_SMALL_IO_EXTENDED_bsp/\libhal_bsp.a
END GROUP
LOAD c:/altera/14.0/nios2eds/bin/gnu/h-x86_64-mingw32/bin/../lib/gcc/nios2-elf/4.7.3/mno-hw-mul\libgcc.a
                0x0000000000001000                __alt_mem_onchip_memory = 0x1000

.entry          0x0000000000001000       0x20
 *(.entry)
 .entry         0x0000000000001000       0x20 ../HELLO_WORLD_SMALL_IO_EXTENDED_bsp//obj/HAL/src/crt0.o
                0x0000000000001000                __reset
                0x000000000000100c                _exit

.exceptions     0x0000000000001020        0x0
                0x0000000000001020                PROVIDE (__ram_exceptions_start, ABSOLUTE (.))
                0x0000000000001020                . = ALIGN (0x20)
 *(.irq)
 *(.exceptions.entry.label)
 *(.exceptions.entry.user)
 *(.exceptions.entry.ecc_fatal)
 *(.exceptions.entry)
 *(.exceptions.irqtest.user)
 *(.exceptions.irqtest)
 *(.exceptions.irqhandler.user)
 *(.exceptions.irqhandler)
 *(.exceptions.irqreturn.user)
 *(.exceptions.irqreturn)
 *(.exceptions.notirq.label)
 *(.exceptions.notirq.user)
 *(.exceptions.notirq)
 *(.exceptions.soft.user)
 *(.exceptions.soft)
 *(.exceptions.unknown.user)
 *(.exceptions.unknown)
 *(.exceptions.exit.label)
 *(.exceptions.exit.user)
 *(.exceptions.exit)
 *(.exceptions)
                0x0000000000001020                PROVIDE (__ram_exceptions_end, ABSOLUTE (.))
                0x0000000000001020                PROVIDE (__flash_exceptions_start, LOADADDR (.exceptions))

.text           0x0000000000001020      0x344
                0x0000000000001020                PROVIDE (stext, ABSOLUTE (.))
 *(.interp)
 *(.hash)
 *(.dynsym)
 *(.dynstr)
 *(.gnu.version)
 *(.gnu.version_d)
 *(.gnu.version_r)
 *(.rel.init)
 *(.rela.init)
 *(.rel.text .rel.text.* .rel.gnu.linkonce.t.*)
 *(.rela.text .rela.text.* .rela.gnu.linkonce.t.*)
 *(.rel.fini)
 *(.rela.fini)
 *(.rel.rodata .rel.rodata.* .rel.gnu.linkonce.r.*)
 *(.rela.rodata .rela.rodata.* .rela.gnu.linkonce.r.*)
 *(.rel.data .rel.data.* .rel.gnu.linkonce.d.*)
 *(.rela.data .rela.data.* .rela.gnu.linkonce.d.*)
 *(.rel.tdata .rel.tdata.* .rel.gnu.linkonce.td.*)
 *(.rela.tdata .rela.tdata.* .rela.gnu.linkonce.td.*)
 *(.rel.tbss .rel.tbss.* .rel.gnu.linkonce.tb.*)
 *(.rela.tbss .rela.tbss.* .rela.gnu.linkonce.tb.*)
 *(.rel.ctors)
 *(.rela.ctors)
 *(.rel.dtors)
 *(.rela.dtors)
 *(.rel.got)
 *(.rela.got)
 *(.rel.sdata .rel.sdata.* .rel.gnu.linkonce.s.*)
 *(.rela.sdata .rela.sdata.* .rela.gnu.linkonce.s.*)
 *(.rel.sbss .rel.sbss.* .rel.gnu.linkonce.sb.*)
 *(.rela.sbss .rela.sbss.* .rela.gnu.linkonce.sb.*)
 *(.rel.sdata2 .rel.sdata2.* .rel.gnu.linkonce.s2.*)
 *(.rela.sdata2 .rela.sdata2.* .rela.gnu.linkonce.s2.*)
 *(.rel.sbss2 .rel.sbss2.* .rel.gnu.linkonce.sb2.*)
 *(.rela.sbss2 .rela.sbss2.* .rela.gnu.linkonce.sb2.*)
 *(.rel.bss .rel.bss.* .rel.gnu.linkonce.b.*)
 *(.rela.bss .rela.bss.* .rela.gnu.linkonce.b.*)
 *(.rel.plt)
 *(.rela.plt)
 *(.rel.dyn)
 *(.init)
 *(.plt)
 *(.text .stub .text.* .gnu.linkonce.t.*)
 .text          0x0000000000001020       0x3c ../HELLO_WORLD_SMALL_IO_EXTENDED_bsp//obj/HAL/src/crt0.o
                0x0000000000001020                _start
 .text          0x000000000000105c        0x0 obj/default/hello_world_small.o
 .text.startup  0x000000000000105c       0x68 obj/default/hello_world_small.o
                0x000000000000105c                main
 .text          0x00000000000010c4       0x44 ../HELLO_WORLD_SMALL_IO_EXTENDED_bsp/\libhal_bsp.a(alt_getchar.o)
                0x00000000000010c4                alt_getchar
 .text          0x0000000000001108      0x104 ../HELLO_WORLD_SMALL_IO_EXTENDED_bsp/\libhal_bsp.a(alt_load.o)
                0x0000000000001108                alt_load
 .text          0x000000000000120c       0x2c ../HELLO_WORLD_SMALL_IO_EXTENDED_bsp/\libhal_bsp.a(alt_main.o)
                0x000000000000120c                alt_main
 .text          0x0000000000001238       0x38 ../HELLO_WORLD_SMALL_IO_EXTENDED_bsp/\libhal_bsp.a(alt_putstr.o)
                0x0000000000001238                alt_putstr
 .text          0x0000000000001270       0x24 ../HELLO_WORLD_SMALL_IO_EXTENDED_bsp/\libhal_bsp.a(alt_sys_init.o)
                0x0000000000001270                alt_irq_init
                0x0000000000001290                alt_sys_init
 .text          0x0000000000001294       0x5c ../HELLO_WORLD_SMALL_IO_EXTENDED_bsp/\libhal_bsp.a(altera_avalon_jtag_uart_read.o)
                0x0000000000001294                altera_avalon_jtag_uart_read
 .text          0x00000000000012f0       0x34 ../HELLO_WORLD_SMALL_IO_EXTENDED_bsp/\libhal_bsp.a(altera_avalon_jtag_uart_write.o)
                0x00000000000012f0                altera_avalon_jtag_uart_write
 .text          0x0000000000001324        0x4 ../HELLO_WORLD_SMALL_IO_EXTENDED_bsp/\libhal_bsp.a(alt_dcache_flush_all.o)
                0x0000000000001324                alt_dcache_flush_all
 .text          0x0000000000001328        0x8 ../HELLO_WORLD_SMALL_IO_EXTENDED_bsp/\libhal_bsp.a(alt_dev.o)
 .text          0x0000000000001330        0x4 ../HELLO_WORLD_SMALL_IO_EXTENDED_bsp/\libhal_bsp.a(alt_icache_flush_all.o)
                0x0000000000001330                alt_icache_flush_all
 .text          0x0000000000001334        0x8 ../HELLO_WORLD_SMALL_IO_EXTENDED_bsp/\libhal_bsp.a(altera_nios2_qsys_irq.o)
                0x0000000000001334                altera_nios2_qsys_irq_init
 .text          0x000000000000133c       0x28 c:/altera/14.0/nios2eds/bin/gnu/h-x86_64-mingw32/bin/../lib/gcc/nios2-elf/4.7.3/../../../../../H-x86_64-mingw32/nios2-elf/lib/mno-hw-mul\libsmallc.a(lib_a-strlen.o)
                0x000000000000133c                strlen
 *(.gnu.warning.*)
 *(.fini)
                0x0000000000001364                PROVIDE (__etext, ABSOLUTE (.))
                0x0000000000001364                PROVIDE (_etext, ABSOLUTE (.))
                0x0000000000001364                PROVIDE (etext, ABSOLUTE (.))
 *(.eh_frame_hdr)
                0x0000000000001364                . = ALIGN (0x4)
                0x0000000000001364                PROVIDE (__preinit_array_start, ABSOLUTE (.))
 *(.preinit_array)
                0x0000000000001364                PROVIDE (__preinit_array_end, ABSOLUTE (.))
                0x0000000000001364                PROVIDE (__init_array_start, ABSOLUTE (.))
 *(.init_array)
                0x0000000000001364                PROVIDE (__init_array_end, ABSOLUTE (.))
                0x0000000000001364                PROVIDE (__fini_array_start, ABSOLUTE (.))
 *(.fini_array)
                0x0000000000001364                PROVIDE (__fini_array_end, ABSOLUTE (.))
 *(.eh_frame)
 *(.gcc_except_table .gcc_except_table.*)
 *(.dynamic)
                0x0000000000001364                PROVIDE (__CTOR_LIST__, ABSOLUTE (.))
 *(.ctors)
 *(SORT(.ctors.*))
                0x0000000000001364                PROVIDE (__CTOR_END__, ABSOLUTE (.))
                0x0000000000001364                PROVIDE (__DTOR_LIST__, ABSOLUTE (.))
 *(.dtors)
 *(SORT(.dtors.*))
                0x0000000000001364                PROVIDE (__DTOR_END__, ABSOLUTE (.))
 *(.jcr)
                0x0000000000001364                . = ALIGN (0x4)

.rodata         0x0000000000001364       0x38
                0x0000000000001364                PROVIDE (__ram_rodata_start, ABSOLUTE (.))
                0x0000000000001364                . = ALIGN (0x4)
 *(.rodata .rodata.* .gnu.linkonce.r.*)
 .rodata.str1.4
                0x0000000000001364       0x2b obj/default/hello_world_small.o
                                         0x2c (size before relaxing)
 *fill*         0x000000000000138f        0x1 
 .rodata.str1.4
                0x0000000000001390        0xc ../HELLO_WORLD_SMALL_IO_EXTENDED_bsp/\libhal_bsp.a(alt_dev.o)
 *(.rodata1)
                0x000000000000139c                . = ALIGN (0x4)
                0x000000000000139c                PROVIDE (__ram_rodata_end, ABSOLUTE (.))
                0x0000000000001364                PROVIDE (__flash_rodata_start, LOADADDR (.rodata))

.rwdata         0x000000000000139c       0x70 load address 0x000000000000140c
                0x000000000000139c                PROVIDE (__ram_rwdata_start, ABSOLUTE (.))
                0x000000000000139c                . = ALIGN (0x4)
 *(.got.plt)
 *(.got)
 *(.data1)
 *(.data .data.* .gnu.linkonce.d.*)
 .data          0x000000000000139c        0x0 ../HELLO_WORLD_SMALL_IO_EXTENDED_bsp//obj/HAL/src/crt0.o
 .data          0x000000000000139c        0x0 obj/default/hello_world_small.o
 .data          0x000000000000139c        0x0 ../HELLO_WORLD_SMALL_IO_EXTENDED_bsp/\libhal_bsp.a(alt_getchar.o)
 .data          0x000000000000139c        0x0 ../HELLO_WORLD_SMALL_IO_EXTENDED_bsp/\libhal_bsp.a(alt_load.o)
 .data          0x000000000000139c        0x0 ../HELLO_WORLD_SMALL_IO_EXTENDED_bsp/\libhal_bsp.a(alt_main.o)
 .data          0x000000000000139c        0x0 ../HELLO_WORLD_SMALL_IO_EXTENDED_bsp/\libhal_bsp.a(alt_putstr.o)
 .data          0x000000000000139c        0x0 ../HELLO_WORLD_SMALL_IO_EXTENDED_bsp/\libhal_bsp.a(alt_sys_init.o)
 .data          0x000000000000139c        0x0 ../HELLO_WORLD_SMALL_IO_EXTENDED_bsp/\libhal_bsp.a(altera_avalon_jtag_uart_read.o)
 .data          0x000000000000139c        0x0 ../HELLO_WORLD_SMALL_IO_EXTENDED_bsp/\libhal_bsp.a(altera_avalon_jtag_uart_write.o)
 .data          0x000000000000139c        0x0 ../HELLO_WORLD_SMALL_IO_EXTENDED_bsp/\libhal_bsp.a(alt_dcache_flush_all.o)
 .data          0x000000000000139c       0x58 ../HELLO_WORLD_SMALL_IO_EXTENDED_bsp/\libhal_bsp.a(alt_dev.o)
                0x000000000000139c                alt_fd_list
                0x00000000000013cc                alt_dev_null
 .data          0x00000000000013f4        0x0 ../HELLO_WORLD_SMALL_IO_EXTENDED_bsp/\libhal_bsp.a(alt_icache_flush_all.o)
 .data          0x00000000000013f4        0x0 ../HELLO_WORLD_SMALL_IO_EXTENDED_bsp/\libhal_bsp.a(altera_nios2_qsys_irq.o)
 .data          0x00000000000013f4        0x0 c:/altera/14.0/nios2eds/bin/gnu/h-x86_64-mingw32/bin/../lib/gcc/nios2-elf/4.7.3/../../../../../H-x86_64-mingw32/nios2-elf/lib/mno-hw-mul\libsmallc.a(lib_a-strlen.o)
                0x00000000000093f4                _gp = ABSOLUTE ((. + 0x8000))
                0x00000000000093f4                PROVIDE (gp, _gp)
 *(.rwdata .rwdata.*)
 *(.sdata .sdata.* .gnu.linkonce.s.*)
 .sdata         0x00000000000013f4        0x4 ../HELLO_WORLD_SMALL_IO_EXTENDED_bsp/\libhal_bsp.a(alt_sys_init.o)
                0x00000000000013f4                jtag_uart
 .sdata         0x00000000000013f8       0x14 ../HELLO_WORLD_SMALL_IO_EXTENDED_bsp/\libhal_bsp.a(alt_dev.o)
                0x00000000000013f8                alt_max_fd
                0x00000000000013fc                alt_dev_list
                0x0000000000001404                alt_fs_list
 *(.sdata2 .sdata2.* .gnu.linkonce.s2.*)
                0x000000000000140c                . = ALIGN (0x4)
                0x000000000000140c                _edata = ABSOLUTE (.)
                0x000000000000140c                PROVIDE (edata, ABSOLUTE (.))
                0x000000000000140c                PROVIDE (__ram_rwdata_end, ABSOLUTE (.))
                0x000000000000140c                PROVIDE (__flash_rwdata_start, LOADADDR (.rwdata))

.bss            0x000000000000147c        0xc
                0x000000000000147c                __bss_start = ABSOLUTE (.)
                0x000000000000147c                PROVIDE (__sbss_start, ABSOLUTE (.))
                0x000000000000147c                PROVIDE (___sbss_start, ABSOLUTE (.))
 *(.dynsbss)
 *(.sbss .sbss.* .gnu.linkonce.sb.*)
 .sbss          0x000000000000147c        0xc ../HELLO_WORLD_SMALL_IO_EXTENDED_bsp/\libhal_bsp.a(alt_main.o)
                0x000000000000147c                alt_envp
                0x0000000000001480                alt_argv
                0x0000000000001484                alt_argc
 *(.sbss2 .sbss2.* .gnu.linkonce.sb2.*)
 *(.scommon)
                0x0000000000001488                PROVIDE (__sbss_end, ABSOLUTE (.))
                0x0000000000001488                PROVIDE (___sbss_end, ABSOLUTE (.))
 *(.dynbss)
 *(.bss .bss.* .gnu.linkonce.b.*)
 .bss           0x0000000000001488        0x0 ../HELLO_WORLD_SMALL_IO_EXTENDED_bsp//obj/HAL/src/crt0.o
 .bss           0x0000000000001488        0x0 obj/default/hello_world_small.o
 .bss           0x0000000000001488        0x0 ../HELLO_WORLD_SMALL_IO_EXTENDED_bsp/\libhal_bsp.a(alt_getchar.o)
 .bss           0x0000000000001488        0x0 ../HELLO_WORLD_SMALL_IO_EXTENDED_bsp/\libhal_bsp.a(alt_load.o)
 .bss           0x0000000000001488        0x0 ../HELLO_WORLD_SMALL_IO_EXTENDED_bsp/\libhal_bsp.a(alt_main.o)
 .bss           0x0000000000001488        0x0 ../HELLO_WORLD_SMALL_IO_EXTENDED_bsp/\libhal_bsp.a(alt_putstr.o)
 .bss           0x0000000000001488        0x0 ../HELLO_WORLD_SMALL_IO_EXTENDED_bsp/\libhal_bsp.a(alt_sys_init.o)
 .bss           0x0000000000001488        0x0 ../HELLO_WORLD_SMALL_IO_EXTENDED_bsp/\libhal_bsp.a(altera_avalon_jtag_uart_read.o)
 .bss           0x0000000000001488        0x0 ../HELLO_WORLD_SMALL_IO_EXTENDED_bsp/\libhal_bsp.a(altera_avalon_jtag_uart_write.o)
 .bss           0x0000000000001488        0x0 ../HELLO_WORLD_SMALL_IO_EXTENDED_bsp/\libhal_bsp.a(alt_dcache_flush_all.o)
 .bss           0x0000000000001488        0x0 ../HELLO_WORLD_SMALL_IO_EXTENDED_bsp/\libhal_bsp.a(alt_dev.o)
 .bss           0x0000000000001488        0x0 ../HELLO_WORLD_SMALL_IO_EXTENDED_bsp/\libhal_bsp.a(alt_icache_flush_all.o)
 .bss           0x0000000000001488        0x0 ../HELLO_WORLD_SMALL_IO_EXTENDED_bsp/\libhal_bsp.a(altera_nios2_qsys_irq.o)
 .bss           0x0000000000001488        0x0 c:/altera/14.0/nios2eds/bin/gnu/h-x86_64-mingw32/bin/../lib/gcc/nios2-elf/4.7.3/../../../../../H-x86_64-mingw32/nios2-elf/lib/mno-hw-mul\libsmallc.a(lib_a-strlen.o)
 *(COMMON)
                0x0000000000001488                . = ALIGN (0x4)
                0x0000000000001488                __bss_end = ABSOLUTE (.)

.onchip_memory  0x0000000000001488        0x0
                0x0000000000001488                PROVIDE (_alt_partition_onchip_memory_start, ABSOLUTE (.))
 *(.onchip_memory .onchip_memory. onchip_memory.*)
                0x0000000000001488                . = ALIGN (0x4)
                0x0000000000001488                PROVIDE (_alt_partition_onchip_memory_end, ABSOLUTE (.))
                0x0000000000001488                _end = ABSOLUTE (.)
                0x0000000000001488                end = ABSOLUTE (.)
                0x0000000000001488                __alt_stack_base = ABSOLUTE (.)
                0x0000000000001488                PROVIDE (_alt_partition_onchip_memory_load_addr, LOADADDR (.onchip_memory))

.stab
 *(.stab)

.stabstr
 *(.stabstr)

.stab.excl
 *(.stab.excl)

.stab.exclstr
 *(.stab.exclstr)

.stab.index
 *(.stab.index)

.stab.indexstr
 *(.stab.indexstr)

.comment        0x0000000000000000       0x23
 *(.comment)
 .comment       0x0000000000000000       0x23 obj/default/hello_world_small.o
                                         0x24 (size before relaxing)
 .comment       0x0000000000000000       0x24 ../HELLO_WORLD_SMALL_IO_EXTENDED_bsp/\libhal_bsp.a(alt_getchar.o)
 .comment       0x0000000000000000       0x24 ../HELLO_WORLD_SMALL_IO_EXTENDED_bsp/\libhal_bsp.a(alt_load.o)
 .comment       0x0000000000000000       0x24 ../HELLO_WORLD_SMALL_IO_EXTENDED_bsp/\libhal_bsp.a(alt_main.o)
 .comment       0x0000000000000000       0x24 ../HELLO_WORLD_SMALL_IO_EXTENDED_bsp/\libhal_bsp.a(alt_putstr.o)
 .comment       0x0000000000000000       0x24 ../HELLO_WORLD_SMALL_IO_EXTENDED_bsp/\libhal_bsp.a(alt_sys_init.o)
 .comment       0x0000000000000000       0x24 ../HELLO_WORLD_SMALL_IO_EXTENDED_bsp/\libhal_bsp.a(altera_avalon_jtag_uart_read.o)
 .comment       0x0000000000000000       0x24 ../HELLO_WORLD_SMALL_IO_EXTENDED_bsp/\libhal_bsp.a(altera_avalon_jtag_uart_write.o)
 .comment       0x0000000000000000       0x24 ../HELLO_WORLD_SMALL_IO_EXTENDED_bsp/\libhal_bsp.a(alt_dcache_flush_all.o)
 .comment       0x0000000000000000       0x24 ../HELLO_WORLD_SMALL_IO_EXTENDED_bsp/\libhal_bsp.a(alt_dev.o)
 .comment       0x0000000000000000       0x24 ../HELLO_WORLD_SMALL_IO_EXTENDED_bsp/\libhal_bsp.a(alt_icache_flush_all.o)
 .comment       0x0000000000000000       0x24 ../HELLO_WORLD_SMALL_IO_EXTENDED_bsp/\libhal_bsp.a(altera_nios2_qsys_irq.o)
 .comment       0x0000000000000000       0x24 c:/altera/14.0/nios2eds/bin/gnu/h-x86_64-mingw32/bin/../lib/gcc/nios2-elf/4.7.3/../../../../../H-x86_64-mingw32/nios2-elf/lib/mno-hw-mul\libsmallc.a(lib_a-strlen.o)

.debug
 *(.debug)

.line
 *(.line)

.debug_srcinfo
 *(.debug_srcinfo)

.debug_sfnames
 *(.debug_sfnames)

.debug_aranges  0x0000000000000000      0x1c8
 *(.debug_aranges)
 .debug_aranges
                0x0000000000000000       0x28 ../HELLO_WORLD_SMALL_IO_EXTENDED_bsp//obj/HAL/src/crt0.o
 .debug_aranges
                0x0000000000000028       0x20 obj/default/hello_world_small.o
 .debug_aranges
                0x0000000000000048       0x20 ../HELLO_WORLD_SMALL_IO_EXTENDED_bsp/\libhal_bsp.a(alt_getchar.o)
 .debug_aranges
                0x0000000000000068       0x20 ../HELLO_WORLD_SMALL_IO_EXTENDED_bsp/\libhal_bsp.a(alt_load.o)
 .debug_aranges
                0x0000000000000088       0x20 ../HELLO_WORLD_SMALL_IO_EXTENDED_bsp/\libhal_bsp.a(alt_main.o)
 .debug_aranges
                0x00000000000000a8       0x20 ../HELLO_WORLD_SMALL_IO_EXTENDED_bsp/\libhal_bsp.a(alt_putstr.o)
 .debug_aranges
                0x00000000000000c8       0x20 ../HELLO_WORLD_SMALL_IO_EXTENDED_bsp/\libhal_bsp.a(alt_sys_init.o)
 .debug_aranges
                0x00000000000000e8       0x20 ../HELLO_WORLD_SMALL_IO_EXTENDED_bsp/\libhal_bsp.a(altera_avalon_jtag_uart_read.o)
 .debug_aranges
                0x0000000000000108       0x20 ../HELLO_WORLD_SMALL_IO_EXTENDED_bsp/\libhal_bsp.a(altera_avalon_jtag_uart_write.o)
 .debug_aranges
                0x0000000000000128       0x20 ../HELLO_WORLD_SMALL_IO_EXTENDED_bsp/\libhal_bsp.a(alt_dcache_flush_all.o)
 .debug_aranges
                0x0000000000000148       0x20 ../HELLO_WORLD_SMALL_IO_EXTENDED_bsp/\libhal_bsp.a(alt_dev.o)
 .debug_aranges
                0x0000000000000168       0x20 ../HELLO_WORLD_SMALL_IO_EXTENDED_bsp/\libhal_bsp.a(alt_icache_flush_all.o)
 .debug_aranges
                0x0000000000000188       0x20 ../HELLO_WORLD_SMALL_IO_EXTENDED_bsp/\libhal_bsp.a(altera_nios2_qsys_irq.o)
 .debug_aranges
                0x00000000000001a8       0x20 c:/altera/14.0/nios2eds/bin/gnu/h-x86_64-mingw32/bin/../lib/gcc/nios2-elf/4.7.3/../../../../../H-x86_64-mingw32/nios2-elf/lib/mno-hw-mul\libsmallc.a(lib_a-strlen.o)

.debug_pubnames
 *(.debug_pubnames)

.debug_info     0x0000000000000000     0x15f8
 *(.debug_info .gnu.linkonce.wi.*)
 .debug_info    0x0000000000000000       0x98 ../HELLO_WORLD_SMALL_IO_EXTENDED_bsp//obj/HAL/src/crt0.o
 .debug_info    0x0000000000000098       0xcc obj/default/hello_world_small.o
 .debug_info    0x0000000000000164      0x374 ../HELLO_WORLD_SMALL_IO_EXTENDED_bsp/\libhal_bsp.a(alt_getchar.o)
 .debug_info    0x00000000000004d8      0x1d9 ../HELLO_WORLD_SMALL_IO_EXTENDED_bsp/\libhal_bsp.a(alt_load.o)
 .debug_info    0x00000000000006b1      0x194 ../HELLO_WORLD_SMALL_IO_EXTENDED_bsp/\libhal_bsp.a(alt_main.o)
 .debug_info    0x0000000000000845      0x171 ../HELLO_WORLD_SMALL_IO_EXTENDED_bsp/\libhal_bsp.a(alt_putstr.o)
 .debug_info    0x00000000000009b6      0x193 ../HELLO_WORLD_SMALL_IO_EXTENDED_bsp/\libhal_bsp.a(alt_sys_init.o)
 .debug_info    0x0000000000000b49      0x1bd ../HELLO_WORLD_SMALL_IO_EXTENDED_bsp/\libhal_bsp.a(altera_avalon_jtag_uart_read.o)
 .debug_info    0x0000000000000d06      0x1a0 ../HELLO_WORLD_SMALL_IO_EXTENDED_bsp/\libhal_bsp.a(altera_avalon_jtag_uart_write.o)
 .debug_info    0x0000000000000ea6       0x8f ../HELLO_WORLD_SMALL_IO_EXTENDED_bsp/\libhal_bsp.a(alt_dcache_flush_all.o)
 .debug_info    0x0000000000000f35      0x4df ../HELLO_WORLD_SMALL_IO_EXTENDED_bsp/\libhal_bsp.a(alt_dev.o)
 .debug_info    0x0000000000001414       0x8f ../HELLO_WORLD_SMALL_IO_EXTENDED_bsp/\libhal_bsp.a(alt_icache_flush_all.o)
 .debug_info    0x00000000000014a3       0x8f ../HELLO_WORLD_SMALL_IO_EXTENDED_bsp/\libhal_bsp.a(altera_nios2_qsys_irq.o)
 .debug_info    0x0000000000001532       0xc6 c:/altera/14.0/nios2eds/bin/gnu/h-x86_64-mingw32/bin/../lib/gcc/nios2-elf/4.7.3/../../../../../H-x86_64-mingw32/nios2-elf/lib/mno-hw-mul\libsmallc.a(lib_a-strlen.o)

.debug_abbrev   0x0000000000000000      0x9c0
 *(.debug_abbrev)
 .debug_abbrev  0x0000000000000000       0x12 ../HELLO_WORLD_SMALL_IO_EXTENDED_bsp//obj/HAL/src/crt0.o
 .debug_abbrev  0x0000000000000012       0xbb obj/default/hello_world_small.o
 .debug_abbrev  0x00000000000000cd      0x11f ../HELLO_WORLD_SMALL_IO_EXTENDED_bsp/\libhal_bsp.a(alt_getchar.o)
 .debug_abbrev  0x00000000000001ec       0xd8 ../HELLO_WORLD_SMALL_IO_EXTENDED_bsp/\libhal_bsp.a(alt_load.o)
 .debug_abbrev  0x00000000000002c4      0x120 ../HELLO_WORLD_SMALL_IO_EXTENDED_bsp/\libhal_bsp.a(alt_main.o)
 .debug_abbrev  0x00000000000003e4       0xe2 ../HELLO_WORLD_SMALL_IO_EXTENDED_bsp/\libhal_bsp.a(alt_putstr.o)
 .debug_abbrev  0x00000000000004c6      0x105 ../HELLO_WORLD_SMALL_IO_EXTENDED_bsp/\libhal_bsp.a(alt_sys_init.o)
 .debug_abbrev  0x00000000000005cb      0x102 ../HELLO_WORLD_SMALL_IO_EXTENDED_bsp/\libhal_bsp.a(altera_avalon_jtag_uart_read.o)
 .debug_abbrev  0x00000000000006cd       0xd5 ../HELLO_WORLD_SMALL_IO_EXTENDED_bsp/\libhal_bsp.a(altera_avalon_jtag_uart_write.o)
 .debug_abbrev  0x00000000000007a2       0x42 ../HELLO_WORLD_SMALL_IO_EXTENDED_bsp/\libhal_bsp.a(alt_dcache_flush_all.o)
 .debug_abbrev  0x00000000000007e4       0xd9 ../HELLO_WORLD_SMALL_IO_EXTENDED_bsp/\libhal_bsp.a(alt_dev.o)
 .debug_abbrev  0x00000000000008bd       0x42 ../HELLO_WORLD_SMALL_IO_EXTENDED_bsp/\libhal_bsp.a(alt_icache_flush_all.o)
 .debug_abbrev  0x00000000000008ff       0x42 ../HELLO_WORLD_SMALL_IO_EXTENDED_bsp/\libhal_bsp.a(altera_nios2_qsys_irq.o)
 .debug_abbrev  0x0000000000000941       0x7f c:/altera/14.0/nios2eds/bin/gnu/h-x86_64-mingw32/bin/../lib/gcc/nios2-elf/4.7.3/../../../../../H-x86_64-mingw32/nios2-elf/lib/mno-hw-mul\libsmallc.a(lib_a-strlen.o)

.debug_line     0x0000000000000000      0xad4
 *(.debug_line)
 .debug_line    0x0000000000000000       0x66 ../HELLO_WORLD_SMALL_IO_EXTENDED_bsp//obj/HAL/src/crt0.o
 .debug_line    0x0000000000000066       0x96 obj/default/hello_world_small.o
 .debug_line    0x00000000000000fc       0xad ../HELLO_WORLD_SMALL_IO_EXTENDED_bsp/\libhal_bsp.a(alt_getchar.o)
 .debug_line    0x00000000000001a9       0xd6 ../HELLO_WORLD_SMALL_IO_EXTENDED_bsp/\libhal_bsp.a(alt_load.o)
 .debug_line    0x000000000000027f       0xbd ../HELLO_WORLD_SMALL_IO_EXTENDED_bsp/\libhal_bsp.a(alt_main.o)
 .debug_line    0x000000000000033c      0x127 ../HELLO_WORLD_SMALL_IO_EXTENDED_bsp/\libhal_bsp.a(alt_putstr.o)
 .debug_line    0x0000000000000463      0x101 ../HELLO_WORLD_SMALL_IO_EXTENDED_bsp/\libhal_bsp.a(alt_sys_init.o)
 .debug_line    0x0000000000000564      0x104 ../HELLO_WORLD_SMALL_IO_EXTENDED_bsp/\libhal_bsp.a(altera_avalon_jtag_uart_read.o)
 .debug_line    0x0000000000000668       0xf5 ../HELLO_WORLD_SMALL_IO_EXTENDED_bsp/\libhal_bsp.a(altera_avalon_jtag_uart_write.o)
 .debug_line    0x000000000000075d       0x4e ../HELLO_WORLD_SMALL_IO_EXTENDED_bsp/\libhal_bsp.a(alt_dcache_flush_all.o)
 .debug_line    0x00000000000007ab      0x119 ../HELLO_WORLD_SMALL_IO_EXTENDED_bsp/\libhal_bsp.a(alt_dev.o)
 .debug_line    0x00000000000008c4       0x4e ../HELLO_WORLD_SMALL_IO_EXTENDED_bsp/\libhal_bsp.a(alt_icache_flush_all.o)
 .debug_line    0x0000000000000912       0x50 ../HELLO_WORLD_SMALL_IO_EXTENDED_bsp/\libhal_bsp.a(altera_nios2_qsys_irq.o)
 .debug_line    0x0000000000000962      0x172 c:/altera/14.0/nios2eds/bin/gnu/h-x86_64-mingw32/bin/../lib/gcc/nios2-elf/4.7.3/../../../../../H-x86_64-mingw32/nios2-elf/lib/mno-hw-mul\libsmallc.a(lib_a-strlen.o)

.debug_frame    0x0000000000000000      0x1e0
 *(.debug_frame)
 .debug_frame   0x0000000000000000       0x28 obj/default/hello_world_small.o
 .debug_frame   0x0000000000000028       0x28 ../HELLO_WORLD_SMALL_IO_EXTENDED_bsp/\libhal_bsp.a(alt_getchar.o)
 .debug_frame   0x0000000000000050       0x28 ../HELLO_WORLD_SMALL_IO_EXTENDED_bsp/\libhal_bsp.a(alt_load.o)
 .debug_frame   0x0000000000000078       0x28 ../HELLO_WORLD_SMALL_IO_EXTENDED_bsp/\libhal_bsp.a(alt_main.o)
 .debug_frame   0x00000000000000a0       0x28 ../HELLO_WORLD_SMALL_IO_EXTENDED_bsp/\libhal_bsp.a(alt_putstr.o)
 .debug_frame   0x00000000000000c8       0x38 ../HELLO_WORLD_SMALL_IO_EXTENDED_bsp/\libhal_bsp.a(alt_sys_init.o)
 .debug_frame   0x0000000000000100       0x20 ../HELLO_WORLD_SMALL_IO_EXTENDED_bsp/\libhal_bsp.a(altera_avalon_jtag_uart_read.o)
 .debug_frame   0x0000000000000120       0x20 ../HELLO_WORLD_SMALL_IO_EXTENDED_bsp/\libhal_bsp.a(altera_avalon_jtag_uart_write.o)
 .debug_frame   0x0000000000000140       0x20 ../HELLO_WORLD_SMALL_IO_EXTENDED_bsp/\libhal_bsp.a(alt_dcache_flush_all.o)
 .debug_frame   0x0000000000000160       0x20 ../HELLO_WORLD_SMALL_IO_EXTENDED_bsp/\libhal_bsp.a(alt_dev.o)
 .debug_frame   0x0000000000000180       0x20 ../HELLO_WORLD_SMALL_IO_EXTENDED_bsp/\libhal_bsp.a(alt_icache_flush_all.o)
 .debug_frame   0x00000000000001a0       0x20 ../HELLO_WORLD_SMALL_IO_EXTENDED_bsp/\libhal_bsp.a(altera_nios2_qsys_irq.o)
 .debug_frame   0x00000000000001c0       0x20 c:/altera/14.0/nios2eds/bin/gnu/h-x86_64-mingw32/bin/../lib/gcc/nios2-elf/4.7.3/../../../../../H-x86_64-mingw32/nios2-elf/lib/mno-hw-mul\libsmallc.a(lib_a-strlen.o)

.debug_str      0x0000000000000000      0x750
 *(.debug_str)
 .debug_str     0x0000000000000000       0x97 obj/default/hello_world_small.o
                                         0xa1 (size before relaxing)
 .debug_str     0x0000000000000097      0x1b0 ../HELLO_WORLD_SMALL_IO_EXTENDED_bsp/\libhal_bsp.a(alt_getchar.o)
                                        0x217 (size before relaxing)
 .debug_str     0x0000000000000247      0x11b ../HELLO_WORLD_SMALL_IO_EXTENDED_bsp/\libhal_bsp.a(alt_load.o)
                                        0x21d (size before relaxing)
 .debug_str     0x0000000000000362       0x5e ../HELLO_WORLD_SMALL_IO_EXTENDED_bsp/\libhal_bsp.a(alt_main.o)
                                        0x196 (size before relaxing)
 .debug_str     0x00000000000003c0       0x41 ../HELLO_WORLD_SMALL_IO_EXTENDED_bsp/\libhal_bsp.a(alt_putstr.o)
                                        0x178 (size before relaxing)
 .debug_str     0x0000000000000401       0x86 ../HELLO_WORLD_SMALL_IO_EXTENDED_bsp/\libhal_bsp.a(alt_sys_init.o)
                                        0x205 (size before relaxing)
 .debug_str     0x0000000000000487       0x3d ../HELLO_WORLD_SMALL_IO_EXTENDED_bsp/\libhal_bsp.a(altera_avalon_jtag_uart_read.o)
                                        0x200 (size before relaxing)
 .debug_str     0x00000000000004c4       0x32 ../HELLO_WORLD_SMALL_IO_EXTENDED_bsp/\libhal_bsp.a(altera_avalon_jtag_uart_write.o)
                                        0x1f6 (size before relaxing)
 .debug_str     0x00000000000004f6       0x1f ../HELLO_WORLD_SMALL_IO_EXTENDED_bsp/\libhal_bsp.a(alt_dcache_flush_all.o)
                                        0x136 (size before relaxing)
 .debug_str     0x0000000000000515      0x120 ../HELLO_WORLD_SMALL_IO_EXTENDED_bsp/\libhal_bsp.a(alt_dev.o)
                                        0x2e6 (size before relaxing)
 .debug_str     0x0000000000000635       0x1f ../HELLO_WORLD_SMALL_IO_EXTENDED_bsp/\libhal_bsp.a(alt_icache_flush_all.o)
                                        0x136 (size before relaxing)
 .debug_str     0x0000000000000654       0x20 ../HELLO_WORLD_SMALL_IO_EXTENDED_bsp/\libhal_bsp.a(altera_nios2_qsys_irq.o)
                                        0x13d (size before relaxing)
 .debug_str     0x0000000000000674       0xdc c:/altera/14.0/nios2eds/bin/gnu/h-x86_64-mingw32/bin/../lib/gcc/nios2-elf/4.7.3/../../../../../H-x86_64-mingw32/nios2-elf/lib/mno-hw-mul\libsmallc.a(lib_a-strlen.o)
                                        0x18e (size before relaxing)

.debug_loc      0x0000000000000000      0x2b4
 *(.debug_loc)
 .debug_loc     0x0000000000000000       0x40 obj/default/hello_world_small.o
 .debug_loc     0x0000000000000040       0x40 ../HELLO_WORLD_SMALL_IO_EXTENDED_bsp/\libhal_bsp.a(alt_getchar.o)
 .debug_loc     0x0000000000000080       0x20 ../HELLO_WORLD_SMALL_IO_EXTENDED_bsp/\libhal_bsp.a(alt_load.o)
 .debug_loc     0x00000000000000a0       0x20 ../HELLO_WORLD_SMALL_IO_EXTENDED_bsp/\libhal_bsp.a(alt_main.o)
 .debug_loc     0x00000000000000c0       0x57 ../HELLO_WORLD_SMALL_IO_EXTENDED_bsp/\libhal_bsp.a(alt_putstr.o)
 .debug_loc     0x0000000000000117       0x41 ../HELLO_WORLD_SMALL_IO_EXTENDED_bsp/\libhal_bsp.a(alt_sys_init.o)
 .debug_loc     0x0000000000000158       0xb5 ../HELLO_WORLD_SMALL_IO_EXTENDED_bsp/\libhal_bsp.a(altera_avalon_jtag_uart_read.o)
 .debug_loc     0x000000000000020d       0x7e ../HELLO_WORLD_SMALL_IO_EXTENDED_bsp/\libhal_bsp.a(altera_avalon_jtag_uart_write.o)
 .debug_loc     0x000000000000028b       0x29 c:/altera/14.0/nios2eds/bin/gnu/h-x86_64-mingw32/bin/../lib/gcc/nios2-elf/4.7.3/../../../../../H-x86_64-mingw32/nios2-elf/lib/mno-hw-mul\libsmallc.a(lib_a-strlen.o)

.debug_macinfo
 *(.debug_macinfo)

.debug_weaknames
 *(.debug_weaknames)

.debug_funcnames
 *(.debug_funcnames)

.debug_typenames
 *(.debug_typenames)

.debug_varnames
 *(.debug_varnames)

.debug_alt_sim_info
                0x0000000000000000       0x10
 *(.debug_alt_sim_info)
 .debug_alt_sim_info
                0x0000000000000000       0x10 ../HELLO_WORLD_SMALL_IO_EXTENDED_bsp//obj/HAL/src/crt0.o
                0x0000000000002000                __alt_data_end = 0x2000
                0x0000000000002000                PROVIDE (__alt_stack_pointer, __alt_data_end)
                0x0000000000001488                PROVIDE (__alt_stack_limit, __alt_stack_base)
                0x0000000000001488                PROVIDE (__alt_heap_start, end)
                0x0000000000002000                PROVIDE (__alt_heap_limit, 0x2000)
OUTPUT(HELLO_WORLD_SMALL_IO_EXTENDED.elf elf32-littlenios2)

.debug_ranges   0x0000000000000000       0x98
 .debug_ranges  0x0000000000000000       0x20 ../HELLO_WORLD_SMALL_IO_EXTENDED_bsp//obj/HAL/src/crt0.o
 .debug_ranges  0x0000000000000020       0x10 obj/default/hello_world_small.o
 .debug_ranges  0x0000000000000030       0x48 ../HELLO_WORLD_SMALL_IO_EXTENDED_bsp/\libhal_bsp.a(alt_load.o)
 .debug_ranges  0x0000000000000078       0x20 ../HELLO_WORLD_SMALL_IO_EXTENDED_bsp/\libhal_bsp.a(altera_avalon_jtag_uart_read.o)
