Archive member included because of file (symbol)

c:/altera/14.0/nios2eds/bin/gnu/h-x86_64-mingw32/bin/../lib/gcc/nios2-elf/4.7.3/mno-hw-mul\libgcc.a(lib2-divmod.o)
                              obj/default/hello_world_small.o (__modsi3)
../LAB5_jabbamyhutt_bsp/\libhal_bsp.a(alt_getchar.o)
                              obj/default/hello_world_small.o (alt_getchar)
../LAB5_jabbamyhutt_bsp/\libhal_bsp.a(alt_load.o)
                              ../LAB5_jabbamyhutt_bsp//obj/HAL/src/crt0.o (alt_load)
../LAB5_jabbamyhutt_bsp/\libhal_bsp.a(alt_main.o)
                              ../LAB5_jabbamyhutt_bsp//obj/HAL/src/crt0.o (alt_main)
../LAB5_jabbamyhutt_bsp/\libhal_bsp.a(alt_printf.o)
                              obj/default/hello_world_small.o (alt_printf)
../LAB5_jabbamyhutt_bsp/\libhal_bsp.a(alt_putchar.o)
                              ../LAB5_jabbamyhutt_bsp/\libhal_bsp.a(alt_printf.o) (alt_putchar)
../LAB5_jabbamyhutt_bsp/\libhal_bsp.a(alt_putstr.o)
                              obj/default/hello_world_small.o (alt_putstr)
../LAB5_jabbamyhutt_bsp/\libhal_bsp.a(alt_sys_init.o)
                              ../LAB5_jabbamyhutt_bsp/\libhal_bsp.a(alt_main.o) (alt_irq_init)
../LAB5_jabbamyhutt_bsp/\libhal_bsp.a(altera_avalon_jtag_uart_read.o)
                              ../LAB5_jabbamyhutt_bsp/\libhal_bsp.a(alt_getchar.o) (altera_avalon_jtag_uart_read)
../LAB5_jabbamyhutt_bsp/\libhal_bsp.a(altera_avalon_jtag_uart_write.o)
                              ../LAB5_jabbamyhutt_bsp/\libhal_bsp.a(alt_putchar.o) (altera_avalon_jtag_uart_write)
../LAB5_jabbamyhutt_bsp/\libhal_bsp.a(alt_dcache_flush_all.o)
                              ../LAB5_jabbamyhutt_bsp/\libhal_bsp.a(alt_load.o) (alt_dcache_flush_all)
../LAB5_jabbamyhutt_bsp/\libhal_bsp.a(alt_dev.o)
                              ../LAB5_jabbamyhutt_bsp/\libhal_bsp.a(alt_getchar.o) (alt_fd_list)
../LAB5_jabbamyhutt_bsp/\libhal_bsp.a(alt_icache_flush_all.o)
                              ../LAB5_jabbamyhutt_bsp/\libhal_bsp.a(alt_load.o) (alt_icache_flush_all)
../LAB5_jabbamyhutt_bsp/\libhal_bsp.a(altera_nios2_qsys_irq.o)
                              ../LAB5_jabbamyhutt_bsp/\libhal_bsp.a(alt_sys_init.o) (altera_nios2_qsys_irq_init)
c:/altera/14.0/nios2eds/bin/gnu/h-x86_64-mingw32/bin/../lib/gcc/nios2-elf/4.7.3/../../../../../H-x86_64-mingw32/nios2-elf/lib/mno-hw-mul\libsmallc.a(lib_a-strlen.o)
                              ../LAB5_jabbamyhutt_bsp/\libhal_bsp.a(alt_putstr.o) (strlen)

Memory Configuration

Name             Origin             Length             Attributes
reset            0x0000000000001000 0x0000000000000020
onchip_memory    0x0000000000001020 0x0000000000000fe0
*default*        0x0000000000000000 0xffffffffffffffff

Linker script and memory map

LOAD ../LAB5_jabbamyhutt_bsp//obj/HAL/src/crt0.o
LOAD obj/default/hello_world_small.o
LOAD c:/altera/14.0/nios2eds/bin/gnu/h-x86_64-mingw32/bin/../lib/gcc/nios2-elf/4.7.3/../../../../../H-x86_64-mingw32/nios2-elf/lib/mno-hw-mul\libstdc++.a
LOAD c:/altera/14.0/nios2eds/bin/gnu/h-x86_64-mingw32/bin/../lib/gcc/nios2-elf/4.7.3/../../../../../H-x86_64-mingw32/nios2-elf/lib/mno-hw-mul\libm.a
LOAD c:/altera/14.0/nios2eds/bin/gnu/h-x86_64-mingw32/bin/../lib/gcc/nios2-elf/4.7.3/mno-hw-mul\libgcc.a
START GROUP
LOAD c:/altera/14.0/nios2eds/bin/gnu/h-x86_64-mingw32/bin/../lib/gcc/nios2-elf/4.7.3/../../../../../H-x86_64-mingw32/nios2-elf/lib/mno-hw-mul\libsmallc.a
LOAD c:/altera/14.0/nios2eds/bin/gnu/h-x86_64-mingw32/bin/../lib/gcc/nios2-elf/4.7.3/mno-hw-mul\libgcc.a
LOAD ../LAB5_jabbamyhutt_bsp/\libhal_bsp.a
END GROUP
LOAD c:/altera/14.0/nios2eds/bin/gnu/h-x86_64-mingw32/bin/../lib/gcc/nios2-elf/4.7.3/mno-hw-mul\libgcc.a
                0x0000000000001000                __alt_mem_onchip_memory = 0x1000

.entry          0x0000000000001000       0x20
 *(.entry)
 .entry         0x0000000000001000       0x20 ../LAB5_jabbamyhutt_bsp//obj/HAL/src/crt0.o
                0x0000000000001000                __reset
                0x000000000000100c                _exit

.exceptions     0x0000000000001020        0x0
                0x0000000000001020                PROVIDE (__ram_exceptions_start, ABSOLUTE (.))
                0x0000000000001020                . = ALIGN (0x20)
 *(.irq)
 *(.exceptions.entry.label)
 *(.exceptions.entry.user)
 *(.exceptions.entry.ecc_fatal)
 *(.exceptions.entry)
 *(.exceptions.irqtest.user)
 *(.exceptions.irqtest)
 *(.exceptions.irqhandler.user)
 *(.exceptions.irqhandler)
 *(.exceptions.irqreturn.user)
 *(.exceptions.irqreturn)
 *(.exceptions.notirq.label)
 *(.exceptions.notirq.user)
 *(.exceptions.notirq)
 *(.exceptions.soft.user)
 *(.exceptions.soft)
 *(.exceptions.unknown.user)
 *(.exceptions.unknown)
 *(.exceptions.exit.label)
 *(.exceptions.exit.user)
 *(.exceptions.exit)
 *(.exceptions)
                0x0000000000001020                PROVIDE (__ram_exceptions_end, ABSOLUTE (.))
                0x0000000000001020                PROVIDE (__flash_exceptions_start, LOADADDR (.exceptions))

.text           0x0000000000001020      0x818
                0x0000000000001020                PROVIDE (stext, ABSOLUTE (.))
 *(.interp)
 *(.hash)
 *(.dynsym)
 *(.dynstr)
 *(.gnu.version)
 *(.gnu.version_d)
 *(.gnu.version_r)
 *(.rel.init)
 *(.rela.init)
 *(.rel.text .rel.text.* .rel.gnu.linkonce.t.*)
 *(.rela.text .rela.text.* .rela.gnu.linkonce.t.*)
 *(.rel.fini)
 *(.rela.fini)
 *(.rel.rodata .rel.rodata.* .rel.gnu.linkonce.r.*)
 *(.rela.rodata .rela.rodata.* .rela.gnu.linkonce.r.*)
 *(.rel.data .rel.data.* .rel.gnu.linkonce.d.*)
 *(.rela.data .rela.data.* .rela.gnu.linkonce.d.*)
 *(.rel.tdata .rel.tdata.* .rel.gnu.linkonce.td.*)
 *(.rela.tdata .rela.tdata.* .rela.gnu.linkonce.td.*)
 *(.rel.tbss .rel.tbss.* .rel.gnu.linkonce.tb.*)
 *(.rela.tbss .rela.tbss.* .rela.gnu.linkonce.tb.*)
 *(.rel.ctors)
 *(.rela.ctors)
 *(.rel.dtors)
 *(.rela.dtors)
 *(.rel.got)
 *(.rela.got)
 *(.rel.sdata .rel.sdata.* .rel.gnu.linkonce.s.*)
 *(.rela.sdata .rela.sdata.* .rela.gnu.linkonce.s.*)
 *(.rel.sbss .rel.sbss.* .rel.gnu.linkonce.sb.*)
 *(.rela.sbss .rela.sbss.* .rela.gnu.linkonce.sb.*)
 *(.rel.sdata2 .rel.sdata2.* .rel.gnu.linkonce.s2.*)
 *(.rela.sdata2 .rela.sdata2.* .rela.gnu.linkonce.s2.*)
 *(.rel.sbss2 .rel.sbss2.* .rel.gnu.linkonce.sb2.*)
 *(.rela.sbss2 .rela.sbss2.* .rela.gnu.linkonce.sb2.*)
 *(.rel.bss .rel.bss.* .rel.gnu.linkonce.b.*)
 *(.rela.bss .rela.bss.* .rela.gnu.linkonce.b.*)
 *(.rel.plt)
 *(.rela.plt)
 *(.rel.dyn)
 *(.init)
 *(.plt)
 *(.text .stub .text.* .gnu.linkonce.t.*)
 .text          0x0000000000001020       0x3c ../LAB5_jabbamyhutt_bsp//obj/HAL/src/crt0.o
                0x0000000000001020                _start
 .text          0x000000000000105c        0x0 obj/default/hello_world_small.o
 .text.startup  0x000000000000105c      0x250 obj/default/hello_world_small.o
                0x000000000000105c                main
 .text          0x00000000000012ac      0x130 c:/altera/14.0/nios2eds/bin/gnu/h-x86_64-mingw32/bin/../lib/gcc/nios2-elf/4.7.3/mno-hw-mul\libgcc.a(lib2-divmod.o)
                0x0000000000001320                __divsi3
                0x0000000000001370                __modsi3
                0x00000000000013cc                __udivsi3
                0x00000000000013d4                __umodsi3
 .text          0x00000000000013dc       0x44 ../LAB5_jabbamyhutt_bsp/\libhal_bsp.a(alt_getchar.o)
                0x00000000000013dc                alt_getchar
 .text          0x0000000000001420      0x104 ../LAB5_jabbamyhutt_bsp/\libhal_bsp.a(alt_load.o)
                0x0000000000001420                alt_load
 .text          0x0000000000001524       0x2c ../LAB5_jabbamyhutt_bsp/\libhal_bsp.a(alt_main.o)
                0x0000000000001524                alt_main
 .text          0x0000000000001550      0x170 ../LAB5_jabbamyhutt_bsp/\libhal_bsp.a(alt_printf.o)
                0x0000000000001550                alt_printf
 .text          0x00000000000016c0       0x4c ../LAB5_jabbamyhutt_bsp/\libhal_bsp.a(alt_putchar.o)
                0x00000000000016c0                alt_putchar
 .text          0x000000000000170c       0x38 ../LAB5_jabbamyhutt_bsp/\libhal_bsp.a(alt_putstr.o)
                0x000000000000170c                alt_putstr
 .text          0x0000000000001744       0x24 ../LAB5_jabbamyhutt_bsp/\libhal_bsp.a(alt_sys_init.o)
                0x0000000000001744                alt_irq_init
                0x0000000000001764                alt_sys_init
 .text          0x0000000000001768       0x5c ../LAB5_jabbamyhutt_bsp/\libhal_bsp.a(altera_avalon_jtag_uart_read.o)
                0x0000000000001768                altera_avalon_jtag_uart_read
 .text          0x00000000000017c4       0x34 ../LAB5_jabbamyhutt_bsp/\libhal_bsp.a(altera_avalon_jtag_uart_write.o)
                0x00000000000017c4                altera_avalon_jtag_uart_write
 .text          0x00000000000017f8        0x4 ../LAB5_jabbamyhutt_bsp/\libhal_bsp.a(alt_dcache_flush_all.o)
                0x00000000000017f8                alt_dcache_flush_all
 .text          0x00000000000017fc        0x8 ../LAB5_jabbamyhutt_bsp/\libhal_bsp.a(alt_dev.o)
 .text          0x0000000000001804        0x4 ../LAB5_jabbamyhutt_bsp/\libhal_bsp.a(alt_icache_flush_all.o)
                0x0000000000001804                alt_icache_flush_all
 .text          0x0000000000001808        0x8 ../LAB5_jabbamyhutt_bsp/\libhal_bsp.a(altera_nios2_qsys_irq.o)
                0x0000000000001808                altera_nios2_qsys_irq_init
 .text          0x0000000000001810       0x28 c:/altera/14.0/nios2eds/bin/gnu/h-x86_64-mingw32/bin/../lib/gcc/nios2-elf/4.7.3/../../../../../H-x86_64-mingw32/nios2-elf/lib/mno-hw-mul\libsmallc.a(lib_a-strlen.o)
                0x0000000000001810                strlen
 *(.gnu.warning.*)
 *(.fini)
                0x0000000000001838                PROVIDE (__etext, ABSOLUTE (.))
                0x0000000000001838                PROVIDE (_etext, ABSOLUTE (.))
                0x0000000000001838                PROVIDE (etext, ABSOLUTE (.))
 *(.eh_frame_hdr)
                0x0000000000001838                . = ALIGN (0x4)
                0x0000000000001838                PROVIDE (__preinit_array_start, ABSOLUTE (.))
 *(.preinit_array)
                0x0000000000001838                PROVIDE (__preinit_array_end, ABSOLUTE (.))
                0x0000000000001838                PROVIDE (__init_array_start, ABSOLUTE (.))
 *(.init_array)
                0x0000000000001838                PROVIDE (__init_array_end, ABSOLUTE (.))
                0x0000000000001838                PROVIDE (__fini_array_start, ABSOLUTE (.))
 *(.fini_array)
                0x0000000000001838                PROVIDE (__fini_array_end, ABSOLUTE (.))
 *(.eh_frame)
 *(.gcc_except_table .gcc_except_table.*)
 *(.dynamic)
                0x0000000000001838                PROVIDE (__CTOR_LIST__, ABSOLUTE (.))
 *(.ctors)
 *(SORT(.ctors.*))
                0x0000000000001838                PROVIDE (__CTOR_END__, ABSOLUTE (.))
                0x0000000000001838                PROVIDE (__DTOR_LIST__, ABSOLUTE (.))
 *(.dtors)
 *(SORT(.dtors.*))
                0x0000000000001838                PROVIDE (__DTOR_END__, ABSOLUTE (.))
 *(.jcr)
                0x0000000000001838                . = ALIGN (0x4)

.rodata         0x0000000000001838      0x18c
                0x0000000000001838                PROVIDE (__ram_rodata_start, ABSOLUTE (.))
                0x0000000000001838                . = ALIGN (0x4)
 *(.rodata .rodata.* .gnu.linkonce.r.*)
 .rodata.str1.4
                0x0000000000001838      0x180 obj/default/hello_world_small.o
                                        0x184 (size before relaxing)
 .rodata.str1.4
                0x00000000000019b8        0xc ../LAB5_jabbamyhutt_bsp/\libhal_bsp.a(alt_dev.o)
 *(.rodata1)
                0x00000000000019c4                . = ALIGN (0x4)
                0x00000000000019c4                PROVIDE (__ram_rodata_end, ABSOLUTE (.))
                0x0000000000001838                PROVIDE (__flash_rodata_start, LOADADDR (.rodata))

.rwdata         0x00000000000019c4       0x70 load address 0x0000000000001a34
                0x00000000000019c4                PROVIDE (__ram_rwdata_start, ABSOLUTE (.))
                0x00000000000019c4                . = ALIGN (0x4)
 *(.got.plt)
 *(.got)
 *(.data1)
 *(.data .data.* .gnu.linkonce.d.*)
 .data          0x00000000000019c4        0x0 ../LAB5_jabbamyhutt_bsp//obj/HAL/src/crt0.o
 .data          0x00000000000019c4        0x0 obj/default/hello_world_small.o
 .data          0x00000000000019c4        0x0 c:/altera/14.0/nios2eds/bin/gnu/h-x86_64-mingw32/bin/../lib/gcc/nios2-elf/4.7.3/mno-hw-mul\libgcc.a(lib2-divmod.o)
 .data          0x00000000000019c4        0x0 ../LAB5_jabbamyhutt_bsp/\libhal_bsp.a(alt_getchar.o)
 .data          0x00000000000019c4        0x0 ../LAB5_jabbamyhutt_bsp/\libhal_bsp.a(alt_load.o)
 .data          0x00000000000019c4        0x0 ../LAB5_jabbamyhutt_bsp/\libhal_bsp.a(alt_main.o)
 .data          0x00000000000019c4        0x0 ../LAB5_jabbamyhutt_bsp/\libhal_bsp.a(alt_printf.o)
 .data          0x00000000000019c4        0x0 ../LAB5_jabbamyhutt_bsp/\libhal_bsp.a(alt_putchar.o)
 .data          0x00000000000019c4        0x0 ../LAB5_jabbamyhutt_bsp/\libhal_bsp.a(alt_putstr.o)
 .data          0x00000000000019c4        0x0 ../LAB5_jabbamyhutt_bsp/\libhal_bsp.a(alt_sys_init.o)
 .data          0x00000000000019c4        0x0 ../LAB5_jabbamyhutt_bsp/\libhal_bsp.a(altera_avalon_jtag_uart_read.o)
 .data          0x00000000000019c4        0x0 ../LAB5_jabbamyhutt_bsp/\libhal_bsp.a(altera_avalon_jtag_uart_write.o)
 .data          0x00000000000019c4        0x0 ../LAB5_jabbamyhutt_bsp/\libhal_bsp.a(alt_dcache_flush_all.o)
 .data          0x00000000000019c4       0x58 ../LAB5_jabbamyhutt_bsp/\libhal_bsp.a(alt_dev.o)
                0x00000000000019c4                alt_fd_list
                0x00000000000019f4                alt_dev_null
 .data          0x0000000000001a1c        0x0 ../LAB5_jabbamyhutt_bsp/\libhal_bsp.a(alt_icache_flush_all.o)
 .data          0x0000000000001a1c        0x0 ../LAB5_jabbamyhutt_bsp/\libhal_bsp.a(altera_nios2_qsys_irq.o)
 .data          0x0000000000001a1c        0x0 c:/altera/14.0/nios2eds/bin/gnu/h-x86_64-mingw32/bin/../lib/gcc/nios2-elf/4.7.3/../../../../../H-x86_64-mingw32/nios2-elf/lib/mno-hw-mul\libsmallc.a(lib_a-strlen.o)
                0x0000000000009a1c                _gp = ABSOLUTE ((. + 0x8000))
                0x0000000000009a1c                PROVIDE (gp, _gp)
 *(.rwdata .rwdata.*)
 *(.sdata .sdata.* .gnu.linkonce.s.*)
 .sdata         0x0000000000001a1c        0x4 ../LAB5_jabbamyhutt_bsp/\libhal_bsp.a(alt_sys_init.o)
                0x0000000000001a1c                jtag_uart
 .sdata         0x0000000000001a20       0x14 ../LAB5_jabbamyhutt_bsp/\libhal_bsp.a(alt_dev.o)
                0x0000000000001a20                alt_max_fd
                0x0000000000001a24                alt_dev_list
                0x0000000000001a2c                alt_fs_list
 *(.sdata2 .sdata2.* .gnu.linkonce.s2.*)
                0x0000000000001a34                . = ALIGN (0x4)
                0x0000000000001a34                _edata = ABSOLUTE (.)
                0x0000000000001a34                PROVIDE (edata, ABSOLUTE (.))
                0x0000000000001a34                PROVIDE (__ram_rwdata_end, ABSOLUTE (.))
                0x0000000000001a34                PROVIDE (__flash_rwdata_start, LOADADDR (.rwdata))

.bss            0x0000000000001aa4        0xc
                0x0000000000001aa4                __bss_start = ABSOLUTE (.)
                0x0000000000001aa4                PROVIDE (__sbss_start, ABSOLUTE (.))
                0x0000000000001aa4                PROVIDE (___sbss_start, ABSOLUTE (.))
 *(.dynsbss)
 *(.sbss .sbss.* .gnu.linkonce.sb.*)
 .sbss          0x0000000000001aa4        0xc ../LAB5_jabbamyhutt_bsp/\libhal_bsp.a(alt_main.o)
                0x0000000000001aa4                alt_envp
                0x0000000000001aa8                alt_argv
                0x0000000000001aac                alt_argc
 *(.sbss2 .sbss2.* .gnu.linkonce.sb2.*)
 *(.scommon)
                0x0000000000001ab0                PROVIDE (__sbss_end, ABSOLUTE (.))
                0x0000000000001ab0                PROVIDE (___sbss_end, ABSOLUTE (.))
 *(.dynbss)
 *(.bss .bss.* .gnu.linkonce.b.*)
 .bss           0x0000000000001ab0        0x0 ../LAB5_jabbamyhutt_bsp//obj/HAL/src/crt0.o
 .bss           0x0000000000001ab0        0x0 obj/default/hello_world_small.o
 .bss           0x0000000000001ab0        0x0 c:/altera/14.0/nios2eds/bin/gnu/h-x86_64-mingw32/bin/../lib/gcc/nios2-elf/4.7.3/mno-hw-mul\libgcc.a(lib2-divmod.o)
 .bss           0x0000000000001ab0        0x0 ../LAB5_jabbamyhutt_bsp/\libhal_bsp.a(alt_getchar.o)
 .bss           0x0000000000001ab0        0x0 ../LAB5_jabbamyhutt_bsp/\libhal_bsp.a(alt_load.o)
 .bss           0x0000000000001ab0        0x0 ../LAB5_jabbamyhutt_bsp/\libhal_bsp.a(alt_main.o)
 .bss           0x0000000000001ab0        0x0 ../LAB5_jabbamyhutt_bsp/\libhal_bsp.a(alt_printf.o)
 .bss           0x0000000000001ab0        0x0 ../LAB5_jabbamyhutt_bsp/\libhal_bsp.a(alt_putchar.o)
 .bss           0x0000000000001ab0        0x0 ../LAB5_jabbamyhutt_bsp/\libhal_bsp.a(alt_putstr.o)
 .bss           0x0000000000001ab0        0x0 ../LAB5_jabbamyhutt_bsp/\libhal_bsp.a(alt_sys_init.o)
 .bss           0x0000000000001ab0        0x0 ../LAB5_jabbamyhutt_bsp/\libhal_bsp.a(altera_avalon_jtag_uart_read.o)
 .bss           0x0000000000001ab0        0x0 ../LAB5_jabbamyhutt_bsp/\libhal_bsp.a(altera_avalon_jtag_uart_write.o)
 .bss           0x0000000000001ab0        0x0 ../LAB5_jabbamyhutt_bsp/\libhal_bsp.a(alt_dcache_flush_all.o)
 .bss           0x0000000000001ab0        0x0 ../LAB5_jabbamyhutt_bsp/\libhal_bsp.a(alt_dev.o)
 .bss           0x0000000000001ab0        0x0 ../LAB5_jabbamyhutt_bsp/\libhal_bsp.a(alt_icache_flush_all.o)
 .bss           0x0000000000001ab0        0x0 ../LAB5_jabbamyhutt_bsp/\libhal_bsp.a(altera_nios2_qsys_irq.o)
 .bss           0x0000000000001ab0        0x0 c:/altera/14.0/nios2eds/bin/gnu/h-x86_64-mingw32/bin/../lib/gcc/nios2-elf/4.7.3/../../../../../H-x86_64-mingw32/nios2-elf/lib/mno-hw-mul\libsmallc.a(lib_a-strlen.o)
 *(COMMON)
                0x0000000000001ab0                . = ALIGN (0x4)
                0x0000000000001ab0                __bss_end = ABSOLUTE (.)

.onchip_memory  0x0000000000001ab0        0x0
                0x0000000000001ab0                PROVIDE (_alt_partition_onchip_memory_start, ABSOLUTE (.))
 *(.onchip_memory .onchip_memory. onchip_memory.*)
                0x0000000000001ab0                . = ALIGN (0x4)
                0x0000000000001ab0                PROVIDE (_alt_partition_onchip_memory_end, ABSOLUTE (.))
                0x0000000000001ab0                _end = ABSOLUTE (.)
                0x0000000000001ab0                end = ABSOLUTE (.)
                0x0000000000001ab0                __alt_stack_base = ABSOLUTE (.)
                0x0000000000001ab0                PROVIDE (_alt_partition_onchip_memory_load_addr, LOADADDR (.onchip_memory))

.stab
 *(.stab)

.stabstr
 *(.stabstr)

.stab.excl
 *(.stab.excl)

.stab.exclstr
 *(.stab.exclstr)

.stab.index
 *(.stab.index)

.stab.indexstr
 *(.stab.indexstr)

.comment        0x0000000000000000       0x23
 *(.comment)
 .comment       0x0000000000000000       0x23 obj/default/hello_world_small.o
                                         0x24 (size before relaxing)
 .comment       0x0000000000000000       0x24 c:/altera/14.0/nios2eds/bin/gnu/h-x86_64-mingw32/bin/../lib/gcc/nios2-elf/4.7.3/mno-hw-mul\libgcc.a(lib2-divmod.o)
 .comment       0x0000000000000000       0x24 ../LAB5_jabbamyhutt_bsp/\libhal_bsp.a(alt_getchar.o)
 .comment       0x0000000000000000       0x24 ../LAB5_jabbamyhutt_bsp/\libhal_bsp.a(alt_load.o)
 .comment       0x0000000000000000       0x24 ../LAB5_jabbamyhutt_bsp/\libhal_bsp.a(alt_main.o)
 .comment       0x0000000000000000       0x24 ../LAB5_jabbamyhutt_bsp/\libhal_bsp.a(alt_printf.o)
 .comment       0x0000000000000000       0x24 ../LAB5_jabbamyhutt_bsp/\libhal_bsp.a(alt_putchar.o)
 .comment       0x0000000000000000       0x24 ../LAB5_jabbamyhutt_bsp/\libhal_bsp.a(alt_putstr.o)
 .comment       0x0000000000000000       0x24 ../LAB5_jabbamyhutt_bsp/\libhal_bsp.a(alt_sys_init.o)
 .comment       0x0000000000000000       0x24 ../LAB5_jabbamyhutt_bsp/\libhal_bsp.a(altera_avalon_jtag_uart_read.o)
 .comment       0x0000000000000000       0x24 ../LAB5_jabbamyhutt_bsp/\libhal_bsp.a(altera_avalon_jtag_uart_write.o)
 .comment       0x0000000000000000       0x24 ../LAB5_jabbamyhutt_bsp/\libhal_bsp.a(alt_dcache_flush_all.o)
 .comment       0x0000000000000000       0x24 ../LAB5_jabbamyhutt_bsp/\libhal_bsp.a(alt_dev.o)
 .comment       0x0000000000000000       0x24 ../LAB5_jabbamyhutt_bsp/\libhal_bsp.a(alt_icache_flush_all.o)
 .comment       0x0000000000000000       0x24 ../LAB5_jabbamyhutt_bsp/\libhal_bsp.a(altera_nios2_qsys_irq.o)
 .comment       0x0000000000000000       0x24 c:/altera/14.0/nios2eds/bin/gnu/h-x86_64-mingw32/bin/../lib/gcc/nios2-elf/4.7.3/../../../../../H-x86_64-mingw32/nios2-elf/lib/mno-hw-mul\libsmallc.a(lib_a-strlen.o)

.debug
 *(.debug)

.line
 *(.line)

.debug_srcinfo
 *(.debug_srcinfo)

.debug_sfnames
 *(.debug_sfnames)

.debug_aranges  0x0000000000000000      0x228
 *(.debug_aranges)
 .debug_aranges
                0x0000000000000000       0x28 ../LAB5_jabbamyhutt_bsp//obj/HAL/src/crt0.o
 .debug_aranges
                0x0000000000000028       0x20 obj/default/hello_world_small.o
 .debug_aranges
                0x0000000000000048       0x20 c:/altera/14.0/nios2eds/bin/gnu/h-x86_64-mingw32/bin/../lib/gcc/nios2-elf/4.7.3/mno-hw-mul\libgcc.a(lib2-divmod.o)
 .debug_aranges
                0x0000000000000068       0x20 ../LAB5_jabbamyhutt_bsp/\libhal_bsp.a(alt_getchar.o)
 .debug_aranges
                0x0000000000000088       0x20 ../LAB5_jabbamyhutt_bsp/\libhal_bsp.a(alt_load.o)
 .debug_aranges
                0x00000000000000a8       0x20 ../LAB5_jabbamyhutt_bsp/\libhal_bsp.a(alt_main.o)
 .debug_aranges
                0x00000000000000c8       0x20 ../LAB5_jabbamyhutt_bsp/\libhal_bsp.a(alt_printf.o)
 .debug_aranges
                0x00000000000000e8       0x20 ../LAB5_jabbamyhutt_bsp/\libhal_bsp.a(alt_putchar.o)
 .debug_aranges
                0x0000000000000108       0x20 ../LAB5_jabbamyhutt_bsp/\libhal_bsp.a(alt_putstr.o)
 .debug_aranges
                0x0000000000000128       0x20 ../LAB5_jabbamyhutt_bsp/\libhal_bsp.a(alt_sys_init.o)
 .debug_aranges
                0x0000000000000148       0x20 ../LAB5_jabbamyhutt_bsp/\libhal_bsp.a(altera_avalon_jtag_uart_read.o)
 .debug_aranges
                0x0000000000000168       0x20 ../LAB5_jabbamyhutt_bsp/\libhal_bsp.a(altera_avalon_jtag_uart_write.o)
 .debug_aranges
                0x0000000000000188       0x20 ../LAB5_jabbamyhutt_bsp/\libhal_bsp.a(alt_dcache_flush_all.o)
 .debug_aranges
                0x00000000000001a8       0x20 ../LAB5_jabbamyhutt_bsp/\libhal_bsp.a(alt_dev.o)
 .debug_aranges
                0x00000000000001c8       0x20 ../LAB5_jabbamyhutt_bsp/\libhal_bsp.a(alt_icache_flush_all.o)
 .debug_aranges
                0x00000000000001e8       0x20 ../LAB5_jabbamyhutt_bsp/\libhal_bsp.a(altera_nios2_qsys_irq.o)
 .debug_aranges
                0x0000000000000208       0x20 c:/altera/14.0/nios2eds/bin/gnu/h-x86_64-mingw32/bin/../lib/gcc/nios2-elf/4.7.3/../../../../../H-x86_64-mingw32/nios2-elf/lib/mno-hw-mul\libsmallc.a(lib_a-strlen.o)

.debug_pubnames
 *(.debug_pubnames)

.debug_info     0x0000000000000000     0x1ded
 *(.debug_info .gnu.linkonce.wi.*)
 .debug_info    0x0000000000000000       0x8d ../LAB5_jabbamyhutt_bsp//obj/HAL/src/crt0.o
 .debug_info    0x000000000000008d      0x398 obj/default/hello_world_small.o
 .debug_info    0x0000000000000425      0x289 c:/altera/14.0/nios2eds/bin/gnu/h-x86_64-mingw32/bin/../lib/gcc/nios2-elf/4.7.3/mno-hw-mul\libgcc.a(lib2-divmod.o)
 .debug_info    0x00000000000006ae      0x374 ../LAB5_jabbamyhutt_bsp/\libhal_bsp.a(alt_getchar.o)
 .debug_info    0x0000000000000a22      0x1d9 ../LAB5_jabbamyhutt_bsp/\libhal_bsp.a(alt_load.o)
 .debug_info    0x0000000000000bfb      0x194 ../LAB5_jabbamyhutt_bsp/\libhal_bsp.a(alt_main.o)
 .debug_info    0x0000000000000d8f      0x163 ../LAB5_jabbamyhutt_bsp/\libhal_bsp.a(alt_printf.o)
 .debug_info    0x0000000000000ef2      0x148 ../LAB5_jabbamyhutt_bsp/\libhal_bsp.a(alt_putchar.o)
 .debug_info    0x000000000000103a      0x171 ../LAB5_jabbamyhutt_bsp/\libhal_bsp.a(alt_putstr.o)
 .debug_info    0x00000000000011ab      0x193 ../LAB5_jabbamyhutt_bsp/\libhal_bsp.a(alt_sys_init.o)
 .debug_info    0x000000000000133e      0x1bd ../LAB5_jabbamyhutt_bsp/\libhal_bsp.a(altera_avalon_jtag_uart_read.o)
 .debug_info    0x00000000000014fb      0x1a0 ../LAB5_jabbamyhutt_bsp/\libhal_bsp.a(altera_avalon_jtag_uart_write.o)
 .debug_info    0x000000000000169b       0x8f ../LAB5_jabbamyhutt_bsp/\libhal_bsp.a(alt_dcache_flush_all.o)
 .debug_info    0x000000000000172a      0x4df ../LAB5_jabbamyhutt_bsp/\libhal_bsp.a(alt_dev.o)
 .debug_info    0x0000000000001c09       0x8f ../LAB5_jabbamyhutt_bsp/\libhal_bsp.a(alt_icache_flush_all.o)
 .debug_info    0x0000000000001c98       0x8f ../LAB5_jabbamyhutt_bsp/\libhal_bsp.a(altera_nios2_qsys_irq.o)
 .debug_info    0x0000000000001d27       0xc6 c:/altera/14.0/nios2eds/bin/gnu/h-x86_64-mingw32/bin/../lib/gcc/nios2-elf/4.7.3/../../../../../H-x86_64-mingw32/nios2-elf/lib/mno-hw-mul\libsmallc.a(lib_a-strlen.o)

.debug_abbrev   0x0000000000000000      0xcd3
 *(.debug_abbrev)
 .debug_abbrev  0x0000000000000000       0x12 ../LAB5_jabbamyhutt_bsp//obj/HAL/src/crt0.o
 .debug_abbrev  0x0000000000000012      0x11c obj/default/hello_world_small.o
 .debug_abbrev  0x000000000000012e      0x112 c:/altera/14.0/nios2eds/bin/gnu/h-x86_64-mingw32/bin/../lib/gcc/nios2-elf/4.7.3/mno-hw-mul\libgcc.a(lib2-divmod.o)
 .debug_abbrev  0x0000000000000240      0x11f ../LAB5_jabbamyhutt_bsp/\libhal_bsp.a(alt_getchar.o)
 .debug_abbrev  0x000000000000035f       0xd8 ../LAB5_jabbamyhutt_bsp/\libhal_bsp.a(alt_load.o)
 .debug_abbrev  0x0000000000000437      0x120 ../LAB5_jabbamyhutt_bsp/\libhal_bsp.a(alt_main.o)
 .debug_abbrev  0x0000000000000557       0xcc ../LAB5_jabbamyhutt_bsp/\libhal_bsp.a(alt_printf.o)
 .debug_abbrev  0x0000000000000623       0xd4 ../LAB5_jabbamyhutt_bsp/\libhal_bsp.a(alt_putchar.o)
 .debug_abbrev  0x00000000000006f7       0xe2 ../LAB5_jabbamyhutt_bsp/\libhal_bsp.a(alt_putstr.o)
 .debug_abbrev  0x00000000000007d9      0x105 ../LAB5_jabbamyhutt_bsp/\libhal_bsp.a(alt_sys_init.o)
 .debug_abbrev  0x00000000000008de      0x102 ../LAB5_jabbamyhutt_bsp/\libhal_bsp.a(altera_avalon_jtag_uart_read.o)
 .debug_abbrev  0x00000000000009e0       0xd5 ../LAB5_jabbamyhutt_bsp/\libhal_bsp.a(altera_avalon_jtag_uart_write.o)
 .debug_abbrev  0x0000000000000ab5       0x42 ../LAB5_jabbamyhutt_bsp/\libhal_bsp.a(alt_dcache_flush_all.o)
 .debug_abbrev  0x0000000000000af7       0xd9 ../LAB5_jabbamyhutt_bsp/\libhal_bsp.a(alt_dev.o)
 .debug_abbrev  0x0000000000000bd0       0x42 ../LAB5_jabbamyhutt_bsp/\libhal_bsp.a(alt_icache_flush_all.o)
 .debug_abbrev  0x0000000000000c12       0x42 ../LAB5_jabbamyhutt_bsp/\libhal_bsp.a(altera_nios2_qsys_irq.o)
 .debug_abbrev  0x0000000000000c54       0x7f c:/altera/14.0/nios2eds/bin/gnu/h-x86_64-mingw32/bin/../lib/gcc/nios2-elf/4.7.3/../../../../../H-x86_64-mingw32/nios2-elf/lib/mno-hw-mul\libsmallc.a(lib_a-strlen.o)

.debug_line     0x0000000000000000      0xd80
 *(.debug_line)
 .debug_line    0x0000000000000000       0x66 ../LAB5_jabbamyhutt_bsp//obj/HAL/src/crt0.o
 .debug_line    0x0000000000000066       0xfd obj/default/hello_world_small.o
 .debug_line    0x0000000000000163       0xd6 c:/altera/14.0/nios2eds/bin/gnu/h-x86_64-mingw32/bin/../lib/gcc/nios2-elf/4.7.3/mno-hw-mul\libgcc.a(lib2-divmod.o)
 .debug_line    0x0000000000000239       0xad ../LAB5_jabbamyhutt_bsp/\libhal_bsp.a(alt_getchar.o)
 .debug_line    0x00000000000002e6       0xd6 ../LAB5_jabbamyhutt_bsp/\libhal_bsp.a(alt_load.o)
 .debug_line    0x00000000000003bc       0xbd ../LAB5_jabbamyhutt_bsp/\libhal_bsp.a(alt_main.o)
 .debug_line    0x0000000000000479      0x122 ../LAB5_jabbamyhutt_bsp/\libhal_bsp.a(alt_printf.o)
 .debug_line    0x000000000000059b       0x4d ../LAB5_jabbamyhutt_bsp/\libhal_bsp.a(alt_putchar.o)
 .debug_line    0x00000000000005e8      0x127 ../LAB5_jabbamyhutt_bsp/\libhal_bsp.a(alt_putstr.o)
 .debug_line    0x000000000000070f      0x101 ../LAB5_jabbamyhutt_bsp/\libhal_bsp.a(alt_sys_init.o)
 .debug_line    0x0000000000000810      0x104 ../LAB5_jabbamyhutt_bsp/\libhal_bsp.a(altera_avalon_jtag_uart_read.o)
 .debug_line    0x0000000000000914       0xf5 ../LAB5_jabbamyhutt_bsp/\libhal_bsp.a(altera_avalon_jtag_uart_write.o)
 .debug_line    0x0000000000000a09       0x4e ../LAB5_jabbamyhutt_bsp/\libhal_bsp.a(alt_dcache_flush_all.o)
 .debug_line    0x0000000000000a57      0x119 ../LAB5_jabbamyhutt_bsp/\libhal_bsp.a(alt_dev.o)
 .debug_line    0x0000000000000b70       0x4e ../LAB5_jabbamyhutt_bsp/\libhal_bsp.a(alt_icache_flush_all.o)
 .debug_line    0x0000000000000bbe       0x50 ../LAB5_jabbamyhutt_bsp/\libhal_bsp.a(altera_nios2_qsys_irq.o)
 .debug_line    0x0000000000000c0e      0x172 c:/altera/14.0/nios2eds/bin/gnu/h-x86_64-mingw32/bin/../lib/gcc/nios2-elf/4.7.3/../../../../../H-x86_64-mingw32/nios2-elf/lib/mno-hw-mul\libsmallc.a(lib_a-strlen.o)

.debug_frame    0x0000000000000000      0x2bc
 *(.debug_frame)
 .debug_frame   0x0000000000000000       0x30 obj/default/hello_world_small.o
 .debug_frame   0x0000000000000030       0x70 c:/altera/14.0/nios2eds/bin/gnu/h-x86_64-mingw32/bin/../lib/gcc/nios2-elf/4.7.3/mno-hw-mul\libgcc.a(lib2-divmod.o)
 .debug_frame   0x00000000000000a0       0x28 ../LAB5_jabbamyhutt_bsp/\libhal_bsp.a(alt_getchar.o)
 .debug_frame   0x00000000000000c8       0x28 ../LAB5_jabbamyhutt_bsp/\libhal_bsp.a(alt_load.o)
 .debug_frame   0x00000000000000f0       0x28 ../LAB5_jabbamyhutt_bsp/\libhal_bsp.a(alt_main.o)
 .debug_frame   0x0000000000000118       0x38 ../LAB5_jabbamyhutt_bsp/\libhal_bsp.a(alt_printf.o)
 .debug_frame   0x0000000000000150       0x2c ../LAB5_jabbamyhutt_bsp/\libhal_bsp.a(alt_putchar.o)
 .debug_frame   0x000000000000017c       0x28 ../LAB5_jabbamyhutt_bsp/\libhal_bsp.a(alt_putstr.o)
 .debug_frame   0x00000000000001a4       0x38 ../LAB5_jabbamyhutt_bsp/\libhal_bsp.a(alt_sys_init.o)
 .debug_frame   0x00000000000001dc       0x20 ../LAB5_jabbamyhutt_bsp/\libhal_bsp.a(altera_avalon_jtag_uart_read.o)
 .debug_frame   0x00000000000001fc       0x20 ../LAB5_jabbamyhutt_bsp/\libhal_bsp.a(altera_avalon_jtag_uart_write.o)
 .debug_frame   0x000000000000021c       0x20 ../LAB5_jabbamyhutt_bsp/\libhal_bsp.a(alt_dcache_flush_all.o)
 .debug_frame   0x000000000000023c       0x20 ../LAB5_jabbamyhutt_bsp/\libhal_bsp.a(alt_dev.o)
 .debug_frame   0x000000000000025c       0x20 ../LAB5_jabbamyhutt_bsp/\libhal_bsp.a(alt_icache_flush_all.o)
 .debug_frame   0x000000000000027c       0x20 ../LAB5_jabbamyhutt_bsp/\libhal_bsp.a(altera_nios2_qsys_irq.o)
 .debug_frame   0x000000000000029c       0x20 c:/altera/14.0/nios2eds/bin/gnu/h-x86_64-mingw32/bin/../lib/gcc/nios2-elf/4.7.3/../../../../../H-x86_64-mingw32/nios2-elf/lib/mno-hw-mul\libsmallc.a(lib_a-strlen.o)

.debug_str      0x0000000000000000      0x922
 *(.debug_str)
 .debug_str     0x0000000000000000      0x152 obj/default/hello_world_small.o
                                        0x189 (size before relaxing)
 .debug_str     0x0000000000000152      0x110 c:/altera/14.0/nios2eds/bin/gnu/h-x86_64-mingw32/bin/../lib/gcc/nios2-elf/4.7.3/mno-hw-mul\libgcc.a(lib2-divmod.o)
                                        0x167 (size before relaxing)
 .debug_str     0x0000000000000262      0x14e ../LAB5_jabbamyhutt_bsp/\libhal_bsp.a(alt_getchar.o)
                                        0x20c (size before relaxing)
 .debug_str     0x00000000000003b0      0x11b ../LAB5_jabbamyhutt_bsp/\libhal_bsp.a(alt_load.o)
                                        0x212 (size before relaxing)
 .debug_str     0x00000000000004cb       0x5e ../LAB5_jabbamyhutt_bsp/\libhal_bsp.a(alt_main.o)
                                        0x18b (size before relaxing)
 .debug_str     0x0000000000000529       0x59 ../LAB5_jabbamyhutt_bsp/\libhal_bsp.a(alt_printf.o)
                                         0xe8 (size before relaxing)
 .debug_str     0x0000000000000582       0x34 ../LAB5_jabbamyhutt_bsp/\libhal_bsp.a(alt_putchar.o)
                                        0x161 (size before relaxing)
 .debug_str     0x00000000000005b6       0x23 ../LAB5_jabbamyhutt_bsp/\libhal_bsp.a(alt_putstr.o)
                                        0x16d (size before relaxing)
 .debug_str     0x00000000000005d9       0x86 ../LAB5_jabbamyhutt_bsp/\libhal_bsp.a(alt_sys_init.o)
                                        0x1fa (size before relaxing)
 .debug_str     0x000000000000065f       0x3d ../LAB5_jabbamyhutt_bsp/\libhal_bsp.a(altera_avalon_jtag_uart_read.o)
                                        0x1f5 (size before relaxing)
 .debug_str     0x000000000000069c       0x2c ../LAB5_jabbamyhutt_bsp/\libhal_bsp.a(altera_avalon_jtag_uart_write.o)
                                        0x1eb (size before relaxing)
 .debug_str     0x00000000000006c8       0x1f ../LAB5_jabbamyhutt_bsp/\libhal_bsp.a(alt_dcache_flush_all.o)
                                        0x12b (size before relaxing)
 .debug_str     0x00000000000006e7      0x120 ../LAB5_jabbamyhutt_bsp/\libhal_bsp.a(alt_dev.o)
                                        0x2db (size before relaxing)
 .debug_str     0x0000000000000807       0x1f ../LAB5_jabbamyhutt_bsp/\libhal_bsp.a(alt_icache_flush_all.o)
                                        0x12b (size before relaxing)
 .debug_str     0x0000000000000826       0x20 ../LAB5_jabbamyhutt_bsp/\libhal_bsp.a(altera_nios2_qsys_irq.o)
                                        0x132 (size before relaxing)
 .debug_str     0x0000000000000846       0xdc c:/altera/14.0/nios2eds/bin/gnu/h-x86_64-mingw32/bin/../lib/gcc/nios2-elf/4.7.3/../../../../../H-x86_64-mingw32/nios2-elf/lib/mno-hw-mul\libsmallc.a(lib_a-strlen.o)
                                        0x18e (size before relaxing)

.debug_loc      0x0000000000000000      0x9c9
 *(.debug_loc)
 .debug_loc     0x0000000000000000      0x18d obj/default/hello_world_small.o
 .debug_loc     0x000000000000018d      0x338 c:/altera/14.0/nios2eds/bin/gnu/h-x86_64-mingw32/bin/../lib/gcc/nios2-elf/4.7.3/mno-hw-mul\libgcc.a(lib2-divmod.o)
 .debug_loc     0x00000000000004c5       0x40 ../LAB5_jabbamyhutt_bsp/\libhal_bsp.a(alt_getchar.o)
 .debug_loc     0x0000000000000505       0x20 ../LAB5_jabbamyhutt_bsp/\libhal_bsp.a(alt_load.o)
 .debug_loc     0x0000000000000525       0x20 ../LAB5_jabbamyhutt_bsp/\libhal_bsp.a(alt_main.o)
 .debug_loc     0x0000000000000545      0x244 ../LAB5_jabbamyhutt_bsp/\libhal_bsp.a(alt_printf.o)
 .debug_loc     0x0000000000000789       0x4c ../LAB5_jabbamyhutt_bsp/\libhal_bsp.a(alt_putchar.o)
 .debug_loc     0x00000000000007d5       0x57 ../LAB5_jabbamyhutt_bsp/\libhal_bsp.a(alt_putstr.o)
 .debug_loc     0x000000000000082c       0x41 ../LAB5_jabbamyhutt_bsp/\libhal_bsp.a(alt_sys_init.o)
 .debug_loc     0x000000000000086d       0xb5 ../LAB5_jabbamyhutt_bsp/\libhal_bsp.a(altera_avalon_jtag_uart_read.o)
 .debug_loc     0x0000000000000922       0x7e ../LAB5_jabbamyhutt_bsp/\libhal_bsp.a(altera_avalon_jtag_uart_write.o)
 .debug_loc     0x00000000000009a0       0x29 c:/altera/14.0/nios2eds/bin/gnu/h-x86_64-mingw32/bin/../lib/gcc/nios2-elf/4.7.3/../../../../../H-x86_64-mingw32/nios2-elf/lib/mno-hw-mul\libsmallc.a(lib_a-strlen.o)

.debug_macinfo
 *(.debug_macinfo)

.debug_weaknames
 *(.debug_weaknames)

.debug_funcnames
 *(.debug_funcnames)

.debug_typenames
 *(.debug_typenames)

.debug_varnames
 *(.debug_varnames)

.debug_alt_sim_info
                0x0000000000000000       0x10
 *(.debug_alt_sim_info)
 .debug_alt_sim_info
                0x0000000000000000       0x10 ../LAB5_jabbamyhutt_bsp//obj/HAL/src/crt0.o
                0x0000000000002000                __alt_data_end = 0x2000
                0x0000000000002000                PROVIDE (__alt_stack_pointer, __alt_data_end)
                0x0000000000001ab0                PROVIDE (__alt_stack_limit, __alt_stack_base)
                0x0000000000001ab0                PROVIDE (__alt_heap_start, end)
                0x0000000000002000                PROVIDE (__alt_heap_limit, 0x2000)
OUTPUT(LAB5_jabbamyhutt.elf elf32-littlenios2)

.debug_ranges   0x0000000000000000       0x98
 .debug_ranges  0x0000000000000000       0x20 ../LAB5_jabbamyhutt_bsp//obj/HAL/src/crt0.o
 .debug_ranges  0x0000000000000020       0x10 obj/default/hello_world_small.o
 .debug_ranges  0x0000000000000030       0x48 ../LAB5_jabbamyhutt_bsp/\libhal_bsp.a(alt_load.o)
 .debug_ranges  0x0000000000000078       0x20 ../LAB5_jabbamyhutt_bsp/\libhal_bsp.a(altera_avalon_jtag_uart_read.o)
