Archive member included because of file (symbol)

../TictacToes_bsp/\libhal_bsp.a(alt_getchar.o)
                              obj/default/hello_world_small.o (alt_getchar)
../TictacToes_bsp/\libhal_bsp.a(alt_load.o)
                              ../TictacToes_bsp//obj/HAL/src/crt0.o (alt_load)
../TictacToes_bsp/\libhal_bsp.a(alt_main.o)
                              ../TictacToes_bsp//obj/HAL/src/crt0.o (alt_main)
../TictacToes_bsp/\libhal_bsp.a(alt_printf.o)
                              obj/default/hello_world_small.o (alt_printf)
../TictacToes_bsp/\libhal_bsp.a(alt_putchar.o)
                              ../TictacToes_bsp/\libhal_bsp.a(alt_printf.o) (alt_putchar)
../TictacToes_bsp/\libhal_bsp.a(alt_putstr.o)
                              obj/default/hello_world_small.o (alt_putstr)
../TictacToes_bsp/\libhal_bsp.a(alt_sys_init.o)
                              ../TictacToes_bsp/\libhal_bsp.a(alt_main.o) (alt_irq_init)
../TictacToes_bsp/\libhal_bsp.a(altera_avalon_jtag_uart_read.o)
                              ../TictacToes_bsp/\libhal_bsp.a(alt_getchar.o) (altera_avalon_jtag_uart_read)
../TictacToes_bsp/\libhal_bsp.a(altera_avalon_jtag_uart_write.o)
                              ../TictacToes_bsp/\libhal_bsp.a(alt_putchar.o) (altera_avalon_jtag_uart_write)
../TictacToes_bsp/\libhal_bsp.a(alt_dcache_flush_all.o)
                              ../TictacToes_bsp/\libhal_bsp.a(alt_load.o) (alt_dcache_flush_all)
../TictacToes_bsp/\libhal_bsp.a(alt_dev.o)
                              ../TictacToes_bsp/\libhal_bsp.a(alt_getchar.o) (alt_fd_list)
../TictacToes_bsp/\libhal_bsp.a(alt_icache_flush_all.o)
                              ../TictacToes_bsp/\libhal_bsp.a(alt_load.o) (alt_icache_flush_all)
../TictacToes_bsp/\libhal_bsp.a(altera_nios2_qsys_irq.o)
                              ../TictacToes_bsp/\libhal_bsp.a(alt_sys_init.o) (altera_nios2_qsys_irq_init)
c:/altera/14.0/nios2eds/bin/gnu/h-x86_64-mingw32/bin/../lib/gcc/nios2-elf/4.7.3/../../../../../H-x86_64-mingw32/nios2-elf/lib/mno-hw-mul\libsmallc.a(lib_a-strlen.o)
                              ../TictacToes_bsp/\libhal_bsp.a(alt_putstr.o) (strlen)

Memory Configuration

Name             Origin             Length             Attributes
reset            0x0000000000001000 0x0000000000000020
onchip_memory    0x0000000000001020 0x0000000000000fe0
*default*        0x0000000000000000 0xffffffffffffffff

Linker script and memory map

LOAD ../TictacToes_bsp//obj/HAL/src/crt0.o
LOAD obj/default/hello_world_small.o
LOAD c:/altera/14.0/nios2eds/bin/gnu/h-x86_64-mingw32/bin/../lib/gcc/nios2-elf/4.7.3/../../../../../H-x86_64-mingw32/nios2-elf/lib/mno-hw-mul\libstdc++.a
LOAD c:/altera/14.0/nios2eds/bin/gnu/h-x86_64-mingw32/bin/../lib/gcc/nios2-elf/4.7.3/../../../../../H-x86_64-mingw32/nios2-elf/lib/mno-hw-mul\libm.a
LOAD c:/altera/14.0/nios2eds/bin/gnu/h-x86_64-mingw32/bin/../lib/gcc/nios2-elf/4.7.3/mno-hw-mul\libgcc.a
START GROUP
LOAD c:/altera/14.0/nios2eds/bin/gnu/h-x86_64-mingw32/bin/../lib/gcc/nios2-elf/4.7.3/../../../../../H-x86_64-mingw32/nios2-elf/lib/mno-hw-mul\libsmallc.a
LOAD c:/altera/14.0/nios2eds/bin/gnu/h-x86_64-mingw32/bin/../lib/gcc/nios2-elf/4.7.3/mno-hw-mul\libgcc.a
LOAD ../TictacToes_bsp/\libhal_bsp.a
END GROUP
LOAD c:/altera/14.0/nios2eds/bin/gnu/h-x86_64-mingw32/bin/../lib/gcc/nios2-elf/4.7.3/mno-hw-mul\libgcc.a
                0x0000000000001000                __alt_mem_onchip_memory = 0x1000

.entry          0x0000000000001000       0x20
 *(.entry)
 .entry         0x0000000000001000       0x20 ../TictacToes_bsp//obj/HAL/src/crt0.o
                0x0000000000001000                __reset
                0x000000000000100c                _exit

.exceptions     0x0000000000001020        0x0
                0x0000000000001020                PROVIDE (__ram_exceptions_start, ABSOLUTE (.))
                0x0000000000001020                . = ALIGN (0x20)
 *(.irq)
 *(.exceptions.entry.label)
 *(.exceptions.entry.user)
 *(.exceptions.entry.ecc_fatal)
 *(.exceptions.entry)
 *(.exceptions.irqtest.user)
 *(.exceptions.irqtest)
 *(.exceptions.irqhandler.user)
 *(.exceptions.irqhandler)
 *(.exceptions.irqreturn.user)
 *(.exceptions.irqreturn)
 *(.exceptions.notirq.label)
 *(.exceptions.notirq.user)
 *(.exceptions.notirq)
 *(.exceptions.soft.user)
 *(.exceptions.soft)
 *(.exceptions.unknown.user)
 *(.exceptions.unknown)
 *(.exceptions.exit.label)
 *(.exceptions.exit.user)
 *(.exceptions.exit)
 *(.exceptions)
                0x0000000000001020                PROVIDE (__ram_exceptions_end, ABSOLUTE (.))
                0x0000000000001020                PROVIDE (__flash_exceptions_start, LOADADDR (.exceptions))

.text           0x0000000000001020      0xb4c
                0x0000000000001020                PROVIDE (stext, ABSOLUTE (.))
 *(.interp)
 *(.hash)
 *(.dynsym)
 *(.dynstr)
 *(.gnu.version)
 *(.gnu.version_d)
 *(.gnu.version_r)
 *(.rel.init)
 *(.rela.init)
 *(.rel.text .rel.text.* .rel.gnu.linkonce.t.*)
 *(.rela.text .rela.text.* .rela.gnu.linkonce.t.*)
 *(.rel.fini)
 *(.rela.fini)
 *(.rel.rodata .rel.rodata.* .rel.gnu.linkonce.r.*)
 *(.rela.rodata .rela.rodata.* .rela.gnu.linkonce.r.*)
 *(.rel.data .rel.data.* .rel.gnu.linkonce.d.*)
 *(.rela.data .rela.data.* .rela.gnu.linkonce.d.*)
 *(.rel.tdata .rel.tdata.* .rel.gnu.linkonce.td.*)
 *(.rela.tdata .rela.tdata.* .rela.gnu.linkonce.td.*)
 *(.rel.tbss .rel.tbss.* .rel.gnu.linkonce.tb.*)
 *(.rela.tbss .rela.tbss.* .rela.gnu.linkonce.tb.*)
 *(.rel.ctors)
 *(.rela.ctors)
 *(.rel.dtors)
 *(.rela.dtors)
 *(.rel.got)
 *(.rela.got)
 *(.rel.sdata .rel.sdata.* .rel.gnu.linkonce.s.*)
 *(.rela.sdata .rela.sdata.* .rela.gnu.linkonce.s.*)
 *(.rel.sbss .rel.sbss.* .rel.gnu.linkonce.sb.*)
 *(.rela.sbss .rela.sbss.* .rela.gnu.linkonce.sb.*)
 *(.rel.sdata2 .rel.sdata2.* .rel.gnu.linkonce.s2.*)
 *(.rela.sdata2 .rela.sdata2.* .rela.gnu.linkonce.s2.*)
 *(.rel.sbss2 .rel.sbss2.* .rel.gnu.linkonce.sb2.*)
 *(.rela.sbss2 .rela.sbss2.* .rela.gnu.linkonce.sb2.*)
 *(.rel.bss .rel.bss.* .rel.gnu.linkonce.b.*)
 *(.rela.bss .rela.bss.* .rela.gnu.linkonce.b.*)
 *(.rel.plt)
 *(.rela.plt)
 *(.rel.dyn)
 *(.init)
 *(.plt)
 *(.text .stub .text.* .gnu.linkonce.t.*)
 .text          0x0000000000001020       0x3c ../TictacToes_bsp//obj/HAL/src/crt0.o
                0x0000000000001020                _start
 .text          0x000000000000105c      0x64c obj/default/hello_world_small.o
                0x000000000000105c                setWord
                0x00000000000010cc                recieveData
                0x0000000000001100                sendData
                0x0000000000001130                startGame
                0x000000000000120c                player
                0x000000000000139c                game_master
 .text.startup  0x00000000000016a8       0x68 obj/default/hello_world_small.o
                0x00000000000016a8                main
 .text          0x0000000000001710       0x44 ../TictacToes_bsp/\libhal_bsp.a(alt_getchar.o)
                0x0000000000001710                alt_getchar
 .text          0x0000000000001754      0x104 ../TictacToes_bsp/\libhal_bsp.a(alt_load.o)
                0x0000000000001754                alt_load
 .text          0x0000000000001858       0x2c ../TictacToes_bsp/\libhal_bsp.a(alt_main.o)
                0x0000000000001858                alt_main
 .text          0x0000000000001884      0x170 ../TictacToes_bsp/\libhal_bsp.a(alt_printf.o)
                0x0000000000001884                alt_printf
 .text          0x00000000000019f4       0x4c ../TictacToes_bsp/\libhal_bsp.a(alt_putchar.o)
                0x00000000000019f4                alt_putchar
 .text          0x0000000000001a40       0x38 ../TictacToes_bsp/\libhal_bsp.a(alt_putstr.o)
                0x0000000000001a40                alt_putstr
 .text          0x0000000000001a78       0x24 ../TictacToes_bsp/\libhal_bsp.a(alt_sys_init.o)
                0x0000000000001a78                alt_irq_init
                0x0000000000001a98                alt_sys_init
 .text          0x0000000000001a9c       0x5c ../TictacToes_bsp/\libhal_bsp.a(altera_avalon_jtag_uart_read.o)
                0x0000000000001a9c                altera_avalon_jtag_uart_read
 .text          0x0000000000001af8       0x34 ../TictacToes_bsp/\libhal_bsp.a(altera_avalon_jtag_uart_write.o)
                0x0000000000001af8                altera_avalon_jtag_uart_write
 .text          0x0000000000001b2c        0x4 ../TictacToes_bsp/\libhal_bsp.a(alt_dcache_flush_all.o)
                0x0000000000001b2c                alt_dcache_flush_all
 .text          0x0000000000001b30        0x8 ../TictacToes_bsp/\libhal_bsp.a(alt_dev.o)
 .text          0x0000000000001b38        0x4 ../TictacToes_bsp/\libhal_bsp.a(alt_icache_flush_all.o)
                0x0000000000001b38                alt_icache_flush_all
 .text          0x0000000000001b3c        0x8 ../TictacToes_bsp/\libhal_bsp.a(altera_nios2_qsys_irq.o)
                0x0000000000001b3c                altera_nios2_qsys_irq_init
 .text          0x0000000000001b44       0x28 c:/altera/14.0/nios2eds/bin/gnu/h-x86_64-mingw32/bin/../lib/gcc/nios2-elf/4.7.3/../../../../../H-x86_64-mingw32/nios2-elf/lib/mno-hw-mul\libsmallc.a(lib_a-strlen.o)
                0x0000000000001b44                strlen
 *(.gnu.warning.*)
 *(.fini)
                0x0000000000001b6c                PROVIDE (__etext, ABSOLUTE (.))
                0x0000000000001b6c                PROVIDE (_etext, ABSOLUTE (.))
                0x0000000000001b6c                PROVIDE (etext, ABSOLUTE (.))
 *(.eh_frame_hdr)
                0x0000000000001b6c                . = ALIGN (0x4)
                0x0000000000001b6c                PROVIDE (__preinit_array_start, ABSOLUTE (.))
 *(.preinit_array)
                0x0000000000001b6c                PROVIDE (__preinit_array_end, ABSOLUTE (.))
                0x0000000000001b6c                PROVIDE (__init_array_start, ABSOLUTE (.))
 *(.init_array)
                0x0000000000001b6c                PROVIDE (__init_array_end, ABSOLUTE (.))
                0x0000000000001b6c                PROVIDE (__fini_array_start, ABSOLUTE (.))
 *(.fini_array)
                0x0000000000001b6c                PROVIDE (__fini_array_end, ABSOLUTE (.))
 *(.eh_frame)
 *(.gcc_except_table .gcc_except_table.*)
 *(.dynamic)
                0x0000000000001b6c                PROVIDE (__CTOR_LIST__, ABSOLUTE (.))
 *(.ctors)
 *(SORT(.ctors.*))
                0x0000000000001b6c                PROVIDE (__CTOR_END__, ABSOLUTE (.))
                0x0000000000001b6c                PROVIDE (__DTOR_LIST__, ABSOLUTE (.))
 *(.dtors)
 *(SORT(.dtors.*))
                0x0000000000001b6c                PROVIDE (__DTOR_END__, ABSOLUTE (.))
 *(.jcr)
                0x0000000000001b6c                . = ALIGN (0x4)

.rodata         0x0000000000001b6c      0x2f0
                0x0000000000001b6c                PROVIDE (__ram_rodata_start, ABSOLUTE (.))
                0x0000000000001b6c                . = ALIGN (0x4)
 *(.rodata .rodata.* .gnu.linkonce.r.*)
 .rodata.str1.4
                0x0000000000001b6c      0x2e2 obj/default/hello_world_small.o
                                        0x2ec (size before relaxing)
 *fill*         0x0000000000001e4e        0x2 
 .rodata.str1.4
                0x0000000000001e50        0xc ../TictacToes_bsp/\libhal_bsp.a(alt_dev.o)
 *(.rodata1)
                0x0000000000001e5c                . = ALIGN (0x4)
                0x0000000000001e5c                PROVIDE (__ram_rodata_end, ABSOLUTE (.))
                0x0000000000001b6c                PROVIDE (__flash_rodata_start, LOADADDR (.rodata))

.rwdata         0x0000000000001e5c       0x70 load address 0x0000000000001ecc
                0x0000000000001e5c                PROVIDE (__ram_rwdata_start, ABSOLUTE (.))
                0x0000000000001e5c                . = ALIGN (0x4)
 *(.got.plt)
 *(.got)
 *(.data1)
 *(.data .data.* .gnu.linkonce.d.*)
 .data          0x0000000000001e5c        0x0 ../TictacToes_bsp//obj/HAL/src/crt0.o
 .data          0x0000000000001e5c        0x0 obj/default/hello_world_small.o
 .data          0x0000000000001e5c        0x0 ../TictacToes_bsp/\libhal_bsp.a(alt_getchar.o)
 .data          0x0000000000001e5c        0x0 ../TictacToes_bsp/\libhal_bsp.a(alt_load.o)
 .data          0x0000000000001e5c        0x0 ../TictacToes_bsp/\libhal_bsp.a(alt_main.o)
 .data          0x0000000000001e5c        0x0 ../TictacToes_bsp/\libhal_bsp.a(alt_printf.o)
 .data          0x0000000000001e5c        0x0 ../TictacToes_bsp/\libhal_bsp.a(alt_putchar.o)
 .data          0x0000000000001e5c        0x0 ../TictacToes_bsp/\libhal_bsp.a(alt_putstr.o)
 .data          0x0000000000001e5c        0x0 ../TictacToes_bsp/\libhal_bsp.a(alt_sys_init.o)
 .data          0x0000000000001e5c        0x0 ../TictacToes_bsp/\libhal_bsp.a(altera_avalon_jtag_uart_read.o)
 .data          0x0000000000001e5c        0x0 ../TictacToes_bsp/\libhal_bsp.a(altera_avalon_jtag_uart_write.o)
 .data          0x0000000000001e5c        0x0 ../TictacToes_bsp/\libhal_bsp.a(alt_dcache_flush_all.o)
 .data          0x0000000000001e5c       0x58 ../TictacToes_bsp/\libhal_bsp.a(alt_dev.o)
                0x0000000000001e5c                alt_fd_list
                0x0000000000001e8c                alt_dev_null
 .data          0x0000000000001eb4        0x0 ../TictacToes_bsp/\libhal_bsp.a(alt_icache_flush_all.o)
 .data          0x0000000000001eb4        0x0 ../TictacToes_bsp/\libhal_bsp.a(altera_nios2_qsys_irq.o)
 .data          0x0000000000001eb4        0x0 c:/altera/14.0/nios2eds/bin/gnu/h-x86_64-mingw32/bin/../lib/gcc/nios2-elf/4.7.3/../../../../../H-x86_64-mingw32/nios2-elf/lib/mno-hw-mul\libsmallc.a(lib_a-strlen.o)
                0x0000000000009eb4                _gp = ABSOLUTE ((. + 0x8000))
                0x0000000000009eb4                PROVIDE (gp, _gp)
 *(.rwdata .rwdata.*)
 *(.sdata .sdata.* .gnu.linkonce.s.*)
 .sdata         0x0000000000001eb4        0x4 ../TictacToes_bsp/\libhal_bsp.a(alt_sys_init.o)
                0x0000000000001eb4                jtag_uart
 .sdata         0x0000000000001eb8       0x14 ../TictacToes_bsp/\libhal_bsp.a(alt_dev.o)
                0x0000000000001eb8                alt_max_fd
                0x0000000000001ebc                alt_dev_list
                0x0000000000001ec4                alt_fs_list
 *(.sdata2 .sdata2.* .gnu.linkonce.s2.*)
                0x0000000000001ecc                . = ALIGN (0x4)
                0x0000000000001ecc                _edata = ABSOLUTE (.)
                0x0000000000001ecc                PROVIDE (edata, ABSOLUTE (.))
                0x0000000000001ecc                PROVIDE (__ram_rwdata_end, ABSOLUTE (.))
                0x0000000000001ecc                PROVIDE (__flash_rwdata_start, LOADADDR (.rwdata))

.bss            0x0000000000001f3c        0xc
                0x0000000000001f3c                __bss_start = ABSOLUTE (.)
                0x0000000000001f3c                PROVIDE (__sbss_start, ABSOLUTE (.))
                0x0000000000001f3c                PROVIDE (___sbss_start, ABSOLUTE (.))
 *(.dynsbss)
 *(.sbss .sbss.* .gnu.linkonce.sb.*)
 .sbss          0x0000000000001f3c        0xc ../TictacToes_bsp/\libhal_bsp.a(alt_main.o)
                0x0000000000001f3c                alt_envp
                0x0000000000001f40                alt_argv
                0x0000000000001f44                alt_argc
 *(.sbss2 .sbss2.* .gnu.linkonce.sb2.*)
 *(.scommon)
                0x0000000000001f48                PROVIDE (__sbss_end, ABSOLUTE (.))
                0x0000000000001f48                PROVIDE (___sbss_end, ABSOLUTE (.))
 *(.dynbss)
 *(.bss .bss.* .gnu.linkonce.b.*)
 .bss           0x0000000000001f48        0x0 ../TictacToes_bsp//obj/HAL/src/crt0.o
 .bss           0x0000000000001f48        0x0 obj/default/hello_world_small.o
 .bss           0x0000000000001f48        0x0 ../TictacToes_bsp/\libhal_bsp.a(alt_getchar.o)
 .bss           0x0000000000001f48        0x0 ../TictacToes_bsp/\libhal_bsp.a(alt_load.o)
 .bss           0x0000000000001f48        0x0 ../TictacToes_bsp/\libhal_bsp.a(alt_main.o)
 .bss           0x0000000000001f48        0x0 ../TictacToes_bsp/\libhal_bsp.a(alt_printf.o)
 .bss           0x0000000000001f48        0x0 ../TictacToes_bsp/\libhal_bsp.a(alt_putchar.o)
 .bss           0x0000000000001f48        0x0 ../TictacToes_bsp/\libhal_bsp.a(alt_putstr.o)
 .bss           0x0000000000001f48        0x0 ../TictacToes_bsp/\libhal_bsp.a(alt_sys_init.o)
 .bss           0x0000000000001f48        0x0 ../TictacToes_bsp/\libhal_bsp.a(altera_avalon_jtag_uart_read.o)
 .bss           0x0000000000001f48        0x0 ../TictacToes_bsp/\libhal_bsp.a(altera_avalon_jtag_uart_write.o)
 .bss           0x0000000000001f48        0x0 ../TictacToes_bsp/\libhal_bsp.a(alt_dcache_flush_all.o)
 .bss           0x0000000000001f48        0x0 ../TictacToes_bsp/\libhal_bsp.a(alt_dev.o)
 .bss           0x0000000000001f48        0x0 ../TictacToes_bsp/\libhal_bsp.a(alt_icache_flush_all.o)
 .bss           0x0000000000001f48        0x0 ../TictacToes_bsp/\libhal_bsp.a(altera_nios2_qsys_irq.o)
 .bss           0x0000000000001f48        0x0 c:/altera/14.0/nios2eds/bin/gnu/h-x86_64-mingw32/bin/../lib/gcc/nios2-elf/4.7.3/../../../../../H-x86_64-mingw32/nios2-elf/lib/mno-hw-mul\libsmallc.a(lib_a-strlen.o)
 *(COMMON)
                0x0000000000001f48                . = ALIGN (0x4)
                0x0000000000001f48                __bss_end = ABSOLUTE (.)

.onchip_memory  0x0000000000001f48        0x0
                0x0000000000001f48                PROVIDE (_alt_partition_onchip_memory_start, ABSOLUTE (.))
 *(.onchip_memory .onchip_memory. onchip_memory.*)
                0x0000000000001f48                . = ALIGN (0x4)
                0x0000000000001f48                PROVIDE (_alt_partition_onchip_memory_end, ABSOLUTE (.))
                0x0000000000001f48                _end = ABSOLUTE (.)
                0x0000000000001f48                end = ABSOLUTE (.)
                0x0000000000001f48                __alt_stack_base = ABSOLUTE (.)
                0x0000000000001f48                PROVIDE (_alt_partition_onchip_memory_load_addr, LOADADDR (.onchip_memory))

.stab
 *(.stab)

.stabstr
 *(.stabstr)

.stab.excl
 *(.stab.excl)

.stab.exclstr
 *(.stab.exclstr)

.stab.index
 *(.stab.index)

.stab.indexstr
 *(.stab.indexstr)

.comment        0x0000000000000000       0x23
 *(.comment)
 .comment       0x0000000000000000       0x23 obj/default/hello_world_small.o
                                         0x24 (size before relaxing)
 .comment       0x0000000000000000       0x24 ../TictacToes_bsp/\libhal_bsp.a(alt_getchar.o)
 .comment       0x0000000000000000       0x24 ../TictacToes_bsp/\libhal_bsp.a(alt_load.o)
 .comment       0x0000000000000000       0x24 ../TictacToes_bsp/\libhal_bsp.a(alt_main.o)
 .comment       0x0000000000000000       0x24 ../TictacToes_bsp/\libhal_bsp.a(alt_printf.o)
 .comment       0x0000000000000000       0x24 ../TictacToes_bsp/\libhal_bsp.a(alt_putchar.o)
 .comment       0x0000000000000000       0x24 ../TictacToes_bsp/\libhal_bsp.a(alt_putstr.o)
 .comment       0x0000000000000000       0x24 ../TictacToes_bsp/\libhal_bsp.a(alt_sys_init.o)
 .comment       0x0000000000000000       0x24 ../TictacToes_bsp/\libhal_bsp.a(altera_avalon_jtag_uart_read.o)
 .comment       0x0000000000000000       0x24 ../TictacToes_bsp/\libhal_bsp.a(altera_avalon_jtag_uart_write.o)
 .comment       0x0000000000000000       0x24 ../TictacToes_bsp/\libhal_bsp.a(alt_dcache_flush_all.o)
 .comment       0x0000000000000000       0x24 ../TictacToes_bsp/\libhal_bsp.a(alt_dev.o)
 .comment       0x0000000000000000       0x24 ../TictacToes_bsp/\libhal_bsp.a(alt_icache_flush_all.o)
 .comment       0x0000000000000000       0x24 ../TictacToes_bsp/\libhal_bsp.a(altera_nios2_qsys_irq.o)
 .comment       0x0000000000000000       0x24 c:/altera/14.0/nios2eds/bin/gnu/h-x86_64-mingw32/bin/../lib/gcc/nios2-elf/4.7.3/../../../../../H-x86_64-mingw32/nios2-elf/lib/mno-hw-mul\libsmallc.a(lib_a-strlen.o)

.debug
 *(.debug)

.line
 *(.line)

.debug_srcinfo
 *(.debug_srcinfo)

.debug_sfnames
 *(.debug_sfnames)

.debug_aranges  0x0000000000000000      0x210
 *(.debug_aranges)
 .debug_aranges
                0x0000000000000000       0x28 ../TictacToes_bsp//obj/HAL/src/crt0.o
 .debug_aranges
                0x0000000000000028       0x28 obj/default/hello_world_small.o
 .debug_aranges
                0x0000000000000050       0x20 ../TictacToes_bsp/\libhal_bsp.a(alt_getchar.o)
 .debug_aranges
                0x0000000000000070       0x20 ../TictacToes_bsp/\libhal_bsp.a(alt_load.o)
 .debug_aranges
                0x0000000000000090       0x20 ../TictacToes_bsp/\libhal_bsp.a(alt_main.o)
 .debug_aranges
                0x00000000000000b0       0x20 ../TictacToes_bsp/\libhal_bsp.a(alt_printf.o)
 .debug_aranges
                0x00000000000000d0       0x20 ../TictacToes_bsp/\libhal_bsp.a(alt_putchar.o)
 .debug_aranges
                0x00000000000000f0       0x20 ../TictacToes_bsp/\libhal_bsp.a(alt_putstr.o)
 .debug_aranges
                0x0000000000000110       0x20 ../TictacToes_bsp/\libhal_bsp.a(alt_sys_init.o)
 .debug_aranges
                0x0000000000000130       0x20 ../TictacToes_bsp/\libhal_bsp.a(altera_avalon_jtag_uart_read.o)
 .debug_aranges
                0x0000000000000150       0x20 ../TictacToes_bsp/\libhal_bsp.a(altera_avalon_jtag_uart_write.o)
 .debug_aranges
                0x0000000000000170       0x20 ../TictacToes_bsp/\libhal_bsp.a(alt_dcache_flush_all.o)
 .debug_aranges
                0x0000000000000190       0x20 ../TictacToes_bsp/\libhal_bsp.a(alt_dev.o)
 .debug_aranges
                0x00000000000001b0       0x20 ../TictacToes_bsp/\libhal_bsp.a(alt_icache_flush_all.o)
 .debug_aranges
                0x00000000000001d0       0x20 ../TictacToes_bsp/\libhal_bsp.a(altera_nios2_qsys_irq.o)
 .debug_aranges
                0x00000000000001f0       0x20 c:/altera/14.0/nios2eds/bin/gnu/h-x86_64-mingw32/bin/../lib/gcc/nios2-elf/4.7.3/../../../../../H-x86_64-mingw32/nios2-elf/lib/mno-hw-mul\libsmallc.a(lib_a-strlen.o)

.debug_pubnames
 *(.debug_pubnames)

.debug_info     0x0000000000000000     0x1f20
 *(.debug_info .gnu.linkonce.wi.*)
 .debug_info    0x0000000000000000       0x84 ../TictacToes_bsp//obj/HAL/src/crt0.o
 .debug_info    0x0000000000000084      0x75d obj/default/hello_world_small.o
 .debug_info    0x00000000000007e1      0x374 ../TictacToes_bsp/\libhal_bsp.a(alt_getchar.o)
 .debug_info    0x0000000000000b55      0x1d9 ../TictacToes_bsp/\libhal_bsp.a(alt_load.o)
 .debug_info    0x0000000000000d2e      0x194 ../TictacToes_bsp/\libhal_bsp.a(alt_main.o)
 .debug_info    0x0000000000000ec2      0x163 ../TictacToes_bsp/\libhal_bsp.a(alt_printf.o)
 .debug_info    0x0000000000001025      0x148 ../TictacToes_bsp/\libhal_bsp.a(alt_putchar.o)
 .debug_info    0x000000000000116d      0x171 ../TictacToes_bsp/\libhal_bsp.a(alt_putstr.o)
 .debug_info    0x00000000000012de      0x193 ../TictacToes_bsp/\libhal_bsp.a(alt_sys_init.o)
 .debug_info    0x0000000000001471      0x1bd ../TictacToes_bsp/\libhal_bsp.a(altera_avalon_jtag_uart_read.o)
 .debug_info    0x000000000000162e      0x1a0 ../TictacToes_bsp/\libhal_bsp.a(altera_avalon_jtag_uart_write.o)
 .debug_info    0x00000000000017ce       0x8f ../TictacToes_bsp/\libhal_bsp.a(alt_dcache_flush_all.o)
 .debug_info    0x000000000000185d      0x4df ../TictacToes_bsp/\libhal_bsp.a(alt_dev.o)
 .debug_info    0x0000000000001d3c       0x8f ../TictacToes_bsp/\libhal_bsp.a(alt_icache_flush_all.o)
 .debug_info    0x0000000000001dcb       0x8f ../TictacToes_bsp/\libhal_bsp.a(altera_nios2_qsys_irq.o)
 .debug_info    0x0000000000001e5a       0xc6 c:/altera/14.0/nios2eds/bin/gnu/h-x86_64-mingw32/bin/../lib/gcc/nios2-elf/4.7.3/../../../../../H-x86_64-mingw32/nios2-elf/lib/mno-hw-mul\libsmallc.a(lib_a-strlen.o)

.debug_abbrev   0x0000000000000000      0xcb8
 *(.debug_abbrev)
 .debug_abbrev  0x0000000000000000       0x12 ../TictacToes_bsp//obj/HAL/src/crt0.o
 .debug_abbrev  0x0000000000000012      0x213 obj/default/hello_world_small.o
 .debug_abbrev  0x0000000000000225      0x11f ../TictacToes_bsp/\libhal_bsp.a(alt_getchar.o)
 .debug_abbrev  0x0000000000000344       0xd8 ../TictacToes_bsp/\libhal_bsp.a(alt_load.o)
 .debug_abbrev  0x000000000000041c      0x120 ../TictacToes_bsp/\libhal_bsp.a(alt_main.o)
 .debug_abbrev  0x000000000000053c       0xcc ../TictacToes_bsp/\libhal_bsp.a(alt_printf.o)
 .debug_abbrev  0x0000000000000608       0xd4 ../TictacToes_bsp/\libhal_bsp.a(alt_putchar.o)
 .debug_abbrev  0x00000000000006dc       0xe2 ../TictacToes_bsp/\libhal_bsp.a(alt_putstr.o)
 .debug_abbrev  0x00000000000007be      0x105 ../TictacToes_bsp/\libhal_bsp.a(alt_sys_init.o)
 .debug_abbrev  0x00000000000008c3      0x102 ../TictacToes_bsp/\libhal_bsp.a(altera_avalon_jtag_uart_read.o)
 .debug_abbrev  0x00000000000009c5       0xd5 ../TictacToes_bsp/\libhal_bsp.a(altera_avalon_jtag_uart_write.o)
 .debug_abbrev  0x0000000000000a9a       0x42 ../TictacToes_bsp/\libhal_bsp.a(alt_dcache_flush_all.o)
 .debug_abbrev  0x0000000000000adc       0xd9 ../TictacToes_bsp/\libhal_bsp.a(alt_dev.o)
 .debug_abbrev  0x0000000000000bb5       0x42 ../TictacToes_bsp/\libhal_bsp.a(alt_icache_flush_all.o)
 .debug_abbrev  0x0000000000000bf7       0x42 ../TictacToes_bsp/\libhal_bsp.a(altera_nios2_qsys_irq.o)
 .debug_abbrev  0x0000000000000c39       0x7f c:/altera/14.0/nios2eds/bin/gnu/h-x86_64-mingw32/bin/../lib/gcc/nios2-elf/4.7.3/../../../../../H-x86_64-mingw32/nios2-elf/lib/mno-hw-mul\libsmallc.a(lib_a-strlen.o)

.debug_line     0x0000000000000000      0xe37
 *(.debug_line)
 .debug_line    0x0000000000000000       0x66 ../TictacToes_bsp//obj/HAL/src/crt0.o
 .debug_line    0x0000000000000066      0x28a obj/default/hello_world_small.o
 .debug_line    0x00000000000002f0       0xad ../TictacToes_bsp/\libhal_bsp.a(alt_getchar.o)
 .debug_line    0x000000000000039d       0xd6 ../TictacToes_bsp/\libhal_bsp.a(alt_load.o)
 .debug_line    0x0000000000000473       0xbd ../TictacToes_bsp/\libhal_bsp.a(alt_main.o)
 .debug_line    0x0000000000000530      0x122 ../TictacToes_bsp/\libhal_bsp.a(alt_printf.o)
 .debug_line    0x0000000000000652       0x4d ../TictacToes_bsp/\libhal_bsp.a(alt_putchar.o)
 .debug_line    0x000000000000069f      0x127 ../TictacToes_bsp/\libhal_bsp.a(alt_putstr.o)
 .debug_line    0x00000000000007c6      0x101 ../TictacToes_bsp/\libhal_bsp.a(alt_sys_init.o)
 .debug_line    0x00000000000008c7      0x104 ../TictacToes_bsp/\libhal_bsp.a(altera_avalon_jtag_uart_read.o)
 .debug_line    0x00000000000009cb       0xf5 ../TictacToes_bsp/\libhal_bsp.a(altera_avalon_jtag_uart_write.o)
 .debug_line    0x0000000000000ac0       0x4e ../TictacToes_bsp/\libhal_bsp.a(alt_dcache_flush_all.o)
 .debug_line    0x0000000000000b0e      0x119 ../TictacToes_bsp/\libhal_bsp.a(alt_dev.o)
 .debug_line    0x0000000000000c27       0x4e ../TictacToes_bsp/\libhal_bsp.a(alt_icache_flush_all.o)
 .debug_line    0x0000000000000c75       0x50 ../TictacToes_bsp/\libhal_bsp.a(altera_nios2_qsys_irq.o)
 .debug_line    0x0000000000000cc5      0x172 c:/altera/14.0/nios2eds/bin/gnu/h-x86_64-mingw32/bin/../lib/gcc/nios2-elf/4.7.3/../../../../../H-x86_64-mingw32/nios2-elf/lib/mno-hw-mul\libsmallc.a(lib_a-strlen.o)

.debug_frame    0x0000000000000000      0x2f8
 *(.debug_frame)
 .debug_frame   0x0000000000000000       0xdc obj/default/hello_world_small.o
 .debug_frame   0x00000000000000dc       0x28 ../TictacToes_bsp/\libhal_bsp.a(alt_getchar.o)
 .debug_frame   0x0000000000000104       0x28 ../TictacToes_bsp/\libhal_bsp.a(alt_load.o)
 .debug_frame   0x000000000000012c       0x28 ../TictacToes_bsp/\libhal_bsp.a(alt_main.o)
 .debug_frame   0x0000000000000154       0x38 ../TictacToes_bsp/\libhal_bsp.a(alt_printf.o)
 .debug_frame   0x000000000000018c       0x2c ../TictacToes_bsp/\libhal_bsp.a(alt_putchar.o)
 .debug_frame   0x00000000000001b8       0x28 ../TictacToes_bsp/\libhal_bsp.a(alt_putstr.o)
 .debug_frame   0x00000000000001e0       0x38 ../TictacToes_bsp/\libhal_bsp.a(alt_sys_init.o)
 .debug_frame   0x0000000000000218       0x20 ../TictacToes_bsp/\libhal_bsp.a(altera_avalon_jtag_uart_read.o)
 .debug_frame   0x0000000000000238       0x20 ../TictacToes_bsp/\libhal_bsp.a(altera_avalon_jtag_uart_write.o)
 .debug_frame   0x0000000000000258       0x20 ../TictacToes_bsp/\libhal_bsp.a(alt_dcache_flush_all.o)
 .debug_frame   0x0000000000000278       0x20 ../TictacToes_bsp/\libhal_bsp.a(alt_dev.o)
 .debug_frame   0x0000000000000298       0x20 ../TictacToes_bsp/\libhal_bsp.a(alt_icache_flush_all.o)
 .debug_frame   0x00000000000002b8       0x20 ../TictacToes_bsp/\libhal_bsp.a(altera_nios2_qsys_irq.o)
 .debug_frame   0x00000000000002d8       0x20 c:/altera/14.0/nios2eds/bin/gnu/h-x86_64-mingw32/bin/../lib/gcc/nios2-elf/4.7.3/../../../../../H-x86_64-mingw32/nios2-elf/lib/mno-hw-mul\libsmallc.a(lib_a-strlen.o)

.debug_str      0x0000000000000000      0x87e
 *(.debug_str)
 .debug_str     0x0000000000000000      0x1cf obj/default/hello_world_small.o
                                        0x206 (size before relaxing)
 .debug_str     0x00000000000001cf      0x13c ../TictacToes_bsp/\libhal_bsp.a(alt_getchar.o)
                                        0x203 (size before relaxing)
 .debug_str     0x000000000000030b      0x11b ../TictacToes_bsp/\libhal_bsp.a(alt_load.o)
                                        0x209 (size before relaxing)
 .debug_str     0x0000000000000426       0x5e ../TictacToes_bsp/\libhal_bsp.a(alt_main.o)
                                        0x182 (size before relaxing)
 .debug_str     0x0000000000000484       0x59 ../TictacToes_bsp/\libhal_bsp.a(alt_printf.o)
                                         0xdf (size before relaxing)
 .debug_str     0x00000000000004dd       0x34 ../TictacToes_bsp/\libhal_bsp.a(alt_putchar.o)
                                        0x158 (size before relaxing)
 .debug_str     0x0000000000000511       0x23 ../TictacToes_bsp/\libhal_bsp.a(alt_putstr.o)
                                        0x164 (size before relaxing)
 .debug_str     0x0000000000000534       0x86 ../TictacToes_bsp/\libhal_bsp.a(alt_sys_init.o)
                                        0x1f1 (size before relaxing)
 .debug_str     0x00000000000005ba       0x38 ../TictacToes_bsp/\libhal_bsp.a(altera_avalon_jtag_uart_read.o)
                                        0x1ec (size before relaxing)
 .debug_str     0x00000000000005f2       0x32 ../TictacToes_bsp/\libhal_bsp.a(altera_avalon_jtag_uart_write.o)
                                        0x1e2 (size before relaxing)
 .debug_str     0x0000000000000624       0x1f ../TictacToes_bsp/\libhal_bsp.a(alt_dcache_flush_all.o)
                                        0x122 (size before relaxing)
 .debug_str     0x0000000000000643      0x120 ../TictacToes_bsp/\libhal_bsp.a(alt_dev.o)
                                        0x2d2 (size before relaxing)
 .debug_str     0x0000000000000763       0x1f ../TictacToes_bsp/\libhal_bsp.a(alt_icache_flush_all.o)
                                        0x122 (size before relaxing)
 .debug_str     0x0000000000000782       0x20 ../TictacToes_bsp/\libhal_bsp.a(altera_nios2_qsys_irq.o)
                                        0x129 (size before relaxing)
 .debug_str     0x00000000000007a2       0xdc c:/altera/14.0/nios2eds/bin/gnu/h-x86_64-mingw32/bin/../lib/gcc/nios2-elf/4.7.3/../../../../../H-x86_64-mingw32/nios2-elf/lib/mno-hw-mul\libsmallc.a(lib_a-strlen.o)
                                        0x18e (size before relaxing)

.debug_loc      0x0000000000000000      0xa91
 *(.debug_loc)
 .debug_loc     0x0000000000000000      0x58d obj/default/hello_world_small.o
 .debug_loc     0x000000000000058d       0x40 ../TictacToes_bsp/\libhal_bsp.a(alt_getchar.o)
 .debug_loc     0x00000000000005cd       0x20 ../TictacToes_bsp/\libhal_bsp.a(alt_load.o)
 .debug_loc     0x00000000000005ed       0x20 ../TictacToes_bsp/\libhal_bsp.a(alt_main.o)
 .debug_loc     0x000000000000060d      0x244 ../TictacToes_bsp/\libhal_bsp.a(alt_printf.o)
 .debug_loc     0x0000000000000851       0x4c ../TictacToes_bsp/\libhal_bsp.a(alt_putchar.o)
 .debug_loc     0x000000000000089d       0x57 ../TictacToes_bsp/\libhal_bsp.a(alt_putstr.o)
 .debug_loc     0x00000000000008f4       0x41 ../TictacToes_bsp/\libhal_bsp.a(alt_sys_init.o)
 .debug_loc     0x0000000000000935       0xb5 ../TictacToes_bsp/\libhal_bsp.a(altera_avalon_jtag_uart_read.o)
 .debug_loc     0x00000000000009ea       0x7e ../TictacToes_bsp/\libhal_bsp.a(altera_avalon_jtag_uart_write.o)
 .debug_loc     0x0000000000000a68       0x29 c:/altera/14.0/nios2eds/bin/gnu/h-x86_64-mingw32/bin/../lib/gcc/nios2-elf/4.7.3/../../../../../H-x86_64-mingw32/nios2-elf/lib/mno-hw-mul\libsmallc.a(lib_a-strlen.o)

.debug_macinfo
 *(.debug_macinfo)

.debug_weaknames
 *(.debug_weaknames)

.debug_funcnames
 *(.debug_funcnames)

.debug_typenames
 *(.debug_typenames)

.debug_varnames
 *(.debug_varnames)

.debug_alt_sim_info
                0x0000000000000000       0x10
 *(.debug_alt_sim_info)
 .debug_alt_sim_info
                0x0000000000000000       0x10 ../TictacToes_bsp//obj/HAL/src/crt0.o
                0x0000000000002000                __alt_data_end = 0x2000
                0x0000000000002000                PROVIDE (__alt_stack_pointer, __alt_data_end)
                0x0000000000001f48                PROVIDE (__alt_stack_limit, __alt_stack_base)
                0x0000000000001f48                PROVIDE (__alt_heap_start, end)
                0x0000000000002000                PROVIDE (__alt_heap_limit, 0x2000)
OUTPUT(TictacToes.elf elf32-littlenios2)

.debug_ranges   0x0000000000000000       0xd8
 .debug_ranges  0x0000000000000000       0x20 ../TictacToes_bsp//obj/HAL/src/crt0.o
 .debug_ranges  0x0000000000000020       0x50 obj/default/hello_world_small.o
 .debug_ranges  0x0000000000000070       0x48 ../TictacToes_bsp/\libhal_bsp.a(alt_load.o)
 .debug_ranges  0x00000000000000b8       0x20 ../TictacToes_bsp/\libhal_bsp.a(altera_avalon_jtag_uart_read.o)
