Archive member included because of file (symbol)

../lab4_100000_bsp/\libhal_bsp.a(alt_getchar.o)
                              obj/default/hello_world_small.o (alt_getchar)
../lab4_100000_bsp/\libhal_bsp.a(alt_load.o)
                              ../lab4_100000_bsp//obj/HAL/src/crt0.o (alt_load)
../lab4_100000_bsp/\libhal_bsp.a(alt_main.o)
                              ../lab4_100000_bsp//obj/HAL/src/crt0.o (alt_main)
../lab4_100000_bsp/\libhal_bsp.a(alt_printf.o)
                              obj/default/hello_world_small.o (alt_printf)
../lab4_100000_bsp/\libhal_bsp.a(alt_putchar.o)
                              ../lab4_100000_bsp/\libhal_bsp.a(alt_printf.o) (alt_putchar)
../lab4_100000_bsp/\libhal_bsp.a(alt_putstr.o)
                              obj/default/hello_world_small.o (alt_putstr)
../lab4_100000_bsp/\libhal_bsp.a(alt_sys_init.o)
                              ../lab4_100000_bsp/\libhal_bsp.a(alt_main.o) (alt_irq_init)
../lab4_100000_bsp/\libhal_bsp.a(altera_avalon_jtag_uart_read.o)
                              ../lab4_100000_bsp/\libhal_bsp.a(alt_getchar.o) (altera_avalon_jtag_uart_read)
../lab4_100000_bsp/\libhal_bsp.a(altera_avalon_jtag_uart_write.o)
                              ../lab4_100000_bsp/\libhal_bsp.a(alt_putchar.o) (altera_avalon_jtag_uart_write)
../lab4_100000_bsp/\libhal_bsp.a(alt_dcache_flush_all.o)
                              ../lab4_100000_bsp/\libhal_bsp.a(alt_load.o) (alt_dcache_flush_all)
../lab4_100000_bsp/\libhal_bsp.a(alt_dev.o)
                              ../lab4_100000_bsp/\libhal_bsp.a(alt_getchar.o) (alt_fd_list)
../lab4_100000_bsp/\libhal_bsp.a(alt_icache_flush_all.o)
                              ../lab4_100000_bsp/\libhal_bsp.a(alt_load.o) (alt_icache_flush_all)
../lab4_100000_bsp/\libhal_bsp.a(altera_nios2_qsys_irq.o)
                              ../lab4_100000_bsp/\libhal_bsp.a(alt_sys_init.o) (altera_nios2_qsys_irq_init)
c:/altera/14.0/nios2eds/bin/gnu/h-x86_64-mingw32/bin/../lib/gcc/nios2-elf/4.7.3/../../../../../H-x86_64-mingw32/nios2-elf/lib/mno-hw-mul\libsmallc.a(lib_a-strlen.o)
                              ../lab4_100000_bsp/\libhal_bsp.a(alt_putstr.o) (strlen)

Memory Configuration

Name             Origin             Length             Attributes
reset            0x0000000000001000 0x0000000000000020
onchip_memory    0x0000000000001020 0x0000000000000fe0
*default*        0x0000000000000000 0xffffffffffffffff

Linker script and memory map

LOAD ../lab4_100000_bsp//obj/HAL/src/crt0.o
LOAD obj/default/hello_world_small.o
LOAD c:/altera/14.0/nios2eds/bin/gnu/h-x86_64-mingw32/bin/../lib/gcc/nios2-elf/4.7.3/../../../../../H-x86_64-mingw32/nios2-elf/lib/mno-hw-mul\libstdc++.a
LOAD c:/altera/14.0/nios2eds/bin/gnu/h-x86_64-mingw32/bin/../lib/gcc/nios2-elf/4.7.3/../../../../../H-x86_64-mingw32/nios2-elf/lib/mno-hw-mul\libm.a
LOAD c:/altera/14.0/nios2eds/bin/gnu/h-x86_64-mingw32/bin/../lib/gcc/nios2-elf/4.7.3/mno-hw-mul\libgcc.a
START GROUP
LOAD c:/altera/14.0/nios2eds/bin/gnu/h-x86_64-mingw32/bin/../lib/gcc/nios2-elf/4.7.3/../../../../../H-x86_64-mingw32/nios2-elf/lib/mno-hw-mul\libsmallc.a
LOAD c:/altera/14.0/nios2eds/bin/gnu/h-x86_64-mingw32/bin/../lib/gcc/nios2-elf/4.7.3/mno-hw-mul\libgcc.a
LOAD ../lab4_100000_bsp/\libhal_bsp.a
END GROUP
LOAD c:/altera/14.0/nios2eds/bin/gnu/h-x86_64-mingw32/bin/../lib/gcc/nios2-elf/4.7.3/mno-hw-mul\libgcc.a
                0x0000000000001000                __alt_mem_onchip_memory = 0x1000

.entry          0x0000000000001000       0x20
 *(.entry)
 .entry         0x0000000000001000       0x20 ../lab4_100000_bsp//obj/HAL/src/crt0.o
                0x0000000000001000                __reset
                0x000000000000100c                _exit

.exceptions     0x0000000000001020        0x0
                0x0000000000001020                PROVIDE (__ram_exceptions_start, ABSOLUTE (.))
                0x0000000000001020                . = ALIGN (0x20)
 *(.irq)
 *(.exceptions.entry.label)
 *(.exceptions.entry.user)
 *(.exceptions.entry.ecc_fatal)
 *(.exceptions.entry)
 *(.exceptions.irqtest.user)
 *(.exceptions.irqtest)
 *(.exceptions.irqhandler.user)
 *(.exceptions.irqhandler)
 *(.exceptions.irqreturn.user)
 *(.exceptions.irqreturn)
 *(.exceptions.notirq.label)
 *(.exceptions.notirq.user)
 *(.exceptions.notirq)
 *(.exceptions.soft.user)
 *(.exceptions.soft)
 *(.exceptions.unknown.user)
 *(.exceptions.unknown)
 *(.exceptions.exit.label)
 *(.exceptions.exit.user)
 *(.exceptions.exit)
 *(.exceptions)
                0x0000000000001020                PROVIDE (__ram_exceptions_end, ABSOLUTE (.))
                0x0000000000001020                PROVIDE (__flash_exceptions_start, LOADADDR (.exceptions))

.text           0x0000000000001020      0x64c
                0x0000000000001020                PROVIDE (stext, ABSOLUTE (.))
 *(.interp)
 *(.hash)
 *(.dynsym)
 *(.dynstr)
 *(.gnu.version)
 *(.gnu.version_d)
 *(.gnu.version_r)
 *(.rel.init)
 *(.rela.init)
 *(.rel.text .rel.text.* .rel.gnu.linkonce.t.*)
 *(.rela.text .rela.text.* .rela.gnu.linkonce.t.*)
 *(.rel.fini)
 *(.rela.fini)
 *(.rel.rodata .rel.rodata.* .rel.gnu.linkonce.r.*)
 *(.rela.rodata .rela.rodata.* .rela.gnu.linkonce.r.*)
 *(.rel.data .rel.data.* .rel.gnu.linkonce.d.*)
 *(.rela.data .rela.data.* .rela.gnu.linkonce.d.*)
 *(.rel.tdata .rel.tdata.* .rel.gnu.linkonce.td.*)
 *(.rela.tdata .rela.tdata.* .rela.gnu.linkonce.td.*)
 *(.rel.tbss .rel.tbss.* .rel.gnu.linkonce.tb.*)
 *(.rela.tbss .rela.tbss.* .rela.gnu.linkonce.tb.*)
 *(.rel.ctors)
 *(.rela.ctors)
 *(.rel.dtors)
 *(.rela.dtors)
 *(.rel.got)
 *(.rela.got)
 *(.rel.sdata .rel.sdata.* .rel.gnu.linkonce.s.*)
 *(.rela.sdata .rela.sdata.* .rela.gnu.linkonce.s.*)
 *(.rel.sbss .rel.sbss.* .rel.gnu.linkonce.sb.*)
 *(.rela.sbss .rela.sbss.* .rela.gnu.linkonce.sb.*)
 *(.rel.sdata2 .rel.sdata2.* .rel.gnu.linkonce.s2.*)
 *(.rela.sdata2 .rela.sdata2.* .rela.gnu.linkonce.s2.*)
 *(.rel.sbss2 .rel.sbss2.* .rel.gnu.linkonce.sb2.*)
 *(.rela.sbss2 .rela.sbss2.* .rela.gnu.linkonce.sb2.*)
 *(.rel.bss .rel.bss.* .rel.gnu.linkonce.b.*)
 *(.rela.bss .rela.bss.* .rela.gnu.linkonce.b.*)
 *(.rel.plt)
 *(.rela.plt)
 *(.rel.dyn)
 *(.init)
 *(.plt)
 *(.text .stub .text.* .gnu.linkonce.t.*)
 .text          0x0000000000001020       0x3c ../lab4_100000_bsp//obj/HAL/src/crt0.o
                0x0000000000001020                _start
 .text          0x000000000000105c        0x0 obj/default/hello_world_small.o
 .text.startup  0x000000000000105c      0x1b4 obj/default/hello_world_small.o
                0x000000000000105c                main
 .text          0x0000000000001210       0x44 ../lab4_100000_bsp/\libhal_bsp.a(alt_getchar.o)
                0x0000000000001210                alt_getchar
 .text          0x0000000000001254      0x104 ../lab4_100000_bsp/\libhal_bsp.a(alt_load.o)
                0x0000000000001254                alt_load
 .text          0x0000000000001358       0x2c ../lab4_100000_bsp/\libhal_bsp.a(alt_main.o)
                0x0000000000001358                alt_main
 .text          0x0000000000001384      0x170 ../lab4_100000_bsp/\libhal_bsp.a(alt_printf.o)
                0x0000000000001384                alt_printf
 .text          0x00000000000014f4       0x4c ../lab4_100000_bsp/\libhal_bsp.a(alt_putchar.o)
                0x00000000000014f4                alt_putchar
 .text          0x0000000000001540       0x38 ../lab4_100000_bsp/\libhal_bsp.a(alt_putstr.o)
                0x0000000000001540                alt_putstr
 .text          0x0000000000001578       0x24 ../lab4_100000_bsp/\libhal_bsp.a(alt_sys_init.o)
                0x0000000000001578                alt_irq_init
                0x0000000000001598                alt_sys_init
 .text          0x000000000000159c       0x5c ../lab4_100000_bsp/\libhal_bsp.a(altera_avalon_jtag_uart_read.o)
                0x000000000000159c                altera_avalon_jtag_uart_read
 .text          0x00000000000015f8       0x34 ../lab4_100000_bsp/\libhal_bsp.a(altera_avalon_jtag_uart_write.o)
                0x00000000000015f8                altera_avalon_jtag_uart_write
 .text          0x000000000000162c        0x4 ../lab4_100000_bsp/\libhal_bsp.a(alt_dcache_flush_all.o)
                0x000000000000162c                alt_dcache_flush_all
 .text          0x0000000000001630        0x8 ../lab4_100000_bsp/\libhal_bsp.a(alt_dev.o)
 .text          0x0000000000001638        0x4 ../lab4_100000_bsp/\libhal_bsp.a(alt_icache_flush_all.o)
                0x0000000000001638                alt_icache_flush_all
 .text          0x000000000000163c        0x8 ../lab4_100000_bsp/\libhal_bsp.a(altera_nios2_qsys_irq.o)
                0x000000000000163c                altera_nios2_qsys_irq_init
 .text          0x0000000000001644       0x28 c:/altera/14.0/nios2eds/bin/gnu/h-x86_64-mingw32/bin/../lib/gcc/nios2-elf/4.7.3/../../../../../H-x86_64-mingw32/nios2-elf/lib/mno-hw-mul\libsmallc.a(lib_a-strlen.o)
                0x0000000000001644                strlen
 *(.gnu.warning.*)
 *(.fini)
                0x000000000000166c                PROVIDE (__etext, ABSOLUTE (.))
                0x000000000000166c                PROVIDE (_etext, ABSOLUTE (.))
                0x000000000000166c                PROVIDE (etext, ABSOLUTE (.))
 *(.eh_frame_hdr)
                0x000000000000166c                . = ALIGN (0x4)
                0x000000000000166c                PROVIDE (__preinit_array_start, ABSOLUTE (.))
 *(.preinit_array)
                0x000000000000166c                PROVIDE (__preinit_array_end, ABSOLUTE (.))
                0x000000000000166c                PROVIDE (__init_array_start, ABSOLUTE (.))
 *(.init_array)
                0x000000000000166c                PROVIDE (__init_array_end, ABSOLUTE (.))
                0x000000000000166c                PROVIDE (__fini_array_start, ABSOLUTE (.))
 *(.fini_array)
                0x000000000000166c                PROVIDE (__fini_array_end, ABSOLUTE (.))
 *(.eh_frame)
 *(.gcc_except_table .gcc_except_table.*)
 *(.dynamic)
                0x000000000000166c                PROVIDE (__CTOR_LIST__, ABSOLUTE (.))
 *(.ctors)
 *(SORT(.ctors.*))
                0x000000000000166c                PROVIDE (__CTOR_END__, ABSOLUTE (.))
                0x000000000000166c                PROVIDE (__DTOR_LIST__, ABSOLUTE (.))
 *(.dtors)
 *(SORT(.dtors.*))
                0x000000000000166c                PROVIDE (__DTOR_END__, ABSOLUTE (.))
 *(.jcr)
                0x000000000000166c                . = ALIGN (0x4)

.rodata         0x000000000000166c       0xcc
                0x000000000000166c                PROVIDE (__ram_rodata_start, ABSOLUTE (.))
                0x000000000000166c                . = ALIGN (0x4)
 *(.rodata .rodata.* .gnu.linkonce.r.*)
 .rodata.str1.4
                0x000000000000166c       0xbf obj/default/hello_world_small.o
                                         0xc4 (size before relaxing)
 *fill*         0x000000000000172b        0x1 
 .rodata.str1.4
                0x000000000000172c        0xc ../lab4_100000_bsp/\libhal_bsp.a(alt_dev.o)
 *(.rodata1)
                0x0000000000001738                . = ALIGN (0x4)
                0x0000000000001738                PROVIDE (__ram_rodata_end, ABSOLUTE (.))
                0x000000000000166c                PROVIDE (__flash_rodata_start, LOADADDR (.rodata))

.rwdata         0x0000000000001738       0x70 load address 0x00000000000017a8
                0x0000000000001738                PROVIDE (__ram_rwdata_start, ABSOLUTE (.))
                0x0000000000001738                . = ALIGN (0x4)
 *(.got.plt)
 *(.got)
 *(.data1)
 *(.data .data.* .gnu.linkonce.d.*)
 .data          0x0000000000001738        0x0 ../lab4_100000_bsp//obj/HAL/src/crt0.o
 .data          0x0000000000001738        0x0 obj/default/hello_world_small.o
 .data          0x0000000000001738        0x0 ../lab4_100000_bsp/\libhal_bsp.a(alt_getchar.o)
 .data          0x0000000000001738        0x0 ../lab4_100000_bsp/\libhal_bsp.a(alt_load.o)
 .data          0x0000000000001738        0x0 ../lab4_100000_bsp/\libhal_bsp.a(alt_main.o)
 .data          0x0000000000001738        0x0 ../lab4_100000_bsp/\libhal_bsp.a(alt_printf.o)
 .data          0x0000000000001738        0x0 ../lab4_100000_bsp/\libhal_bsp.a(alt_putchar.o)
 .data          0x0000000000001738        0x0 ../lab4_100000_bsp/\libhal_bsp.a(alt_putstr.o)
 .data          0x0000000000001738        0x0 ../lab4_100000_bsp/\libhal_bsp.a(alt_sys_init.o)
 .data          0x0000000000001738        0x0 ../lab4_100000_bsp/\libhal_bsp.a(altera_avalon_jtag_uart_read.o)
 .data          0x0000000000001738        0x0 ../lab4_100000_bsp/\libhal_bsp.a(altera_avalon_jtag_uart_write.o)
 .data          0x0000000000001738        0x0 ../lab4_100000_bsp/\libhal_bsp.a(alt_dcache_flush_all.o)
 .data          0x0000000000001738       0x58 ../lab4_100000_bsp/\libhal_bsp.a(alt_dev.o)
                0x0000000000001738                alt_fd_list
                0x0000000000001768                alt_dev_null
 .data          0x0000000000001790        0x0 ../lab4_100000_bsp/\libhal_bsp.a(alt_icache_flush_all.o)
 .data          0x0000000000001790        0x0 ../lab4_100000_bsp/\libhal_bsp.a(altera_nios2_qsys_irq.o)
 .data          0x0000000000001790        0x0 c:/altera/14.0/nios2eds/bin/gnu/h-x86_64-mingw32/bin/../lib/gcc/nios2-elf/4.7.3/../../../../../H-x86_64-mingw32/nios2-elf/lib/mno-hw-mul\libsmallc.a(lib_a-strlen.o)
                0x0000000000009790                _gp = ABSOLUTE ((. + 0x8000))
                0x0000000000009790                PROVIDE (gp, _gp)
 *(.rwdata .rwdata.*)
 *(.sdata .sdata.* .gnu.linkonce.s.*)
 .sdata         0x0000000000001790        0x4 ../lab4_100000_bsp/\libhal_bsp.a(alt_sys_init.o)
                0x0000000000001790                jtag_uart
 .sdata         0x0000000000001794       0x14 ../lab4_100000_bsp/\libhal_bsp.a(alt_dev.o)
                0x0000000000001794                alt_max_fd
                0x0000000000001798                alt_dev_list
                0x00000000000017a0                alt_fs_list
 *(.sdata2 .sdata2.* .gnu.linkonce.s2.*)
                0x00000000000017a8                . = ALIGN (0x4)
                0x00000000000017a8                _edata = ABSOLUTE (.)
                0x00000000000017a8                PROVIDE (edata, ABSOLUTE (.))
                0x00000000000017a8                PROVIDE (__ram_rwdata_end, ABSOLUTE (.))
                0x00000000000017a8                PROVIDE (__flash_rwdata_start, LOADADDR (.rwdata))

.bss            0x0000000000001818        0xc
                0x0000000000001818                __bss_start = ABSOLUTE (.)
                0x0000000000001818                PROVIDE (__sbss_start, ABSOLUTE (.))
                0x0000000000001818                PROVIDE (___sbss_start, ABSOLUTE (.))
 *(.dynsbss)
 *(.sbss .sbss.* .gnu.linkonce.sb.*)
 .sbss          0x0000000000001818        0xc ../lab4_100000_bsp/\libhal_bsp.a(alt_main.o)
                0x0000000000001818                alt_envp
                0x000000000000181c                alt_argv
                0x0000000000001820                alt_argc
 *(.sbss2 .sbss2.* .gnu.linkonce.sb2.*)
 *(.scommon)
                0x0000000000001824                PROVIDE (__sbss_end, ABSOLUTE (.))
                0x0000000000001824                PROVIDE (___sbss_end, ABSOLUTE (.))
 *(.dynbss)
 *(.bss .bss.* .gnu.linkonce.b.*)
 .bss           0x0000000000001824        0x0 ../lab4_100000_bsp//obj/HAL/src/crt0.o
 .bss           0x0000000000001824        0x0 obj/default/hello_world_small.o
 .bss           0x0000000000001824        0x0 ../lab4_100000_bsp/\libhal_bsp.a(alt_getchar.o)
 .bss           0x0000000000001824        0x0 ../lab4_100000_bsp/\libhal_bsp.a(alt_load.o)
 .bss           0x0000000000001824        0x0 ../lab4_100000_bsp/\libhal_bsp.a(alt_main.o)
 .bss           0x0000000000001824        0x0 ../lab4_100000_bsp/\libhal_bsp.a(alt_printf.o)
 .bss           0x0000000000001824        0x0 ../lab4_100000_bsp/\libhal_bsp.a(alt_putchar.o)
 .bss           0x0000000000001824        0x0 ../lab4_100000_bsp/\libhal_bsp.a(alt_putstr.o)
 .bss           0x0000000000001824        0x0 ../lab4_100000_bsp/\libhal_bsp.a(alt_sys_init.o)
 .bss           0x0000000000001824        0x0 ../lab4_100000_bsp/\libhal_bsp.a(altera_avalon_jtag_uart_read.o)
 .bss           0x0000000000001824        0x0 ../lab4_100000_bsp/\libhal_bsp.a(altera_avalon_jtag_uart_write.o)
 .bss           0x0000000000001824        0x0 ../lab4_100000_bsp/\libhal_bsp.a(alt_dcache_flush_all.o)
 .bss           0x0000000000001824        0x0 ../lab4_100000_bsp/\libhal_bsp.a(alt_dev.o)
 .bss           0x0000000000001824        0x0 ../lab4_100000_bsp/\libhal_bsp.a(alt_icache_flush_all.o)
 .bss           0x0000000000001824        0x0 ../lab4_100000_bsp/\libhal_bsp.a(altera_nios2_qsys_irq.o)
 .bss           0x0000000000001824        0x0 c:/altera/14.0/nios2eds/bin/gnu/h-x86_64-mingw32/bin/../lib/gcc/nios2-elf/4.7.3/../../../../../H-x86_64-mingw32/nios2-elf/lib/mno-hw-mul\libsmallc.a(lib_a-strlen.o)
 *(COMMON)
                0x0000000000001824                . = ALIGN (0x4)
                0x0000000000001824                __bss_end = ABSOLUTE (.)

.onchip_memory  0x0000000000001824        0x0
                0x0000000000001824                PROVIDE (_alt_partition_onchip_memory_start, ABSOLUTE (.))
 *(.onchip_memory .onchip_memory. onchip_memory.*)
                0x0000000000001824                . = ALIGN (0x4)
                0x0000000000001824                PROVIDE (_alt_partition_onchip_memory_end, ABSOLUTE (.))
                0x0000000000001824                _end = ABSOLUTE (.)
                0x0000000000001824                end = ABSOLUTE (.)
                0x0000000000001824                __alt_stack_base = ABSOLUTE (.)
                0x0000000000001824                PROVIDE (_alt_partition_onchip_memory_load_addr, LOADADDR (.onchip_memory))

.stab
 *(.stab)

.stabstr
 *(.stabstr)

.stab.excl
 *(.stab.excl)

.stab.exclstr
 *(.stab.exclstr)

.stab.index
 *(.stab.index)

.stab.indexstr
 *(.stab.indexstr)

.comment        0x0000000000000000       0x23
 *(.comment)
 .comment       0x0000000000000000       0x23 obj/default/hello_world_small.o
                                         0x24 (size before relaxing)
 .comment       0x0000000000000000       0x24 ../lab4_100000_bsp/\libhal_bsp.a(alt_getchar.o)
 .comment       0x0000000000000000       0x24 ../lab4_100000_bsp/\libhal_bsp.a(alt_load.o)
 .comment       0x0000000000000000       0x24 ../lab4_100000_bsp/\libhal_bsp.a(alt_main.o)
 .comment       0x0000000000000000       0x24 ../lab4_100000_bsp/\libhal_bsp.a(alt_printf.o)
 .comment       0x0000000000000000       0x24 ../lab4_100000_bsp/\libhal_bsp.a(alt_putchar.o)
 .comment       0x0000000000000000       0x24 ../lab4_100000_bsp/\libhal_bsp.a(alt_putstr.o)
 .comment       0x0000000000000000       0x24 ../lab4_100000_bsp/\libhal_bsp.a(alt_sys_init.o)
 .comment       0x0000000000000000       0x24 ../lab4_100000_bsp/\libhal_bsp.a(altera_avalon_jtag_uart_read.o)
 .comment       0x0000000000000000       0x24 ../lab4_100000_bsp/\libhal_bsp.a(altera_avalon_jtag_uart_write.o)
 .comment       0x0000000000000000       0x24 ../lab4_100000_bsp/\libhal_bsp.a(alt_dcache_flush_all.o)
 .comment       0x0000000000000000       0x24 ../lab4_100000_bsp/\libhal_bsp.a(alt_dev.o)
 .comment       0x0000000000000000       0x24 ../lab4_100000_bsp/\libhal_bsp.a(alt_icache_flush_all.o)
 .comment       0x0000000000000000       0x24 ../lab4_100000_bsp/\libhal_bsp.a(altera_nios2_qsys_irq.o)
 .comment       0x0000000000000000       0x24 c:/altera/14.0/nios2eds/bin/gnu/h-x86_64-mingw32/bin/../lib/gcc/nios2-elf/4.7.3/../../../../../H-x86_64-mingw32/nios2-elf/lib/mno-hw-mul\libsmallc.a(lib_a-strlen.o)

.debug
 *(.debug)

.line
 *(.line)

.debug_srcinfo
 *(.debug_srcinfo)

.debug_sfnames
 *(.debug_sfnames)

.debug_aranges  0x0000000000000000      0x208
 *(.debug_aranges)
 .debug_aranges
                0x0000000000000000       0x28 ../lab4_100000_bsp//obj/HAL/src/crt0.o
 .debug_aranges
                0x0000000000000028       0x20 obj/default/hello_world_small.o
 .debug_aranges
                0x0000000000000048       0x20 ../lab4_100000_bsp/\libhal_bsp.a(alt_getchar.o)
 .debug_aranges
                0x0000000000000068       0x20 ../lab4_100000_bsp/\libhal_bsp.a(alt_load.o)
 .debug_aranges
                0x0000000000000088       0x20 ../lab4_100000_bsp/\libhal_bsp.a(alt_main.o)
 .debug_aranges
                0x00000000000000a8       0x20 ../lab4_100000_bsp/\libhal_bsp.a(alt_printf.o)
 .debug_aranges
                0x00000000000000c8       0x20 ../lab4_100000_bsp/\libhal_bsp.a(alt_putchar.o)
 .debug_aranges
                0x00000000000000e8       0x20 ../lab4_100000_bsp/\libhal_bsp.a(alt_putstr.o)
 .debug_aranges
                0x0000000000000108       0x20 ../lab4_100000_bsp/\libhal_bsp.a(alt_sys_init.o)
 .debug_aranges
                0x0000000000000128       0x20 ../lab4_100000_bsp/\libhal_bsp.a(altera_avalon_jtag_uart_read.o)
 .debug_aranges
                0x0000000000000148       0x20 ../lab4_100000_bsp/\libhal_bsp.a(altera_avalon_jtag_uart_write.o)
 .debug_aranges
                0x0000000000000168       0x20 ../lab4_100000_bsp/\libhal_bsp.a(alt_dcache_flush_all.o)
 .debug_aranges
                0x0000000000000188       0x20 ../lab4_100000_bsp/\libhal_bsp.a(alt_dev.o)
 .debug_aranges
                0x00000000000001a8       0x20 ../lab4_100000_bsp/\libhal_bsp.a(alt_icache_flush_all.o)
 .debug_aranges
                0x00000000000001c8       0x20 ../lab4_100000_bsp/\libhal_bsp.a(altera_nios2_qsys_irq.o)
 .debug_aranges
                0x00000000000001e8       0x20 c:/altera/14.0/nios2eds/bin/gnu/h-x86_64-mingw32/bin/../lib/gcc/nios2-elf/4.7.3/../../../../../H-x86_64-mingw32/nios2-elf/lib/mno-hw-mul\libsmallc.a(lib_a-strlen.o)

.debug_pubnames
 *(.debug_pubnames)

.debug_info     0x0000000000000000     0x1a2b
 *(.debug_info .gnu.linkonce.wi.*)
 .debug_info    0x0000000000000000       0x86 ../lab4_100000_bsp//obj/HAL/src/crt0.o
 .debug_info    0x0000000000000086      0x266 obj/default/hello_world_small.o
 .debug_info    0x00000000000002ec      0x374 ../lab4_100000_bsp/\libhal_bsp.a(alt_getchar.o)
 .debug_info    0x0000000000000660      0x1d9 ../lab4_100000_bsp/\libhal_bsp.a(alt_load.o)
 .debug_info    0x0000000000000839      0x194 ../lab4_100000_bsp/\libhal_bsp.a(alt_main.o)
 .debug_info    0x00000000000009cd      0x163 ../lab4_100000_bsp/\libhal_bsp.a(alt_printf.o)
 .debug_info    0x0000000000000b30      0x148 ../lab4_100000_bsp/\libhal_bsp.a(alt_putchar.o)
 .debug_info    0x0000000000000c78      0x171 ../lab4_100000_bsp/\libhal_bsp.a(alt_putstr.o)
 .debug_info    0x0000000000000de9      0x193 ../lab4_100000_bsp/\libhal_bsp.a(alt_sys_init.o)
 .debug_info    0x0000000000000f7c      0x1bd ../lab4_100000_bsp/\libhal_bsp.a(altera_avalon_jtag_uart_read.o)
 .debug_info    0x0000000000001139      0x1a0 ../lab4_100000_bsp/\libhal_bsp.a(altera_avalon_jtag_uart_write.o)
 .debug_info    0x00000000000012d9       0x8f ../lab4_100000_bsp/\libhal_bsp.a(alt_dcache_flush_all.o)
 .debug_info    0x0000000000001368      0x4df ../lab4_100000_bsp/\libhal_bsp.a(alt_dev.o)
 .debug_info    0x0000000000001847       0x8f ../lab4_100000_bsp/\libhal_bsp.a(alt_icache_flush_all.o)
 .debug_info    0x00000000000018d6       0x8f ../lab4_100000_bsp/\libhal_bsp.a(altera_nios2_qsys_irq.o)
 .debug_info    0x0000000000001965       0xc6 c:/altera/14.0/nios2eds/bin/gnu/h-x86_64-mingw32/bin/../lib/gcc/nios2-elf/4.7.3/../../../../../H-x86_64-mingw32/nios2-elf/lib/mno-hw-mul\libsmallc.a(lib_a-strlen.o)

.debug_abbrev   0x0000000000000000      0xb9a
 *(.debug_abbrev)
 .debug_abbrev  0x0000000000000000       0x12 ../lab4_100000_bsp//obj/HAL/src/crt0.o
 .debug_abbrev  0x0000000000000012       0xf5 obj/default/hello_world_small.o
 .debug_abbrev  0x0000000000000107      0x11f ../lab4_100000_bsp/\libhal_bsp.a(alt_getchar.o)
 .debug_abbrev  0x0000000000000226       0xd8 ../lab4_100000_bsp/\libhal_bsp.a(alt_load.o)
 .debug_abbrev  0x00000000000002fe      0x120 ../lab4_100000_bsp/\libhal_bsp.a(alt_main.o)
 .debug_abbrev  0x000000000000041e       0xcc ../lab4_100000_bsp/\libhal_bsp.a(alt_printf.o)
 .debug_abbrev  0x00000000000004ea       0xd4 ../lab4_100000_bsp/\libhal_bsp.a(alt_putchar.o)
 .debug_abbrev  0x00000000000005be       0xe2 ../lab4_100000_bsp/\libhal_bsp.a(alt_putstr.o)
 .debug_abbrev  0x00000000000006a0      0x105 ../lab4_100000_bsp/\libhal_bsp.a(alt_sys_init.o)
 .debug_abbrev  0x00000000000007a5      0x102 ../lab4_100000_bsp/\libhal_bsp.a(altera_avalon_jtag_uart_read.o)
 .debug_abbrev  0x00000000000008a7       0xd5 ../lab4_100000_bsp/\libhal_bsp.a(altera_avalon_jtag_uart_write.o)
 .debug_abbrev  0x000000000000097c       0x42 ../lab4_100000_bsp/\libhal_bsp.a(alt_dcache_flush_all.o)
 .debug_abbrev  0x00000000000009be       0xd9 ../lab4_100000_bsp/\libhal_bsp.a(alt_dev.o)
 .debug_abbrev  0x0000000000000a97       0x42 ../lab4_100000_bsp/\libhal_bsp.a(alt_icache_flush_all.o)
 .debug_abbrev  0x0000000000000ad9       0x42 ../lab4_100000_bsp/\libhal_bsp.a(altera_nios2_qsys_irq.o)
 .debug_abbrev  0x0000000000000b1b       0x7f c:/altera/14.0/nios2eds/bin/gnu/h-x86_64-mingw32/bin/../lib/gcc/nios2-elf/4.7.3/../../../../../H-x86_64-mingw32/nios2-elf/lib/mno-hw-mul\libsmallc.a(lib_a-strlen.o)

.debug_line     0x0000000000000000      0xc83
 *(.debug_line)
 .debug_line    0x0000000000000000       0x66 ../lab4_100000_bsp//obj/HAL/src/crt0.o
 .debug_line    0x0000000000000066       0xd6 obj/default/hello_world_small.o
 .debug_line    0x000000000000013c       0xad ../lab4_100000_bsp/\libhal_bsp.a(alt_getchar.o)
 .debug_line    0x00000000000001e9       0xd6 ../lab4_100000_bsp/\libhal_bsp.a(alt_load.o)
 .debug_line    0x00000000000002bf       0xbd ../lab4_100000_bsp/\libhal_bsp.a(alt_main.o)
 .debug_line    0x000000000000037c      0x122 ../lab4_100000_bsp/\libhal_bsp.a(alt_printf.o)
 .debug_line    0x000000000000049e       0x4d ../lab4_100000_bsp/\libhal_bsp.a(alt_putchar.o)
 .debug_line    0x00000000000004eb      0x127 ../lab4_100000_bsp/\libhal_bsp.a(alt_putstr.o)
 .debug_line    0x0000000000000612      0x101 ../lab4_100000_bsp/\libhal_bsp.a(alt_sys_init.o)
 .debug_line    0x0000000000000713      0x104 ../lab4_100000_bsp/\libhal_bsp.a(altera_avalon_jtag_uart_read.o)
 .debug_line    0x0000000000000817       0xf5 ../lab4_100000_bsp/\libhal_bsp.a(altera_avalon_jtag_uart_write.o)
 .debug_line    0x000000000000090c       0x4e ../lab4_100000_bsp/\libhal_bsp.a(alt_dcache_flush_all.o)
 .debug_line    0x000000000000095a      0x119 ../lab4_100000_bsp/\libhal_bsp.a(alt_dev.o)
 .debug_line    0x0000000000000a73       0x4e ../lab4_100000_bsp/\libhal_bsp.a(alt_icache_flush_all.o)
 .debug_line    0x0000000000000ac1       0x50 ../lab4_100000_bsp/\libhal_bsp.a(altera_nios2_qsys_irq.o)
 .debug_line    0x0000000000000b11      0x172 c:/altera/14.0/nios2eds/bin/gnu/h-x86_64-mingw32/bin/../lib/gcc/nios2-elf/4.7.3/../../../../../H-x86_64-mingw32/nios2-elf/lib/mno-hw-mul\libsmallc.a(lib_a-strlen.o)

.debug_frame    0x0000000000000000      0x254
 *(.debug_frame)
 .debug_frame   0x0000000000000000       0x38 obj/default/hello_world_small.o
 .debug_frame   0x0000000000000038       0x28 ../lab4_100000_bsp/\libhal_bsp.a(alt_getchar.o)
 .debug_frame   0x0000000000000060       0x28 ../lab4_100000_bsp/\libhal_bsp.a(alt_load.o)
 .debug_frame   0x0000000000000088       0x28 ../lab4_100000_bsp/\libhal_bsp.a(alt_main.o)
 .debug_frame   0x00000000000000b0       0x38 ../lab4_100000_bsp/\libhal_bsp.a(alt_printf.o)
 .debug_frame   0x00000000000000e8       0x2c ../lab4_100000_bsp/\libhal_bsp.a(alt_putchar.o)
 .debug_frame   0x0000000000000114       0x28 ../lab4_100000_bsp/\libhal_bsp.a(alt_putstr.o)
 .debug_frame   0x000000000000013c       0x38 ../lab4_100000_bsp/\libhal_bsp.a(alt_sys_init.o)
 .debug_frame   0x0000000000000174       0x20 ../lab4_100000_bsp/\libhal_bsp.a(altera_avalon_jtag_uart_read.o)
 .debug_frame   0x0000000000000194       0x20 ../lab4_100000_bsp/\libhal_bsp.a(altera_avalon_jtag_uart_write.o)
 .debug_frame   0x00000000000001b4       0x20 ../lab4_100000_bsp/\libhal_bsp.a(alt_dcache_flush_all.o)
 .debug_frame   0x00000000000001d4       0x20 ../lab4_100000_bsp/\libhal_bsp.a(alt_dev.o)
 .debug_frame   0x00000000000001f4       0x20 ../lab4_100000_bsp/\libhal_bsp.a(alt_icache_flush_all.o)
 .debug_frame   0x0000000000000214       0x20 ../lab4_100000_bsp/\libhal_bsp.a(altera_nios2_qsys_irq.o)
 .debug_frame   0x0000000000000234       0x20 c:/altera/14.0/nios2eds/bin/gnu/h-x86_64-mingw32/bin/../lib/gcc/nios2-elf/4.7.3/../../../../../H-x86_64-mingw32/nios2-elf/lib/mno-hw-mul\libsmallc.a(lib_a-strlen.o)

.debug_str      0x0000000000000000      0x817
 *(.debug_str)
 .debug_str     0x0000000000000000      0x158 obj/default/hello_world_small.o
                                        0x18f (size before relaxing)
 .debug_str     0x0000000000000158      0x147 ../lab4_100000_bsp/\libhal_bsp.a(alt_getchar.o)
                                        0x205 (size before relaxing)
 .debug_str     0x000000000000029f      0x11b ../lab4_100000_bsp/\libhal_bsp.a(alt_load.o)
                                        0x20b (size before relaxing)
 .debug_str     0x00000000000003ba       0x5e ../lab4_100000_bsp/\libhal_bsp.a(alt_main.o)
                                        0x184 (size before relaxing)
 .debug_str     0x0000000000000418       0x59 ../lab4_100000_bsp/\libhal_bsp.a(alt_printf.o)
                                         0xe1 (size before relaxing)
 .debug_str     0x0000000000000471       0x34 ../lab4_100000_bsp/\libhal_bsp.a(alt_putchar.o)
                                        0x15a (size before relaxing)
 .debug_str     0x00000000000004a5       0x23 ../lab4_100000_bsp/\libhal_bsp.a(alt_putstr.o)
                                        0x166 (size before relaxing)
 .debug_str     0x00000000000004c8       0x86 ../lab4_100000_bsp/\libhal_bsp.a(alt_sys_init.o)
                                        0x1f3 (size before relaxing)
 .debug_str     0x000000000000054e       0x3d ../lab4_100000_bsp/\libhal_bsp.a(altera_avalon_jtag_uart_read.o)
                                        0x1ee (size before relaxing)
 .debug_str     0x000000000000058b       0x32 ../lab4_100000_bsp/\libhal_bsp.a(altera_avalon_jtag_uart_write.o)
                                        0x1e4 (size before relaxing)
 .debug_str     0x00000000000005bd       0x1f ../lab4_100000_bsp/\libhal_bsp.a(alt_dcache_flush_all.o)
                                        0x124 (size before relaxing)
 .debug_str     0x00000000000005dc      0x120 ../lab4_100000_bsp/\libhal_bsp.a(alt_dev.o)
                                        0x2d4 (size before relaxing)
 .debug_str     0x00000000000006fc       0x1f ../lab4_100000_bsp/\libhal_bsp.a(alt_icache_flush_all.o)
                                        0x124 (size before relaxing)
 .debug_str     0x000000000000071b       0x20 ../lab4_100000_bsp/\libhal_bsp.a(altera_nios2_qsys_irq.o)
                                        0x12b (size before relaxing)
 .debug_str     0x000000000000073b       0xdc c:/altera/14.0/nios2eds/bin/gnu/h-x86_64-mingw32/bin/../lib/gcc/nios2-elf/4.7.3/../../../../../H-x86_64-mingw32/nios2-elf/lib/mno-hw-mul\libsmallc.a(lib_a-strlen.o)
                                        0x18e (size before relaxing)

.debug_loc      0x0000000000000000      0x600
 *(.debug_loc)
 .debug_loc     0x0000000000000000       0xfc obj/default/hello_world_small.o
 .debug_loc     0x00000000000000fc       0x40 ../lab4_100000_bsp/\libhal_bsp.a(alt_getchar.o)
 .debug_loc     0x000000000000013c       0x20 ../lab4_100000_bsp/\libhal_bsp.a(alt_load.o)
 .debug_loc     0x000000000000015c       0x20 ../lab4_100000_bsp/\libhal_bsp.a(alt_main.o)
 .debug_loc     0x000000000000017c      0x244 ../lab4_100000_bsp/\libhal_bsp.a(alt_printf.o)
 .debug_loc     0x00000000000003c0       0x4c ../lab4_100000_bsp/\libhal_bsp.a(alt_putchar.o)
 .debug_loc     0x000000000000040c       0x57 ../lab4_100000_bsp/\libhal_bsp.a(alt_putstr.o)
 .debug_loc     0x0000000000000463       0x41 ../lab4_100000_bsp/\libhal_bsp.a(alt_sys_init.o)
 .debug_loc     0x00000000000004a4       0xb5 ../lab4_100000_bsp/\libhal_bsp.a(altera_avalon_jtag_uart_read.o)
 .debug_loc     0x0000000000000559       0x7e ../lab4_100000_bsp/\libhal_bsp.a(altera_avalon_jtag_uart_write.o)
 .debug_loc     0x00000000000005d7       0x29 c:/altera/14.0/nios2eds/bin/gnu/h-x86_64-mingw32/bin/../lib/gcc/nios2-elf/4.7.3/../../../../../H-x86_64-mingw32/nios2-elf/lib/mno-hw-mul\libsmallc.a(lib_a-strlen.o)

.debug_macinfo
 *(.debug_macinfo)

.debug_weaknames
 *(.debug_weaknames)

.debug_funcnames
 *(.debug_funcnames)

.debug_typenames
 *(.debug_typenames)

.debug_varnames
 *(.debug_varnames)

.debug_alt_sim_info
                0x0000000000000000       0x10
 *(.debug_alt_sim_info)
 .debug_alt_sim_info
                0x0000000000000000       0x10 ../lab4_100000_bsp//obj/HAL/src/crt0.o
                0x0000000000002000                __alt_data_end = 0x2000
                0x0000000000002000                PROVIDE (__alt_stack_pointer, __alt_data_end)
                0x0000000000001824                PROVIDE (__alt_stack_limit, __alt_stack_base)
                0x0000000000001824                PROVIDE (__alt_heap_start, end)
                0x0000000000002000                PROVIDE (__alt_heap_limit, 0x2000)
OUTPUT(lab4_100000.elf elf32-littlenios2)

.debug_ranges   0x0000000000000000       0x98
 .debug_ranges  0x0000000000000000       0x20 ../lab4_100000_bsp//obj/HAL/src/crt0.o
 .debug_ranges  0x0000000000000020       0x10 obj/default/hello_world_small.o
 .debug_ranges  0x0000000000000030       0x48 ../lab4_100000_bsp/\libhal_bsp.a(alt_load.o)
 .debug_ranges  0x0000000000000078       0x20 ../lab4_100000_bsp/\libhal_bsp.a(altera_avalon_jtag_uart_read.o)
