Archive member included because of file (symbol)

c:/altera/14.0/nios2eds/bin/gnu/h-x86_64-mingw32/bin/../lib/gcc/nios2-elf/4.7.3/mno-hw-mul\libgcc.a(lib2-divmod.o)
                              obj/default/hello_world_small.o (__modsi3)
../CameraSystem_bsp/\libhal_bsp.a(alt_getchar.o)
                              obj/default/hello_world_small.o (alt_getchar)
../CameraSystem_bsp/\libhal_bsp.a(alt_load.o)
                              ../CameraSystem_bsp//obj/HAL/src/crt0.o (alt_load)
../CameraSystem_bsp/\libhal_bsp.a(alt_main.o)
                              ../CameraSystem_bsp//obj/HAL/src/crt0.o (alt_main)
../CameraSystem_bsp/\libhal_bsp.a(alt_printf.o)
                              obj/default/hello_world_small.o (alt_printf)
../CameraSystem_bsp/\libhal_bsp.a(alt_putchar.o)
                              ../CameraSystem_bsp/\libhal_bsp.a(alt_printf.o) (alt_putchar)
../CameraSystem_bsp/\libhal_bsp.a(alt_putstr.o)
                              obj/default/hello_world_small.o (alt_putstr)
../CameraSystem_bsp/\libhal_bsp.a(alt_sys_init.o)
                              ../CameraSystem_bsp/\libhal_bsp.a(alt_main.o) (alt_irq_init)
../CameraSystem_bsp/\libhal_bsp.a(altera_avalon_jtag_uart_read.o)
                              ../CameraSystem_bsp/\libhal_bsp.a(alt_getchar.o) (altera_avalon_jtag_uart_read)
../CameraSystem_bsp/\libhal_bsp.a(altera_avalon_jtag_uart_write.o)
                              ../CameraSystem_bsp/\libhal_bsp.a(alt_putchar.o) (altera_avalon_jtag_uart_write)
../CameraSystem_bsp/\libhal_bsp.a(alt_dcache_flush_all.o)
                              ../CameraSystem_bsp/\libhal_bsp.a(alt_load.o) (alt_dcache_flush_all)
../CameraSystem_bsp/\libhal_bsp.a(alt_dev.o)
                              ../CameraSystem_bsp/\libhal_bsp.a(alt_getchar.o) (alt_fd_list)
../CameraSystem_bsp/\libhal_bsp.a(alt_icache_flush_all.o)
                              ../CameraSystem_bsp/\libhal_bsp.a(alt_load.o) (alt_icache_flush_all)
../CameraSystem_bsp/\libhal_bsp.a(altera_nios2_qsys_irq.o)
                              ../CameraSystem_bsp/\libhal_bsp.a(alt_sys_init.o) (altera_nios2_qsys_irq_init)
c:/altera/14.0/nios2eds/bin/gnu/h-x86_64-mingw32/bin/../lib/gcc/nios2-elf/4.7.3/../../../../../H-x86_64-mingw32/nios2-elf/lib/mno-hw-mul\libsmallc.a(lib_a-strlen.o)
                              ../CameraSystem_bsp/\libhal_bsp.a(alt_putstr.o) (strlen)

Memory Configuration

Name             Origin             Length             Attributes
reset            0x0000000000001000 0x0000000000000020
onchip_memory    0x0000000000001020 0x0000000000000fe0
*default*        0x0000000000000000 0xffffffffffffffff

Linker script and memory map

LOAD ../CameraSystem_bsp//obj/HAL/src/crt0.o
LOAD obj/default/hello_world_small.o
LOAD c:/altera/14.0/nios2eds/bin/gnu/h-x86_64-mingw32/bin/../lib/gcc/nios2-elf/4.7.3/../../../../../H-x86_64-mingw32/nios2-elf/lib/mno-hw-mul\libstdc++.a
LOAD c:/altera/14.0/nios2eds/bin/gnu/h-x86_64-mingw32/bin/../lib/gcc/nios2-elf/4.7.3/../../../../../H-x86_64-mingw32/nios2-elf/lib/mno-hw-mul\libm.a
LOAD c:/altera/14.0/nios2eds/bin/gnu/h-x86_64-mingw32/bin/../lib/gcc/nios2-elf/4.7.3/mno-hw-mul\libgcc.a
START GROUP
LOAD c:/altera/14.0/nios2eds/bin/gnu/h-x86_64-mingw32/bin/../lib/gcc/nios2-elf/4.7.3/../../../../../H-x86_64-mingw32/nios2-elf/lib/mno-hw-mul\libsmallc.a
LOAD c:/altera/14.0/nios2eds/bin/gnu/h-x86_64-mingw32/bin/../lib/gcc/nios2-elf/4.7.3/mno-hw-mul\libgcc.a
LOAD ../CameraSystem_bsp/\libhal_bsp.a
END GROUP
LOAD c:/altera/14.0/nios2eds/bin/gnu/h-x86_64-mingw32/bin/../lib/gcc/nios2-elf/4.7.3/mno-hw-mul\libgcc.a
                0x0000000000001000                __alt_mem_onchip_memory = 0x1000

.entry          0x0000000000001000       0x20
 *(.entry)
 .entry         0x0000000000001000       0x20 ../CameraSystem_bsp//obj/HAL/src/crt0.o
                0x0000000000001000                __reset
                0x000000000000100c                _exit

.exceptions     0x0000000000001020        0x0
                0x0000000000001020                PROVIDE (__ram_exceptions_start, ABSOLUTE (.))
                0x0000000000001020                . = ALIGN (0x20)
 *(.irq)
 *(.exceptions.entry.label)
 *(.exceptions.entry.user)
 *(.exceptions.entry.ecc_fatal)
 *(.exceptions.entry)
 *(.exceptions.irqtest.user)
 *(.exceptions.irqtest)
 *(.exceptions.irqhandler.user)
 *(.exceptions.irqhandler)
 *(.exceptions.irqreturn.user)
 *(.exceptions.irqreturn)
 *(.exceptions.notirq.label)
 *(.exceptions.notirq.user)
 *(.exceptions.notirq)
 *(.exceptions.soft.user)
 *(.exceptions.soft)
 *(.exceptions.unknown.user)
 *(.exceptions.unknown)
 *(.exceptions.exit.label)
 *(.exceptions.exit.user)
 *(.exceptions.exit)
 *(.exceptions)
                0x0000000000001020                PROVIDE (__ram_exceptions_end, ABSOLUTE (.))
                0x0000000000001020                PROVIDE (__flash_exceptions_start, LOADADDR (.exceptions))

.text           0x0000000000001020      0x91c
                0x0000000000001020                PROVIDE (stext, ABSOLUTE (.))
 *(.interp)
 *(.hash)
 *(.dynsym)
 *(.dynstr)
 *(.gnu.version)
 *(.gnu.version_d)
 *(.gnu.version_r)
 *(.rel.init)
 *(.rela.init)
 *(.rel.text .rel.text.* .rel.gnu.linkonce.t.*)
 *(.rela.text .rela.text.* .rela.gnu.linkonce.t.*)
 *(.rel.fini)
 *(.rela.fini)
 *(.rel.rodata .rel.rodata.* .rel.gnu.linkonce.r.*)
 *(.rela.rodata .rela.rodata.* .rela.gnu.linkonce.r.*)
 *(.rel.data .rel.data.* .rel.gnu.linkonce.d.*)
 *(.rela.data .rela.data.* .rela.gnu.linkonce.d.*)
 *(.rel.tdata .rel.tdata.* .rel.gnu.linkonce.td.*)
 *(.rela.tdata .rela.tdata.* .rela.gnu.linkonce.td.*)
 *(.rel.tbss .rel.tbss.* .rel.gnu.linkonce.tb.*)
 *(.rela.tbss .rela.tbss.* .rela.gnu.linkonce.tb.*)
 *(.rel.ctors)
 *(.rela.ctors)
 *(.rel.dtors)
 *(.rela.dtors)
 *(.rel.got)
 *(.rela.got)
 *(.rel.sdata .rel.sdata.* .rel.gnu.linkonce.s.*)
 *(.rela.sdata .rela.sdata.* .rela.gnu.linkonce.s.*)
 *(.rel.sbss .rel.sbss.* .rel.gnu.linkonce.sb.*)
 *(.rela.sbss .rela.sbss.* .rela.gnu.linkonce.sb.*)
 *(.rel.sdata2 .rel.sdata2.* .rel.gnu.linkonce.s2.*)
 *(.rela.sdata2 .rela.sdata2.* .rela.gnu.linkonce.s2.*)
 *(.rel.sbss2 .rel.sbss2.* .rel.gnu.linkonce.sb2.*)
 *(.rela.sbss2 .rela.sbss2.* .rela.gnu.linkonce.sb2.*)
 *(.rel.bss .rel.bss.* .rel.gnu.linkonce.b.*)
 *(.rela.bss .rela.bss.* .rela.gnu.linkonce.b.*)
 *(.rel.plt)
 *(.rela.plt)
 *(.rel.dyn)
 *(.init)
 *(.plt)
 *(.text .stub .text.* .gnu.linkonce.t.*)
 .text          0x0000000000001020       0x3c ../CameraSystem_bsp//obj/HAL/src/crt0.o
                0x0000000000001020                _start
 .text          0x000000000000105c       0x54 obj/default/hello_world_small.o
                0x000000000000105c                sendData
 .text.startup  0x00000000000010b0      0x300 obj/default/hello_world_small.o
                0x00000000000010b0                main
 .text          0x00000000000013b0      0x130 c:/altera/14.0/nios2eds/bin/gnu/h-x86_64-mingw32/bin/../lib/gcc/nios2-elf/4.7.3/mno-hw-mul\libgcc.a(lib2-divmod.o)
                0x0000000000001424                __divsi3
                0x0000000000001474                __modsi3
                0x00000000000014d0                __udivsi3
                0x00000000000014d8                __umodsi3
 .text          0x00000000000014e0       0x44 ../CameraSystem_bsp/\libhal_bsp.a(alt_getchar.o)
                0x00000000000014e0                alt_getchar
 .text          0x0000000000001524      0x104 ../CameraSystem_bsp/\libhal_bsp.a(alt_load.o)
                0x0000000000001524                alt_load
 .text          0x0000000000001628       0x2c ../CameraSystem_bsp/\libhal_bsp.a(alt_main.o)
                0x0000000000001628                alt_main
 .text          0x0000000000001654      0x170 ../CameraSystem_bsp/\libhal_bsp.a(alt_printf.o)
                0x0000000000001654                alt_printf
 .text          0x00000000000017c4       0x4c ../CameraSystem_bsp/\libhal_bsp.a(alt_putchar.o)
                0x00000000000017c4                alt_putchar
 .text          0x0000000000001810       0x38 ../CameraSystem_bsp/\libhal_bsp.a(alt_putstr.o)
                0x0000000000001810                alt_putstr
 .text          0x0000000000001848       0x24 ../CameraSystem_bsp/\libhal_bsp.a(alt_sys_init.o)
                0x0000000000001848                alt_irq_init
                0x0000000000001868                alt_sys_init
 .text          0x000000000000186c       0x5c ../CameraSystem_bsp/\libhal_bsp.a(altera_avalon_jtag_uart_read.o)
                0x000000000000186c                altera_avalon_jtag_uart_read
 .text          0x00000000000018c8       0x34 ../CameraSystem_bsp/\libhal_bsp.a(altera_avalon_jtag_uart_write.o)
                0x00000000000018c8                altera_avalon_jtag_uart_write
 .text          0x00000000000018fc        0x4 ../CameraSystem_bsp/\libhal_bsp.a(alt_dcache_flush_all.o)
                0x00000000000018fc                alt_dcache_flush_all
 .text          0x0000000000001900        0x8 ../CameraSystem_bsp/\libhal_bsp.a(alt_dev.o)
 .text          0x0000000000001908        0x4 ../CameraSystem_bsp/\libhal_bsp.a(alt_icache_flush_all.o)
                0x0000000000001908                alt_icache_flush_all
 .text          0x000000000000190c        0x8 ../CameraSystem_bsp/\libhal_bsp.a(altera_nios2_qsys_irq.o)
                0x000000000000190c                altera_nios2_qsys_irq_init
 .text          0x0000000000001914       0x28 c:/altera/14.0/nios2eds/bin/gnu/h-x86_64-mingw32/bin/../lib/gcc/nios2-elf/4.7.3/../../../../../H-x86_64-mingw32/nios2-elf/lib/mno-hw-mul\libsmallc.a(lib_a-strlen.o)
                0x0000000000001914                strlen
 *(.gnu.warning.*)
 *(.fini)
                0x000000000000193c                PROVIDE (__etext, ABSOLUTE (.))
                0x000000000000193c                PROVIDE (_etext, ABSOLUTE (.))
                0x000000000000193c                PROVIDE (etext, ABSOLUTE (.))
 *(.eh_frame_hdr)
                0x000000000000193c                . = ALIGN (0x4)
                0x000000000000193c                PROVIDE (__preinit_array_start, ABSOLUTE (.))
 *(.preinit_array)
                0x000000000000193c                PROVIDE (__preinit_array_end, ABSOLUTE (.))
                0x000000000000193c                PROVIDE (__init_array_start, ABSOLUTE (.))
 *(.init_array)
                0x000000000000193c                PROVIDE (__init_array_end, ABSOLUTE (.))
                0x000000000000193c                PROVIDE (__fini_array_start, ABSOLUTE (.))
 *(.fini_array)
                0x000000000000193c                PROVIDE (__fini_array_end, ABSOLUTE (.))
 *(.eh_frame)
 *(.gcc_except_table .gcc_except_table.*)
 *(.dynamic)
                0x000000000000193c                PROVIDE (__CTOR_LIST__, ABSOLUTE (.))
 *(.ctors)
 *(SORT(.ctors.*))
                0x000000000000193c                PROVIDE (__CTOR_END__, ABSOLUTE (.))
                0x000000000000193c                PROVIDE (__DTOR_LIST__, ABSOLUTE (.))
 *(.dtors)
 *(SORT(.dtors.*))
                0x000000000000193c                PROVIDE (__DTOR_END__, ABSOLUTE (.))
 *(.jcr)
                0x000000000000193c                . = ALIGN (0x4)

.rodata         0x000000000000193c      0x208
                0x000000000000193c                PROVIDE (__ram_rodata_start, ABSOLUTE (.))
                0x000000000000193c                . = ALIGN (0x4)
 *(.rodata .rodata.* .gnu.linkonce.r.*)
 .rodata.str1.4
                0x000000000000193c      0x1fa obj/default/hello_world_small.o
                                        0x1fc (size before relaxing)
 *fill*         0x0000000000001b36        0x2 
 .rodata.str1.4
                0x0000000000001b38        0xc ../CameraSystem_bsp/\libhal_bsp.a(alt_dev.o)
 *(.rodata1)
                0x0000000000001b44                . = ALIGN (0x4)
                0x0000000000001b44                PROVIDE (__ram_rodata_end, ABSOLUTE (.))
                0x000000000000193c                PROVIDE (__flash_rodata_start, LOADADDR (.rodata))

.rwdata         0x0000000000001b44       0x70 load address 0x0000000000001bb4
                0x0000000000001b44                PROVIDE (__ram_rwdata_start, ABSOLUTE (.))
                0x0000000000001b44                . = ALIGN (0x4)
 *(.got.plt)
 *(.got)
 *(.data1)
 *(.data .data.* .gnu.linkonce.d.*)
 .data          0x0000000000001b44        0x0 ../CameraSystem_bsp//obj/HAL/src/crt0.o
 .data          0x0000000000001b44        0x0 obj/default/hello_world_small.o
 .data          0x0000000000001b44        0x0 c:/altera/14.0/nios2eds/bin/gnu/h-x86_64-mingw32/bin/../lib/gcc/nios2-elf/4.7.3/mno-hw-mul\libgcc.a(lib2-divmod.o)
 .data          0x0000000000001b44        0x0 ../CameraSystem_bsp/\libhal_bsp.a(alt_getchar.o)
 .data          0x0000000000001b44        0x0 ../CameraSystem_bsp/\libhal_bsp.a(alt_load.o)
 .data          0x0000000000001b44        0x0 ../CameraSystem_bsp/\libhal_bsp.a(alt_main.o)
 .data          0x0000000000001b44        0x0 ../CameraSystem_bsp/\libhal_bsp.a(alt_printf.o)
 .data          0x0000000000001b44        0x0 ../CameraSystem_bsp/\libhal_bsp.a(alt_putchar.o)
 .data          0x0000000000001b44        0x0 ../CameraSystem_bsp/\libhal_bsp.a(alt_putstr.o)
 .data          0x0000000000001b44        0x0 ../CameraSystem_bsp/\libhal_bsp.a(alt_sys_init.o)
 .data          0x0000000000001b44        0x0 ../CameraSystem_bsp/\libhal_bsp.a(altera_avalon_jtag_uart_read.o)
 .data          0x0000000000001b44        0x0 ../CameraSystem_bsp/\libhal_bsp.a(altera_avalon_jtag_uart_write.o)
 .data          0x0000000000001b44        0x0 ../CameraSystem_bsp/\libhal_bsp.a(alt_dcache_flush_all.o)
 .data          0x0000000000001b44       0x58 ../CameraSystem_bsp/\libhal_bsp.a(alt_dev.o)
                0x0000000000001b44                alt_fd_list
                0x0000000000001b74                alt_dev_null
 .data          0x0000000000001b9c        0x0 ../CameraSystem_bsp/\libhal_bsp.a(alt_icache_flush_all.o)
 .data          0x0000000000001b9c        0x0 ../CameraSystem_bsp/\libhal_bsp.a(altera_nios2_qsys_irq.o)
 .data          0x0000000000001b9c        0x0 c:/altera/14.0/nios2eds/bin/gnu/h-x86_64-mingw32/bin/../lib/gcc/nios2-elf/4.7.3/../../../../../H-x86_64-mingw32/nios2-elf/lib/mno-hw-mul\libsmallc.a(lib_a-strlen.o)
                0x0000000000009b9c                _gp = ABSOLUTE ((. + 0x8000))
                0x0000000000009b9c                PROVIDE (gp, _gp)
 *(.rwdata .rwdata.*)
 *(.sdata .sdata.* .gnu.linkonce.s.*)
 .sdata         0x0000000000001b9c        0x4 ../CameraSystem_bsp/\libhal_bsp.a(alt_sys_init.o)
                0x0000000000001b9c                jtag_uart
 .sdata         0x0000000000001ba0       0x14 ../CameraSystem_bsp/\libhal_bsp.a(alt_dev.o)
                0x0000000000001ba0                alt_max_fd
                0x0000000000001ba4                alt_dev_list
                0x0000000000001bac                alt_fs_list
 *(.sdata2 .sdata2.* .gnu.linkonce.s2.*)
                0x0000000000001bb4                . = ALIGN (0x4)
                0x0000000000001bb4                _edata = ABSOLUTE (.)
                0x0000000000001bb4                PROVIDE (edata, ABSOLUTE (.))
                0x0000000000001bb4                PROVIDE (__ram_rwdata_end, ABSOLUTE (.))
                0x0000000000001bb4                PROVIDE (__flash_rwdata_start, LOADADDR (.rwdata))

.bss            0x0000000000001c24        0xc
                0x0000000000001c24                __bss_start = ABSOLUTE (.)
                0x0000000000001c24                PROVIDE (__sbss_start, ABSOLUTE (.))
                0x0000000000001c24                PROVIDE (___sbss_start, ABSOLUTE (.))
 *(.dynsbss)
 *(.sbss .sbss.* .gnu.linkonce.sb.*)
 .sbss          0x0000000000001c24        0xc ../CameraSystem_bsp/\libhal_bsp.a(alt_main.o)
                0x0000000000001c24                alt_envp
                0x0000000000001c28                alt_argv
                0x0000000000001c2c                alt_argc
 *(.sbss2 .sbss2.* .gnu.linkonce.sb2.*)
 *(.scommon)
                0x0000000000001c30                PROVIDE (__sbss_end, ABSOLUTE (.))
                0x0000000000001c30                PROVIDE (___sbss_end, ABSOLUTE (.))
 *(.dynbss)
 *(.bss .bss.* .gnu.linkonce.b.*)
 .bss           0x0000000000001c30        0x0 ../CameraSystem_bsp//obj/HAL/src/crt0.o
 .bss           0x0000000000001c30        0x0 obj/default/hello_world_small.o
 .bss           0x0000000000001c30        0x0 c:/altera/14.0/nios2eds/bin/gnu/h-x86_64-mingw32/bin/../lib/gcc/nios2-elf/4.7.3/mno-hw-mul\libgcc.a(lib2-divmod.o)
 .bss           0x0000000000001c30        0x0 ../CameraSystem_bsp/\libhal_bsp.a(alt_getchar.o)
 .bss           0x0000000000001c30        0x0 ../CameraSystem_bsp/\libhal_bsp.a(alt_load.o)
 .bss           0x0000000000001c30        0x0 ../CameraSystem_bsp/\libhal_bsp.a(alt_main.o)
 .bss           0x0000000000001c30        0x0 ../CameraSystem_bsp/\libhal_bsp.a(alt_printf.o)
 .bss           0x0000000000001c30        0x0 ../CameraSystem_bsp/\libhal_bsp.a(alt_putchar.o)
 .bss           0x0000000000001c30        0x0 ../CameraSystem_bsp/\libhal_bsp.a(alt_putstr.o)
 .bss           0x0000000000001c30        0x0 ../CameraSystem_bsp/\libhal_bsp.a(alt_sys_init.o)
 .bss           0x0000000000001c30        0x0 ../CameraSystem_bsp/\libhal_bsp.a(altera_avalon_jtag_uart_read.o)
 .bss           0x0000000000001c30        0x0 ../CameraSystem_bsp/\libhal_bsp.a(altera_avalon_jtag_uart_write.o)
 .bss           0x0000000000001c30        0x0 ../CameraSystem_bsp/\libhal_bsp.a(alt_dcache_flush_all.o)
 .bss           0x0000000000001c30        0x0 ../CameraSystem_bsp/\libhal_bsp.a(alt_dev.o)
 .bss           0x0000000000001c30        0x0 ../CameraSystem_bsp/\libhal_bsp.a(alt_icache_flush_all.o)
 .bss           0x0000000000001c30        0x0 ../CameraSystem_bsp/\libhal_bsp.a(altera_nios2_qsys_irq.o)
 .bss           0x0000000000001c30        0x0 c:/altera/14.0/nios2eds/bin/gnu/h-x86_64-mingw32/bin/../lib/gcc/nios2-elf/4.7.3/../../../../../H-x86_64-mingw32/nios2-elf/lib/mno-hw-mul\libsmallc.a(lib_a-strlen.o)
 *(COMMON)
                0x0000000000001c30                . = ALIGN (0x4)
                0x0000000000001c30                __bss_end = ABSOLUTE (.)

.onchip_memory  0x0000000000001c30        0x0
                0x0000000000001c30                PROVIDE (_alt_partition_onchip_memory_start, ABSOLUTE (.))
 *(.onchip_memory .onchip_memory. onchip_memory.*)
                0x0000000000001c30                . = ALIGN (0x4)
                0x0000000000001c30                PROVIDE (_alt_partition_onchip_memory_end, ABSOLUTE (.))
                0x0000000000001c30                _end = ABSOLUTE (.)
                0x0000000000001c30                end = ABSOLUTE (.)
                0x0000000000001c30                __alt_stack_base = ABSOLUTE (.)
                0x0000000000001c30                PROVIDE (_alt_partition_onchip_memory_load_addr, LOADADDR (.onchip_memory))

.stab
 *(.stab)

.stabstr
 *(.stabstr)

.stab.excl
 *(.stab.excl)

.stab.exclstr
 *(.stab.exclstr)

.stab.index
 *(.stab.index)

.stab.indexstr
 *(.stab.indexstr)

.comment        0x0000000000000000       0x23
 *(.comment)
 .comment       0x0000000000000000       0x23 obj/default/hello_world_small.o
                                         0x24 (size before relaxing)
 .comment       0x0000000000000000       0x24 c:/altera/14.0/nios2eds/bin/gnu/h-x86_64-mingw32/bin/../lib/gcc/nios2-elf/4.7.3/mno-hw-mul\libgcc.a(lib2-divmod.o)
 .comment       0x0000000000000000       0x24 ../CameraSystem_bsp/\libhal_bsp.a(alt_getchar.o)
 .comment       0x0000000000000000       0x24 ../CameraSystem_bsp/\libhal_bsp.a(alt_load.o)
 .comment       0x0000000000000000       0x24 ../CameraSystem_bsp/\libhal_bsp.a(alt_main.o)
 .comment       0x0000000000000000       0x24 ../CameraSystem_bsp/\libhal_bsp.a(alt_printf.o)
 .comment       0x0000000000000000       0x24 ../CameraSystem_bsp/\libhal_bsp.a(alt_putchar.o)
 .comment       0x0000000000000000       0x24 ../CameraSystem_bsp/\libhal_bsp.a(alt_putstr.o)
 .comment       0x0000000000000000       0x24 ../CameraSystem_bsp/\libhal_bsp.a(alt_sys_init.o)
 .comment       0x0000000000000000       0x24 ../CameraSystem_bsp/\libhal_bsp.a(altera_avalon_jtag_uart_read.o)
 .comment       0x0000000000000000       0x24 ../CameraSystem_bsp/\libhal_bsp.a(altera_avalon_jtag_uart_write.o)
 .comment       0x0000000000000000       0x24 ../CameraSystem_bsp/\libhal_bsp.a(alt_dcache_flush_all.o)
 .comment       0x0000000000000000       0x24 ../CameraSystem_bsp/\libhal_bsp.a(alt_dev.o)
 .comment       0x0000000000000000       0x24 ../CameraSystem_bsp/\libhal_bsp.a(alt_icache_flush_all.o)
 .comment       0x0000000000000000       0x24 ../CameraSystem_bsp/\libhal_bsp.a(altera_nios2_qsys_irq.o)
 .comment       0x0000000000000000       0x24 c:/altera/14.0/nios2eds/bin/gnu/h-x86_64-mingw32/bin/../lib/gcc/nios2-elf/4.7.3/../../../../../H-x86_64-mingw32/nios2-elf/lib/mno-hw-mul\libsmallc.a(lib_a-strlen.o)

.debug
 *(.debug)

.line
 *(.line)

.debug_srcinfo
 *(.debug_srcinfo)

.debug_sfnames
 *(.debug_sfnames)

.debug_aranges  0x0000000000000000      0x230
 *(.debug_aranges)
 .debug_aranges
                0x0000000000000000       0x28 ../CameraSystem_bsp//obj/HAL/src/crt0.o
 .debug_aranges
                0x0000000000000028       0x28 obj/default/hello_world_small.o
 .debug_aranges
                0x0000000000000050       0x20 c:/altera/14.0/nios2eds/bin/gnu/h-x86_64-mingw32/bin/../lib/gcc/nios2-elf/4.7.3/mno-hw-mul\libgcc.a(lib2-divmod.o)
 .debug_aranges
                0x0000000000000070       0x20 ../CameraSystem_bsp/\libhal_bsp.a(alt_getchar.o)
 .debug_aranges
                0x0000000000000090       0x20 ../CameraSystem_bsp/\libhal_bsp.a(alt_load.o)
 .debug_aranges
                0x00000000000000b0       0x20 ../CameraSystem_bsp/\libhal_bsp.a(alt_main.o)
 .debug_aranges
                0x00000000000000d0       0x20 ../CameraSystem_bsp/\libhal_bsp.a(alt_printf.o)
 .debug_aranges
                0x00000000000000f0       0x20 ../CameraSystem_bsp/\libhal_bsp.a(alt_putchar.o)
 .debug_aranges
                0x0000000000000110       0x20 ../CameraSystem_bsp/\libhal_bsp.a(alt_putstr.o)
 .debug_aranges
                0x0000000000000130       0x20 ../CameraSystem_bsp/\libhal_bsp.a(alt_sys_init.o)
 .debug_aranges
                0x0000000000000150       0x20 ../CameraSystem_bsp/\libhal_bsp.a(altera_avalon_jtag_uart_read.o)
 .debug_aranges
                0x0000000000000170       0x20 ../CameraSystem_bsp/\libhal_bsp.a(altera_avalon_jtag_uart_write.o)
 .debug_aranges
                0x0000000000000190       0x20 ../CameraSystem_bsp/\libhal_bsp.a(alt_dcache_flush_all.o)
 .debug_aranges
                0x00000000000001b0       0x20 ../CameraSystem_bsp/\libhal_bsp.a(alt_dev.o)
 .debug_aranges
                0x00000000000001d0       0x20 ../CameraSystem_bsp/\libhal_bsp.a(alt_icache_flush_all.o)
 .debug_aranges
                0x00000000000001f0       0x20 ../CameraSystem_bsp/\libhal_bsp.a(altera_nios2_qsys_irq.o)
 .debug_aranges
                0x0000000000000210       0x20 c:/altera/14.0/nios2eds/bin/gnu/h-x86_64-mingw32/bin/../lib/gcc/nios2-elf/4.7.3/../../../../../H-x86_64-mingw32/nios2-elf/lib/mno-hw-mul\libsmallc.a(lib_a-strlen.o)

.debug_pubnames
 *(.debug_pubnames)

.debug_info     0x0000000000000000     0x1ea5
 *(.debug_info .gnu.linkonce.wi.*)
 .debug_info    0x0000000000000000       0x86 ../CameraSystem_bsp//obj/HAL/src/crt0.o
 .debug_info    0x0000000000000086      0x457 obj/default/hello_world_small.o
 .debug_info    0x00000000000004dd      0x289 c:/altera/14.0/nios2eds/bin/gnu/h-x86_64-mingw32/bin/../lib/gcc/nios2-elf/4.7.3/mno-hw-mul\libgcc.a(lib2-divmod.o)
 .debug_info    0x0000000000000766      0x374 ../CameraSystem_bsp/\libhal_bsp.a(alt_getchar.o)
 .debug_info    0x0000000000000ada      0x1d9 ../CameraSystem_bsp/\libhal_bsp.a(alt_load.o)
 .debug_info    0x0000000000000cb3      0x194 ../CameraSystem_bsp/\libhal_bsp.a(alt_main.o)
 .debug_info    0x0000000000000e47      0x163 ../CameraSystem_bsp/\libhal_bsp.a(alt_printf.o)
 .debug_info    0x0000000000000faa      0x148 ../CameraSystem_bsp/\libhal_bsp.a(alt_putchar.o)
 .debug_info    0x00000000000010f2      0x171 ../CameraSystem_bsp/\libhal_bsp.a(alt_putstr.o)
 .debug_info    0x0000000000001263      0x193 ../CameraSystem_bsp/\libhal_bsp.a(alt_sys_init.o)
 .debug_info    0x00000000000013f6      0x1bd ../CameraSystem_bsp/\libhal_bsp.a(altera_avalon_jtag_uart_read.o)
 .debug_info    0x00000000000015b3      0x1a0 ../CameraSystem_bsp/\libhal_bsp.a(altera_avalon_jtag_uart_write.o)
 .debug_info    0x0000000000001753       0x8f ../CameraSystem_bsp/\libhal_bsp.a(alt_dcache_flush_all.o)
 .debug_info    0x00000000000017e2      0x4df ../CameraSystem_bsp/\libhal_bsp.a(alt_dev.o)
 .debug_info    0x0000000000001cc1       0x8f ../CameraSystem_bsp/\libhal_bsp.a(alt_icache_flush_all.o)
 .debug_info    0x0000000000001d50       0x8f ../CameraSystem_bsp/\libhal_bsp.a(altera_nios2_qsys_irq.o)
 .debug_info    0x0000000000001ddf       0xc6 c:/altera/14.0/nios2eds/bin/gnu/h-x86_64-mingw32/bin/../lib/gcc/nios2-elf/4.7.3/../../../../../H-x86_64-mingw32/nios2-elf/lib/mno-hw-mul\libsmallc.a(lib_a-strlen.o)

.debug_abbrev   0x0000000000000000      0xcfd
 *(.debug_abbrev)
 .debug_abbrev  0x0000000000000000       0x12 ../CameraSystem_bsp//obj/HAL/src/crt0.o
 .debug_abbrev  0x0000000000000012      0x146 obj/default/hello_world_small.o
 .debug_abbrev  0x0000000000000158      0x112 c:/altera/14.0/nios2eds/bin/gnu/h-x86_64-mingw32/bin/../lib/gcc/nios2-elf/4.7.3/mno-hw-mul\libgcc.a(lib2-divmod.o)
 .debug_abbrev  0x000000000000026a      0x11f ../CameraSystem_bsp/\libhal_bsp.a(alt_getchar.o)
 .debug_abbrev  0x0000000000000389       0xd8 ../CameraSystem_bsp/\libhal_bsp.a(alt_load.o)
 .debug_abbrev  0x0000000000000461      0x120 ../CameraSystem_bsp/\libhal_bsp.a(alt_main.o)
 .debug_abbrev  0x0000000000000581       0xcc ../CameraSystem_bsp/\libhal_bsp.a(alt_printf.o)
 .debug_abbrev  0x000000000000064d       0xd4 ../CameraSystem_bsp/\libhal_bsp.a(alt_putchar.o)
 .debug_abbrev  0x0000000000000721       0xe2 ../CameraSystem_bsp/\libhal_bsp.a(alt_putstr.o)
 .debug_abbrev  0x0000000000000803      0x105 ../CameraSystem_bsp/\libhal_bsp.a(alt_sys_init.o)
 .debug_abbrev  0x0000000000000908      0x102 ../CameraSystem_bsp/\libhal_bsp.a(altera_avalon_jtag_uart_read.o)
 .debug_abbrev  0x0000000000000a0a       0xd5 ../CameraSystem_bsp/\libhal_bsp.a(altera_avalon_jtag_uart_write.o)
 .debug_abbrev  0x0000000000000adf       0x42 ../CameraSystem_bsp/\libhal_bsp.a(alt_dcache_flush_all.o)
 .debug_abbrev  0x0000000000000b21       0xd9 ../CameraSystem_bsp/\libhal_bsp.a(alt_dev.o)
 .debug_abbrev  0x0000000000000bfa       0x42 ../CameraSystem_bsp/\libhal_bsp.a(alt_icache_flush_all.o)
 .debug_abbrev  0x0000000000000c3c       0x42 ../CameraSystem_bsp/\libhal_bsp.a(altera_nios2_qsys_irq.o)
 .debug_abbrev  0x0000000000000c7e       0x7f c:/altera/14.0/nios2eds/bin/gnu/h-x86_64-mingw32/bin/../lib/gcc/nios2-elf/4.7.3/../../../../../H-x86_64-mingw32/nios2-elf/lib/mno-hw-mul\libsmallc.a(lib_a-strlen.o)

.debug_line     0x0000000000000000      0xdc4
 *(.debug_line)
 .debug_line    0x0000000000000000       0x66 ../CameraSystem_bsp//obj/HAL/src/crt0.o
 .debug_line    0x0000000000000066      0x141 obj/default/hello_world_small.o
 .debug_line    0x00000000000001a7       0xd6 c:/altera/14.0/nios2eds/bin/gnu/h-x86_64-mingw32/bin/../lib/gcc/nios2-elf/4.7.3/mno-hw-mul\libgcc.a(lib2-divmod.o)
 .debug_line    0x000000000000027d       0xad ../CameraSystem_bsp/\libhal_bsp.a(alt_getchar.o)
 .debug_line    0x000000000000032a       0xd6 ../CameraSystem_bsp/\libhal_bsp.a(alt_load.o)
 .debug_line    0x0000000000000400       0xbd ../CameraSystem_bsp/\libhal_bsp.a(alt_main.o)
 .debug_line    0x00000000000004bd      0x122 ../CameraSystem_bsp/\libhal_bsp.a(alt_printf.o)
 .debug_line    0x00000000000005df       0x4d ../CameraSystem_bsp/\libhal_bsp.a(alt_putchar.o)
 .debug_line    0x000000000000062c      0x127 ../CameraSystem_bsp/\libhal_bsp.a(alt_putstr.o)
 .debug_line    0x0000000000000753      0x101 ../CameraSystem_bsp/\libhal_bsp.a(alt_sys_init.o)
 .debug_line    0x0000000000000854      0x104 ../CameraSystem_bsp/\libhal_bsp.a(altera_avalon_jtag_uart_read.o)
 .debug_line    0x0000000000000958       0xf5 ../CameraSystem_bsp/\libhal_bsp.a(altera_avalon_jtag_uart_write.o)
 .debug_line    0x0000000000000a4d       0x4e ../CameraSystem_bsp/\libhal_bsp.a(alt_dcache_flush_all.o)
 .debug_line    0x0000000000000a9b      0x119 ../CameraSystem_bsp/\libhal_bsp.a(alt_dev.o)
 .debug_line    0x0000000000000bb4       0x4e ../CameraSystem_bsp/\libhal_bsp.a(alt_icache_flush_all.o)
 .debug_line    0x0000000000000c02       0x50 ../CameraSystem_bsp/\libhal_bsp.a(altera_nios2_qsys_irq.o)
 .debug_line    0x0000000000000c52      0x172 c:/altera/14.0/nios2eds/bin/gnu/h-x86_64-mingw32/bin/../lib/gcc/nios2-elf/4.7.3/../../../../../H-x86_64-mingw32/nios2-elf/lib/mno-hw-mul\libsmallc.a(lib_a-strlen.o)

.debug_frame    0x0000000000000000      0x2d0
 *(.debug_frame)
 .debug_frame   0x0000000000000000       0x44 obj/default/hello_world_small.o
 .debug_frame   0x0000000000000044       0x70 c:/altera/14.0/nios2eds/bin/gnu/h-x86_64-mingw32/bin/../lib/gcc/nios2-elf/4.7.3/mno-hw-mul\libgcc.a(lib2-divmod.o)
 .debug_frame   0x00000000000000b4       0x28 ../CameraSystem_bsp/\libhal_bsp.a(alt_getchar.o)
 .debug_frame   0x00000000000000dc       0x28 ../CameraSystem_bsp/\libhal_bsp.a(alt_load.o)
 .debug_frame   0x0000000000000104       0x28 ../CameraSystem_bsp/\libhal_bsp.a(alt_main.o)
 .debug_frame   0x000000000000012c       0x38 ../CameraSystem_bsp/\libhal_bsp.a(alt_printf.o)
 .debug_frame   0x0000000000000164       0x2c ../CameraSystem_bsp/\libhal_bsp.a(alt_putchar.o)
 .debug_frame   0x0000000000000190       0x28 ../CameraSystem_bsp/\libhal_bsp.a(alt_putstr.o)
 .debug_frame   0x00000000000001b8       0x38 ../CameraSystem_bsp/\libhal_bsp.a(alt_sys_init.o)
 .debug_frame   0x00000000000001f0       0x20 ../CameraSystem_bsp/\libhal_bsp.a(altera_avalon_jtag_uart_read.o)
 .debug_frame   0x0000000000000210       0x20 ../CameraSystem_bsp/\libhal_bsp.a(altera_avalon_jtag_uart_write.o)
 .debug_frame   0x0000000000000230       0x20 ../CameraSystem_bsp/\libhal_bsp.a(alt_dcache_flush_all.o)
 .debug_frame   0x0000000000000250       0x20 ../CameraSystem_bsp/\libhal_bsp.a(alt_dev.o)
 .debug_frame   0x0000000000000270       0x20 ../CameraSystem_bsp/\libhal_bsp.a(alt_icache_flush_all.o)
 .debug_frame   0x0000000000000290       0x20 ../CameraSystem_bsp/\libhal_bsp.a(altera_nios2_qsys_irq.o)
 .debug_frame   0x00000000000002b0       0x20 c:/altera/14.0/nios2eds/bin/gnu/h-x86_64-mingw32/bin/../lib/gcc/nios2-elf/4.7.3/../../../../../H-x86_64-mingw32/nios2-elf/lib/mno-hw-mul\libsmallc.a(lib_a-strlen.o)

.debug_str      0x0000000000000000      0x95c
 *(.debug_str)
 .debug_str     0x0000000000000000      0x198 obj/default/hello_world_small.o
                                        0x1cf (size before relaxing)
 .debug_str     0x0000000000000198      0x110 c:/altera/14.0/nios2eds/bin/gnu/h-x86_64-mingw32/bin/../lib/gcc/nios2-elf/4.7.3/mno-hw-mul\libgcc.a(lib2-divmod.o)
                                        0x167 (size before relaxing)
 .debug_str     0x00000000000002a8      0x147 ../CameraSystem_bsp/\libhal_bsp.a(alt_getchar.o)
                                        0x205 (size before relaxing)
 .debug_str     0x00000000000003ef      0x11b ../CameraSystem_bsp/\libhal_bsp.a(alt_load.o)
                                        0x20b (size before relaxing)
 .debug_str     0x000000000000050a       0x5e ../CameraSystem_bsp/\libhal_bsp.a(alt_main.o)
                                        0x184 (size before relaxing)
 .debug_str     0x0000000000000568       0x59 ../CameraSystem_bsp/\libhal_bsp.a(alt_printf.o)
                                         0xe1 (size before relaxing)
 .debug_str     0x00000000000005c1       0x34 ../CameraSystem_bsp/\libhal_bsp.a(alt_putchar.o)
                                        0x15a (size before relaxing)
 .debug_str     0x00000000000005f5       0x23 ../CameraSystem_bsp/\libhal_bsp.a(alt_putstr.o)
                                        0x166 (size before relaxing)
 .debug_str     0x0000000000000618       0x86 ../CameraSystem_bsp/\libhal_bsp.a(alt_sys_init.o)
                                        0x1f3 (size before relaxing)
 .debug_str     0x000000000000069e       0x38 ../CameraSystem_bsp/\libhal_bsp.a(altera_avalon_jtag_uart_read.o)
                                        0x1ee (size before relaxing)
 .debug_str     0x00000000000006d6       0x2c ../CameraSystem_bsp/\libhal_bsp.a(altera_avalon_jtag_uart_write.o)
                                        0x1e4 (size before relaxing)
 .debug_str     0x0000000000000702       0x1f ../CameraSystem_bsp/\libhal_bsp.a(alt_dcache_flush_all.o)
                                        0x124 (size before relaxing)
 .debug_str     0x0000000000000721      0x120 ../CameraSystem_bsp/\libhal_bsp.a(alt_dev.o)
                                        0x2d4 (size before relaxing)
 .debug_str     0x0000000000000841       0x1f ../CameraSystem_bsp/\libhal_bsp.a(alt_icache_flush_all.o)
                                        0x124 (size before relaxing)
 .debug_str     0x0000000000000860       0x20 ../CameraSystem_bsp/\libhal_bsp.a(altera_nios2_qsys_irq.o)
                                        0x12b (size before relaxing)
 .debug_str     0x0000000000000880       0xdc c:/altera/14.0/nios2eds/bin/gnu/h-x86_64-mingw32/bin/../lib/gcc/nios2-elf/4.7.3/../../../../../H-x86_64-mingw32/nios2-elf/lib/mno-hw-mul\libsmallc.a(lib_a-strlen.o)
                                        0x18e (size before relaxing)

.debug_loc      0x0000000000000000      0xb5d
 *(.debug_loc)
 .debug_loc     0x0000000000000000      0x321 obj/default/hello_world_small.o
 .debug_loc     0x0000000000000321      0x338 c:/altera/14.0/nios2eds/bin/gnu/h-x86_64-mingw32/bin/../lib/gcc/nios2-elf/4.7.3/mno-hw-mul\libgcc.a(lib2-divmod.o)
 .debug_loc     0x0000000000000659       0x40 ../CameraSystem_bsp/\libhal_bsp.a(alt_getchar.o)
 .debug_loc     0x0000000000000699       0x20 ../CameraSystem_bsp/\libhal_bsp.a(alt_load.o)
 .debug_loc     0x00000000000006b9       0x20 ../CameraSystem_bsp/\libhal_bsp.a(alt_main.o)
 .debug_loc     0x00000000000006d9      0x244 ../CameraSystem_bsp/\libhal_bsp.a(alt_printf.o)
 .debug_loc     0x000000000000091d       0x4c ../CameraSystem_bsp/\libhal_bsp.a(alt_putchar.o)
 .debug_loc     0x0000000000000969       0x57 ../CameraSystem_bsp/\libhal_bsp.a(alt_putstr.o)
 .debug_loc     0x00000000000009c0       0x41 ../CameraSystem_bsp/\libhal_bsp.a(alt_sys_init.o)
 .debug_loc     0x0000000000000a01       0xb5 ../CameraSystem_bsp/\libhal_bsp.a(altera_avalon_jtag_uart_read.o)
 .debug_loc     0x0000000000000ab6       0x7e ../CameraSystem_bsp/\libhal_bsp.a(altera_avalon_jtag_uart_write.o)
 .debug_loc     0x0000000000000b34       0x29 c:/altera/14.0/nios2eds/bin/gnu/h-x86_64-mingw32/bin/../lib/gcc/nios2-elf/4.7.3/../../../../../H-x86_64-mingw32/nios2-elf/lib/mno-hw-mul\libsmallc.a(lib_a-strlen.o)

.debug_macinfo
 *(.debug_macinfo)

.debug_weaknames
 *(.debug_weaknames)

.debug_funcnames
 *(.debug_funcnames)

.debug_typenames
 *(.debug_typenames)

.debug_varnames
 *(.debug_varnames)

.debug_alt_sim_info
                0x0000000000000000       0x10
 *(.debug_alt_sim_info)
 .debug_alt_sim_info
                0x0000000000000000       0x10 ../CameraSystem_bsp//obj/HAL/src/crt0.o
                0x0000000000002000                __alt_data_end = 0x2000
                0x0000000000002000                PROVIDE (__alt_stack_pointer, __alt_data_end)
                0x0000000000001c30                PROVIDE (__alt_stack_limit, __alt_stack_base)
                0x0000000000001c30                PROVIDE (__alt_heap_start, end)
                0x0000000000002000                PROVIDE (__alt_heap_limit, 0x2000)
OUTPUT(CameraSystem.elf elf32-littlenios2)

.debug_ranges   0x0000000000000000       0xd0
 .debug_ranges  0x0000000000000000       0x20 ../CameraSystem_bsp//obj/HAL/src/crt0.o
 .debug_ranges  0x0000000000000020       0x48 obj/default/hello_world_small.o
 .debug_ranges  0x0000000000000068       0x48 ../CameraSystem_bsp/\libhal_bsp.a(alt_load.o)
 .debug_ranges  0x00000000000000b0       0x20 ../CameraSystem_bsp/\libhal_bsp.a(altera_avalon_jtag_uart_read.o)
