Archive member included because of file (symbol)

c:/altera/14.0/nios2eds/bin/gnu/h-x86_64-mingw32/bin/../lib/gcc/nios2-elf/4.7.3/mno-hw-mul\libgcc.a(lib2-divmod.o)
                              obj/default/count_binary.o (__divsi3)
c:/altera/14.0/nios2eds/bin/gnu/h-x86_64-mingw32/bin/../lib/gcc/nios2-elf/4.7.3/../../../../../H-x86_64-mingw32/nios2-elf/lib/mno-hw-mul\libsmallc.a(lib_a-printf.o)
                              obj/default/count_binary.o (printf)
c:/altera/14.0/nios2eds/bin/gnu/h-x86_64-mingw32/bin/../lib/gcc/nios2-elf/4.7.3/../../../../../H-x86_64-mingw32/nios2-elf/lib/mno-hw-mul\libsmallc.a(lib_a-putchar.o)
                              obj/default/count_binary.o (putchar)
c:/altera/14.0/nios2eds/bin/gnu/h-x86_64-mingw32/bin/../lib/gcc/nios2-elf/4.7.3/../../../../../H-x86_64-mingw32/nios2-elf/lib/mno-hw-mul\libsmallc.a(lib_a-puts.o)
                              obj/default/count_binary.o (puts)
c:/altera/14.0/nios2eds/bin/gnu/h-x86_64-mingw32/bin/../lib/gcc/nios2-elf/4.7.3/../../../../../H-x86_64-mingw32/nios2-elf/lib/mno-hw-mul\libsmallc.a(lib_a-strlen.o)
                              c:/altera/14.0/nios2eds/bin/gnu/h-x86_64-mingw32/bin/../lib/gcc/nios2-elf/4.7.3/../../../../../H-x86_64-mingw32/nios2-elf/lib/mno-hw-mul\libsmallc.a(lib_a-puts.o) (strlen)
c:/altera/14.0/nios2eds/bin/gnu/h-x86_64-mingw32/bin/../lib/gcc/nios2-elf/4.7.3/../../../../../H-x86_64-mingw32/nios2-elf/lib/mno-hw-mul\libsmallc.a(lib_a-vfprintf.o)
                              c:/altera/14.0/nios2eds/bin/gnu/h-x86_64-mingw32/bin/../lib/gcc/nios2-elf/4.7.3/../../../../../H-x86_64-mingw32/nios2-elf/lib/mno-hw-mul\libsmallc.a(lib_a-printf.o) (___vfprintf_internal_r)
c:/altera/14.0/nios2eds/bin/gnu/h-x86_64-mingw32/bin/../lib/gcc/nios2-elf/4.7.3/../../../../../H-x86_64-mingw32/nios2-elf/lib/mno-hw-mul\libsmallc.a(lib_a-fvwrite_small_dev.o)
                              c:/altera/14.0/nios2eds/bin/gnu/h-x86_64-mingw32/bin/../lib/gcc/nios2-elf/4.7.3/../../../../../H-x86_64-mingw32/nios2-elf/lib/mno-hw-mul\libsmallc.a(lib_a-printf.o) (__sfvwrite_small_dev)
c:/altera/14.0/nios2eds/bin/gnu/h-x86_64-mingw32/bin/../lib/gcc/nios2-elf/4.7.3/../../../../../H-x86_64-mingw32/nios2-elf/lib/mno-hw-mul\libsmallc.a(lib_a-impure.o)
                              c:/altera/14.0/nios2eds/bin/gnu/h-x86_64-mingw32/bin/../lib/gcc/nios2-elf/4.7.3/../../../../../H-x86_64-mingw32/nios2-elf/lib/mno-hw-mul\libsmallc.a(lib_a-printf.o) (_impure_ptr)
c:/altera/14.0/nios2eds/bin/gnu/h-x86_64-mingw32/bin/../lib/gcc/nios2-elf/4.7.3/../../../../../H-x86_64-mingw32/nios2-elf/lib/mno-hw-mul\libsmallc.a(lib_a-putc.o)
                              c:/altera/14.0/nios2eds/bin/gnu/h-x86_64-mingw32/bin/../lib/gcc/nios2-elf/4.7.3/../../../../../H-x86_64-mingw32/nios2-elf/lib/mno-hw-mul\libsmallc.a(lib_a-putchar.o) (_putc_r)
c:/altera/14.0/nios2eds/bin/gnu/h-x86_64-mingw32/bin/../lib/gcc/nios2-elf/4.7.3/../../../../../H-x86_64-mingw32/nios2-elf/lib/mno-hw-mul\libsmallc.a(lib_a-writer.o)
                              c:/altera/14.0/nios2eds/bin/gnu/h-x86_64-mingw32/bin/../lib/gcc/nios2-elf/4.7.3/../../../../../H-x86_64-mingw32/nios2-elf/lib/mno-hw-mul\libsmallc.a(lib_a-fvwrite_small_dev.o) (_write_r)
c:/altera/14.0/nios2eds/bin/gnu/h-x86_64-mingw32/bin/../lib/gcc/nios2-elf/4.7.3/../../../../../H-x86_64-mingw32/nios2-elf/lib/mno-hw-mul\libsmallc.a(lib_a-int_errno.o)
                              c:/altera/14.0/nios2eds/bin/gnu/h-x86_64-mingw32/bin/../lib/gcc/nios2-elf/4.7.3/../../../../../H-x86_64-mingw32/nios2-elf/lib/mno-hw-mul\libsmallc.a(lib_a-writer.o) (errno)
c:/altera/14.0/nios2eds/bin/gnu/h-x86_64-mingw32/bin/../lib/gcc/nios2-elf/4.7.3/mno-hw-mul\libgcc.a(lib2-mul.o)
                              c:/altera/14.0/nios2eds/bin/gnu/h-x86_64-mingw32/bin/../lib/gcc/nios2-elf/4.7.3/../../../../../H-x86_64-mingw32/nios2-elf/lib/mno-hw-mul\libsmallc.a(lib_a-vfprintf.o) (__mulsi3)
../count_binary3_bsp/\libhal_bsp.a(alt_load.o)
                              ../count_binary3_bsp//obj/HAL/src/crt0.o (alt_load)
../count_binary3_bsp/\libhal_bsp.a(alt_main.o)
                              ../count_binary3_bsp//obj/HAL/src/crt0.o (alt_main)
../count_binary3_bsp/\libhal_bsp.a(alt_usleep.o)
                              obj/default/count_binary.o (usleep)
../count_binary3_bsp/\libhal_bsp.a(alt_write.o)
                              c:/altera/14.0/nios2eds/bin/gnu/h-x86_64-mingw32/bin/../lib/gcc/nios2-elf/4.7.3/../../../../../H-x86_64-mingw32/nios2-elf/lib/mno-hw-mul\libsmallc.a(lib_a-writer.o) (write)
../count_binary3_bsp/\libhal_bsp.a(alt_sys_init.o)
                              ../count_binary3_bsp/\libhal_bsp.a(alt_main.o) (alt_irq_init)
../count_binary3_bsp/\libhal_bsp.a(altera_avalon_jtag_uart_fd.o)
                              ../count_binary3_bsp/\libhal_bsp.a(alt_sys_init.o) (altera_avalon_jtag_uart_read_fd)
../count_binary3_bsp/\libhal_bsp.a(altera_avalon_jtag_uart_read.o)
                              ../count_binary3_bsp/\libhal_bsp.a(altera_avalon_jtag_uart_fd.o) (altera_avalon_jtag_uart_read)
../count_binary3_bsp/\libhal_bsp.a(altera_avalon_jtag_uart_write.o)
                              ../count_binary3_bsp/\libhal_bsp.a(altera_avalon_jtag_uart_fd.o) (altera_avalon_jtag_uart_write)
../count_binary3_bsp/\libhal_bsp.a(alt_busy_sleep.o)
                              ../count_binary3_bsp/\libhal_bsp.a(alt_usleep.o) (alt_busy_sleep)
../count_binary3_bsp/\libhal_bsp.a(alt_close.o)
                              ../count_binary3_bsp/\libhal_bsp.a(alt_main.o) (close)
../count_binary3_bsp/\libhal_bsp.a(alt_dcache_flush_all.o)
                              ../count_binary3_bsp/\libhal_bsp.a(alt_load.o) (alt_dcache_flush_all)
../count_binary3_bsp/\libhal_bsp.a(alt_dev.o)
                              ../count_binary3_bsp/\libhal_bsp.a(alt_sys_init.o) (alt_dev_list)
../count_binary3_bsp/\libhal_bsp.a(alt_dev_llist_insert.o)
                              ../count_binary3_bsp/\libhal_bsp.a(alt_sys_init.o) (alt_dev_llist_insert)
../count_binary3_bsp/\libhal_bsp.a(alt_errno.o)
                              ../count_binary3_bsp/\libhal_bsp.a(alt_write.o) (alt_errno)
../count_binary3_bsp/\libhal_bsp.a(alt_icache_flush_all.o)
                              ../count_binary3_bsp/\libhal_bsp.a(alt_load.o) (alt_icache_flush_all)
../count_binary3_bsp/\libhal_bsp.a(alt_io_redirect.o)
                              ../count_binary3_bsp/\libhal_bsp.a(alt_main.o) (alt_io_redirect)
../count_binary3_bsp/\libhal_bsp.a(alt_open.o)
                              ../count_binary3_bsp/\libhal_bsp.a(alt_io_redirect.o) (open)
../count_binary3_bsp/\libhal_bsp.a(alt_release_fd.o)
                              ../count_binary3_bsp/\libhal_bsp.a(alt_close.o) (alt_release_fd)
../count_binary3_bsp/\libhal_bsp.a(altera_nios2_qsys_irq.o)
                              ../count_binary3_bsp/\libhal_bsp.a(alt_sys_init.o) (altera_nios2_qsys_irq_init)
../count_binary3_bsp/\libhal_bsp.a(alt_find_dev.o)
                              ../count_binary3_bsp/\libhal_bsp.a(alt_open.o) (alt_find_dev)
../count_binary3_bsp/\libhal_bsp.a(alt_find_file.o)
                              ../count_binary3_bsp/\libhal_bsp.a(alt_open.o) (alt_find_file)
../count_binary3_bsp/\libhal_bsp.a(alt_get_fd.o)
                              ../count_binary3_bsp/\libhal_bsp.a(alt_open.o) (alt_get_fd)
c:/altera/14.0/nios2eds/bin/gnu/h-x86_64-mingw32/bin/../lib/gcc/nios2-elf/4.7.3/../../../../../H-x86_64-mingw32/nios2-elf/lib/mno-hw-mul\libsmallc.a(lib_a-exit.o)
                              ../count_binary3_bsp/\libhal_bsp.a(alt_main.o) (exit)
c:/altera/14.0/nios2eds/bin/gnu/h-x86_64-mingw32/bin/../lib/gcc/nios2-elf/4.7.3/../../../../../H-x86_64-mingw32/nios2-elf/lib/mno-hw-mul\libsmallc.a(lib_a-memcmp.o)
                              ../count_binary3_bsp/\libhal_bsp.a(alt_find_dev.o) (memcmp)
c:/altera/14.0/nios2eds/bin/gnu/h-x86_64-mingw32/bin/../lib/gcc/nios2-elf/4.7.3/../../../../../H-x86_64-mingw32/nios2-elf/lib/mno-hw-mul\libsmallc.a(lib_a-__call_atexit.o)
                              c:/altera/14.0/nios2eds/bin/gnu/h-x86_64-mingw32/bin/../lib/gcc/nios2-elf/4.7.3/../../../../../H-x86_64-mingw32/nios2-elf/lib/mno-hw-mul\libsmallc.a(lib_a-exit.o) (__call_exitprocs)
../count_binary3_bsp/\libhal_bsp.a(alt_exit.o)
                              c:/altera/14.0/nios2eds/bin/gnu/h-x86_64-mingw32/bin/../lib/gcc/nios2-elf/4.7.3/../../../../../H-x86_64-mingw32/nios2-elf/lib/mno-hw-mul\libsmallc.a(lib_a-exit.o) (_exit)

Allocating common symbols
Common symbol       size              file

edge_capture        0x4               obj/default/count_binary.o
errno               0x4               c:/altera/14.0/nios2eds/bin/gnu/h-x86_64-mingw32/bin/../lib/gcc/nios2-elf/4.7.3/../../../../../H-x86_64-mingw32/nios2-elf/lib/mno-hw-mul\libsmallc.a(lib_a-int_errno.o)

Memory Configuration

Name             Origin             Length             Attributes
reset            0x0000000000001000 0x0000000000000020
onchip_memory    0x0000000000001020 0x0000000000000fe0
*default*        0x0000000000000000 0xffffffffffffffff

Linker script and memory map

LOAD ../count_binary3_bsp//obj/HAL/src/crt0.o
LOAD obj/default/count_binary.o
LOAD c:/altera/14.0/nios2eds/bin/gnu/h-x86_64-mingw32/bin/../lib/gcc/nios2-elf/4.7.3/../../../../../H-x86_64-mingw32/nios2-elf/lib/mno-hw-mul\libstdc++.a
LOAD c:/altera/14.0/nios2eds/bin/gnu/h-x86_64-mingw32/bin/../lib/gcc/nios2-elf/4.7.3/../../../../../H-x86_64-mingw32/nios2-elf/lib/mno-hw-mul\libm.a
LOAD c:/altera/14.0/nios2eds/bin/gnu/h-x86_64-mingw32/bin/../lib/gcc/nios2-elf/4.7.3/mno-hw-mul\libgcc.a
START GROUP
LOAD c:/altera/14.0/nios2eds/bin/gnu/h-x86_64-mingw32/bin/../lib/gcc/nios2-elf/4.7.3/../../../../../H-x86_64-mingw32/nios2-elf/lib/mno-hw-mul\libsmallc.a
LOAD c:/altera/14.0/nios2eds/bin/gnu/h-x86_64-mingw32/bin/../lib/gcc/nios2-elf/4.7.3/mno-hw-mul\libgcc.a
LOAD ../count_binary3_bsp/\libhal_bsp.a
END GROUP
LOAD c:/altera/14.0/nios2eds/bin/gnu/h-x86_64-mingw32/bin/../lib/gcc/nios2-elf/4.7.3/mno-hw-mul\libgcc.a
                0x0000000000001000                __alt_mem_onchip_memory = 0x1000

.entry          0x0000000000001000       0x20
 *(.entry)
 .entry         0x0000000000001000       0x20 ../count_binary3_bsp//obj/HAL/src/crt0.o
                0x0000000000001000                __reset

.exceptions     0x0000000000001020        0x0
                0x0000000000001020                PROVIDE (__ram_exceptions_start, ABSOLUTE (.))
                0x0000000000001020                . = ALIGN (0x20)
 *(.irq)
 *(.exceptions.entry.label)
 *(.exceptions.entry.user)
 *(.exceptions.entry.ecc_fatal)
 *(.exceptions.entry)
 *(.exceptions.irqtest.user)
 *(.exceptions.irqtest)
 *(.exceptions.irqhandler.user)
 *(.exceptions.irqhandler)
 *(.exceptions.irqreturn.user)
 *(.exceptions.irqreturn)
 *(.exceptions.notirq.label)
 *(.exceptions.notirq.user)
 *(.exceptions.notirq)
 *(.exceptions.soft.user)
 *(.exceptions.soft)
 *(.exceptions.unknown.user)
 *(.exceptions.unknown)
 *(.exceptions.exit.label)
 *(.exceptions.exit.user)
 *(.exceptions.exit)
 *(.exceptions)
                0x0000000000001020                PROVIDE (__ram_exceptions_end, ABSOLUTE (.))
                0x0000000000001020                PROVIDE (__flash_exceptions_start, LOADADDR (.exceptions))

.text           0x0000000000001020     0x22ac
                0x0000000000001020                PROVIDE (stext, ABSOLUTE (.))
 *(.interp)
 *(.hash)
 *(.dynsym)
 *(.dynstr)
 *(.gnu.version)
 *(.gnu.version_d)
 *(.gnu.version_r)
 *(.rel.init)
 *(.rela.init)
 *(.rel.text .rel.text.* .rel.gnu.linkonce.t.*)
 *(.rela.text .rela.text.* .rela.gnu.linkonce.t.*)
 *(.rel.fini)
 *(.rela.fini)
 *(.rel.rodata .rel.rodata.* .rel.gnu.linkonce.r.*)
 *(.rela.rodata .rela.rodata.* .rela.gnu.linkonce.r.*)
 *(.rel.data .rel.data.* .rel.gnu.linkonce.d.*)
 *(.rela.data .rela.data.* .rela.gnu.linkonce.d.*)
 *(.rel.tdata .rel.tdata.* .rel.gnu.linkonce.td.*)
 *(.rela.tdata .rela.tdata.* .rela.gnu.linkonce.td.*)
 *(.rel.tbss .rel.tbss.* .rel.gnu.linkonce.tb.*)
 *(.rela.tbss .rela.tbss.* .rela.gnu.linkonce.tb.*)
 *(.rel.ctors)
 *(.rela.ctors)
 *(.rel.dtors)
 *(.rela.dtors)
 *(.rel.got)
 *(.rela.got)
 *(.rel.sdata .rel.sdata.* .rel.gnu.linkonce.s.*)
 *(.rela.sdata .rela.sdata.* .rela.gnu.linkonce.s.*)
 *(.rel.sbss .rel.sbss.* .rel.gnu.linkonce.sb.*)
 *(.rela.sbss .rela.sbss.* .rela.gnu.linkonce.sb.*)
 *(.rel.sdata2 .rel.sdata2.* .rel.gnu.linkonce.s2.*)
 *(.rela.sdata2 .rela.sdata2.* .rela.gnu.linkonce.s2.*)
 *(.rel.sbss2 .rel.sbss2.* .rel.gnu.linkonce.sb2.*)
 *(.rela.sbss2 .rela.sbss2.* .rela.gnu.linkonce.sb2.*)
 *(.rel.bss .rel.bss.* .rel.gnu.linkonce.b.*)
 *(.rela.bss .rela.bss.* .rela.gnu.linkonce.b.*)
 *(.rel.plt)
 *(.rela.plt)
 *(.rel.dyn)
 *(.init)
 *(.plt)
 *(.text .stub .text.* .gnu.linkonce.t.*)
 .text          0x0000000000001020       0x3c ../count_binary3_bsp//obj/HAL/src/crt0.o
                0x0000000000001020                _start
 .text          0x000000000000105c      0x35c obj/default/count_binary.o
                0x00000000000012b8                main
 .text          0x00000000000013b8      0x130 c:/altera/14.0/nios2eds/bin/gnu/h-x86_64-mingw32/bin/../lib/gcc/nios2-elf/4.7.3/mno-hw-mul\libgcc.a(lib2-divmod.o)
                0x000000000000142c                __divsi3
                0x000000000000147c                __modsi3
                0x00000000000014d8                __udivsi3
                0x00000000000014e0                __umodsi3
 .text          0x00000000000014e8       0x88 c:/altera/14.0/nios2eds/bin/gnu/h-x86_64-mingw32/bin/../lib/gcc/nios2-elf/4.7.3/../../../../../H-x86_64-mingw32/nios2-elf/lib/mno-hw-mul\libsmallc.a(lib_a-printf.o)
                0x00000000000014e8                _printf_r
                0x0000000000001524                printf
 .text          0x0000000000001570       0x24 c:/altera/14.0/nios2eds/bin/gnu/h-x86_64-mingw32/bin/../lib/gcc/nios2-elf/4.7.3/../../../../../H-x86_64-mingw32/nios2-elf/lib/mno-hw-mul\libsmallc.a(lib_a-putchar.o)
                0x0000000000001570                _putchar_r
                0x0000000000001578                putchar
 .text          0x0000000000001594       0x94 c:/altera/14.0/nios2eds/bin/gnu/h-x86_64-mingw32/bin/../lib/gcc/nios2-elf/4.7.3/../../../../../H-x86_64-mingw32/nios2-elf/lib/mno-hw-mul\libsmallc.a(lib_a-puts.o)
                0x0000000000001594                _puts_r
                0x0000000000001614                puts
 .text          0x0000000000001628       0x28 c:/altera/14.0/nios2eds/bin/gnu/h-x86_64-mingw32/bin/../lib/gcc/nios2-elf/4.7.3/../../../../../H-x86_64-mingw32/nios2-elf/lib/mno-hw-mul\libsmallc.a(lib_a-strlen.o)
                0x0000000000001628                strlen
 .text          0x0000000000001650      0x758 c:/altera/14.0/nios2eds/bin/gnu/h-x86_64-mingw32/bin/../lib/gcc/nios2-elf/4.7.3/../../../../../H-x86_64-mingw32/nios2-elf/lib/mno-hw-mul\libsmallc.a(lib_a-vfprintf.o)
                0x0000000000001650                ___vfprintf_internal_r
                0x0000000000001d84                __vfprintf_internal
 .text          0x0000000000001da8       0xe0 c:/altera/14.0/nios2eds/bin/gnu/h-x86_64-mingw32/bin/../lib/gcc/nios2-elf/4.7.3/../../../../../H-x86_64-mingw32/nios2-elf/lib/mno-hw-mul\libsmallc.a(lib_a-fvwrite_small_dev.o)
                0x0000000000001da8                __sfvwrite_small_dev
 .text          0x0000000000001e88        0x0 c:/altera/14.0/nios2eds/bin/gnu/h-x86_64-mingw32/bin/../lib/gcc/nios2-elf/4.7.3/../../../../../H-x86_64-mingw32/nios2-elf/lib/mno-hw-mul\libsmallc.a(lib_a-impure.o)
 .text          0x0000000000001e88       0xbc c:/altera/14.0/nios2eds/bin/gnu/h-x86_64-mingw32/bin/../lib/gcc/nios2-elf/4.7.3/../../../../../H-x86_64-mingw32/nios2-elf/lib/mno-hw-mul\libsmallc.a(lib_a-putc.o)
                0x0000000000001e88                putc
                0x0000000000001ee4                _putc_r
 .text          0x0000000000001f44       0x6c c:/altera/14.0/nios2eds/bin/gnu/h-x86_64-mingw32/bin/../lib/gcc/nios2-elf/4.7.3/../../../../../H-x86_64-mingw32/nios2-elf/lib/mno-hw-mul\libsmallc.a(lib_a-writer.o)
                0x0000000000001f44                _write_r
 .text          0x0000000000001fb0        0x0 c:/altera/14.0/nios2eds/bin/gnu/h-x86_64-mingw32/bin/../lib/gcc/nios2-elf/4.7.3/../../../../../H-x86_64-mingw32/nios2-elf/lib/mno-hw-mul\libsmallc.a(lib_a-int_errno.o)
 .text          0x0000000000001fb0       0x28 c:/altera/14.0/nios2eds/bin/gnu/h-x86_64-mingw32/bin/../lib/gcc/nios2-elf/4.7.3/mno-hw-mul\libgcc.a(lib2-mul.o)
                0x0000000000001fb0                __mulsi3
 .text          0x0000000000001fd8       0xec ../count_binary3_bsp/\libhal_bsp.a(alt_load.o)
                0x0000000000002044                alt_load
 .text          0x00000000000020c4       0x68 ../count_binary3_bsp/\libhal_bsp.a(alt_main.o)
                0x00000000000020c4                alt_main
 .text          0x000000000000212c       0x30 ../count_binary3_bsp/\libhal_bsp.a(alt_usleep.o)
                0x000000000000212c                usleep
 .text          0x000000000000215c      0x140 ../count_binary3_bsp/\libhal_bsp.a(alt_write.o)
                0x00000000000021ac                write
 .text          0x000000000000229c       0x9c ../count_binary3_bsp/\libhal_bsp.a(alt_sys_init.o)
                0x00000000000022d4                alt_irq_init
                0x0000000000002308                alt_sys_init
 .text          0x0000000000002338       0xc0 ../count_binary3_bsp/\libhal_bsp.a(altera_avalon_jtag_uart_fd.o)
                0x0000000000002338                altera_avalon_jtag_uart_read_fd
                0x0000000000002398                altera_avalon_jtag_uart_write_fd
 .text          0x00000000000023f8       0xf4 ../count_binary3_bsp/\libhal_bsp.a(altera_avalon_jtag_uart_read.o)
                0x00000000000023f8                altera_avalon_jtag_uart_read
 .text          0x00000000000024ec       0x98 ../count_binary3_bsp/\libhal_bsp.a(altera_avalon_jtag_uart_write.o)
                0x00000000000024ec                altera_avalon_jtag_uart_write
 .text          0x0000000000002584      0x154 ../count_binary3_bsp/\libhal_bsp.a(alt_busy_sleep.o)
                0x0000000000002584                alt_busy_sleep
 .text          0x00000000000026d8      0x11c ../count_binary3_bsp/\libhal_bsp.a(alt_close.o)
                0x0000000000002728                close
 .text          0x00000000000027f4       0x1c ../count_binary3_bsp/\libhal_bsp.a(alt_dcache_flush_all.o)
                0x00000000000027f4                alt_dcache_flush_all
 .text          0x0000000000002810       0x2c ../count_binary3_bsp/\libhal_bsp.a(alt_dev.o)
 .text          0x000000000000283c       0xf0 ../count_binary3_bsp/\libhal_bsp.a(alt_dev_llist_insert.o)
                0x000000000000288c                alt_dev_llist_insert
 .text          0x000000000000292c        0x0 ../count_binary3_bsp/\libhal_bsp.a(alt_errno.o)
 .text          0x000000000000292c       0x1c ../count_binary3_bsp/\libhal_bsp.a(alt_icache_flush_all.o)
                0x000000000000292c                alt_icache_flush_all
 .text          0x0000000000002948      0x158 ../count_binary3_bsp/\libhal_bsp.a(alt_io_redirect.o)
                0x0000000000002a28                alt_io_redirect
 .text          0x0000000000002aa0      0x298 ../count_binary3_bsp/\libhal_bsp.a(alt_open.o)
                0x0000000000002be0                open
 .text          0x0000000000002d38       0x80 ../count_binary3_bsp/\libhal_bsp.a(alt_release_fd.o)
                0x0000000000002d38                alt_release_fd
 .text          0x0000000000002db8       0x20 ../count_binary3_bsp/\libhal_bsp.a(altera_nios2_qsys_irq.o)
                0x0000000000002db8                altera_nios2_qsys_irq_init
 .text          0x0000000000002dd8       0x90 ../count_binary3_bsp/\libhal_bsp.a(alt_find_dev.o)
                0x0000000000002dd8                alt_find_dev
 .text          0x0000000000002e68      0x114 ../count_binary3_bsp/\libhal_bsp.a(alt_find_file.o)
                0x0000000000002e68                alt_find_file
 .text          0x0000000000002f7c       0xd4 ../count_binary3_bsp/\libhal_bsp.a(alt_get_fd.o)
                0x0000000000002f7c                alt_get_fd
 .text          0x0000000000003050       0x20 c:/altera/14.0/nios2eds/bin/gnu/h-x86_64-mingw32/bin/../lib/gcc/nios2-elf/4.7.3/../../../../../H-x86_64-mingw32/nios2-elf/lib/mno-hw-mul\libsmallc.a(lib_a-exit.o)
                0x0000000000003050                exit
 .text          0x0000000000003070       0x48 c:/altera/14.0/nios2eds/bin/gnu/h-x86_64-mingw32/bin/../lib/gcc/nios2-elf/4.7.3/../../../../../H-x86_64-mingw32/nios2-elf/lib/mno-hw-mul\libsmallc.a(lib_a-memcmp.o)
                0x0000000000003070                memcmp
 .text          0x00000000000030b8      0x1d8 c:/altera/14.0/nios2eds/bin/gnu/h-x86_64-mingw32/bin/../lib/gcc/nios2-elf/4.7.3/../../../../../H-x86_64-mingw32/nios2-elf/lib/mno-hw-mul\libsmallc.a(lib_a-__call_atexit.o)
                0x00000000000030b8                __call_exitprocs
 .text          0x0000000000003290       0x3c ../count_binary3_bsp/\libhal_bsp.a(alt_exit.o)
                0x0000000000003290                _exit
 *(.gnu.warning.*)
 *(.fini)
                0x00000000000032cc                PROVIDE (__etext, ABSOLUTE (.))
                0x00000000000032cc                PROVIDE (_etext, ABSOLUTE (.))
                0x00000000000032cc                PROVIDE (etext, ABSOLUTE (.))
 *(.eh_frame_hdr)
                0x00000000000032cc                . = ALIGN (0x4)
                0x00000000000032cc                PROVIDE (__preinit_array_start, ABSOLUTE (.))
 *(.preinit_array)
                0x00000000000032cc                PROVIDE (__preinit_array_end, ABSOLUTE (.))
                0x00000000000032cc                PROVIDE (__init_array_start, ABSOLUTE (.))
 *(.init_array)
                0x00000000000032cc                PROVIDE (__init_array_end, ABSOLUTE (.))
                0x00000000000032cc                PROVIDE (__fini_array_start, ABSOLUTE (.))
 *(.fini_array)
                0x00000000000032cc                PROVIDE (__fini_array_end, ABSOLUTE (.))
 *(.eh_frame)
 *(.gcc_except_table .gcc_except_table.*)
 *(.dynamic)
                0x00000000000032cc                PROVIDE (__CTOR_LIST__, ABSOLUTE (.))
 *(.ctors)
 *(SORT(.ctors.*))
                0x00000000000032cc                PROVIDE (__CTOR_END__, ABSOLUTE (.))
                0x00000000000032cc                PROVIDE (__DTOR_LIST__, ABSOLUTE (.))
 *(.dtors)
 *(SORT(.dtors.*))
                0x00000000000032cc                PROVIDE (__DTOR_END__, ABSOLUTE (.))
 *(.jcr)
                0x00000000000032cc                . = ALIGN (0x4)

.rodata         0x00000000000032cc      0x110
                0x00000000000032cc                PROVIDE (__ram_rodata_start, ABSOLUTE (.))
                0x00000000000032cc                . = ALIGN (0x4)
 *(.rodata .rodata.* .gnu.linkonce.r.*)
 .rodata        0x00000000000032cc       0xe0 obj/default/count_binary.o
 .rodata.str1.4
                0x00000000000033ac        0x4 c:/altera/14.0/nios2eds/bin/gnu/h-x86_64-mingw32/bin/../lib/gcc/nios2-elf/4.7.3/../../../../../H-x86_64-mingw32/nios2-elf/lib/mno-hw-mul\libsmallc.a(lib_a-puts.o)
 .rodata        0x00000000000033b0       0x10 ../count_binary3_bsp/\libhal_bsp.a(alt_main.o)
 .rodata        0x00000000000033c0       0x10 ../count_binary3_bsp/\libhal_bsp.a(alt_sys_init.o)
 .rodata        0x00000000000033d0        0xc ../count_binary3_bsp/\libhal_bsp.a(alt_dev.o)
 *(.rodata1)
                0x00000000000033dc                . = ALIGN (0x4)
                0x00000000000033dc                PROVIDE (__ram_rodata_end, ABSOLUTE (.))
                0x00000000000032cc                PROVIDE (__flash_rodata_start, LOADADDR (.rodata))

.rwdata         0x00000000000033dc      0x2d4 load address 0x00000000000036b0
                0x00000000000033dc                PROVIDE (__ram_rwdata_start, ABSOLUTE (.))
                0x00000000000033dc                . = ALIGN (0x4)
 *(.got.plt)
 *(.got)
 *(.data1)
 *(.data .data.* .gnu.linkonce.d.*)
 .data          0x00000000000033dc        0x0 ../count_binary3_bsp//obj/HAL/src/crt0.o
 .data          0x00000000000033dc        0x0 obj/default/count_binary.o
 .data          0x00000000000033dc        0x0 c:/altera/14.0/nios2eds/bin/gnu/h-x86_64-mingw32/bin/../lib/gcc/nios2-elf/4.7.3/mno-hw-mul\libgcc.a(lib2-divmod.o)
 .data          0x00000000000033dc        0x0 c:/altera/14.0/nios2eds/bin/gnu/h-x86_64-mingw32/bin/../lib/gcc/nios2-elf/4.7.3/../../../../../H-x86_64-mingw32/nios2-elf/lib/mno-hw-mul\libsmallc.a(lib_a-printf.o)
 .data          0x00000000000033dc        0x0 c:/altera/14.0/nios2eds/bin/gnu/h-x86_64-mingw32/bin/../lib/gcc/nios2-elf/4.7.3/../../../../../H-x86_64-mingw32/nios2-elf/lib/mno-hw-mul\libsmallc.a(lib_a-putchar.o)
 .data          0x00000000000033dc        0x0 c:/altera/14.0/nios2eds/bin/gnu/h-x86_64-mingw32/bin/../lib/gcc/nios2-elf/4.7.3/../../../../../H-x86_64-mingw32/nios2-elf/lib/mno-hw-mul\libsmallc.a(lib_a-puts.o)
 .data          0x00000000000033dc        0x0 c:/altera/14.0/nios2eds/bin/gnu/h-x86_64-mingw32/bin/../lib/gcc/nios2-elf/4.7.3/../../../../../H-x86_64-mingw32/nios2-elf/lib/mno-hw-mul\libsmallc.a(lib_a-strlen.o)
 .data          0x00000000000033dc        0x0 c:/altera/14.0/nios2eds/bin/gnu/h-x86_64-mingw32/bin/../lib/gcc/nios2-elf/4.7.3/../../../../../H-x86_64-mingw32/nios2-elf/lib/mno-hw-mul\libsmallc.a(lib_a-vfprintf.o)
 .data          0x00000000000033dc        0x0 c:/altera/14.0/nios2eds/bin/gnu/h-x86_64-mingw32/bin/../lib/gcc/nios2-elf/4.7.3/../../../../../H-x86_64-mingw32/nios2-elf/lib/mno-hw-mul\libsmallc.a(lib_a-fvwrite_small_dev.o)
 .data          0x00000000000033dc       0xe0 c:/altera/14.0/nios2eds/bin/gnu/h-x86_64-mingw32/bin/../lib/gcc/nios2-elf/4.7.3/../../../../../H-x86_64-mingw32/nios2-elf/lib/mno-hw-mul\libsmallc.a(lib_a-impure.o)
 .data          0x00000000000034bc        0x0 c:/altera/14.0/nios2eds/bin/gnu/h-x86_64-mingw32/bin/../lib/gcc/nios2-elf/4.7.3/../../../../../H-x86_64-mingw32/nios2-elf/lib/mno-hw-mul\libsmallc.a(lib_a-putc.o)
 .data          0x00000000000034bc        0x0 c:/altera/14.0/nios2eds/bin/gnu/h-x86_64-mingw32/bin/../lib/gcc/nios2-elf/4.7.3/../../../../../H-x86_64-mingw32/nios2-elf/lib/mno-hw-mul\libsmallc.a(lib_a-writer.o)
 .data          0x00000000000034bc        0x0 c:/altera/14.0/nios2eds/bin/gnu/h-x86_64-mingw32/bin/../lib/gcc/nios2-elf/4.7.3/../../../../../H-x86_64-mingw32/nios2-elf/lib/mno-hw-mul\libsmallc.a(lib_a-int_errno.o)
 .data          0x00000000000034bc        0x0 c:/altera/14.0/nios2eds/bin/gnu/h-x86_64-mingw32/bin/../lib/gcc/nios2-elf/4.7.3/mno-hw-mul\libgcc.a(lib2-mul.o)
 .data          0x00000000000034bc        0x0 ../count_binary3_bsp/\libhal_bsp.a(alt_load.o)
 .data          0x00000000000034bc        0x0 ../count_binary3_bsp/\libhal_bsp.a(alt_main.o)
 .data          0x00000000000034bc        0x0 ../count_binary3_bsp/\libhal_bsp.a(alt_usleep.o)
 .data          0x00000000000034bc        0x0 ../count_binary3_bsp/\libhal_bsp.a(alt_write.o)
 .data          0x00000000000034bc       0x2c ../count_binary3_bsp/\libhal_bsp.a(alt_sys_init.o)
 .data          0x00000000000034e8        0x0 ../count_binary3_bsp/\libhal_bsp.a(altera_avalon_jtag_uart_fd.o)
 .data          0x00000000000034e8        0x0 ../count_binary3_bsp/\libhal_bsp.a(altera_avalon_jtag_uart_read.o)
 .data          0x00000000000034e8        0x0 ../count_binary3_bsp/\libhal_bsp.a(altera_avalon_jtag_uart_write.o)
 .data          0x00000000000034e8        0x0 ../count_binary3_bsp/\libhal_bsp.a(alt_busy_sleep.o)
 .data          0x00000000000034e8        0x0 ../count_binary3_bsp/\libhal_bsp.a(alt_close.o)
 .data          0x00000000000034e8        0x0 ../count_binary3_bsp/\libhal_bsp.a(alt_dcache_flush_all.o)
 .data          0x00000000000034e8      0x1a8 ../count_binary3_bsp/\libhal_bsp.a(alt_dev.o)
                0x00000000000034e8                alt_dev_null
                0x0000000000003510                alt_fd_list
 .data          0x0000000000003690        0x0 ../count_binary3_bsp/\libhal_bsp.a(alt_dev_llist_insert.o)
 .data          0x0000000000003690        0x0 ../count_binary3_bsp/\libhal_bsp.a(alt_errno.o)
 .data          0x0000000000003690        0x0 ../count_binary3_bsp/\libhal_bsp.a(alt_icache_flush_all.o)
 .data          0x0000000000003690        0x0 ../count_binary3_bsp/\libhal_bsp.a(alt_io_redirect.o)
 .data          0x0000000000003690        0x0 ../count_binary3_bsp/\libhal_bsp.a(alt_open.o)
 .data          0x0000000000003690        0x0 ../count_binary3_bsp/\libhal_bsp.a(alt_release_fd.o)
 .data          0x0000000000003690        0x0 ../count_binary3_bsp/\libhal_bsp.a(altera_nios2_qsys_irq.o)
 .data          0x0000000000003690        0x0 ../count_binary3_bsp/\libhal_bsp.a(alt_find_dev.o)
 .data          0x0000000000003690        0x0 ../count_binary3_bsp/\libhal_bsp.a(alt_find_file.o)
 .data          0x0000000000003690        0x0 ../count_binary3_bsp/\libhal_bsp.a(alt_get_fd.o)
 .data          0x0000000000003690        0x0 c:/altera/14.0/nios2eds/bin/gnu/h-x86_64-mingw32/bin/../lib/gcc/nios2-elf/4.7.3/../../../../../H-x86_64-mingw32/nios2-elf/lib/mno-hw-mul\libsmallc.a(lib_a-exit.o)
 .data          0x0000000000003690        0x0 c:/altera/14.0/nios2eds/bin/gnu/h-x86_64-mingw32/bin/../lib/gcc/nios2-elf/4.7.3/../../../../../H-x86_64-mingw32/nios2-elf/lib/mno-hw-mul\libsmallc.a(lib_a-memcmp.o)
 .data          0x0000000000003690        0x0 c:/altera/14.0/nios2eds/bin/gnu/h-x86_64-mingw32/bin/../lib/gcc/nios2-elf/4.7.3/../../../../../H-x86_64-mingw32/nios2-elf/lib/mno-hw-mul\libsmallc.a(lib_a-__call_atexit.o)
 .data          0x0000000000003690        0x0 ../count_binary3_bsp/\libhal_bsp.a(alt_exit.o)
                0x000000000000b690                _gp = ABSOLUTE ((. + 0x8000))
                0x000000000000b690                PROVIDE (gp, _gp)
 *(.rwdata .rwdata.*)
 *(.sdata .sdata.* .gnu.linkonce.s.*)
 .sdata         0x0000000000003690        0x8 c:/altera/14.0/nios2eds/bin/gnu/h-x86_64-mingw32/bin/../lib/gcc/nios2-elf/4.7.3/../../../../../H-x86_64-mingw32/nios2-elf/lib/mno-hw-mul\libsmallc.a(lib_a-impure.o)
                0x0000000000003690                _global_impure_ptr
                0x0000000000003694                _impure_ptr
 .sdata         0x0000000000003698       0x14 ../count_binary3_bsp/\libhal_bsp.a(alt_dev.o)
                0x0000000000003698                alt_fs_list
                0x00000000000036a0                alt_dev_list
                0x00000000000036a8                alt_max_fd
 .sdata         0x00000000000036ac        0x4 ../count_binary3_bsp/\libhal_bsp.a(alt_errno.o)
                0x00000000000036ac                alt_errno
 *(.sdata2 .sdata2.* .gnu.linkonce.s2.*)
                0x00000000000036b0                . = ALIGN (0x4)
                0x00000000000036b0                _edata = ABSOLUTE (.)
                0x00000000000036b0                PROVIDE (edata, ABSOLUTE (.))
                0x00000000000036b0                PROVIDE (__ram_rwdata_end, ABSOLUTE (.))
                0x00000000000036b0                PROVIDE (__flash_rwdata_start, LOADADDR (.rwdata))

.bss            0x0000000000003984       0x18
                0x0000000000003984                __bss_start = ABSOLUTE (.)
                0x0000000000003984                PROVIDE (__sbss_start, ABSOLUTE (.))
                0x0000000000003984                PROVIDE (___sbss_start, ABSOLUTE (.))
 *(.dynsbss)
 *(.sbss .sbss.* .gnu.linkonce.sb.*)
 .sbss          0x0000000000003984        0x1 obj/default/count_binary.o
 *fill*         0x0000000000003985        0x3 
 .sbss          0x0000000000003988        0x4 obj/default/count_binary.o
                0x0000000000003988                edge_capture
 .sbss          0x000000000000398c        0x4 c:/altera/14.0/nios2eds/bin/gnu/h-x86_64-mingw32/bin/../lib/gcc/nios2-elf/4.7.3/../../../../../H-x86_64-mingw32/nios2-elf/lib/mno-hw-mul\libsmallc.a(lib_a-int_errno.o)
                0x000000000000398c                errno
 .sbss          0x0000000000003990        0xc ../count_binary3_bsp/\libhal_bsp.a(alt_main.o)
                0x0000000000003990                alt_argc
                0x0000000000003994                alt_argv
                0x0000000000003998                alt_envp
 *(.sbss2 .sbss2.* .gnu.linkonce.sb2.*)
 *(.scommon)
                0x000000000000399c                PROVIDE (__sbss_end, ABSOLUTE (.))
                0x000000000000399c                PROVIDE (___sbss_end, ABSOLUTE (.))
 *(.dynbss)
 *(.bss .bss.* .gnu.linkonce.b.*)
 .bss           0x000000000000399c        0x0 ../count_binary3_bsp//obj/HAL/src/crt0.o
 .bss           0x000000000000399c        0x0 obj/default/count_binary.o
 .bss           0x000000000000399c        0x0 c:/altera/14.0/nios2eds/bin/gnu/h-x86_64-mingw32/bin/../lib/gcc/nios2-elf/4.7.3/mno-hw-mul\libgcc.a(lib2-divmod.o)
 .bss           0x000000000000399c        0x0 c:/altera/14.0/nios2eds/bin/gnu/h-x86_64-mingw32/bin/../lib/gcc/nios2-elf/4.7.3/../../../../../H-x86_64-mingw32/nios2-elf/lib/mno-hw-mul\libsmallc.a(lib_a-printf.o)
 .bss           0x000000000000399c        0x0 c:/altera/14.0/nios2eds/bin/gnu/h-x86_64-mingw32/bin/../lib/gcc/nios2-elf/4.7.3/../../../../../H-x86_64-mingw32/nios2-elf/lib/mno-hw-mul\libsmallc.a(lib_a-putchar.o)
 .bss           0x000000000000399c        0x0 c:/altera/14.0/nios2eds/bin/gnu/h-x86_64-mingw32/bin/../lib/gcc/nios2-elf/4.7.3/../../../../../H-x86_64-mingw32/nios2-elf/lib/mno-hw-mul\libsmallc.a(lib_a-puts.o)
 .bss           0x000000000000399c        0x0 c:/altera/14.0/nios2eds/bin/gnu/h-x86_64-mingw32/bin/../lib/gcc/nios2-elf/4.7.3/../../../../../H-x86_64-mingw32/nios2-elf/lib/mno-hw-mul\libsmallc.a(lib_a-strlen.o)
 .bss           0x000000000000399c        0x0 c:/altera/14.0/nios2eds/bin/gnu/h-x86_64-mingw32/bin/../lib/gcc/nios2-elf/4.7.3/../../../../../H-x86_64-mingw32/nios2-elf/lib/mno-hw-mul\libsmallc.a(lib_a-vfprintf.o)
 .bss           0x000000000000399c        0x0 c:/altera/14.0/nios2eds/bin/gnu/h-x86_64-mingw32/bin/../lib/gcc/nios2-elf/4.7.3/../../../../../H-x86_64-mingw32/nios2-elf/lib/mno-hw-mul\libsmallc.a(lib_a-fvwrite_small_dev.o)
 .bss           0x000000000000399c        0x0 c:/altera/14.0/nios2eds/bin/gnu/h-x86_64-mingw32/bin/../lib/gcc/nios2-elf/4.7.3/../../../../../H-x86_64-mingw32/nios2-elf/lib/mno-hw-mul\libsmallc.a(lib_a-impure.o)
 .bss           0x000000000000399c        0x0 c:/altera/14.0/nios2eds/bin/gnu/h-x86_64-mingw32/bin/../lib/gcc/nios2-elf/4.7.3/../../../../../H-x86_64-mingw32/nios2-elf/lib/mno-hw-mul\libsmallc.a(lib_a-putc.o)
 .bss           0x000000000000399c        0x0 c:/altera/14.0/nios2eds/bin/gnu/h-x86_64-mingw32/bin/../lib/gcc/nios2-elf/4.7.3/../../../../../H-x86_64-mingw32/nios2-elf/lib/mno-hw-mul\libsmallc.a(lib_a-writer.o)
 .bss           0x000000000000399c        0x0 c:/altera/14.0/nios2eds/bin/gnu/h-x86_64-mingw32/bin/../lib/gcc/nios2-elf/4.7.3/../../../../../H-x86_64-mingw32/nios2-elf/lib/mno-hw-mul\libsmallc.a(lib_a-int_errno.o)
 .bss           0x000000000000399c        0x0 c:/altera/14.0/nios2eds/bin/gnu/h-x86_64-mingw32/bin/../lib/gcc/nios2-elf/4.7.3/mno-hw-mul\libgcc.a(lib2-mul.o)
 .bss           0x000000000000399c        0x0 ../count_binary3_bsp/\libhal_bsp.a(alt_load.o)
 .bss           0x000000000000399c        0x0 ../count_binary3_bsp/\libhal_bsp.a(alt_main.o)
 .bss           0x000000000000399c        0x0 ../count_binary3_bsp/\libhal_bsp.a(alt_usleep.o)
 .bss           0x000000000000399c        0x0 ../count_binary3_bsp/\libhal_bsp.a(alt_write.o)
 .bss           0x000000000000399c        0x0 ../count_binary3_bsp/\libhal_bsp.a(alt_sys_init.o)
 .bss           0x000000000000399c        0x0 ../count_binary3_bsp/\libhal_bsp.a(altera_avalon_jtag_uart_fd.o)
 .bss           0x000000000000399c        0x0 ../count_binary3_bsp/\libhal_bsp.a(altera_avalon_jtag_uart_read.o)
 .bss           0x000000000000399c        0x0 ../count_binary3_bsp/\libhal_bsp.a(altera_avalon_jtag_uart_write.o)
 .bss           0x000000000000399c        0x0 ../count_binary3_bsp/\libhal_bsp.a(alt_busy_sleep.o)
 .bss           0x000000000000399c        0x0 ../count_binary3_bsp/\libhal_bsp.a(alt_close.o)
 .bss           0x000000000000399c        0x0 ../count_binary3_bsp/\libhal_bsp.a(alt_dcache_flush_all.o)
 .bss           0x000000000000399c        0x0 ../count_binary3_bsp/\libhal_bsp.a(alt_dev.o)
 .bss           0x000000000000399c        0x0 ../count_binary3_bsp/\libhal_bsp.a(alt_dev_llist_insert.o)
 .bss           0x000000000000399c        0x0 ../count_binary3_bsp/\libhal_bsp.a(alt_errno.o)
 .bss           0x000000000000399c        0x0 ../count_binary3_bsp/\libhal_bsp.a(alt_icache_flush_all.o)
 .bss           0x000000000000399c        0x0 ../count_binary3_bsp/\libhal_bsp.a(alt_io_redirect.o)
 .bss           0x000000000000399c        0x0 ../count_binary3_bsp/\libhal_bsp.a(alt_open.o)
 .bss           0x000000000000399c        0x0 ../count_binary3_bsp/\libhal_bsp.a(alt_release_fd.o)
 .bss           0x000000000000399c        0x0 ../count_binary3_bsp/\libhal_bsp.a(altera_nios2_qsys_irq.o)
 .bss           0x000000000000399c        0x0 ../count_binary3_bsp/\libhal_bsp.a(alt_find_dev.o)
 .bss           0x000000000000399c        0x0 ../count_binary3_bsp/\libhal_bsp.a(alt_find_file.o)
 .bss           0x000000000000399c        0x0 ../count_binary3_bsp/\libhal_bsp.a(alt_get_fd.o)
 .bss           0x000000000000399c        0x0 c:/altera/14.0/nios2eds/bin/gnu/h-x86_64-mingw32/bin/../lib/gcc/nios2-elf/4.7.3/../../../../../H-x86_64-mingw32/nios2-elf/lib/mno-hw-mul\libsmallc.a(lib_a-exit.o)
 .bss           0x000000000000399c        0x0 c:/altera/14.0/nios2eds/bin/gnu/h-x86_64-mingw32/bin/../lib/gcc/nios2-elf/4.7.3/../../../../../H-x86_64-mingw32/nios2-elf/lib/mno-hw-mul\libsmallc.a(lib_a-memcmp.o)
 .bss           0x000000000000399c        0x0 c:/altera/14.0/nios2eds/bin/gnu/h-x86_64-mingw32/bin/../lib/gcc/nios2-elf/4.7.3/../../../../../H-x86_64-mingw32/nios2-elf/lib/mno-hw-mul\libsmallc.a(lib_a-__call_atexit.o)
 .bss           0x000000000000399c        0x0 ../count_binary3_bsp/\libhal_bsp.a(alt_exit.o)
 *(COMMON)
                0x000000000000399c                . = ALIGN (0x4)
                0x000000000000399c                __bss_end = ABSOLUTE (.)

.onchip_memory  0x000000000000399c        0x0
                0x000000000000399c                PROVIDE (_alt_partition_onchip_memory_start, ABSOLUTE (.))
 *(.onchip_memory .onchip_memory. onchip_memory.*)
                0x000000000000399c                . = ALIGN (0x4)
                0x000000000000399c                PROVIDE (_alt_partition_onchip_memory_end, ABSOLUTE (.))
                0x000000000000399c                _end = ABSOLUTE (.)
                0x000000000000399c                end = ABSOLUTE (.)
                0x000000000000399c                __alt_stack_base = ABSOLUTE (.)
                0x000000000000399c                PROVIDE (_alt_partition_onchip_memory_load_addr, LOADADDR (.onchip_memory))

.stab
 *(.stab)

.stabstr
 *(.stabstr)

.stab.excl
 *(.stab.excl)

.stab.exclstr
 *(.stab.exclstr)

.stab.index
 *(.stab.index)

.stab.indexstr
 *(.stab.indexstr)

.comment        0x0000000000000000       0x23
 *(.comment)
 .comment       0x0000000000000000       0x23 obj/default/count_binary.o
                                         0x24 (size before relaxing)
 .comment       0x0000000000000000       0x24 c:/altera/14.0/nios2eds/bin/gnu/h-x86_64-mingw32/bin/../lib/gcc/nios2-elf/4.7.3/mno-hw-mul\libgcc.a(lib2-divmod.o)
 .comment       0x0000000000000000       0x24 c:/altera/14.0/nios2eds/bin/gnu/h-x86_64-mingw32/bin/../lib/gcc/nios2-elf/4.7.3/../../../../../H-x86_64-mingw32/nios2-elf/lib/mno-hw-mul\libsmallc.a(lib_a-printf.o)
 .comment       0x0000000000000000       0x24 c:/altera/14.0/nios2eds/bin/gnu/h-x86_64-mingw32/bin/../lib/gcc/nios2-elf/4.7.3/../../../../../H-x86_64-mingw32/nios2-elf/lib/mno-hw-mul\libsmallc.a(lib_a-putchar.o)
 .comment       0x0000000000000000       0x24 c:/altera/14.0/nios2eds/bin/gnu/h-x86_64-mingw32/bin/../lib/gcc/nios2-elf/4.7.3/../../../../../H-x86_64-mingw32/nios2-elf/lib/mno-hw-mul\libsmallc.a(lib_a-puts.o)
 .comment       0x0000000000000000       0x24 c:/altera/14.0/nios2eds/bin/gnu/h-x86_64-mingw32/bin/../lib/gcc/nios2-elf/4.7.3/../../../../../H-x86_64-mingw32/nios2-elf/lib/mno-hw-mul\libsmallc.a(lib_a-strlen.o)
 .comment       0x0000000000000000       0x24 c:/altera/14.0/nios2eds/bin/gnu/h-x86_64-mingw32/bin/../lib/gcc/nios2-elf/4.7.3/../../../../../H-x86_64-mingw32/nios2-elf/lib/mno-hw-mul\libsmallc.a(lib_a-vfprintf.o)
 .comment       0x0000000000000000       0x24 c:/altera/14.0/nios2eds/bin/gnu/h-x86_64-mingw32/bin/../lib/gcc/nios2-elf/4.7.3/../../../../../H-x86_64-mingw32/nios2-elf/lib/mno-hw-mul\libsmallc.a(lib_a-fvwrite_small_dev.o)
 .comment       0x0000000000000000       0x24 c:/altera/14.0/nios2eds/bin/gnu/h-x86_64-mingw32/bin/../lib/gcc/nios2-elf/4.7.3/../../../../../H-x86_64-mingw32/nios2-elf/lib/mno-hw-mul\libsmallc.a(lib_a-impure.o)
 .comment       0x0000000000000000       0x24 c:/altera/14.0/nios2eds/bin/gnu/h-x86_64-mingw32/bin/../lib/gcc/nios2-elf/4.7.3/../../../../../H-x86_64-mingw32/nios2-elf/lib/mno-hw-mul\libsmallc.a(lib_a-putc.o)
 .comment       0x0000000000000000       0x24 c:/altera/14.0/nios2eds/bin/gnu/h-x86_64-mingw32/bin/../lib/gcc/nios2-elf/4.7.3/../../../../../H-x86_64-mingw32/nios2-elf/lib/mno-hw-mul\libsmallc.a(lib_a-writer.o)
 .comment       0x0000000000000000       0x24 c:/altera/14.0/nios2eds/bin/gnu/h-x86_64-mingw32/bin/../lib/gcc/nios2-elf/4.7.3/../../../../../H-x86_64-mingw32/nios2-elf/lib/mno-hw-mul\libsmallc.a(lib_a-int_errno.o)
 .comment       0x0000000000000000       0x24 c:/altera/14.0/nios2eds/bin/gnu/h-x86_64-mingw32/bin/../lib/gcc/nios2-elf/4.7.3/mno-hw-mul\libgcc.a(lib2-mul.o)
 .comment       0x0000000000000000       0x24 ../count_binary3_bsp/\libhal_bsp.a(alt_load.o)
 .comment       0x0000000000000000       0x24 ../count_binary3_bsp/\libhal_bsp.a(alt_main.o)
 .comment       0x0000000000000000       0x24 ../count_binary3_bsp/\libhal_bsp.a(alt_usleep.o)
 .comment       0x0000000000000000       0x24 ../count_binary3_bsp/\libhal_bsp.a(alt_write.o)
 .comment       0x0000000000000000       0x24 ../count_binary3_bsp/\libhal_bsp.a(alt_sys_init.o)
 .comment       0x0000000000000000       0x24 ../count_binary3_bsp/\libhal_bsp.a(altera_avalon_jtag_uart_fd.o)
 .comment       0x0000000000000000       0x24 ../count_binary3_bsp/\libhal_bsp.a(altera_avalon_jtag_uart_read.o)
 .comment       0x0000000000000000       0x24 ../count_binary3_bsp/\libhal_bsp.a(altera_avalon_jtag_uart_write.o)
 .comment       0x0000000000000000       0x24 ../count_binary3_bsp/\libhal_bsp.a(alt_busy_sleep.o)
 .comment       0x0000000000000000       0x24 ../count_binary3_bsp/\libhal_bsp.a(alt_close.o)
 .comment       0x0000000000000000       0x24 ../count_binary3_bsp/\libhal_bsp.a(alt_dcache_flush_all.o)
 .comment       0x0000000000000000       0x24 ../count_binary3_bsp/\libhal_bsp.a(alt_dev.o)
 .comment       0x0000000000000000       0x24 ../count_binary3_bsp/\libhal_bsp.a(alt_dev_llist_insert.o)
 .comment       0x0000000000000000       0x24 ../count_binary3_bsp/\libhal_bsp.a(alt_errno.o)
 .comment       0x0000000000000000       0x24 ../count_binary3_bsp/\libhal_bsp.a(alt_icache_flush_all.o)
 .comment       0x0000000000000000       0x24 ../count_binary3_bsp/\libhal_bsp.a(alt_io_redirect.o)
 .comment       0x0000000000000000       0x24 ../count_binary3_bsp/\libhal_bsp.a(alt_open.o)
 .comment       0x0000000000000000       0x24 ../count_binary3_bsp/\libhal_bsp.a(alt_release_fd.o)
 .comment       0x0000000000000000       0x24 ../count_binary3_bsp/\libhal_bsp.a(altera_nios2_qsys_irq.o)
 .comment       0x0000000000000000       0x24 ../count_binary3_bsp/\libhal_bsp.a(alt_find_dev.o)
 .comment       0x0000000000000000       0x24 ../count_binary3_bsp/\libhal_bsp.a(alt_find_file.o)
 .comment       0x0000000000000000       0x24 ../count_binary3_bsp/\libhal_bsp.a(alt_get_fd.o)
 .comment       0x0000000000000000       0x24 c:/altera/14.0/nios2eds/bin/gnu/h-x86_64-mingw32/bin/../lib/gcc/nios2-elf/4.7.3/../../../../../H-x86_64-mingw32/nios2-elf/lib/mno-hw-mul\libsmallc.a(lib_a-exit.o)
 .comment       0x0000000000000000       0x24 c:/altera/14.0/nios2eds/bin/gnu/h-x86_64-mingw32/bin/../lib/gcc/nios2-elf/4.7.3/../../../../../H-x86_64-mingw32/nios2-elf/lib/mno-hw-mul\libsmallc.a(lib_a-memcmp.o)
 .comment       0x0000000000000000       0x24 c:/altera/14.0/nios2eds/bin/gnu/h-x86_64-mingw32/bin/../lib/gcc/nios2-elf/4.7.3/../../../../../H-x86_64-mingw32/nios2-elf/lib/mno-hw-mul\libsmallc.a(lib_a-__call_atexit.o)
 .comment       0x0000000000000000       0x24 ../count_binary3_bsp/\libhal_bsp.a(alt_exit.o)

.debug
 *(.debug)

.line
 *(.line)

.debug_srcinfo
 *(.debug_srcinfo)

.debug_sfnames
 *(.debug_sfnames)

.debug_aranges  0x0000000000000000      0x4f0
 *(.debug_aranges)
 .debug_aranges
                0x0000000000000000       0x28 ../count_binary3_bsp//obj/HAL/src/crt0.o
 .debug_aranges
                0x0000000000000028       0x20 obj/default/count_binary.o
 .debug_aranges
                0x0000000000000048       0x20 c:/altera/14.0/nios2eds/bin/gnu/h-x86_64-mingw32/bin/../lib/gcc/nios2-elf/4.7.3/mno-hw-mul\libgcc.a(lib2-divmod.o)
 .debug_aranges
                0x0000000000000068       0x20 c:/altera/14.0/nios2eds/bin/gnu/h-x86_64-mingw32/bin/../lib/gcc/nios2-elf/4.7.3/../../../../../H-x86_64-mingw32/nios2-elf/lib/mno-hw-mul\libsmallc.a(lib_a-printf.o)
 .debug_aranges
                0x0000000000000088       0x20 c:/altera/14.0/nios2eds/bin/gnu/h-x86_64-mingw32/bin/../lib/gcc/nios2-elf/4.7.3/../../../../../H-x86_64-mingw32/nios2-elf/lib/mno-hw-mul\libsmallc.a(lib_a-putchar.o)
 .debug_aranges
                0x00000000000000a8       0x20 c:/altera/14.0/nios2eds/bin/gnu/h-x86_64-mingw32/bin/../lib/gcc/nios2-elf/4.7.3/../../../../../H-x86_64-mingw32/nios2-elf/lib/mno-hw-mul\libsmallc.a(lib_a-puts.o)
 .debug_aranges
                0x00000000000000c8       0x20 c:/altera/14.0/nios2eds/bin/gnu/h-x86_64-mingw32/bin/../lib/gcc/nios2-elf/4.7.3/../../../../../H-x86_64-mingw32/nios2-elf/lib/mno-hw-mul\libsmallc.a(lib_a-strlen.o)
 .debug_aranges
                0x00000000000000e8       0x20 c:/altera/14.0/nios2eds/bin/gnu/h-x86_64-mingw32/bin/../lib/gcc/nios2-elf/4.7.3/../../../../../H-x86_64-mingw32/nios2-elf/lib/mno-hw-mul\libsmallc.a(lib_a-vfprintf.o)
 .debug_aranges
                0x0000000000000108       0x20 c:/altera/14.0/nios2eds/bin/gnu/h-x86_64-mingw32/bin/../lib/gcc/nios2-elf/4.7.3/../../../../../H-x86_64-mingw32/nios2-elf/lib/mno-hw-mul\libsmallc.a(lib_a-fvwrite_small_dev.o)
 .debug_aranges
                0x0000000000000128       0x18 c:/altera/14.0/nios2eds/bin/gnu/h-x86_64-mingw32/bin/../lib/gcc/nios2-elf/4.7.3/../../../../../H-x86_64-mingw32/nios2-elf/lib/mno-hw-mul\libsmallc.a(lib_a-impure.o)
 .debug_aranges
                0x0000000000000140       0x20 c:/altera/14.0/nios2eds/bin/gnu/h-x86_64-mingw32/bin/../lib/gcc/nios2-elf/4.7.3/../../../../../H-x86_64-mingw32/nios2-elf/lib/mno-hw-mul\libsmallc.a(lib_a-putc.o)
 .debug_aranges
                0x0000000000000160       0x20 c:/altera/14.0/nios2eds/bin/gnu/h-x86_64-mingw32/bin/../lib/gcc/nios2-elf/4.7.3/../../../../../H-x86_64-mingw32/nios2-elf/lib/mno-hw-mul\libsmallc.a(lib_a-writer.o)
 .debug_aranges
                0x0000000000000180       0x18 c:/altera/14.0/nios2eds/bin/gnu/h-x86_64-mingw32/bin/../lib/gcc/nios2-elf/4.7.3/../../../../../H-x86_64-mingw32/nios2-elf/lib/mno-hw-mul\libsmallc.a(lib_a-int_errno.o)
 .debug_aranges
                0x0000000000000198       0x20 c:/altera/14.0/nios2eds/bin/gnu/h-x86_64-mingw32/bin/../lib/gcc/nios2-elf/4.7.3/mno-hw-mul\libgcc.a(lib2-mul.o)
 .debug_aranges
                0x00000000000001b8       0x20 ../count_binary3_bsp/\libhal_bsp.a(alt_load.o)
 .debug_aranges
                0x00000000000001d8       0x20 ../count_binary3_bsp/\libhal_bsp.a(alt_main.o)
 .debug_aranges
                0x00000000000001f8       0x20 ../count_binary3_bsp/\libhal_bsp.a(alt_usleep.o)
 .debug_aranges
                0x0000000000000218       0x20 ../count_binary3_bsp/\libhal_bsp.a(alt_write.o)
 .debug_aranges
                0x0000000000000238       0x20 ../count_binary3_bsp/\libhal_bsp.a(alt_sys_init.o)
 .debug_aranges
                0x0000000000000258       0x20 ../count_binary3_bsp/\libhal_bsp.a(altera_avalon_jtag_uart_fd.o)
 .debug_aranges
                0x0000000000000278       0x20 ../count_binary3_bsp/\libhal_bsp.a(altera_avalon_jtag_uart_read.o)
 .debug_aranges
                0x0000000000000298       0x20 ../count_binary3_bsp/\libhal_bsp.a(altera_avalon_jtag_uart_write.o)
 .debug_aranges
                0x00000000000002b8       0x20 ../count_binary3_bsp/\libhal_bsp.a(alt_busy_sleep.o)
 .debug_aranges
                0x00000000000002d8       0x20 ../count_binary3_bsp/\libhal_bsp.a(alt_close.o)
 .debug_aranges
                0x00000000000002f8       0x20 ../count_binary3_bsp/\libhal_bsp.a(alt_dcache_flush_all.o)
 .debug_aranges
                0x0000000000000318       0x20 ../count_binary3_bsp/\libhal_bsp.a(alt_dev.o)
 .debug_aranges
                0x0000000000000338       0x20 ../count_binary3_bsp/\libhal_bsp.a(alt_dev_llist_insert.o)
 .debug_aranges
                0x0000000000000358       0x18 ../count_binary3_bsp/\libhal_bsp.a(alt_errno.o)
 .debug_aranges
                0x0000000000000370       0x20 ../count_binary3_bsp/\libhal_bsp.a(alt_icache_flush_all.o)
 .debug_aranges
                0x0000000000000390       0x20 ../count_binary3_bsp/\libhal_bsp.a(alt_io_redirect.o)
 .debug_aranges
                0x00000000000003b0       0x20 ../count_binary3_bsp/\libhal_bsp.a(alt_open.o)
 .debug_aranges
                0x00000000000003d0       0x20 ../count_binary3_bsp/\libhal_bsp.a(alt_release_fd.o)
 .debug_aranges
                0x00000000000003f0       0x20 ../count_binary3_bsp/\libhal_bsp.a(altera_nios2_qsys_irq.o)
 .debug_aranges
                0x0000000000000410       0x20 ../count_binary3_bsp/\libhal_bsp.a(alt_find_dev.o)
 .debug_aranges
                0x0000000000000430       0x20 ../count_binary3_bsp/\libhal_bsp.a(alt_find_file.o)
 .debug_aranges
                0x0000000000000450       0x20 ../count_binary3_bsp/\libhal_bsp.a(alt_get_fd.o)
 .debug_aranges
                0x0000000000000470       0x20 c:/altera/14.0/nios2eds/bin/gnu/h-x86_64-mingw32/bin/../lib/gcc/nios2-elf/4.7.3/../../../../../H-x86_64-mingw32/nios2-elf/lib/mno-hw-mul\libsmallc.a(lib_a-exit.o)
 .debug_aranges
                0x0000000000000490       0x20 c:/altera/14.0/nios2eds/bin/gnu/h-x86_64-mingw32/bin/../lib/gcc/nios2-elf/4.7.3/../../../../../H-x86_64-mingw32/nios2-elf/lib/mno-hw-mul\libsmallc.a(lib_a-memcmp.o)
 .debug_aranges
                0x00000000000004b0       0x20 c:/altera/14.0/nios2eds/bin/gnu/h-x86_64-mingw32/bin/../lib/gcc/nios2-elf/4.7.3/../../../../../H-x86_64-mingw32/nios2-elf/lib/mno-hw-mul\libsmallc.a(lib_a-__call_atexit.o)
 .debug_aranges
                0x00000000000004d0       0x20 ../count_binary3_bsp/\libhal_bsp.a(alt_exit.o)

.debug_pubnames
 *(.debug_pubnames)

.debug_info     0x0000000000000000     0x8b7f
 *(.debug_info .gnu.linkonce.wi.*)
 .debug_info    0x0000000000000000       0x89 ../count_binary3_bsp//obj/HAL/src/crt0.o
 .debug_info    0x0000000000000089      0xa91 obj/default/count_binary.o
 .debug_info    0x0000000000000b1a      0x289 c:/altera/14.0/nios2eds/bin/gnu/h-x86_64-mingw32/bin/../lib/gcc/nios2-elf/4.7.3/mno-hw-mul\libgcc.a(lib2-divmod.o)
 .debug_info    0x0000000000000da3      0x765 c:/altera/14.0/nios2eds/bin/gnu/h-x86_64-mingw32/bin/../lib/gcc/nios2-elf/4.7.3/../../../../../H-x86_64-mingw32/nios2-elf/lib/mno-hw-mul\libsmallc.a(lib_a-printf.o)
 .debug_info    0x0000000000001508      0x6d0 c:/altera/14.0/nios2eds/bin/gnu/h-x86_64-mingw32/bin/../lib/gcc/nios2-elf/4.7.3/../../../../../H-x86_64-mingw32/nios2-elf/lib/mno-hw-mul\libsmallc.a(lib_a-putchar.o)
 .debug_info    0x0000000000001bd8      0x6f4 c:/altera/14.0/nios2eds/bin/gnu/h-x86_64-mingw32/bin/../lib/gcc/nios2-elf/4.7.3/../../../../../H-x86_64-mingw32/nios2-elf/lib/mno-hw-mul\libsmallc.a(lib_a-puts.o)
 .debug_info    0x00000000000022cc       0xc6 c:/altera/14.0/nios2eds/bin/gnu/h-x86_64-mingw32/bin/../lib/gcc/nios2-elf/4.7.3/../../../../../H-x86_64-mingw32/nios2-elf/lib/mno-hw-mul\libsmallc.a(lib_a-strlen.o)
 .debug_info    0x0000000000002392      0xc69 c:/altera/14.0/nios2eds/bin/gnu/h-x86_64-mingw32/bin/../lib/gcc/nios2-elf/4.7.3/../../../../../H-x86_64-mingw32/nios2-elf/lib/mno-hw-mul\libsmallc.a(lib_a-vfprintf.o)
 .debug_info    0x0000000000002ffb      0x6d9 c:/altera/14.0/nios2eds/bin/gnu/h-x86_64-mingw32/bin/../lib/gcc/nios2-elf/4.7.3/../../../../../H-x86_64-mingw32/nios2-elf/lib/mno-hw-mul\libsmallc.a(lib_a-fvwrite_small_dev.o)
 .debug_info    0x00000000000036d4      0x631 c:/altera/14.0/nios2eds/bin/gnu/h-x86_64-mingw32/bin/../lib/gcc/nios2-elf/4.7.3/../../../../../H-x86_64-mingw32/nios2-elf/lib/mno-hw-mul\libsmallc.a(lib_a-impure.o)
 .debug_info    0x0000000000003d05      0x6ec c:/altera/14.0/nios2eds/bin/gnu/h-x86_64-mingw32/bin/../lib/gcc/nios2-elf/4.7.3/../../../../../H-x86_64-mingw32/nios2-elf/lib/mno-hw-mul\libsmallc.a(lib_a-putc.o)
 .debug_info    0x00000000000043f1      0x6cb c:/altera/14.0/nios2eds/bin/gnu/h-x86_64-mingw32/bin/../lib/gcc/nios2-elf/4.7.3/../../../../../H-x86_64-mingw32/nios2-elf/lib/mno-hw-mul\libsmallc.a(lib_a-writer.o)
 .debug_info    0x0000000000004abc       0x84 c:/altera/14.0/nios2eds/bin/gnu/h-x86_64-mingw32/bin/../lib/gcc/nios2-elf/4.7.3/../../../../../H-x86_64-mingw32/nios2-elf/lib/mno-hw-mul\libsmallc.a(lib_a-int_errno.o)
 .debug_info    0x0000000000004b40       0xb8 c:/altera/14.0/nios2eds/bin/gnu/h-x86_64-mingw32/bin/../lib/gcc/nios2-elf/4.7.3/mno-hw-mul\libgcc.a(lib2-mul.o)
 .debug_info    0x0000000000004bf8      0x159 ../count_binary3_bsp/\libhal_bsp.a(alt_load.o)
 .debug_info    0x0000000000004d51      0x139 ../count_binary3_bsp/\libhal_bsp.a(alt_main.o)
 .debug_info    0x0000000000004e8a       0xad ../count_binary3_bsp/\libhal_bsp.a(alt_usleep.o)
 .debug_info    0x0000000000004f37      0x507 ../count_binary3_bsp/\libhal_bsp.a(alt_write.o)
 .debug_info    0x000000000000543e      0x406 ../count_binary3_bsp/\libhal_bsp.a(alt_sys_init.o)
 .debug_info    0x0000000000005844      0x3da ../count_binary3_bsp/\libhal_bsp.a(altera_avalon_jtag_uart_fd.o)
 .debug_info    0x0000000000005c1e      0x1bc ../count_binary3_bsp/\libhal_bsp.a(altera_avalon_jtag_uart_read.o)
 .debug_info    0x0000000000005dda      0x19f ../count_binary3_bsp/\libhal_bsp.a(altera_avalon_jtag_uart_write.o)
 .debug_info    0x0000000000005f79       0xd5 ../count_binary3_bsp/\libhal_bsp.a(alt_busy_sleep.o)
 .debug_info    0x000000000000604e      0x350 ../count_binary3_bsp/\libhal_bsp.a(alt_close.o)
 .debug_info    0x000000000000639e       0x90 ../count_binary3_bsp/\libhal_bsp.a(alt_dcache_flush_all.o)
 .debug_info    0x000000000000642e      0x4e3 ../count_binary3_bsp/\libhal_bsp.a(alt_dev.o)
 .debug_info    0x0000000000006911      0x1b9 ../count_binary3_bsp/\libhal_bsp.a(alt_dev_llist_insert.o)
 .debug_info    0x0000000000006aca       0xa3 ../count_binary3_bsp/\libhal_bsp.a(alt_errno.o)
 .debug_info    0x0000000000006b6d       0x90 ../count_binary3_bsp/\libhal_bsp.a(alt_icache_flush_all.o)
 .debug_info    0x0000000000006bfd      0x4f0 ../count_binary3_bsp/\libhal_bsp.a(alt_io_redirect.o)
 .debug_info    0x00000000000070ed      0x3f0 ../count_binary3_bsp/\libhal_bsp.a(alt_open.o)
 .debug_info    0x00000000000074dd      0x2dd ../count_binary3_bsp/\libhal_bsp.a(alt_release_fd.o)
 .debug_info    0x00000000000077ba       0x90 ../count_binary3_bsp/\libhal_bsp.a(altera_nios2_qsys_irq.o)
 .debug_info    0x000000000000784a      0x30d ../count_binary3_bsp/\libhal_bsp.a(alt_find_dev.o)
 .debug_info    0x0000000000007b57      0x30c ../count_binary3_bsp/\libhal_bsp.a(alt_find_file.o)
 .debug_info    0x0000000000007e63      0x339 ../count_binary3_bsp/\libhal_bsp.a(alt_get_fd.o)
 .debug_info    0x000000000000819c       0xf8 c:/altera/14.0/nios2eds/bin/gnu/h-x86_64-mingw32/bin/../lib/gcc/nios2-elf/4.7.3/../../../../../H-x86_64-mingw32/nios2-elf/lib/mno-hw-mul\libsmallc.a(lib_a-exit.o)
 .debug_info    0x0000000000008294       0xf1 c:/altera/14.0/nios2eds/bin/gnu/h-x86_64-mingw32/bin/../lib/gcc/nios2-elf/4.7.3/../../../../../H-x86_64-mingw32/nios2-elf/lib/mno-hw-mul\libsmallc.a(lib_a-memcmp.o)
 .debug_info    0x0000000000008385      0x70e c:/altera/14.0/nios2eds/bin/gnu/h-x86_64-mingw32/bin/../lib/gcc/nios2-elf/4.7.3/../../../../../H-x86_64-mingw32/nios2-elf/lib/mno-hw-mul\libsmallc.a(lib_a-__call_atexit.o)
 .debug_info    0x0000000000008a93       0xec ../count_binary3_bsp/\libhal_bsp.a(alt_exit.o)

.debug_abbrev   0x0000000000000000     0x282d
 *(.debug_abbrev)
 .debug_abbrev  0x0000000000000000       0x12 ../count_binary3_bsp//obj/HAL/src/crt0.o
 .debug_abbrev  0x0000000000000012      0x22c obj/default/count_binary.o
 .debug_abbrev  0x000000000000023e      0x112 c:/altera/14.0/nios2eds/bin/gnu/h-x86_64-mingw32/bin/../lib/gcc/nios2-elf/4.7.3/mno-hw-mul\libgcc.a(lib2-divmod.o)
 .debug_abbrev  0x0000000000000350      0x1e2 c:/altera/14.0/nios2eds/bin/gnu/h-x86_64-mingw32/bin/../lib/gcc/nios2-elf/4.7.3/../../../../../H-x86_64-mingw32/nios2-elf/lib/mno-hw-mul\libsmallc.a(lib_a-printf.o)
 .debug_abbrev  0x0000000000000532      0x1a6 c:/altera/14.0/nios2eds/bin/gnu/h-x86_64-mingw32/bin/../lib/gcc/nios2-elf/4.7.3/../../../../../H-x86_64-mingw32/nios2-elf/lib/mno-hw-mul\libsmallc.a(lib_a-putchar.o)
 .debug_abbrev  0x00000000000006d8      0x1d4 c:/altera/14.0/nios2eds/bin/gnu/h-x86_64-mingw32/bin/../lib/gcc/nios2-elf/4.7.3/../../../../../H-x86_64-mingw32/nios2-elf/lib/mno-hw-mul\libsmallc.a(lib_a-puts.o)
 .debug_abbrev  0x00000000000008ac       0x7f c:/altera/14.0/nios2eds/bin/gnu/h-x86_64-mingw32/bin/../lib/gcc/nios2-elf/4.7.3/../../../../../H-x86_64-mingw32/nios2-elf/lib/mno-hw-mul\libsmallc.a(lib_a-strlen.o)
 .debug_abbrev  0x000000000000092b      0x2db c:/altera/14.0/nios2eds/bin/gnu/h-x86_64-mingw32/bin/../lib/gcc/nios2-elf/4.7.3/../../../../../H-x86_64-mingw32/nios2-elf/lib/mno-hw-mul\libsmallc.a(lib_a-vfprintf.o)
 .debug_abbrev  0x0000000000000c06      0x1a8 c:/altera/14.0/nios2eds/bin/gnu/h-x86_64-mingw32/bin/../lib/gcc/nios2-elf/4.7.3/../../../../../H-x86_64-mingw32/nios2-elf/lib/mno-hw-mul\libsmallc.a(lib_a-fvwrite_small_dev.o)
 .debug_abbrev  0x0000000000000dae      0x13b c:/altera/14.0/nios2eds/bin/gnu/h-x86_64-mingw32/bin/../lib/gcc/nios2-elf/4.7.3/../../../../../H-x86_64-mingw32/nios2-elf/lib/mno-hw-mul\libsmallc.a(lib_a-impure.o)
 .debug_abbrev  0x0000000000000ee9      0x19b c:/altera/14.0/nios2eds/bin/gnu/h-x86_64-mingw32/bin/../lib/gcc/nios2-elf/4.7.3/../../../../../H-x86_64-mingw32/nios2-elf/lib/mno-hw-mul\libsmallc.a(lib_a-putc.o)
 .debug_abbrev  0x0000000000001084      0x199 c:/altera/14.0/nios2eds/bin/gnu/h-x86_64-mingw32/bin/../lib/gcc/nios2-elf/4.7.3/../../../../../H-x86_64-mingw32/nios2-elf/lib/mno-hw-mul\libsmallc.a(lib_a-writer.o)
 .debug_abbrev  0x000000000000121d       0x37 c:/altera/14.0/nios2eds/bin/gnu/h-x86_64-mingw32/bin/../lib/gcc/nios2-elf/4.7.3/../../../../../H-x86_64-mingw32/nios2-elf/lib/mno-hw-mul\libsmallc.a(lib_a-int_errno.o)
 .debug_abbrev  0x0000000000001254       0x6f c:/altera/14.0/nios2eds/bin/gnu/h-x86_64-mingw32/bin/../lib/gcc/nios2-elf/4.7.3/mno-hw-mul\libgcc.a(lib2-mul.o)
 .debug_abbrev  0x00000000000012c3       0x9f ../count_binary3_bsp/\libhal_bsp.a(alt_load.o)
 .debug_abbrev  0x0000000000001362       0xba ../count_binary3_bsp/\libhal_bsp.a(alt_main.o)
 .debug_abbrev  0x000000000000141c       0x60 ../count_binary3_bsp/\libhal_bsp.a(alt_usleep.o)
 .debug_abbrev  0x000000000000147c      0x133 ../count_binary3_bsp/\libhal_bsp.a(alt_write.o)
 .debug_abbrev  0x00000000000015af      0x155 ../count_binary3_bsp/\libhal_bsp.a(alt_sys_init.o)
 .debug_abbrev  0x0000000000001704       0xf7 ../count_binary3_bsp/\libhal_bsp.a(altera_avalon_jtag_uart_fd.o)
 .debug_abbrev  0x00000000000017fb       0xd5 ../count_binary3_bsp/\libhal_bsp.a(altera_avalon_jtag_uart_read.o)
 .debug_abbrev  0x00000000000018d0       0xd5 ../count_binary3_bsp/\libhal_bsp.a(altera_avalon_jtag_uart_write.o)
 .debug_abbrev  0x00000000000019a5       0x7e ../count_binary3_bsp/\libhal_bsp.a(alt_busy_sleep.o)
 .debug_abbrev  0x0000000000001a23      0x11f ../count_binary3_bsp/\libhal_bsp.a(alt_close.o)
 .debug_abbrev  0x0000000000001b42       0x42 ../count_binary3_bsp/\libhal_bsp.a(alt_dcache_flush_all.o)
 .debug_abbrev  0x0000000000001b84       0xd9 ../count_binary3_bsp/\libhal_bsp.a(alt_dev.o)
 .debug_abbrev  0x0000000000001c5d      0x114 ../count_binary3_bsp/\libhal_bsp.a(alt_dev_llist_insert.o)
 .debug_abbrev  0x0000000000001d71       0x5a ../count_binary3_bsp/\libhal_bsp.a(alt_errno.o)
 .debug_abbrev  0x0000000000001dcb       0x42 ../count_binary3_bsp/\libhal_bsp.a(alt_icache_flush_all.o)
 .debug_abbrev  0x0000000000001e0d      0x114 ../count_binary3_bsp/\libhal_bsp.a(alt_io_redirect.o)
 .debug_abbrev  0x0000000000001f21      0x148 ../count_binary3_bsp/\libhal_bsp.a(alt_open.o)
 .debug_abbrev  0x0000000000002069       0xde ../count_binary3_bsp/\libhal_bsp.a(alt_release_fd.o)
 .debug_abbrev  0x0000000000002147       0x42 ../count_binary3_bsp/\libhal_bsp.a(altera_nios2_qsys_irq.o)
 .debug_abbrev  0x0000000000002189       0xf0 ../count_binary3_bsp/\libhal_bsp.a(alt_find_dev.o)
 .debug_abbrev  0x0000000000002279       0xf0 ../count_binary3_bsp/\libhal_bsp.a(alt_find_file.o)
 .debug_abbrev  0x0000000000002369      0x10d ../count_binary3_bsp/\libhal_bsp.a(alt_get_fd.o)
 .debug_abbrev  0x0000000000002476       0xa9 c:/altera/14.0/nios2eds/bin/gnu/h-x86_64-mingw32/bin/../lib/gcc/nios2-elf/4.7.3/../../../../../H-x86_64-mingw32/nios2-elf/lib/mno-hw-mul\libsmallc.a(lib_a-exit.o)
 .debug_abbrev  0x000000000000251f       0x7f c:/altera/14.0/nios2eds/bin/gnu/h-x86_64-mingw32/bin/../lib/gcc/nios2-elf/4.7.3/../../../../../H-x86_64-mingw32/nios2-elf/lib/mno-hw-mul\libsmallc.a(lib_a-memcmp.o)
 .debug_abbrev  0x000000000000259e      0x1e9 c:/altera/14.0/nios2eds/bin/gnu/h-x86_64-mingw32/bin/../lib/gcc/nios2-elf/4.7.3/../../../../../H-x86_64-mingw32/nios2-elf/lib/mno-hw-mul\libsmallc.a(lib_a-__call_atexit.o)
 .debug_abbrev  0x0000000000002787       0xa6 ../count_binary3_bsp/\libhal_bsp.a(alt_exit.o)

.debug_line     0x0000000000000000     0x306d
 *(.debug_line)
 .debug_line    0x0000000000000000       0x66 ../count_binary3_bsp//obj/HAL/src/crt0.o
 .debug_line    0x0000000000000066      0x24a obj/default/count_binary.o
 .debug_line    0x00000000000002b0       0xd6 c:/altera/14.0/nios2eds/bin/gnu/h-x86_64-mingw32/bin/../lib/gcc/nios2-elf/4.7.3/mno-hw-mul\libgcc.a(lib2-divmod.o)
 .debug_line    0x0000000000000386      0x215 c:/altera/14.0/nios2eds/bin/gnu/h-x86_64-mingw32/bin/../lib/gcc/nios2-elf/4.7.3/../../../../../H-x86_64-mingw32/nios2-elf/lib/mno-hw-mul\libsmallc.a(lib_a-printf.o)
 .debug_line    0x000000000000059b      0x1f8 c:/altera/14.0/nios2eds/bin/gnu/h-x86_64-mingw32/bin/../lib/gcc/nios2-elf/4.7.3/../../../../../H-x86_64-mingw32/nios2-elf/lib/mno-hw-mul\libsmallc.a(lib_a-putchar.o)
 .debug_line    0x0000000000000793      0x20e c:/altera/14.0/nios2eds/bin/gnu/h-x86_64-mingw32/bin/../lib/gcc/nios2-elf/4.7.3/../../../../../H-x86_64-mingw32/nios2-elf/lib/mno-hw-mul\libsmallc.a(lib_a-puts.o)
 .debug_line    0x00000000000009a1      0x172 c:/altera/14.0/nios2eds/bin/gnu/h-x86_64-mingw32/bin/../lib/gcc/nios2-elf/4.7.3/../../../../../H-x86_64-mingw32/nios2-elf/lib/mno-hw-mul\libsmallc.a(lib_a-strlen.o)
 .debug_line    0x0000000000000b13      0x40a c:/altera/14.0/nios2eds/bin/gnu/h-x86_64-mingw32/bin/../lib/gcc/nios2-elf/4.7.3/../../../../../H-x86_64-mingw32/nios2-elf/lib/mno-hw-mul\libsmallc.a(lib_a-vfprintf.o)
 .debug_line    0x0000000000000f1d      0x221 c:/altera/14.0/nios2eds/bin/gnu/h-x86_64-mingw32/bin/../lib/gcc/nios2-elf/4.7.3/../../../../../H-x86_64-mingw32/nios2-elf/lib/mno-hw-mul\libsmallc.a(lib_a-fvwrite_small_dev.o)
 .debug_line    0x000000000000113e      0x16a c:/altera/14.0/nios2eds/bin/gnu/h-x86_64-mingw32/bin/../lib/gcc/nios2-elf/4.7.3/../../../../../H-x86_64-mingw32/nios2-elf/lib/mno-hw-mul\libsmallc.a(lib_a-impure.o)
 .debug_line    0x00000000000012a8      0x208 c:/altera/14.0/nios2eds/bin/gnu/h-x86_64-mingw32/bin/../lib/gcc/nios2-elf/4.7.3/../../../../../H-x86_64-mingw32/nios2-elf/lib/mno-hw-mul\libsmallc.a(lib_a-putc.o)
 .debug_line    0x00000000000014b0      0x208 c:/altera/14.0/nios2eds/bin/gnu/h-x86_64-mingw32/bin/../lib/gcc/nios2-elf/4.7.3/../../../../../H-x86_64-mingw32/nios2-elf/lib/mno-hw-mul\libsmallc.a(lib_a-writer.o)
 .debug_line    0x00000000000016b8       0x60 c:/altera/14.0/nios2eds/bin/gnu/h-x86_64-mingw32/bin/../lib/gcc/nios2-elf/4.7.3/../../../../../H-x86_64-mingw32/nios2-elf/lib/mno-hw-mul\libsmallc.a(lib_a-int_errno.o)
 .debug_line    0x0000000000001718       0x80 c:/altera/14.0/nios2eds/bin/gnu/h-x86_64-mingw32/bin/../lib/gcc/nios2-elf/4.7.3/mno-hw-mul\libgcc.a(lib2-mul.o)
 .debug_line    0x0000000000001798       0x92 ../count_binary3_bsp/\libhal_bsp.a(alt_load.o)
 .debug_line    0x000000000000182a       0x9e ../count_binary3_bsp/\libhal_bsp.a(alt_main.o)
 .debug_line    0x00000000000018c8       0xd0 ../count_binary3_bsp/\libhal_bsp.a(alt_usleep.o)
 .debug_line    0x0000000000001998      0x1fc ../count_binary3_bsp/\libhal_bsp.a(alt_write.o)
 .debug_line    0x0000000000001b94      0x126 ../count_binary3_bsp/\libhal_bsp.a(alt_sys_init.o)
 .debug_line    0x0000000000001cba      0x114 ../count_binary3_bsp/\libhal_bsp.a(altera_avalon_jtag_uart_fd.o)
 .debug_line    0x0000000000001dce      0x101 ../count_binary3_bsp/\libhal_bsp.a(altera_avalon_jtag_uart_read.o)
 .debug_line    0x0000000000001ecf       0xf8 ../count_binary3_bsp/\libhal_bsp.a(altera_avalon_jtag_uart_write.o)
 .debug_line    0x0000000000001fc7       0xa2 ../count_binary3_bsp/\libhal_bsp.a(alt_busy_sleep.o)
 .debug_line    0x0000000000002069      0x188 ../count_binary3_bsp/\libhal_bsp.a(alt_close.o)
 .debug_line    0x00000000000021f1       0x51 ../count_binary3_bsp/\libhal_bsp.a(alt_dcache_flush_all.o)
 .debug_line    0x0000000000002242      0x11b ../count_binary3_bsp/\libhal_bsp.a(alt_dev.o)
 .debug_line    0x000000000000235d       0xd0 ../count_binary3_bsp/\libhal_bsp.a(alt_dev_llist_insert.o)
 .debug_line    0x000000000000242d       0x51 ../count_binary3_bsp/\libhal_bsp.a(alt_errno.o)
 .debug_line    0x000000000000247e       0x4f ../count_binary3_bsp/\libhal_bsp.a(alt_icache_flush_all.o)
 .debug_line    0x00000000000024cd      0x158 ../count_binary3_bsp/\libhal_bsp.a(alt_io_redirect.o)
 .debug_line    0x0000000000002625      0x128 ../count_binary3_bsp/\libhal_bsp.a(alt_open.o)
 .debug_line    0x000000000000274d       0xb0 ../count_binary3_bsp/\libhal_bsp.a(alt_release_fd.o)
 .debug_line    0x00000000000027fd       0x51 ../count_binary3_bsp/\libhal_bsp.a(altera_nios2_qsys_irq.o)
 .debug_line    0x000000000000284e       0xb9 ../count_binary3_bsp/\libhal_bsp.a(alt_find_dev.o)
 .debug_line    0x0000000000002907       0xd5 ../count_binary3_bsp/\libhal_bsp.a(alt_find_file.o)
 .debug_line    0x00000000000029dc       0xd4 ../count_binary3_bsp/\libhal_bsp.a(alt_get_fd.o)
 .debug_line    0x0000000000002ab0      0x16c c:/altera/14.0/nios2eds/bin/gnu/h-x86_64-mingw32/bin/../lib/gcc/nios2-elf/4.7.3/../../../../../H-x86_64-mingw32/nios2-elf/lib/mno-hw-mul\libsmallc.a(lib_a-exit.o)
 .debug_line    0x0000000000002c1c      0x17d c:/altera/14.0/nios2eds/bin/gnu/h-x86_64-mingw32/bin/../lib/gcc/nios2-elf/4.7.3/../../../../../H-x86_64-mingw32/nios2-elf/lib/mno-hw-mul\libsmallc.a(lib_a-memcmp.o)
 .debug_line    0x0000000000002d99      0x263 c:/altera/14.0/nios2eds/bin/gnu/h-x86_64-mingw32/bin/../lib/gcc/nios2-elf/4.7.3/../../../../../H-x86_64-mingw32/nios2-elf/lib/mno-hw-mul\libsmallc.a(lib_a-__call_atexit.o)
 .debug_line    0x0000000000002ffc       0x71 ../count_binary3_bsp/\libhal_bsp.a(alt_exit.o)

.debug_frame    0x0000000000000000      0x8a8
 *(.debug_frame)
 .debug_frame   0x0000000000000000       0xf0 obj/default/count_binary.o
 .debug_frame   0x00000000000000f0       0x70 c:/altera/14.0/nios2eds/bin/gnu/h-x86_64-mingw32/bin/../lib/gcc/nios2-elf/4.7.3/mno-hw-mul\libgcc.a(lib2-divmod.o)
 .debug_frame   0x0000000000000160       0x40 c:/altera/14.0/nios2eds/bin/gnu/h-x86_64-mingw32/bin/../lib/gcc/nios2-elf/4.7.3/../../../../../H-x86_64-mingw32/nios2-elf/lib/mno-hw-mul\libsmallc.a(lib_a-printf.o)
 .debug_frame   0x00000000000001a0       0x30 c:/altera/14.0/nios2eds/bin/gnu/h-x86_64-mingw32/bin/../lib/gcc/nios2-elf/4.7.3/../../../../../H-x86_64-mingw32/nios2-elf/lib/mno-hw-mul\libsmallc.a(lib_a-putchar.o)
 .debug_frame   0x00000000000001d0       0x3c c:/altera/14.0/nios2eds/bin/gnu/h-x86_64-mingw32/bin/../lib/gcc/nios2-elf/4.7.3/../../../../../H-x86_64-mingw32/nios2-elf/lib/mno-hw-mul\libsmallc.a(lib_a-puts.o)
 .debug_frame   0x000000000000020c       0x20 c:/altera/14.0/nios2eds/bin/gnu/h-x86_64-mingw32/bin/../lib/gcc/nios2-elf/4.7.3/../../../../../H-x86_64-mingw32/nios2-elf/lib/mno-hw-mul\libsmallc.a(lib_a-strlen.o)
 .debug_frame   0x000000000000022c       0x4c c:/altera/14.0/nios2eds/bin/gnu/h-x86_64-mingw32/bin/../lib/gcc/nios2-elf/4.7.3/../../../../../H-x86_64-mingw32/nios2-elf/lib/mno-hw-mul\libsmallc.a(lib_a-vfprintf.o)
 .debug_frame   0x0000000000000278       0x30 c:/altera/14.0/nios2eds/bin/gnu/h-x86_64-mingw32/bin/../lib/gcc/nios2-elf/4.7.3/../../../../../H-x86_64-mingw32/nios2-elf/lib/mno-hw-mul\libsmallc.a(lib_a-fvwrite_small_dev.o)
 .debug_frame   0x00000000000002a8       0x44 c:/altera/14.0/nios2eds/bin/gnu/h-x86_64-mingw32/bin/../lib/gcc/nios2-elf/4.7.3/../../../../../H-x86_64-mingw32/nios2-elf/lib/mno-hw-mul\libsmallc.a(lib_a-putc.o)
 .debug_frame   0x00000000000002ec       0x2c c:/altera/14.0/nios2eds/bin/gnu/h-x86_64-mingw32/bin/../lib/gcc/nios2-elf/4.7.3/../../../../../H-x86_64-mingw32/nios2-elf/lib/mno-hw-mul\libsmallc.a(lib_a-writer.o)
 .debug_frame   0x0000000000000318       0x20 c:/altera/14.0/nios2eds/bin/gnu/h-x86_64-mingw32/bin/../lib/gcc/nios2-elf/4.7.3/mno-hw-mul\libgcc.a(lib2-mul.o)
 .debug_frame   0x0000000000000338       0x48 ../count_binary3_bsp/\libhal_bsp.a(alt_load.o)
 .debug_frame   0x0000000000000380       0x2c ../count_binary3_bsp/\libhal_bsp.a(alt_main.o)
 .debug_frame   0x00000000000003ac       0x2c ../count_binary3_bsp/\libhal_bsp.a(alt_usleep.o)
 .debug_frame   0x00000000000003d8       0x48 ../count_binary3_bsp/\libhal_bsp.a(alt_write.o)
 .debug_frame   0x0000000000000420       0x64 ../count_binary3_bsp/\libhal_bsp.a(alt_sys_init.o)
 .debug_frame   0x0000000000000484       0x48 ../count_binary3_bsp/\libhal_bsp.a(altera_avalon_jtag_uart_fd.o)
 .debug_frame   0x00000000000004cc       0x2c ../count_binary3_bsp/\libhal_bsp.a(altera_avalon_jtag_uart_read.o)
 .debug_frame   0x00000000000004f8       0x2c ../count_binary3_bsp/\libhal_bsp.a(altera_avalon_jtag_uart_write.o)
 .debug_frame   0x0000000000000524       0x2c ../count_binary3_bsp/\libhal_bsp.a(alt_busy_sleep.o)
 .debug_frame   0x0000000000000550       0x48 ../count_binary3_bsp/\libhal_bsp.a(alt_close.o)
 .debug_frame   0x0000000000000598       0x2c ../count_binary3_bsp/\libhal_bsp.a(alt_dcache_flush_all.o)
 .debug_frame   0x00000000000005c4       0x2c ../count_binary3_bsp/\libhal_bsp.a(alt_dev.o)
 .debug_frame   0x00000000000005f0       0x48 ../count_binary3_bsp/\libhal_bsp.a(alt_dev_llist_insert.o)
 .debug_frame   0x0000000000000638       0x2c ../count_binary3_bsp/\libhal_bsp.a(alt_icache_flush_all.o)
 .debug_frame   0x0000000000000664       0x4c ../count_binary3_bsp/\libhal_bsp.a(alt_io_redirect.o)
 .debug_frame   0x00000000000006b0       0x68 ../count_binary3_bsp/\libhal_bsp.a(alt_open.o)
 .debug_frame   0x0000000000000718       0x30 ../count_binary3_bsp/\libhal_bsp.a(alt_release_fd.o)
 .debug_frame   0x0000000000000748       0x2c ../count_binary3_bsp/\libhal_bsp.a(altera_nios2_qsys_irq.o)
 .debug_frame   0x0000000000000774       0x2c ../count_binary3_bsp/\libhal_bsp.a(alt_find_dev.o)
 .debug_frame   0x00000000000007a0       0x2c ../count_binary3_bsp/\libhal_bsp.a(alt_find_file.o)
 .debug_frame   0x00000000000007cc       0x30 ../count_binary3_bsp/\libhal_bsp.a(alt_get_fd.o)
 .debug_frame   0x00000000000007fc       0x28 c:/altera/14.0/nios2eds/bin/gnu/h-x86_64-mingw32/bin/../lib/gcc/nios2-elf/4.7.3/../../../../../H-x86_64-mingw32/nios2-elf/lib/mno-hw-mul\libsmallc.a(lib_a-exit.o)
 .debug_frame   0x0000000000000824       0x20 c:/altera/14.0/nios2eds/bin/gnu/h-x86_64-mingw32/bin/../lib/gcc/nios2-elf/4.7.3/../../../../../H-x86_64-mingw32/nios2-elf/lib/mno-hw-mul\libsmallc.a(lib_a-memcmp.o)
 .debug_frame   0x0000000000000844       0x38 c:/altera/14.0/nios2eds/bin/gnu/h-x86_64-mingw32/bin/../lib/gcc/nios2-elf/4.7.3/../../../../../H-x86_64-mingw32/nios2-elf/lib/mno-hw-mul\libsmallc.a(lib_a-__call_atexit.o)
 .debug_frame   0x000000000000087c       0x2c ../count_binary3_bsp/\libhal_bsp.a(alt_exit.o)

.debug_str      0x0000000000000000     0x1699
 *(.debug_str)
 .debug_str     0x0000000000000000      0x48f obj/default/count_binary.o
                                        0x520 (size before relaxing)
 .debug_str     0x000000000000048f      0x110 c:/altera/14.0/nios2eds/bin/gnu/h-x86_64-mingw32/bin/../lib/gcc/nios2-elf/4.7.3/mno-hw-mul\libgcc.a(lib2-divmod.o)
                                        0x167 (size before relaxing)
 .debug_str     0x000000000000059f      0x189 c:/altera/14.0/nios2eds/bin/gnu/h-x86_64-mingw32/bin/../lib/gcc/nios2-elf/4.7.3/../../../../../H-x86_64-mingw32/nios2-elf/lib/mno-hw-mul\libsmallc.a(lib_a-printf.o)
                                        0x4b2 (size before relaxing)
 .debug_str     0x0000000000000728       0x59 c:/altera/14.0/nios2eds/bin/gnu/h-x86_64-mingw32/bin/../lib/gcc/nios2-elf/4.7.3/../../../../../H-x86_64-mingw32/nios2-elf/lib/mno-hw-mul\libsmallc.a(lib_a-putchar.o)
                                        0x469 (size before relaxing)
 .debug_str     0x0000000000000781       0x4f c:/altera/14.0/nios2eds/bin/gnu/h-x86_64-mingw32/bin/../lib/gcc/nios2-elf/4.7.3/../../../../../H-x86_64-mingw32/nios2-elf/lib/mno-hw-mul\libsmallc.a(lib_a-puts.o)
                                        0x461 (size before relaxing)
 .debug_str     0x00000000000007d0       0xdc c:/altera/14.0/nios2eds/bin/gnu/h-x86_64-mingw32/bin/../lib/gcc/nios2-elf/4.7.3/../../../../../H-x86_64-mingw32/nios2-elf/lib/mno-hw-mul\libsmallc.a(lib_a-strlen.o)
                                        0x18e (size before relaxing)
 .debug_str     0x00000000000008ac      0x196 c:/altera/14.0/nios2eds/bin/gnu/h-x86_64-mingw32/bin/../lib/gcc/nios2-elf/4.7.3/../../../../../H-x86_64-mingw32/nios2-elf/lib/mno-hw-mul\libsmallc.a(lib_a-vfprintf.o)
                                        0x632 (size before relaxing)
 .debug_str     0x0000000000000a42       0x82 c:/altera/14.0/nios2eds/bin/gnu/h-x86_64-mingw32/bin/../lib/gcc/nios2-elf/4.7.3/../../../../../H-x86_64-mingw32/nios2-elf/lib/mno-hw-mul\libsmallc.a(lib_a-fvwrite_small_dev.o)
                                        0x48d (size before relaxing)
 .debug_str     0x0000000000000ac4       0xf9 c:/altera/14.0/nios2eds/bin/gnu/h-x86_64-mingw32/bin/../lib/gcc/nios2-elf/4.7.3/../../../../../H-x86_64-mingw32/nios2-elf/lib/mno-hw-mul\libsmallc.a(lib_a-impure.o)
                                        0x467 (size before relaxing)
 .debug_str     0x0000000000000bbd       0x47 c:/altera/14.0/nios2eds/bin/gnu/h-x86_64-mingw32/bin/../lib/gcc/nios2-elf/4.7.3/../../../../../H-x86_64-mingw32/nios2-elf/lib/mno-hw-mul\libsmallc.a(lib_a-putc.o)
                                        0x45f (size before relaxing)
 .debug_str     0x0000000000000c04       0x3d c:/altera/14.0/nios2eds/bin/gnu/h-x86_64-mingw32/bin/../lib/gcc/nios2-elf/4.7.3/../../../../../H-x86_64-mingw32/nios2-elf/lib/mno-hw-mul\libsmallc.a(lib_a-writer.o)
                                        0x461 (size before relaxing)
 .debug_str     0x0000000000000c41       0x40 c:/altera/14.0/nios2eds/bin/gnu/h-x86_64-mingw32/bin/../lib/gcc/nios2-elf/4.7.3/../../../../../H-x86_64-mingw32/nios2-elf/lib/mno-hw-mul\libsmallc.a(lib_a-int_errno.o)
                                        0x181 (size before relaxing)
 .debug_str     0x0000000000000c81       0x40 c:/altera/14.0/nios2eds/bin/gnu/h-x86_64-mingw32/bin/../lib/gcc/nios2-elf/4.7.3/mno-hw-mul\libgcc.a(lib2-mul.o)
                                        0x128 (size before relaxing)
 .debug_str     0x0000000000000cc1      0x146 ../count_binary3_bsp/\libhal_bsp.a(alt_load.o)
                                        0x1e4 (size before relaxing)
 .debug_str     0x0000000000000e07       0x70 ../count_binary3_bsp/\libhal_bsp.a(alt_main.o)
                                        0x16f (size before relaxing)
 .debug_str     0x0000000000000e77       0x27 ../count_binary3_bsp/\libhal_bsp.a(alt_usleep.o)
                                        0x11a (size before relaxing)
 .debug_str     0x0000000000000e9e      0x159 ../count_binary3_bsp/\libhal_bsp.a(alt_write.o)
                                        0x2ca (size before relaxing)
 .debug_str     0x0000000000000ff7       0xfe ../count_binary3_bsp/\libhal_bsp.a(alt_sys_init.o)
                                        0x2a4 (size before relaxing)
 .debug_str     0x00000000000010f5       0x77 ../count_binary3_bsp/\libhal_bsp.a(altera_avalon_jtag_uart_fd.o)
                                        0x2a7 (size before relaxing)
 .debug_str     0x000000000000116c       0x48 ../count_binary3_bsp/\libhal_bsp.a(altera_avalon_jtag_uart_read.o)
                                        0x1f1 (size before relaxing)
 .debug_str     0x00000000000011b4       0x4a ../count_binary3_bsp/\libhal_bsp.a(altera_avalon_jtag_uart_write.o)
                                        0x1e7 (size before relaxing)
 .debug_str     0x00000000000011fe       0x42 ../count_binary3_bsp/\libhal_bsp.a(alt_busy_sleep.o)
                                        0x13d (size before relaxing)
 .debug_str     0x0000000000001240       0x1b ../count_binary3_bsp/\libhal_bsp.a(alt_close.o)
                                        0x1dd (size before relaxing)
 .debug_str     0x000000000000125b       0x34 ../count_binary3_bsp/\libhal_bsp.a(alt_dcache_flush_all.o)
                                        0x127 (size before relaxing)
 .debug_str     0x000000000000128f       0x50 ../count_binary3_bsp/\libhal_bsp.a(alt_dev.o)
                                        0x2d7 (size before relaxing)
 .debug_str     0x00000000000012df       0x4b ../count_binary3_bsp/\libhal_bsp.a(alt_dev_llist_insert.o)
                                        0x19e (size before relaxing)
 .debug_str     0x000000000000132a       0x14 ../count_binary3_bsp/\libhal_bsp.a(alt_errno.o)
                                        0x117 (size before relaxing)
 .debug_str     0x000000000000133e       0x34 ../count_binary3_bsp/\libhal_bsp.a(alt_icache_flush_all.o)
                                        0x127 (size before relaxing)
 .debug_str     0x0000000000001372       0x56 ../count_binary3_bsp/\libhal_bsp.a(alt_io_redirect.o)
                                        0x2e8 (size before relaxing)
 .debug_str     0x00000000000013c8       0x36 ../count_binary3_bsp/\libhal_bsp.a(alt_open.o)
                                        0x21d (size before relaxing)
 .debug_str     0x00000000000013fe       0x28 ../count_binary3_bsp/\libhal_bsp.a(alt_release_fd.o)
                                        0x1b1 (size before relaxing)
 .debug_str     0x0000000000001426       0x3b ../count_binary3_bsp/\libhal_bsp.a(altera_nios2_qsys_irq.o)
                                        0x12e (size before relaxing)
 .debug_str     0x0000000000001461       0x24 ../count_binary3_bsp/\libhal_bsp.a(alt_find_dev.o)
                                        0x1be (size before relaxing)
 .debug_str     0x0000000000001485       0x26 ../count_binary3_bsp/\libhal_bsp.a(alt_find_file.o)
                                        0x1cc (size before relaxing)
 .debug_str     0x00000000000014ab       0x30 ../count_binary3_bsp/\libhal_bsp.a(alt_get_fd.o)
                                        0x1ee (size before relaxing)
 .debug_str     0x00000000000014db       0xeb c:/altera/14.0/nios2eds/bin/gnu/h-x86_64-mingw32/bin/../lib/gcc/nios2-elf/4.7.3/../../../../../H-x86_64-mingw32/nios2-elf/lib/mno-hw-mul\libsmallc.a(lib_a-exit.o)
                                        0x199 (size before relaxing)
 .debug_str     0x00000000000015c6       0x45 c:/altera/14.0/nios2eds/bin/gnu/h-x86_64-mingw32/bin/../lib/gcc/nios2-elf/4.7.3/../../../../../H-x86_64-mingw32/nios2-elf/lib/mno-hw-mul\libsmallc.a(lib_a-memcmp.o)
                                        0x188 (size before relaxing)
 .debug_str     0x000000000000160b       0x64 c:/altera/14.0/nios2eds/bin/gnu/h-x86_64-mingw32/bin/../lib/gcc/nios2-elf/4.7.3/../../../../../H-x86_64-mingw32/nios2-elf/lib/mno-hw-mul\libsmallc.a(lib_a-__call_atexit.o)
                                        0x492 (size before relaxing)
 .debug_str     0x000000000000166f       0x2a ../count_binary3_bsp/\libhal_bsp.a(alt_exit.o)
                                        0x123 (size before relaxing)

.debug_loc      0x0000000000000000     0x1fb4
 *(.debug_loc)
 .debug_loc     0x0000000000000000      0x160 obj/default/count_binary.o
 .debug_loc     0x0000000000000160      0x338 c:/altera/14.0/nios2eds/bin/gnu/h-x86_64-mingw32/bin/../lib/gcc/nios2-elf/4.7.3/mno-hw-mul\libgcc.a(lib2-divmod.o)
 .debug_loc     0x0000000000000498      0x125 c:/altera/14.0/nios2eds/bin/gnu/h-x86_64-mingw32/bin/../lib/gcc/nios2-elf/4.7.3/../../../../../H-x86_64-mingw32/nios2-elf/lib/mno-hw-mul\libsmallc.a(lib_a-printf.o)
 .debug_loc     0x00000000000005bd       0x6e c:/altera/14.0/nios2eds/bin/gnu/h-x86_64-mingw32/bin/../lib/gcc/nios2-elf/4.7.3/../../../../../H-x86_64-mingw32/nios2-elf/lib/mno-hw-mul\libsmallc.a(lib_a-putchar.o)
 .debug_loc     0x000000000000062b       0xb7 c:/altera/14.0/nios2eds/bin/gnu/h-x86_64-mingw32/bin/../lib/gcc/nios2-elf/4.7.3/../../../../../H-x86_64-mingw32/nios2-elf/lib/mno-hw-mul\libsmallc.a(lib_a-puts.o)
 .debug_loc     0x00000000000006e2       0x29 c:/altera/14.0/nios2eds/bin/gnu/h-x86_64-mingw32/bin/../lib/gcc/nios2-elf/4.7.3/../../../../../H-x86_64-mingw32/nios2-elf/lib/mno-hw-mul\libsmallc.a(lib_a-strlen.o)
 .debug_loc     0x000000000000070b      0xc9d c:/altera/14.0/nios2eds/bin/gnu/h-x86_64-mingw32/bin/../lib/gcc/nios2-elf/4.7.3/../../../../../H-x86_64-mingw32/nios2-elf/lib/mno-hw-mul\libsmallc.a(lib_a-vfprintf.o)
 .debug_loc     0x00000000000013a8      0x19e c:/altera/14.0/nios2eds/bin/gnu/h-x86_64-mingw32/bin/../lib/gcc/nios2-elf/4.7.3/../../../../../H-x86_64-mingw32/nios2-elf/lib/mno-hw-mul\libsmallc.a(lib_a-fvwrite_small_dev.o)
 .debug_loc     0x0000000000001546      0x138 c:/altera/14.0/nios2eds/bin/gnu/h-x86_64-mingw32/bin/../lib/gcc/nios2-elf/4.7.3/../../../../../H-x86_64-mingw32/nios2-elf/lib/mno-hw-mul\libsmallc.a(lib_a-putc.o)
 .debug_loc     0x000000000000167e       0xde c:/altera/14.0/nios2eds/bin/gnu/h-x86_64-mingw32/bin/../lib/gcc/nios2-elf/4.7.3/../../../../../H-x86_64-mingw32/nios2-elf/lib/mno-hw-mul\libsmallc.a(lib_a-writer.o)
 .debug_loc     0x000000000000175c       0x93 c:/altera/14.0/nios2eds/bin/gnu/h-x86_64-mingw32/bin/../lib/gcc/nios2-elf/4.7.3/mno-hw-mul\libgcc.a(lib2-mul.o)
 .debug_loc     0x00000000000017ef       0x58 ../count_binary3_bsp/\libhal_bsp.a(alt_load.o)
 .debug_loc     0x0000000000001847       0x2c ../count_binary3_bsp/\libhal_bsp.a(alt_main.o)
 .debug_loc     0x0000000000001873       0x2c ../count_binary3_bsp/\libhal_bsp.a(alt_usleep.o)
 .debug_loc     0x000000000000189f       0x58 ../count_binary3_bsp/\libhal_bsp.a(alt_write.o)
 .debug_loc     0x00000000000018f7       0x84 ../count_binary3_bsp/\libhal_bsp.a(alt_sys_init.o)
 .debug_loc     0x000000000000197b       0x58 ../count_binary3_bsp/\libhal_bsp.a(altera_avalon_jtag_uart_fd.o)
 .debug_loc     0x00000000000019d3       0x2c ../count_binary3_bsp/\libhal_bsp.a(altera_avalon_jtag_uart_read.o)
 .debug_loc     0x00000000000019ff       0x2c ../count_binary3_bsp/\libhal_bsp.a(altera_avalon_jtag_uart_write.o)
 .debug_loc     0x0000000000001a2b       0x2c ../count_binary3_bsp/\libhal_bsp.a(alt_busy_sleep.o)
 .debug_loc     0x0000000000001a57       0x58 ../count_binary3_bsp/\libhal_bsp.a(alt_close.o)
 .debug_loc     0x0000000000001aaf       0x2c ../count_binary3_bsp/\libhal_bsp.a(alt_dcache_flush_all.o)
 .debug_loc     0x0000000000001adb       0x2c ../count_binary3_bsp/\libhal_bsp.a(alt_dev.o)
 .debug_loc     0x0000000000001b07       0x58 ../count_binary3_bsp/\libhal_bsp.a(alt_dev_llist_insert.o)
 .debug_loc     0x0000000000001b5f       0x2c ../count_binary3_bsp/\libhal_bsp.a(alt_icache_flush_all.o)
 .debug_loc     0x0000000000001b8b       0x58 ../count_binary3_bsp/\libhal_bsp.a(alt_io_redirect.o)
 .debug_loc     0x0000000000001be3       0x84 ../count_binary3_bsp/\libhal_bsp.a(alt_open.o)
 .debug_loc     0x0000000000001c67       0x2c ../count_binary3_bsp/\libhal_bsp.a(alt_release_fd.o)
 .debug_loc     0x0000000000001c93       0x2c ../count_binary3_bsp/\libhal_bsp.a(altera_nios2_qsys_irq.o)
 .debug_loc     0x0000000000001cbf       0x2c ../count_binary3_bsp/\libhal_bsp.a(alt_find_dev.o)
 .debug_loc     0x0000000000001ceb       0x2c ../count_binary3_bsp/\libhal_bsp.a(alt_find_file.o)
 .debug_loc     0x0000000000001d17       0x2c ../count_binary3_bsp/\libhal_bsp.a(alt_get_fd.o)
 .debug_loc     0x0000000000001d43       0x3e c:/altera/14.0/nios2eds/bin/gnu/h-x86_64-mingw32/bin/../lib/gcc/nios2-elf/4.7.3/../../../../../H-x86_64-mingw32/nios2-elf/lib/mno-hw-mul\libsmallc.a(lib_a-exit.o)
 .debug_loc     0x0000000000001d81       0x6f c:/altera/14.0/nios2eds/bin/gnu/h-x86_64-mingw32/bin/../lib/gcc/nios2-elf/4.7.3/../../../../../H-x86_64-mingw32/nios2-elf/lib/mno-hw-mul\libsmallc.a(lib_a-memcmp.o)
 .debug_loc     0x0000000000001df0      0x198 c:/altera/14.0/nios2eds/bin/gnu/h-x86_64-mingw32/bin/../lib/gcc/nios2-elf/4.7.3/../../../../../H-x86_64-mingw32/nios2-elf/lib/mno-hw-mul\libsmallc.a(lib_a-__call_atexit.o)
 .debug_loc     0x0000000000001f88       0x2c ../count_binary3_bsp/\libhal_bsp.a(alt_exit.o)

.debug_macinfo
 *(.debug_macinfo)

.debug_weaknames
 *(.debug_weaknames)

.debug_funcnames
 *(.debug_funcnames)

.debug_typenames
 *(.debug_typenames)

.debug_varnames
 *(.debug_varnames)

.debug_alt_sim_info
                0x0000000000000000       0x40
 *(.debug_alt_sim_info)
 .debug_alt_sim_info
                0x0000000000000000       0x10 ../count_binary3_bsp//obj/HAL/src/crt0.o
 .debug_alt_sim_info
                0x0000000000000010       0x30 ../count_binary3_bsp/\libhal_bsp.a(alt_busy_sleep.o)
                0x0000000000002000                __alt_data_end = 0x2000
                0x0000000000002000                PROVIDE (__alt_stack_pointer, __alt_data_end)
                0x000000000000399c                PROVIDE (__alt_stack_limit, __alt_stack_base)
                0x000000000000399c                PROVIDE (__alt_heap_start, end)
                0x0000000000002000                PROVIDE (__alt_heap_limit, 0x2000)
OUTPUT(count_binary3.elf elf32-littlenios2)

.debug_ranges   0x0000000000000000      0x1f0
 .debug_ranges  0x0000000000000000       0x20 ../count_binary3_bsp//obj/HAL/src/crt0.o
 .debug_ranges  0x0000000000000020      0x188 c:/altera/14.0/nios2eds/bin/gnu/h-x86_64-mingw32/bin/../lib/gcc/nios2-elf/4.7.3/../../../../../H-x86_64-mingw32/nios2-elf/lib/mno-hw-mul\libsmallc.a(lib_a-vfprintf.o)
 .debug_ranges  0x00000000000001a8       0x18 c:/altera/14.0/nios2eds/bin/gnu/h-x86_64-mingw32/bin/../lib/gcc/nios2-elf/4.7.3/../../../../../H-x86_64-mingw32/nios2-elf/lib/mno-hw-mul\libsmallc.a(lib_a-fvwrite_small_dev.o)
 .debug_ranges  0x00000000000001c0       0x18 ../count_binary3_bsp/\libhal_bsp.a(altera_avalon_jtag_uart_read.o)
 .debug_ranges  0x00000000000001d8       0x18 c:/altera/14.0/nios2eds/bin/gnu/h-x86_64-mingw32/bin/../lib/gcc/nios2-elf/4.7.3/../../../../../H-x86_64-mingw32/nios2-elf/lib/mno-hw-mul\libsmallc.a(lib_a-__call_atexit.o)
