Archive member included because of file (symbol)

../Lab4_2_bsp/\libhal_bsp.a(alt_getchar.o)
                              obj/default/hello_world_small.o (alt_getchar)
../Lab4_2_bsp/\libhal_bsp.a(alt_load.o)
                              ../Lab4_2_bsp//obj/HAL/src/crt0.o (alt_load)
../Lab4_2_bsp/\libhal_bsp.a(alt_main.o)
                              ../Lab4_2_bsp//obj/HAL/src/crt0.o (alt_main)
../Lab4_2_bsp/\libhal_bsp.a(alt_printf.o)
                              obj/default/hello_world_small.o (alt_printf)
../Lab4_2_bsp/\libhal_bsp.a(alt_putchar.o)
                              ../Lab4_2_bsp/\libhal_bsp.a(alt_printf.o) (alt_putchar)
../Lab4_2_bsp/\libhal_bsp.a(alt_putstr.o)
                              obj/default/hello_world_small.o (alt_putstr)
../Lab4_2_bsp/\libhal_bsp.a(alt_sys_init.o)
                              ../Lab4_2_bsp/\libhal_bsp.a(alt_main.o) (alt_irq_init)
../Lab4_2_bsp/\libhal_bsp.a(altera_avalon_jtag_uart_read.o)
                              ../Lab4_2_bsp/\libhal_bsp.a(alt_getchar.o) (altera_avalon_jtag_uart_read)
../Lab4_2_bsp/\libhal_bsp.a(altera_avalon_jtag_uart_write.o)
                              ../Lab4_2_bsp/\libhal_bsp.a(alt_putchar.o) (altera_avalon_jtag_uart_write)
../Lab4_2_bsp/\libhal_bsp.a(alt_dcache_flush_all.o)
                              ../Lab4_2_bsp/\libhal_bsp.a(alt_load.o) (alt_dcache_flush_all)
../Lab4_2_bsp/\libhal_bsp.a(alt_dev.o)
                              ../Lab4_2_bsp/\libhal_bsp.a(alt_getchar.o) (alt_fd_list)
../Lab4_2_bsp/\libhal_bsp.a(alt_icache_flush_all.o)
                              ../Lab4_2_bsp/\libhal_bsp.a(alt_load.o) (alt_icache_flush_all)
../Lab4_2_bsp/\libhal_bsp.a(altera_nios2_qsys_irq.o)
                              ../Lab4_2_bsp/\libhal_bsp.a(alt_sys_init.o) (altera_nios2_qsys_irq_init)
c:/altera/14.0/nios2eds/bin/gnu/h-x86_64-mingw32/bin/../lib/gcc/nios2-elf/4.7.3/../../../../../H-x86_64-mingw32/nios2-elf/lib/mno-hw-mul\libsmallc.a(lib_a-strlen.o)
                              ../Lab4_2_bsp/\libhal_bsp.a(alt_putstr.o) (strlen)

Memory Configuration

Name             Origin             Length             Attributes
reset            0x0000000000001000 0x0000000000000020
onchip_memory    0x0000000000001020 0x0000000000000fe0
*default*        0x0000000000000000 0xffffffffffffffff

Linker script and memory map

LOAD ../Lab4_2_bsp//obj/HAL/src/crt0.o
LOAD obj/default/hello_world_small.o
LOAD c:/altera/14.0/nios2eds/bin/gnu/h-x86_64-mingw32/bin/../lib/gcc/nios2-elf/4.7.3/../../../../../H-x86_64-mingw32/nios2-elf/lib/mno-hw-mul\libstdc++.a
LOAD c:/altera/14.0/nios2eds/bin/gnu/h-x86_64-mingw32/bin/../lib/gcc/nios2-elf/4.7.3/../../../../../H-x86_64-mingw32/nios2-elf/lib/mno-hw-mul\libm.a
LOAD c:/altera/14.0/nios2eds/bin/gnu/h-x86_64-mingw32/bin/../lib/gcc/nios2-elf/4.7.3/mno-hw-mul\libgcc.a
START GROUP
LOAD c:/altera/14.0/nios2eds/bin/gnu/h-x86_64-mingw32/bin/../lib/gcc/nios2-elf/4.7.3/../../../../../H-x86_64-mingw32/nios2-elf/lib/mno-hw-mul\libsmallc.a
LOAD c:/altera/14.0/nios2eds/bin/gnu/h-x86_64-mingw32/bin/../lib/gcc/nios2-elf/4.7.3/mno-hw-mul\libgcc.a
LOAD ../Lab4_2_bsp/\libhal_bsp.a
END GROUP
LOAD c:/altera/14.0/nios2eds/bin/gnu/h-x86_64-mingw32/bin/../lib/gcc/nios2-elf/4.7.3/mno-hw-mul\libgcc.a
                0x0000000000001000                __alt_mem_onchip_memory = 0x1000

.entry          0x0000000000001000       0x20
 *(.entry)
 .entry         0x0000000000001000       0x20 ../Lab4_2_bsp//obj/HAL/src/crt0.o
                0x0000000000001000                __reset
                0x000000000000100c                _exit

.exceptions     0x0000000000001020        0x0
                0x0000000000001020                PROVIDE (__ram_exceptions_start, ABSOLUTE (.))
                0x0000000000001020                . = ALIGN (0x20)
 *(.irq)
 *(.exceptions.entry.label)
 *(.exceptions.entry.user)
 *(.exceptions.entry.ecc_fatal)
 *(.exceptions.entry)
 *(.exceptions.irqtest.user)
 *(.exceptions.irqtest)
 *(.exceptions.irqhandler.user)
 *(.exceptions.irqhandler)
 *(.exceptions.irqreturn.user)
 *(.exceptions.irqreturn)
 *(.exceptions.notirq.label)
 *(.exceptions.notirq.user)
 *(.exceptions.notirq)
 *(.exceptions.soft.user)
 *(.exceptions.soft)
 *(.exceptions.unknown.user)
 *(.exceptions.unknown)
 *(.exceptions.exit.label)
 *(.exceptions.exit.user)
 *(.exceptions.exit)
 *(.exceptions)
                0x0000000000001020                PROVIDE (__ram_exceptions_end, ABSOLUTE (.))
                0x0000000000001020                PROVIDE (__flash_exceptions_start, LOADADDR (.exceptions))

.text           0x0000000000001020      0x64c
                0x0000000000001020                PROVIDE (stext, ABSOLUTE (.))
 *(.interp)
 *(.hash)
 *(.dynsym)
 *(.dynstr)
 *(.gnu.version)
 *(.gnu.version_d)
 *(.gnu.version_r)
 *(.rel.init)
 *(.rela.init)
 *(.rel.text .rel.text.* .rel.gnu.linkonce.t.*)
 *(.rela.text .rela.text.* .rela.gnu.linkonce.t.*)
 *(.rel.fini)
 *(.rela.fini)
 *(.rel.rodata .rel.rodata.* .rel.gnu.linkonce.r.*)
 *(.rela.rodata .rela.rodata.* .rela.gnu.linkonce.r.*)
 *(.rel.data .rel.data.* .rel.gnu.linkonce.d.*)
 *(.rela.data .rela.data.* .rela.gnu.linkonce.d.*)
 *(.rel.tdata .rel.tdata.* .rel.gnu.linkonce.td.*)
 *(.rela.tdata .rela.tdata.* .rela.gnu.linkonce.td.*)
 *(.rel.tbss .rel.tbss.* .rel.gnu.linkonce.tb.*)
 *(.rela.tbss .rela.tbss.* .rela.gnu.linkonce.tb.*)
 *(.rel.ctors)
 *(.rela.ctors)
 *(.rel.dtors)
 *(.rela.dtors)
 *(.rel.got)
 *(.rela.got)
 *(.rel.sdata .rel.sdata.* .rel.gnu.linkonce.s.*)
 *(.rela.sdata .rela.sdata.* .rela.gnu.linkonce.s.*)
 *(.rel.sbss .rel.sbss.* .rel.gnu.linkonce.sb.*)
 *(.rela.sbss .rela.sbss.* .rela.gnu.linkonce.sb.*)
 *(.rel.sdata2 .rel.sdata2.* .rel.gnu.linkonce.s2.*)
 *(.rela.sdata2 .rela.sdata2.* .rela.gnu.linkonce.s2.*)
 *(.rel.sbss2 .rel.sbss2.* .rel.gnu.linkonce.sb2.*)
 *(.rela.sbss2 .rela.sbss2.* .rela.gnu.linkonce.sb2.*)
 *(.rel.bss .rel.bss.* .rel.gnu.linkonce.b.*)
 *(.rela.bss .rela.bss.* .rela.gnu.linkonce.b.*)
 *(.rel.plt)
 *(.rela.plt)
 *(.rel.dyn)
 *(.init)
 *(.plt)
 *(.text .stub .text.* .gnu.linkonce.t.*)
 .text          0x0000000000001020       0x3c ../Lab4_2_bsp//obj/HAL/src/crt0.o
                0x0000000000001020                _start
 .text          0x000000000000105c        0x0 obj/default/hello_world_small.o
 .text.startup  0x000000000000105c      0x1b4 obj/default/hello_world_small.o
                0x000000000000105c                main
 .text          0x0000000000001210       0x44 ../Lab4_2_bsp/\libhal_bsp.a(alt_getchar.o)
                0x0000000000001210                alt_getchar
 .text          0x0000000000001254      0x104 ../Lab4_2_bsp/\libhal_bsp.a(alt_load.o)
                0x0000000000001254                alt_load
 .text          0x0000000000001358       0x2c ../Lab4_2_bsp/\libhal_bsp.a(alt_main.o)
                0x0000000000001358                alt_main
 .text          0x0000000000001384      0x170 ../Lab4_2_bsp/\libhal_bsp.a(alt_printf.o)
                0x0000000000001384                alt_printf
 .text          0x00000000000014f4       0x4c ../Lab4_2_bsp/\libhal_bsp.a(alt_putchar.o)
                0x00000000000014f4                alt_putchar
 .text          0x0000000000001540       0x38 ../Lab4_2_bsp/\libhal_bsp.a(alt_putstr.o)
                0x0000000000001540                alt_putstr
 .text          0x0000000000001578       0x24 ../Lab4_2_bsp/\libhal_bsp.a(alt_sys_init.o)
                0x0000000000001578                alt_irq_init
                0x0000000000001598                alt_sys_init
 .text          0x000000000000159c       0x5c ../Lab4_2_bsp/\libhal_bsp.a(altera_avalon_jtag_uart_read.o)
                0x000000000000159c                altera_avalon_jtag_uart_read
 .text          0x00000000000015f8       0x34 ../Lab4_2_bsp/\libhal_bsp.a(altera_avalon_jtag_uart_write.o)
                0x00000000000015f8                altera_avalon_jtag_uart_write
 .text          0x000000000000162c        0x4 ../Lab4_2_bsp/\libhal_bsp.a(alt_dcache_flush_all.o)
                0x000000000000162c                alt_dcache_flush_all
 .text          0x0000000000001630        0x8 ../Lab4_2_bsp/\libhal_bsp.a(alt_dev.o)
 .text          0x0000000000001638        0x4 ../Lab4_2_bsp/\libhal_bsp.a(alt_icache_flush_all.o)
                0x0000000000001638                alt_icache_flush_all
 .text          0x000000000000163c        0x8 ../Lab4_2_bsp/\libhal_bsp.a(altera_nios2_qsys_irq.o)
                0x000000000000163c                altera_nios2_qsys_irq_init
 .text          0x0000000000001644       0x28 c:/altera/14.0/nios2eds/bin/gnu/h-x86_64-mingw32/bin/../lib/gcc/nios2-elf/4.7.3/../../../../../H-x86_64-mingw32/nios2-elf/lib/mno-hw-mul\libsmallc.a(lib_a-strlen.o)
                0x0000000000001644                strlen
 *(.gnu.warning.*)
 *(.fini)
                0x000000000000166c                PROVIDE (__etext, ABSOLUTE (.))
                0x000000000000166c                PROVIDE (_etext, ABSOLUTE (.))
                0x000000000000166c                PROVIDE (etext, ABSOLUTE (.))
 *(.eh_frame_hdr)
                0x000000000000166c                . = ALIGN (0x4)
                0x000000000000166c                PROVIDE (__preinit_array_start, ABSOLUTE (.))
 *(.preinit_array)
                0x000000000000166c                PROVIDE (__preinit_array_end, ABSOLUTE (.))
                0x000000000000166c                PROVIDE (__init_array_start, ABSOLUTE (.))
 *(.init_array)
                0x000000000000166c                PROVIDE (__init_array_end, ABSOLUTE (.))
                0x000000000000166c                PROVIDE (__fini_array_start, ABSOLUTE (.))
 *(.fini_array)
                0x000000000000166c                PROVIDE (__fini_array_end, ABSOLUTE (.))
 *(.eh_frame)
 *(.gcc_except_table .gcc_except_table.*)
 *(.dynamic)
                0x000000000000166c                PROVIDE (__CTOR_LIST__, ABSOLUTE (.))
 *(.ctors)
 *(SORT(.ctors.*))
                0x000000000000166c                PROVIDE (__CTOR_END__, ABSOLUTE (.))
                0x000000000000166c                PROVIDE (__DTOR_LIST__, ABSOLUTE (.))
 *(.dtors)
 *(SORT(.dtors.*))
                0x000000000000166c                PROVIDE (__DTOR_END__, ABSOLUTE (.))
 *(.jcr)
                0x000000000000166c                . = ALIGN (0x4)

.rodata         0x000000000000166c       0xcc
                0x000000000000166c                PROVIDE (__ram_rodata_start, ABSOLUTE (.))
                0x000000000000166c                . = ALIGN (0x4)
 *(.rodata .rodata.* .gnu.linkonce.r.*)
 .rodata.str1.4
                0x000000000000166c       0xbf obj/default/hello_world_small.o
                                         0xc4 (size before relaxing)
 *fill*         0x000000000000172b        0x1 
 .rodata.str1.4
                0x000000000000172c        0xc ../Lab4_2_bsp/\libhal_bsp.a(alt_dev.o)
 *(.rodata1)
                0x0000000000001738                . = ALIGN (0x4)
                0x0000000000001738                PROVIDE (__ram_rodata_end, ABSOLUTE (.))
                0x000000000000166c                PROVIDE (__flash_rodata_start, LOADADDR (.rodata))

.rwdata         0x0000000000001738       0x70 load address 0x00000000000017a8
                0x0000000000001738                PROVIDE (__ram_rwdata_start, ABSOLUTE (.))
                0x0000000000001738                . = ALIGN (0x4)
 *(.got.plt)
 *(.got)
 *(.data1)
 *(.data .data.* .gnu.linkonce.d.*)
 .data          0x0000000000001738        0x0 ../Lab4_2_bsp//obj/HAL/src/crt0.o
 .data          0x0000000000001738        0x0 obj/default/hello_world_small.o
 .data          0x0000000000001738        0x0 ../Lab4_2_bsp/\libhal_bsp.a(alt_getchar.o)
 .data          0x0000000000001738        0x0 ../Lab4_2_bsp/\libhal_bsp.a(alt_load.o)
 .data          0x0000000000001738        0x0 ../Lab4_2_bsp/\libhal_bsp.a(alt_main.o)
 .data          0x0000000000001738        0x0 ../Lab4_2_bsp/\libhal_bsp.a(alt_printf.o)
 .data          0x0000000000001738        0x0 ../Lab4_2_bsp/\libhal_bsp.a(alt_putchar.o)
 .data          0x0000000000001738        0x0 ../Lab4_2_bsp/\libhal_bsp.a(alt_putstr.o)
 .data          0x0000000000001738        0x0 ../Lab4_2_bsp/\libhal_bsp.a(alt_sys_init.o)
 .data          0x0000000000001738        0x0 ../Lab4_2_bsp/\libhal_bsp.a(altera_avalon_jtag_uart_read.o)
 .data          0x0000000000001738        0x0 ../Lab4_2_bsp/\libhal_bsp.a(altera_avalon_jtag_uart_write.o)
 .data          0x0000000000001738        0x0 ../Lab4_2_bsp/\libhal_bsp.a(alt_dcache_flush_all.o)
 .data          0x0000000000001738       0x58 ../Lab4_2_bsp/\libhal_bsp.a(alt_dev.o)
                0x0000000000001738                alt_fd_list
                0x0000000000001768                alt_dev_null
 .data          0x0000000000001790        0x0 ../Lab4_2_bsp/\libhal_bsp.a(alt_icache_flush_all.o)
 .data          0x0000000000001790        0x0 ../Lab4_2_bsp/\libhal_bsp.a(altera_nios2_qsys_irq.o)
 .data          0x0000000000001790        0x0 c:/altera/14.0/nios2eds/bin/gnu/h-x86_64-mingw32/bin/../lib/gcc/nios2-elf/4.7.3/../../../../../H-x86_64-mingw32/nios2-elf/lib/mno-hw-mul\libsmallc.a(lib_a-strlen.o)
                0x0000000000009790                _gp = ABSOLUTE ((. + 0x8000))
                0x0000000000009790                PROVIDE (gp, _gp)
 *(.rwdata .rwdata.*)
 *(.sdata .sdata.* .gnu.linkonce.s.*)
 .sdata         0x0000000000001790        0x4 ../Lab4_2_bsp/\libhal_bsp.a(alt_sys_init.o)
                0x0000000000001790                jtag_uart
 .sdata         0x0000000000001794       0x14 ../Lab4_2_bsp/\libhal_bsp.a(alt_dev.o)
                0x0000000000001794                alt_max_fd
                0x0000000000001798                alt_dev_list
                0x00000000000017a0                alt_fs_list
 *(.sdata2 .sdata2.* .gnu.linkonce.s2.*)
                0x00000000000017a8                . = ALIGN (0x4)
                0x00000000000017a8                _edata = ABSOLUTE (.)
                0x00000000000017a8                PROVIDE (edata, ABSOLUTE (.))
                0x00000000000017a8                PROVIDE (__ram_rwdata_end, ABSOLUTE (.))
                0x00000000000017a8                PROVIDE (__flash_rwdata_start, LOADADDR (.rwdata))

.bss            0x0000000000001818        0xc
                0x0000000000001818                __bss_start = ABSOLUTE (.)
                0x0000000000001818                PROVIDE (__sbss_start, ABSOLUTE (.))
                0x0000000000001818                PROVIDE (___sbss_start, ABSOLUTE (.))
 *(.dynsbss)
 *(.sbss .sbss.* .gnu.linkonce.sb.*)
 .sbss          0x0000000000001818        0xc ../Lab4_2_bsp/\libhal_bsp.a(alt_main.o)
                0x0000000000001818                alt_envp
                0x000000000000181c                alt_argv
                0x0000000000001820                alt_argc
 *(.sbss2 .sbss2.* .gnu.linkonce.sb2.*)
 *(.scommon)
                0x0000000000001824                PROVIDE (__sbss_end, ABSOLUTE (.))
                0x0000000000001824                PROVIDE (___sbss_end, ABSOLUTE (.))
 *(.dynbss)
 *(.bss .bss.* .gnu.linkonce.b.*)
 .bss           0x0000000000001824        0x0 ../Lab4_2_bsp//obj/HAL/src/crt0.o
 .bss           0x0000000000001824        0x0 obj/default/hello_world_small.o
 .bss           0x0000000000001824        0x0 ../Lab4_2_bsp/\libhal_bsp.a(alt_getchar.o)
 .bss           0x0000000000001824        0x0 ../Lab4_2_bsp/\libhal_bsp.a(alt_load.o)
 .bss           0x0000000000001824        0x0 ../Lab4_2_bsp/\libhal_bsp.a(alt_main.o)
 .bss           0x0000000000001824        0x0 ../Lab4_2_bsp/\libhal_bsp.a(alt_printf.o)
 .bss           0x0000000000001824        0x0 ../Lab4_2_bsp/\libhal_bsp.a(alt_putchar.o)
 .bss           0x0000000000001824        0x0 ../Lab4_2_bsp/\libhal_bsp.a(alt_putstr.o)
 .bss           0x0000000000001824        0x0 ../Lab4_2_bsp/\libhal_bsp.a(alt_sys_init.o)
 .bss           0x0000000000001824        0x0 ../Lab4_2_bsp/\libhal_bsp.a(altera_avalon_jtag_uart_read.o)
 .bss           0x0000000000001824        0x0 ../Lab4_2_bsp/\libhal_bsp.a(altera_avalon_jtag_uart_write.o)
 .bss           0x0000000000001824        0x0 ../Lab4_2_bsp/\libhal_bsp.a(alt_dcache_flush_all.o)
 .bss           0x0000000000001824        0x0 ../Lab4_2_bsp/\libhal_bsp.a(alt_dev.o)
 .bss           0x0000000000001824        0x0 ../Lab4_2_bsp/\libhal_bsp.a(alt_icache_flush_all.o)
 .bss           0x0000000000001824        0x0 ../Lab4_2_bsp/\libhal_bsp.a(altera_nios2_qsys_irq.o)
 .bss           0x0000000000001824        0x0 c:/altera/14.0/nios2eds/bin/gnu/h-x86_64-mingw32/bin/../lib/gcc/nios2-elf/4.7.3/../../../../../H-x86_64-mingw32/nios2-elf/lib/mno-hw-mul\libsmallc.a(lib_a-strlen.o)
 *(COMMON)
                0x0000000000001824                . = ALIGN (0x4)
                0x0000000000001824                __bss_end = ABSOLUTE (.)

.onchip_memory  0x0000000000001824        0x0
                0x0000000000001824                PROVIDE (_alt_partition_onchip_memory_start, ABSOLUTE (.))
 *(.onchip_memory .onchip_memory. onchip_memory.*)
                0x0000000000001824                . = ALIGN (0x4)
                0x0000000000001824                PROVIDE (_alt_partition_onchip_memory_end, ABSOLUTE (.))
                0x0000000000001824                _end = ABSOLUTE (.)
                0x0000000000001824                end = ABSOLUTE (.)
                0x0000000000001824                __alt_stack_base = ABSOLUTE (.)
                0x0000000000001824                PROVIDE (_alt_partition_onchip_memory_load_addr, LOADADDR (.onchip_memory))

.stab
 *(.stab)

.stabstr
 *(.stabstr)

.stab.excl
 *(.stab.excl)

.stab.exclstr
 *(.stab.exclstr)

.stab.index
 *(.stab.index)

.stab.indexstr
 *(.stab.indexstr)

.comment        0x0000000000000000       0x23
 *(.comment)
 .comment       0x0000000000000000       0x23 obj/default/hello_world_small.o
                                         0x24 (size before relaxing)
 .comment       0x0000000000000000       0x24 ../Lab4_2_bsp/\libhal_bsp.a(alt_getchar.o)
 .comment       0x0000000000000000       0x24 ../Lab4_2_bsp/\libhal_bsp.a(alt_load.o)
 .comment       0x0000000000000000       0x24 ../Lab4_2_bsp/\libhal_bsp.a(alt_main.o)
 .comment       0x0000000000000000       0x24 ../Lab4_2_bsp/\libhal_bsp.a(alt_printf.o)
 .comment       0x0000000000000000       0x24 ../Lab4_2_bsp/\libhal_bsp.a(alt_putchar.o)
 .comment       0x0000000000000000       0x24 ../Lab4_2_bsp/\libhal_bsp.a(alt_putstr.o)
 .comment       0x0000000000000000       0x24 ../Lab4_2_bsp/\libhal_bsp.a(alt_sys_init.o)
 .comment       0x0000000000000000       0x24 ../Lab4_2_bsp/\libhal_bsp.a(altera_avalon_jtag_uart_read.o)
 .comment       0x0000000000000000       0x24 ../Lab4_2_bsp/\libhal_bsp.a(altera_avalon_jtag_uart_write.o)
 .comment       0x0000000000000000       0x24 ../Lab4_2_bsp/\libhal_bsp.a(alt_dcache_flush_all.o)
 .comment       0x0000000000000000       0x24 ../Lab4_2_bsp/\libhal_bsp.a(alt_dev.o)
 .comment       0x0000000000000000       0x24 ../Lab4_2_bsp/\libhal_bsp.a(alt_icache_flush_all.o)
 .comment       0x0000000000000000       0x24 ../Lab4_2_bsp/\libhal_bsp.a(altera_nios2_qsys_irq.o)
 .comment       0x0000000000000000       0x24 c:/altera/14.0/nios2eds/bin/gnu/h-x86_64-mingw32/bin/../lib/gcc/nios2-elf/4.7.3/../../../../../H-x86_64-mingw32/nios2-elf/lib/mno-hw-mul\libsmallc.a(lib_a-strlen.o)

.debug
 *(.debug)

.line
 *(.line)

.debug_srcinfo
 *(.debug_srcinfo)

.debug_sfnames
 *(.debug_sfnames)

.debug_aranges  0x0000000000000000      0x208
 *(.debug_aranges)
 .debug_aranges
                0x0000000000000000       0x28 ../Lab4_2_bsp//obj/HAL/src/crt0.o
 .debug_aranges
                0x0000000000000028       0x20 obj/default/hello_world_small.o
 .debug_aranges
                0x0000000000000048       0x20 ../Lab4_2_bsp/\libhal_bsp.a(alt_getchar.o)
 .debug_aranges
                0x0000000000000068       0x20 ../Lab4_2_bsp/\libhal_bsp.a(alt_load.o)
 .debug_aranges
                0x0000000000000088       0x20 ../Lab4_2_bsp/\libhal_bsp.a(alt_main.o)
 .debug_aranges
                0x00000000000000a8       0x20 ../Lab4_2_bsp/\libhal_bsp.a(alt_printf.o)
 .debug_aranges
                0x00000000000000c8       0x20 ../Lab4_2_bsp/\libhal_bsp.a(alt_putchar.o)
 .debug_aranges
                0x00000000000000e8       0x20 ../Lab4_2_bsp/\libhal_bsp.a(alt_putstr.o)
 .debug_aranges
                0x0000000000000108       0x20 ../Lab4_2_bsp/\libhal_bsp.a(alt_sys_init.o)
 .debug_aranges
                0x0000000000000128       0x20 ../Lab4_2_bsp/\libhal_bsp.a(altera_avalon_jtag_uart_read.o)
 .debug_aranges
                0x0000000000000148       0x20 ../Lab4_2_bsp/\libhal_bsp.a(altera_avalon_jtag_uart_write.o)
 .debug_aranges
                0x0000000000000168       0x20 ../Lab4_2_bsp/\libhal_bsp.a(alt_dcache_flush_all.o)
 .debug_aranges
                0x0000000000000188       0x20 ../Lab4_2_bsp/\libhal_bsp.a(alt_dev.o)
 .debug_aranges
                0x00000000000001a8       0x20 ../Lab4_2_bsp/\libhal_bsp.a(alt_icache_flush_all.o)
 .debug_aranges
                0x00000000000001c8       0x20 ../Lab4_2_bsp/\libhal_bsp.a(altera_nios2_qsys_irq.o)
 .debug_aranges
                0x00000000000001e8       0x20 c:/altera/14.0/nios2eds/bin/gnu/h-x86_64-mingw32/bin/../lib/gcc/nios2-elf/4.7.3/../../../../../H-x86_64-mingw32/nios2-elf/lib/mno-hw-mul\libsmallc.a(lib_a-strlen.o)

.debug_pubnames
 *(.debug_pubnames)

.debug_info     0x0000000000000000     0x1a27
 *(.debug_info .gnu.linkonce.wi.*)
 .debug_info    0x0000000000000000       0x82 ../Lab4_2_bsp//obj/HAL/src/crt0.o
 .debug_info    0x0000000000000082      0x266 obj/default/hello_world_small.o
 .debug_info    0x00000000000002e8      0x374 ../Lab4_2_bsp/\libhal_bsp.a(alt_getchar.o)
 .debug_info    0x000000000000065c      0x1d9 ../Lab4_2_bsp/\libhal_bsp.a(alt_load.o)
 .debug_info    0x0000000000000835      0x194 ../Lab4_2_bsp/\libhal_bsp.a(alt_main.o)
 .debug_info    0x00000000000009c9      0x163 ../Lab4_2_bsp/\libhal_bsp.a(alt_printf.o)
 .debug_info    0x0000000000000b2c      0x148 ../Lab4_2_bsp/\libhal_bsp.a(alt_putchar.o)
 .debug_info    0x0000000000000c74      0x171 ../Lab4_2_bsp/\libhal_bsp.a(alt_putstr.o)
 .debug_info    0x0000000000000de5      0x193 ../Lab4_2_bsp/\libhal_bsp.a(alt_sys_init.o)
 .debug_info    0x0000000000000f78      0x1bd ../Lab4_2_bsp/\libhal_bsp.a(altera_avalon_jtag_uart_read.o)
 .debug_info    0x0000000000001135      0x1a0 ../Lab4_2_bsp/\libhal_bsp.a(altera_avalon_jtag_uart_write.o)
 .debug_info    0x00000000000012d5       0x8f ../Lab4_2_bsp/\libhal_bsp.a(alt_dcache_flush_all.o)
 .debug_info    0x0000000000001364      0x4df ../Lab4_2_bsp/\libhal_bsp.a(alt_dev.o)
 .debug_info    0x0000000000001843       0x8f ../Lab4_2_bsp/\libhal_bsp.a(alt_icache_flush_all.o)
 .debug_info    0x00000000000018d2       0x8f ../Lab4_2_bsp/\libhal_bsp.a(altera_nios2_qsys_irq.o)
 .debug_info    0x0000000000001961       0xc6 c:/altera/14.0/nios2eds/bin/gnu/h-x86_64-mingw32/bin/../lib/gcc/nios2-elf/4.7.3/../../../../../H-x86_64-mingw32/nios2-elf/lib/mno-hw-mul\libsmallc.a(lib_a-strlen.o)

.debug_abbrev   0x0000000000000000      0xb9a
 *(.debug_abbrev)
 .debug_abbrev  0x0000000000000000       0x12 ../Lab4_2_bsp//obj/HAL/src/crt0.o
 .debug_abbrev  0x0000000000000012       0xf5 obj/default/hello_world_small.o
 .debug_abbrev  0x0000000000000107      0x11f ../Lab4_2_bsp/\libhal_bsp.a(alt_getchar.o)
 .debug_abbrev  0x0000000000000226       0xd8 ../Lab4_2_bsp/\libhal_bsp.a(alt_load.o)
 .debug_abbrev  0x00000000000002fe      0x120 ../Lab4_2_bsp/\libhal_bsp.a(alt_main.o)
 .debug_abbrev  0x000000000000041e       0xcc ../Lab4_2_bsp/\libhal_bsp.a(alt_printf.o)
 .debug_abbrev  0x00000000000004ea       0xd4 ../Lab4_2_bsp/\libhal_bsp.a(alt_putchar.o)
 .debug_abbrev  0x00000000000005be       0xe2 ../Lab4_2_bsp/\libhal_bsp.a(alt_putstr.o)
 .debug_abbrev  0x00000000000006a0      0x105 ../Lab4_2_bsp/\libhal_bsp.a(alt_sys_init.o)
 .debug_abbrev  0x00000000000007a5      0x102 ../Lab4_2_bsp/\libhal_bsp.a(altera_avalon_jtag_uart_read.o)
 .debug_abbrev  0x00000000000008a7       0xd5 ../Lab4_2_bsp/\libhal_bsp.a(altera_avalon_jtag_uart_write.o)
 .debug_abbrev  0x000000000000097c       0x42 ../Lab4_2_bsp/\libhal_bsp.a(alt_dcache_flush_all.o)
 .debug_abbrev  0x00000000000009be       0xd9 ../Lab4_2_bsp/\libhal_bsp.a(alt_dev.o)
 .debug_abbrev  0x0000000000000a97       0x42 ../Lab4_2_bsp/\libhal_bsp.a(alt_icache_flush_all.o)
 .debug_abbrev  0x0000000000000ad9       0x42 ../Lab4_2_bsp/\libhal_bsp.a(altera_nios2_qsys_irq.o)
 .debug_abbrev  0x0000000000000b1b       0x7f c:/altera/14.0/nios2eds/bin/gnu/h-x86_64-mingw32/bin/../lib/gcc/nios2-elf/4.7.3/../../../../../H-x86_64-mingw32/nios2-elf/lib/mno-hw-mul\libsmallc.a(lib_a-strlen.o)

.debug_line     0x0000000000000000      0xc7b
 *(.debug_line)
 .debug_line    0x0000000000000000       0x66 ../Lab4_2_bsp//obj/HAL/src/crt0.o
 .debug_line    0x0000000000000066       0xce obj/default/hello_world_small.o
 .debug_line    0x0000000000000134       0xad ../Lab4_2_bsp/\libhal_bsp.a(alt_getchar.o)
 .debug_line    0x00000000000001e1       0xd6 ../Lab4_2_bsp/\libhal_bsp.a(alt_load.o)
 .debug_line    0x00000000000002b7       0xbd ../Lab4_2_bsp/\libhal_bsp.a(alt_main.o)
 .debug_line    0x0000000000000374      0x122 ../Lab4_2_bsp/\libhal_bsp.a(alt_printf.o)
 .debug_line    0x0000000000000496       0x4d ../Lab4_2_bsp/\libhal_bsp.a(alt_putchar.o)
 .debug_line    0x00000000000004e3      0x127 ../Lab4_2_bsp/\libhal_bsp.a(alt_putstr.o)
 .debug_line    0x000000000000060a      0x101 ../Lab4_2_bsp/\libhal_bsp.a(alt_sys_init.o)
 .debug_line    0x000000000000070b      0x104 ../Lab4_2_bsp/\libhal_bsp.a(altera_avalon_jtag_uart_read.o)
 .debug_line    0x000000000000080f       0xf5 ../Lab4_2_bsp/\libhal_bsp.a(altera_avalon_jtag_uart_write.o)
 .debug_line    0x0000000000000904       0x4e ../Lab4_2_bsp/\libhal_bsp.a(alt_dcache_flush_all.o)
 .debug_line    0x0000000000000952      0x119 ../Lab4_2_bsp/\libhal_bsp.a(alt_dev.o)
 .debug_line    0x0000000000000a6b       0x4e ../Lab4_2_bsp/\libhal_bsp.a(alt_icache_flush_all.o)
 .debug_line    0x0000000000000ab9       0x50 ../Lab4_2_bsp/\libhal_bsp.a(altera_nios2_qsys_irq.o)
 .debug_line    0x0000000000000b09      0x172 c:/altera/14.0/nios2eds/bin/gnu/h-x86_64-mingw32/bin/../lib/gcc/nios2-elf/4.7.3/../../../../../H-x86_64-mingw32/nios2-elf/lib/mno-hw-mul\libsmallc.a(lib_a-strlen.o)

.debug_frame    0x0000000000000000      0x254
 *(.debug_frame)
 .debug_frame   0x0000000000000000       0x38 obj/default/hello_world_small.o
 .debug_frame   0x0000000000000038       0x28 ../Lab4_2_bsp/\libhal_bsp.a(alt_getchar.o)
 .debug_frame   0x0000000000000060       0x28 ../Lab4_2_bsp/\libhal_bsp.a(alt_load.o)
 .debug_frame   0x0000000000000088       0x28 ../Lab4_2_bsp/\libhal_bsp.a(alt_main.o)
 .debug_frame   0x00000000000000b0       0x38 ../Lab4_2_bsp/\libhal_bsp.a(alt_printf.o)
 .debug_frame   0x00000000000000e8       0x2c ../Lab4_2_bsp/\libhal_bsp.a(alt_putchar.o)
 .debug_frame   0x0000000000000114       0x28 ../Lab4_2_bsp/\libhal_bsp.a(alt_putstr.o)
 .debug_frame   0x000000000000013c       0x38 ../Lab4_2_bsp/\libhal_bsp.a(alt_sys_init.o)
 .debug_frame   0x0000000000000174       0x20 ../Lab4_2_bsp/\libhal_bsp.a(altera_avalon_jtag_uart_read.o)
 .debug_frame   0x0000000000000194       0x20 ../Lab4_2_bsp/\libhal_bsp.a(altera_avalon_jtag_uart_write.o)
 .debug_frame   0x00000000000001b4       0x20 ../Lab4_2_bsp/\libhal_bsp.a(alt_dcache_flush_all.o)
 .debug_frame   0x00000000000001d4       0x20 ../Lab4_2_bsp/\libhal_bsp.a(alt_dev.o)
 .debug_frame   0x00000000000001f4       0x20 ../Lab4_2_bsp/\libhal_bsp.a(alt_icache_flush_all.o)
 .debug_frame   0x0000000000000214       0x20 ../Lab4_2_bsp/\libhal_bsp.a(altera_nios2_qsys_irq.o)
 .debug_frame   0x0000000000000234       0x20 c:/altera/14.0/nios2eds/bin/gnu/h-x86_64-mingw32/bin/../lib/gcc/nios2-elf/4.7.3/../../../../../H-x86_64-mingw32/nios2-elf/lib/mno-hw-mul\libsmallc.a(lib_a-strlen.o)

.debug_str      0x0000000000000000      0x80f
 *(.debug_str)
 .debug_str     0x0000000000000000      0x154 obj/default/hello_world_small.o
                                        0x18b (size before relaxing)
 .debug_str     0x0000000000000154      0x143 ../Lab4_2_bsp/\libhal_bsp.a(alt_getchar.o)
                                        0x201 (size before relaxing)
 .debug_str     0x0000000000000297      0x11b ../Lab4_2_bsp/\libhal_bsp.a(alt_load.o)
                                        0x207 (size before relaxing)
 .debug_str     0x00000000000003b2       0x5e ../Lab4_2_bsp/\libhal_bsp.a(alt_main.o)
                                        0x180 (size before relaxing)
 .debug_str     0x0000000000000410       0x59 ../Lab4_2_bsp/\libhal_bsp.a(alt_printf.o)
                                         0xdd (size before relaxing)
 .debug_str     0x0000000000000469       0x34 ../Lab4_2_bsp/\libhal_bsp.a(alt_putchar.o)
                                        0x156 (size before relaxing)
 .debug_str     0x000000000000049d       0x23 ../Lab4_2_bsp/\libhal_bsp.a(alt_putstr.o)
                                        0x162 (size before relaxing)
 .debug_str     0x00000000000004c0       0x86 ../Lab4_2_bsp/\libhal_bsp.a(alt_sys_init.o)
                                        0x1ef (size before relaxing)
 .debug_str     0x0000000000000546       0x3d ../Lab4_2_bsp/\libhal_bsp.a(altera_avalon_jtag_uart_read.o)
                                        0x1ea (size before relaxing)
 .debug_str     0x0000000000000583       0x32 ../Lab4_2_bsp/\libhal_bsp.a(altera_avalon_jtag_uart_write.o)
                                        0x1e0 (size before relaxing)
 .debug_str     0x00000000000005b5       0x1f ../Lab4_2_bsp/\libhal_bsp.a(alt_dcache_flush_all.o)
                                        0x120 (size before relaxing)
 .debug_str     0x00000000000005d4      0x120 ../Lab4_2_bsp/\libhal_bsp.a(alt_dev.o)
                                        0x2d0 (size before relaxing)
 .debug_str     0x00000000000006f4       0x1f ../Lab4_2_bsp/\libhal_bsp.a(alt_icache_flush_all.o)
                                        0x120 (size before relaxing)
 .debug_str     0x0000000000000713       0x20 ../Lab4_2_bsp/\libhal_bsp.a(altera_nios2_qsys_irq.o)
                                        0x127 (size before relaxing)
 .debug_str     0x0000000000000733       0xdc c:/altera/14.0/nios2eds/bin/gnu/h-x86_64-mingw32/bin/../lib/gcc/nios2-elf/4.7.3/../../../../../H-x86_64-mingw32/nios2-elf/lib/mno-hw-mul\libsmallc.a(lib_a-strlen.o)
                                        0x18e (size before relaxing)

.debug_loc      0x0000000000000000      0x600
 *(.debug_loc)
 .debug_loc     0x0000000000000000       0xfc obj/default/hello_world_small.o
 .debug_loc     0x00000000000000fc       0x40 ../Lab4_2_bsp/\libhal_bsp.a(alt_getchar.o)
 .debug_loc     0x000000000000013c       0x20 ../Lab4_2_bsp/\libhal_bsp.a(alt_load.o)
 .debug_loc     0x000000000000015c       0x20 ../Lab4_2_bsp/\libhal_bsp.a(alt_main.o)
 .debug_loc     0x000000000000017c      0x244 ../Lab4_2_bsp/\libhal_bsp.a(alt_printf.o)
 .debug_loc     0x00000000000003c0       0x4c ../Lab4_2_bsp/\libhal_bsp.a(alt_putchar.o)
 .debug_loc     0x000000000000040c       0x57 ../Lab4_2_bsp/\libhal_bsp.a(alt_putstr.o)
 .debug_loc     0x0000000000000463       0x41 ../Lab4_2_bsp/\libhal_bsp.a(alt_sys_init.o)
 .debug_loc     0x00000000000004a4       0xb5 ../Lab4_2_bsp/\libhal_bsp.a(altera_avalon_jtag_uart_read.o)
 .debug_loc     0x0000000000000559       0x7e ../Lab4_2_bsp/\libhal_bsp.a(altera_avalon_jtag_uart_write.o)
 .debug_loc     0x00000000000005d7       0x29 c:/altera/14.0/nios2eds/bin/gnu/h-x86_64-mingw32/bin/../lib/gcc/nios2-elf/4.7.3/../../../../../H-x86_64-mingw32/nios2-elf/lib/mno-hw-mul\libsmallc.a(lib_a-strlen.o)

.debug_macinfo
 *(.debug_macinfo)

.debug_weaknames
 *(.debug_weaknames)

.debug_funcnames
 *(.debug_funcnames)

.debug_typenames
 *(.debug_typenames)

.debug_varnames
 *(.debug_varnames)

.debug_alt_sim_info
                0x0000000000000000       0x10
 *(.debug_alt_sim_info)
 .debug_alt_sim_info
                0x0000000000000000       0x10 ../Lab4_2_bsp//obj/HAL/src/crt0.o
                0x0000000000002000                __alt_data_end = 0x2000
                0x0000000000002000                PROVIDE (__alt_stack_pointer, __alt_data_end)
                0x0000000000001824                PROVIDE (__alt_stack_limit, __alt_stack_base)
                0x0000000000001824                PROVIDE (__alt_heap_start, end)
                0x0000000000002000                PROVIDE (__alt_heap_limit, 0x2000)
OUTPUT(Lab4_2.elf elf32-littlenios2)

.debug_ranges   0x0000000000000000       0x98
 .debug_ranges  0x0000000000000000       0x20 ../Lab4_2_bsp//obj/HAL/src/crt0.o
 .debug_ranges  0x0000000000000020       0x10 obj/default/hello_world_small.o
 .debug_ranges  0x0000000000000030       0x48 ../Lab4_2_bsp/\libhal_bsp.a(alt_load.o)
 .debug_ranges  0x0000000000000078       0x20 ../Lab4_2_bsp/\libhal_bsp.a(altera_avalon_jtag_uart_read.o)
