Archive member included because of file (symbol)

../LIGHTS_AND_SWITCHES_FINAL_bsp/\libhal_bsp.a(alt_load.o)
                              ../LIGHTS_AND_SWITCHES_FINAL_bsp//obj/HAL/src/crt0.o (alt_load)
../LIGHTS_AND_SWITCHES_FINAL_bsp/\libhal_bsp.a(alt_main.o)
                              ../LIGHTS_AND_SWITCHES_FINAL_bsp//obj/HAL/src/crt0.o (alt_main)
../LIGHTS_AND_SWITCHES_FINAL_bsp/\libhal_bsp.a(alt_sys_init.o)
                              ../LIGHTS_AND_SWITCHES_FINAL_bsp/\libhal_bsp.a(alt_main.o) (alt_irq_init)
../LIGHTS_AND_SWITCHES_FINAL_bsp/\libhal_bsp.a(alt_dcache_flush_all.o)
                              ../LIGHTS_AND_SWITCHES_FINAL_bsp/\libhal_bsp.a(alt_load.o) (alt_dcache_flush_all)
../LIGHTS_AND_SWITCHES_FINAL_bsp/\libhal_bsp.a(alt_icache_flush_all.o)
                              ../LIGHTS_AND_SWITCHES_FINAL_bsp/\libhal_bsp.a(alt_load.o) (alt_icache_flush_all)
../LIGHTS_AND_SWITCHES_FINAL_bsp/\libhal_bsp.a(altera_nios2_qsys_irq.o)
                              ../LIGHTS_AND_SWITCHES_FINAL_bsp/\libhal_bsp.a(alt_sys_init.o) (altera_nios2_qsys_irq_init)

Memory Configuration

Name             Origin             Length             Attributes
reset            0x0000000000001000 0x0000000000000020
onchip_memory    0x0000000000001020 0x0000000000000fe0
*default*        0x0000000000000000 0xffffffffffffffff

Linker script and memory map

LOAD ../LIGHTS_AND_SWITCHES_FINAL_bsp//obj/HAL/src/crt0.o
LOAD obj/default/hello_world_small.o
LOAD c:/altera/14.0/nios2eds/bin/gnu/h-x86_64-mingw32/bin/../lib/gcc/nios2-elf/4.7.3/../../../../../H-x86_64-mingw32/nios2-elf/lib/mno-hw-mul\libstdc++.a
LOAD c:/altera/14.0/nios2eds/bin/gnu/h-x86_64-mingw32/bin/../lib/gcc/nios2-elf/4.7.3/../../../../../H-x86_64-mingw32/nios2-elf/lib/mno-hw-mul\libm.a
LOAD c:/altera/14.0/nios2eds/bin/gnu/h-x86_64-mingw32/bin/../lib/gcc/nios2-elf/4.7.3/mno-hw-mul\libgcc.a
START GROUP
LOAD c:/altera/14.0/nios2eds/bin/gnu/h-x86_64-mingw32/bin/../lib/gcc/nios2-elf/4.7.3/../../../../../H-x86_64-mingw32/nios2-elf/lib/mno-hw-mul\libsmallc.a
LOAD c:/altera/14.0/nios2eds/bin/gnu/h-x86_64-mingw32/bin/../lib/gcc/nios2-elf/4.7.3/mno-hw-mul\libgcc.a
LOAD ../LIGHTS_AND_SWITCHES_FINAL_bsp/\libhal_bsp.a
END GROUP
LOAD c:/altera/14.0/nios2eds/bin/gnu/h-x86_64-mingw32/bin/../lib/gcc/nios2-elf/4.7.3/mno-hw-mul\libgcc.a
                0x0000000000001000                __alt_mem_onchip_memory = 0x1000

.entry          0x0000000000001000       0x20
 *(.entry)
 .entry         0x0000000000001000       0x20 ../LIGHTS_AND_SWITCHES_FINAL_bsp//obj/HAL/src/crt0.o
                0x0000000000001000                __reset
                0x000000000000100c                _exit

.exceptions     0x0000000000001020        0x0
                0x0000000000001020                PROVIDE (__ram_exceptions_start, ABSOLUTE (.))
                0x0000000000001020                . = ALIGN (0x20)
 *(.irq)
 *(.exceptions.entry.label)
 *(.exceptions.entry.user)
 *(.exceptions.entry.ecc_fatal)
 *(.exceptions.entry)
 *(.exceptions.irqtest.user)
 *(.exceptions.irqtest)
 *(.exceptions.irqhandler.user)
 *(.exceptions.irqhandler)
 *(.exceptions.irqreturn.user)
 *(.exceptions.irqreturn)
 *(.exceptions.notirq.label)
 *(.exceptions.notirq.user)
 *(.exceptions.notirq)
 *(.exceptions.soft.user)
 *(.exceptions.soft)
 *(.exceptions.unknown.user)
 *(.exceptions.unknown)
 *(.exceptions.exit.label)
 *(.exceptions.exit.user)
 *(.exceptions.exit)
 *(.exceptions)
                0x0000000000001020                PROVIDE (__ram_exceptions_end, ABSOLUTE (.))
                0x0000000000001020                PROVIDE (__flash_exceptions_start, LOADADDR (.exceptions))

.text           0x0000000000001020      0x1b4
                0x0000000000001020                PROVIDE (stext, ABSOLUTE (.))
 *(.interp)
 *(.hash)
 *(.dynsym)
 *(.dynstr)
 *(.gnu.version)
 *(.gnu.version_d)
 *(.gnu.version_r)
 *(.rel.init)
 *(.rela.init)
 *(.rel.text .rel.text.* .rel.gnu.linkonce.t.*)
 *(.rela.text .rela.text.* .rela.gnu.linkonce.t.*)
 *(.rel.fini)
 *(.rela.fini)
 *(.rel.rodata .rel.rodata.* .rel.gnu.linkonce.r.*)
 *(.rela.rodata .rela.rodata.* .rela.gnu.linkonce.r.*)
 *(.rel.data .rel.data.* .rel.gnu.linkonce.d.*)
 *(.rela.data .rela.data.* .rela.gnu.linkonce.d.*)
 *(.rel.tdata .rel.tdata.* .rel.gnu.linkonce.td.*)
 *(.rela.tdata .rela.tdata.* .rela.gnu.linkonce.td.*)
 *(.rel.tbss .rel.tbss.* .rel.gnu.linkonce.tb.*)
 *(.rela.tbss .rela.tbss.* .rela.gnu.linkonce.tb.*)
 *(.rel.ctors)
 *(.rela.ctors)
 *(.rel.dtors)
 *(.rela.dtors)
 *(.rel.got)
 *(.rela.got)
 *(.rel.sdata .rel.sdata.* .rel.gnu.linkonce.s.*)
 *(.rela.sdata .rela.sdata.* .rela.gnu.linkonce.s.*)
 *(.rel.sbss .rel.sbss.* .rel.gnu.linkonce.sb.*)
 *(.rela.sbss .rela.sbss.* .rela.gnu.linkonce.sb.*)
 *(.rel.sdata2 .rel.sdata2.* .rel.gnu.linkonce.s2.*)
 *(.rela.sdata2 .rela.sdata2.* .rela.gnu.linkonce.s2.*)
 *(.rel.sbss2 .rel.sbss2.* .rel.gnu.linkonce.sb2.*)
 *(.rela.sbss2 .rela.sbss2.* .rela.gnu.linkonce.sb2.*)
 *(.rel.bss .rel.bss.* .rel.gnu.linkonce.b.*)
 *(.rela.bss .rela.bss.* .rela.gnu.linkonce.b.*)
 *(.rel.plt)
 *(.rela.plt)
 *(.rel.dyn)
 *(.init)
 *(.plt)
 *(.text .stub .text.* .gnu.linkonce.t.*)
 .text          0x0000000000001020       0x3c ../LIGHTS_AND_SWITCHES_FINAL_bsp//obj/HAL/src/crt0.o
                0x0000000000001020                _start
 .text          0x000000000000105c        0x0 obj/default/hello_world_small.o
 .text.startup  0x000000000000105c       0x14 obj/default/hello_world_small.o
                0x000000000000105c                main
 .text          0x0000000000001070      0x104 ../LIGHTS_AND_SWITCHES_FINAL_bsp/\libhal_bsp.a(alt_load.o)
                0x0000000000001070                alt_load
 .text          0x0000000000001174       0x2c ../LIGHTS_AND_SWITCHES_FINAL_bsp/\libhal_bsp.a(alt_main.o)
                0x0000000000001174                alt_main
 .text          0x00000000000011a0       0x24 ../LIGHTS_AND_SWITCHES_FINAL_bsp/\libhal_bsp.a(alt_sys_init.o)
                0x00000000000011a0                alt_irq_init
                0x00000000000011c0                alt_sys_init
 .text          0x00000000000011c4        0x4 ../LIGHTS_AND_SWITCHES_FINAL_bsp/\libhal_bsp.a(alt_dcache_flush_all.o)
                0x00000000000011c4                alt_dcache_flush_all
 .text          0x00000000000011c8        0x4 ../LIGHTS_AND_SWITCHES_FINAL_bsp/\libhal_bsp.a(alt_icache_flush_all.o)
                0x00000000000011c8                alt_icache_flush_all
 .text          0x00000000000011cc        0x8 ../LIGHTS_AND_SWITCHES_FINAL_bsp/\libhal_bsp.a(altera_nios2_qsys_irq.o)
                0x00000000000011cc                altera_nios2_qsys_irq_init
 *(.gnu.warning.*)
 *(.fini)
                0x00000000000011d4                PROVIDE (__etext, ABSOLUTE (.))
                0x00000000000011d4                PROVIDE (_etext, ABSOLUTE (.))
                0x00000000000011d4                PROVIDE (etext, ABSOLUTE (.))
 *(.eh_frame_hdr)
                0x00000000000011d4                . = ALIGN (0x4)
                0x00000000000011d4                PROVIDE (__preinit_array_start, ABSOLUTE (.))
 *(.preinit_array)
                0x00000000000011d4                PROVIDE (__preinit_array_end, ABSOLUTE (.))
                0x00000000000011d4                PROVIDE (__init_array_start, ABSOLUTE (.))
 *(.init_array)
                0x00000000000011d4                PROVIDE (__init_array_end, ABSOLUTE (.))
                0x00000000000011d4                PROVIDE (__fini_array_start, ABSOLUTE (.))
 *(.fini_array)
                0x00000000000011d4                PROVIDE (__fini_array_end, ABSOLUTE (.))
 *(.eh_frame)
 *(.gcc_except_table .gcc_except_table.*)
 *(.dynamic)
                0x00000000000011d4                PROVIDE (__CTOR_LIST__, ABSOLUTE (.))
 *(.ctors)
 *(SORT(.ctors.*))
                0x00000000000011d4                PROVIDE (__CTOR_END__, ABSOLUTE (.))
                0x00000000000011d4                PROVIDE (__DTOR_LIST__, ABSOLUTE (.))
 *(.dtors)
 *(SORT(.dtors.*))
                0x00000000000011d4                PROVIDE (__DTOR_END__, ABSOLUTE (.))
 *(.jcr)
                0x00000000000011d4                . = ALIGN (0x4)

.rodata         0x00000000000011d4        0x0
                0x00000000000011d4                PROVIDE (__ram_rodata_start, ABSOLUTE (.))
                0x00000000000011d4                . = ALIGN (0x4)
 *(.rodata .rodata.* .gnu.linkonce.r.*)
 *(.rodata1)
                0x00000000000011d4                . = ALIGN (0x4)
                0x00000000000011d4                PROVIDE (__ram_rodata_end, ABSOLUTE (.))
                0x00000000000011d4                PROVIDE (__flash_rodata_start, LOADADDR (.rodata))

.rwdata         0x00000000000011d4        0x4 load address 0x00000000000011d8
                0x00000000000011d4                PROVIDE (__ram_rwdata_start, ABSOLUTE (.))
                0x00000000000011d4                . = ALIGN (0x4)
 *(.got.plt)
 *(.got)
 *(.data1)
 *(.data .data.* .gnu.linkonce.d.*)
 .data          0x00000000000011d4        0x0 ../LIGHTS_AND_SWITCHES_FINAL_bsp//obj/HAL/src/crt0.o
 .data          0x00000000000011d4        0x0 obj/default/hello_world_small.o
 .data          0x00000000000011d4        0x0 ../LIGHTS_AND_SWITCHES_FINAL_bsp/\libhal_bsp.a(alt_load.o)
 .data          0x00000000000011d4        0x0 ../LIGHTS_AND_SWITCHES_FINAL_bsp/\libhal_bsp.a(alt_main.o)
 .data          0x00000000000011d4        0x0 ../LIGHTS_AND_SWITCHES_FINAL_bsp/\libhal_bsp.a(alt_sys_init.o)
 .data          0x00000000000011d4        0x0 ../LIGHTS_AND_SWITCHES_FINAL_bsp/\libhal_bsp.a(alt_dcache_flush_all.o)
 .data          0x00000000000011d4        0x0 ../LIGHTS_AND_SWITCHES_FINAL_bsp/\libhal_bsp.a(alt_icache_flush_all.o)
 .data          0x00000000000011d4        0x0 ../LIGHTS_AND_SWITCHES_FINAL_bsp/\libhal_bsp.a(altera_nios2_qsys_irq.o)
                0x00000000000091d4                _gp = ABSOLUTE ((. + 0x8000))
                0x00000000000091d4                PROVIDE (gp, _gp)
 *(.rwdata .rwdata.*)
 *(.sdata .sdata.* .gnu.linkonce.s.*)
 .sdata         0x00000000000011d4        0x4 ../LIGHTS_AND_SWITCHES_FINAL_bsp/\libhal_bsp.a(alt_sys_init.o)
                0x00000000000011d4                jtag_uart
 *(.sdata2 .sdata2.* .gnu.linkonce.s2.*)
                0x00000000000011d8                . = ALIGN (0x4)
                0x00000000000011d8                _edata = ABSOLUTE (.)
                0x00000000000011d8                PROVIDE (edata, ABSOLUTE (.))
                0x00000000000011d8                PROVIDE (__ram_rwdata_end, ABSOLUTE (.))
                0x00000000000011d8                PROVIDE (__flash_rwdata_start, LOADADDR (.rwdata))

.bss            0x00000000000011dc        0xc
                0x00000000000011dc                __bss_start = ABSOLUTE (.)
                0x00000000000011dc                PROVIDE (__sbss_start, ABSOLUTE (.))
                0x00000000000011dc                PROVIDE (___sbss_start, ABSOLUTE (.))
 *(.dynsbss)
 *(.sbss .sbss.* .gnu.linkonce.sb.*)
 .sbss          0x00000000000011dc        0xc ../LIGHTS_AND_SWITCHES_FINAL_bsp/\libhal_bsp.a(alt_main.o)
                0x00000000000011dc                alt_envp
                0x00000000000011e0                alt_argv
                0x00000000000011e4                alt_argc
 *(.sbss2 .sbss2.* .gnu.linkonce.sb2.*)
 *(.scommon)
                0x00000000000011e8                PROVIDE (__sbss_end, ABSOLUTE (.))
                0x00000000000011e8                PROVIDE (___sbss_end, ABSOLUTE (.))
 *(.dynbss)
 *(.bss .bss.* .gnu.linkonce.b.*)
 .bss           0x00000000000011e8        0x0 ../LIGHTS_AND_SWITCHES_FINAL_bsp//obj/HAL/src/crt0.o
 .bss           0x00000000000011e8        0x0 obj/default/hello_world_small.o
 .bss           0x00000000000011e8        0x0 ../LIGHTS_AND_SWITCHES_FINAL_bsp/\libhal_bsp.a(alt_load.o)
 .bss           0x00000000000011e8        0x0 ../LIGHTS_AND_SWITCHES_FINAL_bsp/\libhal_bsp.a(alt_main.o)
 .bss           0x00000000000011e8        0x0 ../LIGHTS_AND_SWITCHES_FINAL_bsp/\libhal_bsp.a(alt_sys_init.o)
 .bss           0x00000000000011e8        0x0 ../LIGHTS_AND_SWITCHES_FINAL_bsp/\libhal_bsp.a(alt_dcache_flush_all.o)
 .bss           0x00000000000011e8        0x0 ../LIGHTS_AND_SWITCHES_FINAL_bsp/\libhal_bsp.a(alt_icache_flush_all.o)
 .bss           0x00000000000011e8        0x0 ../LIGHTS_AND_SWITCHES_FINAL_bsp/\libhal_bsp.a(altera_nios2_qsys_irq.o)
 *(COMMON)
                0x00000000000011e8                . = ALIGN (0x4)
                0x00000000000011e8                __bss_end = ABSOLUTE (.)

.onchip_memory  0x00000000000011e8        0x0
                0x00000000000011e8                PROVIDE (_alt_partition_onchip_memory_start, ABSOLUTE (.))
 *(.onchip_memory .onchip_memory. onchip_memory.*)
                0x00000000000011e8                . = ALIGN (0x4)
                0x00000000000011e8                PROVIDE (_alt_partition_onchip_memory_end, ABSOLUTE (.))
                0x00000000000011e8                _end = ABSOLUTE (.)
                0x00000000000011e8                end = ABSOLUTE (.)
                0x00000000000011e8                __alt_stack_base = ABSOLUTE (.)
                0x00000000000011e8                PROVIDE (_alt_partition_onchip_memory_load_addr, LOADADDR (.onchip_memory))

.stab
 *(.stab)

.stabstr
 *(.stabstr)

.stab.excl
 *(.stab.excl)

.stab.exclstr
 *(.stab.exclstr)

.stab.index
 *(.stab.index)

.stab.indexstr
 *(.stab.indexstr)

.comment        0x0000000000000000       0x23
 *(.comment)
 .comment       0x0000000000000000       0x23 obj/default/hello_world_small.o
                                         0x24 (size before relaxing)
 .comment       0x0000000000000000       0x24 ../LIGHTS_AND_SWITCHES_FINAL_bsp/\libhal_bsp.a(alt_load.o)
 .comment       0x0000000000000000       0x24 ../LIGHTS_AND_SWITCHES_FINAL_bsp/\libhal_bsp.a(alt_main.o)
 .comment       0x0000000000000000       0x24 ../LIGHTS_AND_SWITCHES_FINAL_bsp/\libhal_bsp.a(alt_sys_init.o)
 .comment       0x0000000000000000       0x24 ../LIGHTS_AND_SWITCHES_FINAL_bsp/\libhal_bsp.a(alt_dcache_flush_all.o)
 .comment       0x0000000000000000       0x24 ../LIGHTS_AND_SWITCHES_FINAL_bsp/\libhal_bsp.a(alt_icache_flush_all.o)
 .comment       0x0000000000000000       0x24 ../LIGHTS_AND_SWITCHES_FINAL_bsp/\libhal_bsp.a(altera_nios2_qsys_irq.o)

.debug
 *(.debug)

.line
 *(.line)

.debug_srcinfo
 *(.debug_srcinfo)

.debug_sfnames
 *(.debug_sfnames)

.debug_aranges  0x0000000000000000      0x108
 *(.debug_aranges)
 .debug_aranges
                0x0000000000000000       0x28 ../LIGHTS_AND_SWITCHES_FINAL_bsp//obj/HAL/src/crt0.o
 .debug_aranges
                0x0000000000000028       0x20 obj/default/hello_world_small.o
 .debug_aranges
                0x0000000000000048       0x20 ../LIGHTS_AND_SWITCHES_FINAL_bsp/\libhal_bsp.a(alt_load.o)
 .debug_aranges
                0x0000000000000068       0x20 ../LIGHTS_AND_SWITCHES_FINAL_bsp/\libhal_bsp.a(alt_main.o)
 .debug_aranges
                0x0000000000000088       0x20 ../LIGHTS_AND_SWITCHES_FINAL_bsp/\libhal_bsp.a(alt_sys_init.o)
 .debug_aranges
                0x00000000000000a8       0x20 ../LIGHTS_AND_SWITCHES_FINAL_bsp/\libhal_bsp.a(alt_dcache_flush_all.o)
 .debug_aranges
                0x00000000000000c8       0x20 ../LIGHTS_AND_SWITCHES_FINAL_bsp/\libhal_bsp.a(alt_icache_flush_all.o)
 .debug_aranges
                0x00000000000000e8       0x20 ../LIGHTS_AND_SWITCHES_FINAL_bsp/\libhal_bsp.a(altera_nios2_qsys_irq.o)

.debug_pubnames
 *(.debug_pubnames)

.debug_info     0x0000000000000000      0x78a
 *(.debug_info .gnu.linkonce.wi.*)
 .debug_info    0x0000000000000000       0x94 ../LIGHTS_AND_SWITCHES_FINAL_bsp//obj/HAL/src/crt0.o
 .debug_info    0x0000000000000094       0x49 obj/default/hello_world_small.o
 .debug_info    0x00000000000000dd      0x1d9 ../LIGHTS_AND_SWITCHES_FINAL_bsp/\libhal_bsp.a(alt_load.o)
 .debug_info    0x00000000000002b6      0x194 ../LIGHTS_AND_SWITCHES_FINAL_bsp/\libhal_bsp.a(alt_main.o)
 .debug_info    0x000000000000044a      0x193 ../LIGHTS_AND_SWITCHES_FINAL_bsp/\libhal_bsp.a(alt_sys_init.o)
 .debug_info    0x00000000000005dd       0x8f ../LIGHTS_AND_SWITCHES_FINAL_bsp/\libhal_bsp.a(alt_dcache_flush_all.o)
 .debug_info    0x000000000000066c       0x8f ../LIGHTS_AND_SWITCHES_FINAL_bsp/\libhal_bsp.a(alt_icache_flush_all.o)
 .debug_info    0x00000000000006fb       0x8f ../LIGHTS_AND_SWITCHES_FINAL_bsp/\libhal_bsp.a(altera_nios2_qsys_irq.o)

.debug_abbrev   0x0000000000000000      0x40e
 *(.debug_abbrev)
 .debug_abbrev  0x0000000000000000       0x12 ../LIGHTS_AND_SWITCHES_FINAL_bsp//obj/HAL/src/crt0.o
 .debug_abbrev  0x0000000000000012       0x39 obj/default/hello_world_small.o
 .debug_abbrev  0x000000000000004b       0xd8 ../LIGHTS_AND_SWITCHES_FINAL_bsp/\libhal_bsp.a(alt_load.o)
 .debug_abbrev  0x0000000000000123      0x120 ../LIGHTS_AND_SWITCHES_FINAL_bsp/\libhal_bsp.a(alt_main.o)
 .debug_abbrev  0x0000000000000243      0x105 ../LIGHTS_AND_SWITCHES_FINAL_bsp/\libhal_bsp.a(alt_sys_init.o)
 .debug_abbrev  0x0000000000000348       0x42 ../LIGHTS_AND_SWITCHES_FINAL_bsp/\libhal_bsp.a(alt_dcache_flush_all.o)
 .debug_abbrev  0x000000000000038a       0x42 ../LIGHTS_AND_SWITCHES_FINAL_bsp/\libhal_bsp.a(alt_icache_flush_all.o)
 .debug_abbrev  0x00000000000003cc       0x42 ../LIGHTS_AND_SWITCHES_FINAL_bsp/\libhal_bsp.a(altera_nios2_qsys_irq.o)

.debug_line     0x0000000000000000      0x431
 *(.debug_line)
 .debug_line    0x0000000000000000       0x66 ../LIGHTS_AND_SWITCHES_FINAL_bsp//obj/HAL/src/crt0.o
 .debug_line    0x0000000000000066       0x4b obj/default/hello_world_small.o
 .debug_line    0x00000000000000b1       0xd6 ../LIGHTS_AND_SWITCHES_FINAL_bsp/\libhal_bsp.a(alt_load.o)
 .debug_line    0x0000000000000187       0xbd ../LIGHTS_AND_SWITCHES_FINAL_bsp/\libhal_bsp.a(alt_main.o)
 .debug_line    0x0000000000000244      0x101 ../LIGHTS_AND_SWITCHES_FINAL_bsp/\libhal_bsp.a(alt_sys_init.o)
 .debug_line    0x0000000000000345       0x4e ../LIGHTS_AND_SWITCHES_FINAL_bsp/\libhal_bsp.a(alt_dcache_flush_all.o)
 .debug_line    0x0000000000000393       0x4e ../LIGHTS_AND_SWITCHES_FINAL_bsp/\libhal_bsp.a(alt_icache_flush_all.o)
 .debug_line    0x00000000000003e1       0x50 ../LIGHTS_AND_SWITCHES_FINAL_bsp/\libhal_bsp.a(altera_nios2_qsys_irq.o)

.debug_frame    0x0000000000000000      0x108
 *(.debug_frame)
 .debug_frame   0x0000000000000000       0x20 obj/default/hello_world_small.o
 .debug_frame   0x0000000000000020       0x28 ../LIGHTS_AND_SWITCHES_FINAL_bsp/\libhal_bsp.a(alt_load.o)
 .debug_frame   0x0000000000000048       0x28 ../LIGHTS_AND_SWITCHES_FINAL_bsp/\libhal_bsp.a(alt_main.o)
 .debug_frame   0x0000000000000070       0x38 ../LIGHTS_AND_SWITCHES_FINAL_bsp/\libhal_bsp.a(alt_sys_init.o)
 .debug_frame   0x00000000000000a8       0x20 ../LIGHTS_AND_SWITCHES_FINAL_bsp/\libhal_bsp.a(alt_dcache_flush_all.o)
 .debug_frame   0x00000000000000c8       0x20 ../LIGHTS_AND_SWITCHES_FINAL_bsp/\libhal_bsp.a(alt_icache_flush_all.o)
 .debug_frame   0x00000000000000e8       0x20 ../LIGHTS_AND_SWITCHES_FINAL_bsp/\libhal_bsp.a(altera_nios2_qsys_irq.o)

.debug_str      0x0000000000000000      0x3ed
 *(.debug_str)
 .debug_str     0x0000000000000000       0x7c obj/default/hello_world_small.o
                                         0x81 (size before relaxing)
 .debug_str     0x000000000000007c      0x1d4 ../LIGHTS_AND_SWITCHES_FINAL_bsp/\libhal_bsp.a(alt_load.o)
                                        0x219 (size before relaxing)
 .debug_str     0x0000000000000250       0x8f ../LIGHTS_AND_SWITCHES_FINAL_bsp/\libhal_bsp.a(alt_main.o)
                                        0x192 (size before relaxing)
 .debug_str     0x00000000000002df       0xb0 ../LIGHTS_AND_SWITCHES_FINAL_bsp/\libhal_bsp.a(alt_sys_init.o)
                                        0x201 (size before relaxing)
 .debug_str     0x000000000000038f       0x1f ../LIGHTS_AND_SWITCHES_FINAL_bsp/\libhal_bsp.a(alt_dcache_flush_all.o)
                                        0x132 (size before relaxing)
 .debug_str     0x00000000000003ae       0x1f ../LIGHTS_AND_SWITCHES_FINAL_bsp/\libhal_bsp.a(alt_icache_flush_all.o)
                                        0x132 (size before relaxing)
 .debug_str     0x00000000000003cd       0x20 ../LIGHTS_AND_SWITCHES_FINAL_bsp/\libhal_bsp.a(altera_nios2_qsys_irq.o)
                                        0x139 (size before relaxing)

.debug_loc      0x0000000000000000       0x81
 *(.debug_loc)
 .debug_loc     0x0000000000000000       0x20 ../LIGHTS_AND_SWITCHES_FINAL_bsp/\libhal_bsp.a(alt_load.o)
 .debug_loc     0x0000000000000020       0x20 ../LIGHTS_AND_SWITCHES_FINAL_bsp/\libhal_bsp.a(alt_main.o)
 .debug_loc     0x0000000000000040       0x41 ../LIGHTS_AND_SWITCHES_FINAL_bsp/\libhal_bsp.a(alt_sys_init.o)

.debug_macinfo
 *(.debug_macinfo)

.debug_weaknames
 *(.debug_weaknames)

.debug_funcnames
 *(.debug_funcnames)

.debug_typenames
 *(.debug_typenames)

.debug_varnames
 *(.debug_varnames)

.debug_alt_sim_info
                0x0000000000000000       0x10
 *(.debug_alt_sim_info)
 .debug_alt_sim_info
                0x0000000000000000       0x10 ../LIGHTS_AND_SWITCHES_FINAL_bsp//obj/HAL/src/crt0.o
                0x0000000000002000                __alt_data_end = 0x2000
                0x0000000000002000                PROVIDE (__alt_stack_pointer, __alt_data_end)
                0x00000000000011e8                PROVIDE (__alt_stack_limit, __alt_stack_base)
                0x00000000000011e8                PROVIDE (__alt_heap_start, end)
                0x0000000000002000                PROVIDE (__alt_heap_limit, 0x2000)
OUTPUT(LIGHTS_AND_SWITCHES_FINAL.elf elf32-littlenios2)

.debug_ranges   0x0000000000000000       0x78
 .debug_ranges  0x0000000000000000       0x20 ../LIGHTS_AND_SWITCHES_FINAL_bsp//obj/HAL/src/crt0.o
 .debug_ranges  0x0000000000000020       0x10 obj/default/hello_world_small.o
 .debug_ranges  0x0000000000000030       0x48 ../LIGHTS_AND_SWITCHES_FINAL_bsp/\libhal_bsp.a(alt_load.o)
