Archive member included because of file (symbol)

../hello_world_small_bsp/\libhal_bsp.a(alt_getchar.o)
                              obj/default/hello_world_small.o (alt_getchar)
../hello_world_small_bsp/\libhal_bsp.a(alt_load.o)
                              ../hello_world_small_bsp//obj/HAL/src/crt0.o (alt_load)
../hello_world_small_bsp/\libhal_bsp.a(alt_main.o)
                              ../hello_world_small_bsp//obj/HAL/src/crt0.o (alt_main)
../hello_world_small_bsp/\libhal_bsp.a(alt_putstr.o)
                              obj/default/hello_world_small.o (alt_putstr)
../hello_world_small_bsp/\libhal_bsp.a(alt_sys_init.o)
                              ../hello_world_small_bsp/\libhal_bsp.a(alt_main.o) (alt_irq_init)
../hello_world_small_bsp/\libhal_bsp.a(altera_avalon_jtag_uart_read.o)
                              ../hello_world_small_bsp/\libhal_bsp.a(alt_getchar.o) (altera_avalon_jtag_uart_read)
../hello_world_small_bsp/\libhal_bsp.a(altera_avalon_jtag_uart_write.o)
                              ../hello_world_small_bsp/\libhal_bsp.a(alt_putstr.o) (altera_avalon_jtag_uart_write)
../hello_world_small_bsp/\libhal_bsp.a(alt_dcache_flush_all.o)
                              ../hello_world_small_bsp/\libhal_bsp.a(alt_load.o) (alt_dcache_flush_all)
../hello_world_small_bsp/\libhal_bsp.a(alt_dev.o)
                              ../hello_world_small_bsp/\libhal_bsp.a(alt_getchar.o) (alt_fd_list)
../hello_world_small_bsp/\libhal_bsp.a(alt_icache_flush_all.o)
                              ../hello_world_small_bsp/\libhal_bsp.a(alt_load.o) (alt_icache_flush_all)
../hello_world_small_bsp/\libhal_bsp.a(altera_nios2_qsys_irq.o)
                              ../hello_world_small_bsp/\libhal_bsp.a(alt_sys_init.o) (altera_nios2_qsys_irq_init)
c:/altera/14.0/nios2eds/bin/gnu/h-x86_64-mingw32/bin/../lib/gcc/nios2-elf/4.7.3/../../../../../H-x86_64-mingw32/nios2-elf/lib/mno-hw-mul\libsmallc.a(lib_a-strlen.o)
                              ../hello_world_small_bsp/\libhal_bsp.a(alt_putstr.o) (strlen)

Memory Configuration

Name             Origin             Length             Attributes
reset            0x0000000000001000 0x0000000000000020
onchip_memory    0x0000000000001020 0x0000000000000fe0
*default*        0x0000000000000000 0xffffffffffffffff

Linker script and memory map

LOAD ../hello_world_small_bsp//obj/HAL/src/crt0.o
LOAD obj/default/hello_world_small.o
LOAD c:/altera/14.0/nios2eds/bin/gnu/h-x86_64-mingw32/bin/../lib/gcc/nios2-elf/4.7.3/../../../../../H-x86_64-mingw32/nios2-elf/lib/mno-hw-mul\libstdc++.a
LOAD c:/altera/14.0/nios2eds/bin/gnu/h-x86_64-mingw32/bin/../lib/gcc/nios2-elf/4.7.3/../../../../../H-x86_64-mingw32/nios2-elf/lib/mno-hw-mul\libm.a
LOAD c:/altera/14.0/nios2eds/bin/gnu/h-x86_64-mingw32/bin/../lib/gcc/nios2-elf/4.7.3/mno-hw-mul\libgcc.a
START GROUP
LOAD c:/altera/14.0/nios2eds/bin/gnu/h-x86_64-mingw32/bin/../lib/gcc/nios2-elf/4.7.3/../../../../../H-x86_64-mingw32/nios2-elf/lib/mno-hw-mul\libsmallc.a
LOAD c:/altera/14.0/nios2eds/bin/gnu/h-x86_64-mingw32/bin/../lib/gcc/nios2-elf/4.7.3/mno-hw-mul\libgcc.a
LOAD ../hello_world_small_bsp/\libhal_bsp.a
END GROUP
LOAD c:/altera/14.0/nios2eds/bin/gnu/h-x86_64-mingw32/bin/../lib/gcc/nios2-elf/4.7.3/mno-hw-mul\libgcc.a
                0x0000000000001000                __alt_mem_onchip_memory = 0x1000

.entry          0x0000000000001000       0x20
 *(.entry)
 .entry         0x0000000000001000       0x20 ../hello_world_small_bsp//obj/HAL/src/crt0.o
                0x0000000000001000                __reset
                0x000000000000100c                _exit

.exceptions     0x0000000000001020        0x0
                0x0000000000001020                PROVIDE (__ram_exceptions_start, ABSOLUTE (.))
                0x0000000000001020                . = ALIGN (0x20)
 *(.irq)
 *(.exceptions.entry.label)
 *(.exceptions.entry.user)
 *(.exceptions.entry.ecc_fatal)
 *(.exceptions.entry)
 *(.exceptions.irqtest.user)
 *(.exceptions.irqtest)
 *(.exceptions.irqhandler.user)
 *(.exceptions.irqhandler)
 *(.exceptions.irqreturn.user)
 *(.exceptions.irqreturn)
 *(.exceptions.notirq.label)
 *(.exceptions.notirq.user)
 *(.exceptions.notirq)
 *(.exceptions.soft.user)
 *(.exceptions.soft)
 *(.exceptions.unknown.user)
 *(.exceptions.unknown)
 *(.exceptions.exit.label)
 *(.exceptions.exit.user)
 *(.exceptions.exit)
 *(.exceptions)
                0x0000000000001020                PROVIDE (__ram_exceptions_end, ABSOLUTE (.))
                0x0000000000001020                PROVIDE (__flash_exceptions_start, LOADADDR (.exceptions))

.text           0x0000000000001020      0x338
                0x0000000000001020                PROVIDE (stext, ABSOLUTE (.))
 *(.interp)
 *(.hash)
 *(.dynsym)
 *(.dynstr)
 *(.gnu.version)
 *(.gnu.version_d)
 *(.gnu.version_r)
 *(.rel.init)
 *(.rela.init)
 *(.rel.text .rel.text.* .rel.gnu.linkonce.t.*)
 *(.rela.text .rela.text.* .rela.gnu.linkonce.t.*)
 *(.rel.fini)
 *(.rela.fini)
 *(.rel.rodata .rel.rodata.* .rel.gnu.linkonce.r.*)
 *(.rela.rodata .rela.rodata.* .rela.gnu.linkonce.r.*)
 *(.rel.data .rel.data.* .rel.gnu.linkonce.d.*)
 *(.rela.data .rela.data.* .rela.gnu.linkonce.d.*)
 *(.rel.tdata .rel.tdata.* .rel.gnu.linkonce.td.*)
 *(.rela.tdata .rela.tdata.* .rela.gnu.linkonce.td.*)
 *(.rel.tbss .rel.tbss.* .rel.gnu.linkonce.tb.*)
 *(.rela.tbss .rela.tbss.* .rela.gnu.linkonce.tb.*)
 *(.rel.ctors)
 *(.rela.ctors)
 *(.rel.dtors)
 *(.rela.dtors)
 *(.rel.got)
 *(.rela.got)
 *(.rel.sdata .rel.sdata.* .rel.gnu.linkonce.s.*)
 *(.rela.sdata .rela.sdata.* .rela.gnu.linkonce.s.*)
 *(.rel.sbss .rel.sbss.* .rel.gnu.linkonce.sb.*)
 *(.rela.sbss .rela.sbss.* .rela.gnu.linkonce.sb.*)
 *(.rel.sdata2 .rel.sdata2.* .rel.gnu.linkonce.s2.*)
 *(.rela.sdata2 .rela.sdata2.* .rela.gnu.linkonce.s2.*)
 *(.rel.sbss2 .rel.sbss2.* .rel.gnu.linkonce.sb2.*)
 *(.rela.sbss2 .rela.sbss2.* .rela.gnu.linkonce.sb2.*)
 *(.rel.bss .rel.bss.* .rel.gnu.linkonce.b.*)
 *(.rela.bss .rela.bss.* .rela.gnu.linkonce.b.*)
 *(.rel.plt)
 *(.rela.plt)
 *(.rel.dyn)
 *(.init)
 *(.plt)
 *(.text .stub .text.* .gnu.linkonce.t.*)
 .text          0x0000000000001020       0x3c ../hello_world_small_bsp//obj/HAL/src/crt0.o
                0x0000000000001020                _start
 .text          0x000000000000105c        0x0 obj/default/hello_world_small.o
 .text.startup  0x000000000000105c       0x5c obj/default/hello_world_small.o
                0x000000000000105c                main
 .text          0x00000000000010b8       0x44 ../hello_world_small_bsp/\libhal_bsp.a(alt_getchar.o)
                0x00000000000010b8                alt_getchar
 .text          0x00000000000010fc      0x104 ../hello_world_small_bsp/\libhal_bsp.a(alt_load.o)
                0x00000000000010fc                alt_load
 .text          0x0000000000001200       0x2c ../hello_world_small_bsp/\libhal_bsp.a(alt_main.o)
                0x0000000000001200                alt_main
 .text          0x000000000000122c       0x38 ../hello_world_small_bsp/\libhal_bsp.a(alt_putstr.o)
                0x000000000000122c                alt_putstr
 .text          0x0000000000001264       0x24 ../hello_world_small_bsp/\libhal_bsp.a(alt_sys_init.o)
                0x0000000000001264                alt_irq_init
                0x0000000000001284                alt_sys_init
 .text          0x0000000000001288       0x5c ../hello_world_small_bsp/\libhal_bsp.a(altera_avalon_jtag_uart_read.o)
                0x0000000000001288                altera_avalon_jtag_uart_read
 .text          0x00000000000012e4       0x34 ../hello_world_small_bsp/\libhal_bsp.a(altera_avalon_jtag_uart_write.o)
                0x00000000000012e4                altera_avalon_jtag_uart_write
 .text          0x0000000000001318        0x4 ../hello_world_small_bsp/\libhal_bsp.a(alt_dcache_flush_all.o)
                0x0000000000001318                alt_dcache_flush_all
 .text          0x000000000000131c        0x8 ../hello_world_small_bsp/\libhal_bsp.a(alt_dev.o)
 .text          0x0000000000001324        0x4 ../hello_world_small_bsp/\libhal_bsp.a(alt_icache_flush_all.o)
                0x0000000000001324                alt_icache_flush_all
 .text          0x0000000000001328        0x8 ../hello_world_small_bsp/\libhal_bsp.a(altera_nios2_qsys_irq.o)
                0x0000000000001328                altera_nios2_qsys_irq_init
 .text          0x0000000000001330       0x28 c:/altera/14.0/nios2eds/bin/gnu/h-x86_64-mingw32/bin/../lib/gcc/nios2-elf/4.7.3/../../../../../H-x86_64-mingw32/nios2-elf/lib/mno-hw-mul\libsmallc.a(lib_a-strlen.o)
                0x0000000000001330                strlen
 *(.gnu.warning.*)
 *(.fini)
                0x0000000000001358                PROVIDE (__etext, ABSOLUTE (.))
                0x0000000000001358                PROVIDE (_etext, ABSOLUTE (.))
                0x0000000000001358                PROVIDE (etext, ABSOLUTE (.))
 *(.eh_frame_hdr)
                0x0000000000001358                . = ALIGN (0x4)
                0x0000000000001358                PROVIDE (__preinit_array_start, ABSOLUTE (.))
 *(.preinit_array)
                0x0000000000001358                PROVIDE (__preinit_array_end, ABSOLUTE (.))
                0x0000000000001358                PROVIDE (__init_array_start, ABSOLUTE (.))
 *(.init_array)
                0x0000000000001358                PROVIDE (__init_array_end, ABSOLUTE (.))
                0x0000000000001358                PROVIDE (__fini_array_start, ABSOLUTE (.))
 *(.fini_array)
                0x0000000000001358                PROVIDE (__fini_array_end, ABSOLUTE (.))
 *(.eh_frame)
 *(.gcc_except_table .gcc_except_table.*)
 *(.dynamic)
                0x0000000000001358                PROVIDE (__CTOR_LIST__, ABSOLUTE (.))
 *(.ctors)
 *(SORT(.ctors.*))
                0x0000000000001358                PROVIDE (__CTOR_END__, ABSOLUTE (.))
                0x0000000000001358                PROVIDE (__DTOR_LIST__, ABSOLUTE (.))
 *(.dtors)
 *(SORT(.dtors.*))
                0x0000000000001358                PROVIDE (__DTOR_END__, ABSOLUTE (.))
 *(.jcr)
                0x0000000000001358                . = ALIGN (0x4)

.rodata         0x0000000000001358       0x24
                0x0000000000001358                PROVIDE (__ram_rodata_start, ABSOLUTE (.))
                0x0000000000001358                . = ALIGN (0x4)
 *(.rodata .rodata.* .gnu.linkonce.r.*)
 .rodata.str1.4
                0x0000000000001358       0x15 obj/default/hello_world_small.o
                                         0x18 (size before relaxing)
 *fill*         0x000000000000136d        0x3 
 .rodata.str1.4
                0x0000000000001370        0xc ../hello_world_small_bsp/\libhal_bsp.a(alt_dev.o)
 *(.rodata1)
                0x000000000000137c                . = ALIGN (0x4)
                0x000000000000137c                PROVIDE (__ram_rodata_end, ABSOLUTE (.))
                0x0000000000001358                PROVIDE (__flash_rodata_start, LOADADDR (.rodata))

.rwdata         0x000000000000137c       0x70 load address 0x00000000000013ec
                0x000000000000137c                PROVIDE (__ram_rwdata_start, ABSOLUTE (.))
                0x000000000000137c                . = ALIGN (0x4)
 *(.got.plt)
 *(.got)
 *(.data1)
 *(.data .data.* .gnu.linkonce.d.*)
 .data          0x000000000000137c        0x0 ../hello_world_small_bsp//obj/HAL/src/crt0.o
 .data          0x000000000000137c        0x0 obj/default/hello_world_small.o
 .data          0x000000000000137c        0x0 ../hello_world_small_bsp/\libhal_bsp.a(alt_getchar.o)
 .data          0x000000000000137c        0x0 ../hello_world_small_bsp/\libhal_bsp.a(alt_load.o)
 .data          0x000000000000137c        0x0 ../hello_world_small_bsp/\libhal_bsp.a(alt_main.o)
 .data          0x000000000000137c        0x0 ../hello_world_small_bsp/\libhal_bsp.a(alt_putstr.o)
 .data          0x000000000000137c        0x0 ../hello_world_small_bsp/\libhal_bsp.a(alt_sys_init.o)
 .data          0x000000000000137c        0x0 ../hello_world_small_bsp/\libhal_bsp.a(altera_avalon_jtag_uart_read.o)
 .data          0x000000000000137c        0x0 ../hello_world_small_bsp/\libhal_bsp.a(altera_avalon_jtag_uart_write.o)
 .data          0x000000000000137c        0x0 ../hello_world_small_bsp/\libhal_bsp.a(alt_dcache_flush_all.o)
 .data          0x000000000000137c       0x58 ../hello_world_small_bsp/\libhal_bsp.a(alt_dev.o)
                0x000000000000137c                alt_fd_list
                0x00000000000013ac                alt_dev_null
 .data          0x00000000000013d4        0x0 ../hello_world_small_bsp/\libhal_bsp.a(alt_icache_flush_all.o)
 .data          0x00000000000013d4        0x0 ../hello_world_small_bsp/\libhal_bsp.a(altera_nios2_qsys_irq.o)
 .data          0x00000000000013d4        0x0 c:/altera/14.0/nios2eds/bin/gnu/h-x86_64-mingw32/bin/../lib/gcc/nios2-elf/4.7.3/../../../../../H-x86_64-mingw32/nios2-elf/lib/mno-hw-mul\libsmallc.a(lib_a-strlen.o)
                0x00000000000093d4                _gp = ABSOLUTE ((. + 0x8000))
                0x00000000000093d4                PROVIDE (gp, _gp)
 *(.rwdata .rwdata.*)
 *(.sdata .sdata.* .gnu.linkonce.s.*)
 .sdata         0x00000000000013d4        0x4 ../hello_world_small_bsp/\libhal_bsp.a(alt_sys_init.o)
                0x00000000000013d4                jtag_uart
 .sdata         0x00000000000013d8       0x14 ../hello_world_small_bsp/\libhal_bsp.a(alt_dev.o)
                0x00000000000013d8                alt_max_fd
                0x00000000000013dc                alt_dev_list
                0x00000000000013e4                alt_fs_list
 *(.sdata2 .sdata2.* .gnu.linkonce.s2.*)
                0x00000000000013ec                . = ALIGN (0x4)
                0x00000000000013ec                _edata = ABSOLUTE (.)
                0x00000000000013ec                PROVIDE (edata, ABSOLUTE (.))
                0x00000000000013ec                PROVIDE (__ram_rwdata_end, ABSOLUTE (.))
                0x00000000000013ec                PROVIDE (__flash_rwdata_start, LOADADDR (.rwdata))

.bss            0x000000000000145c        0xc
                0x000000000000145c                __bss_start = ABSOLUTE (.)
                0x000000000000145c                PROVIDE (__sbss_start, ABSOLUTE (.))
                0x000000000000145c                PROVIDE (___sbss_start, ABSOLUTE (.))
 *(.dynsbss)
 *(.sbss .sbss.* .gnu.linkonce.sb.*)
 .sbss          0x000000000000145c        0xc ../hello_world_small_bsp/\libhal_bsp.a(alt_main.o)
                0x000000000000145c                alt_envp
                0x0000000000001460                alt_argv
                0x0000000000001464                alt_argc
 *(.sbss2 .sbss2.* .gnu.linkonce.sb2.*)
 *(.scommon)
                0x0000000000001468                PROVIDE (__sbss_end, ABSOLUTE (.))
                0x0000000000001468                PROVIDE (___sbss_end, ABSOLUTE (.))
 *(.dynbss)
 *(.bss .bss.* .gnu.linkonce.b.*)
 .bss           0x0000000000001468        0x0 ../hello_world_small_bsp//obj/HAL/src/crt0.o
 .bss           0x0000000000001468        0x0 obj/default/hello_world_small.o
 .bss           0x0000000000001468        0x0 ../hello_world_small_bsp/\libhal_bsp.a(alt_getchar.o)
 .bss           0x0000000000001468        0x0 ../hello_world_small_bsp/\libhal_bsp.a(alt_load.o)
 .bss           0x0000000000001468        0x0 ../hello_world_small_bsp/\libhal_bsp.a(alt_main.o)
 .bss           0x0000000000001468        0x0 ../hello_world_small_bsp/\libhal_bsp.a(alt_putstr.o)
 .bss           0x0000000000001468        0x0 ../hello_world_small_bsp/\libhal_bsp.a(alt_sys_init.o)
 .bss           0x0000000000001468        0x0 ../hello_world_small_bsp/\libhal_bsp.a(altera_avalon_jtag_uart_read.o)
 .bss           0x0000000000001468        0x0 ../hello_world_small_bsp/\libhal_bsp.a(altera_avalon_jtag_uart_write.o)
 .bss           0x0000000000001468        0x0 ../hello_world_small_bsp/\libhal_bsp.a(alt_dcache_flush_all.o)
 .bss           0x0000000000001468        0x0 ../hello_world_small_bsp/\libhal_bsp.a(alt_dev.o)
 .bss           0x0000000000001468        0x0 ../hello_world_small_bsp/\libhal_bsp.a(alt_icache_flush_all.o)
 .bss           0x0000000000001468        0x0 ../hello_world_small_bsp/\libhal_bsp.a(altera_nios2_qsys_irq.o)
 .bss           0x0000000000001468        0x0 c:/altera/14.0/nios2eds/bin/gnu/h-x86_64-mingw32/bin/../lib/gcc/nios2-elf/4.7.3/../../../../../H-x86_64-mingw32/nios2-elf/lib/mno-hw-mul\libsmallc.a(lib_a-strlen.o)
 *(COMMON)
                0x0000000000001468                . = ALIGN (0x4)
                0x0000000000001468                __bss_end = ABSOLUTE (.)

.onchip_memory  0x0000000000001468        0x0
                0x0000000000001468                PROVIDE (_alt_partition_onchip_memory_start, ABSOLUTE (.))
 *(.onchip_memory .onchip_memory. onchip_memory.*)
                0x0000000000001468                . = ALIGN (0x4)
                0x0000000000001468                PROVIDE (_alt_partition_onchip_memory_end, ABSOLUTE (.))
                0x0000000000001468                _end = ABSOLUTE (.)
                0x0000000000001468                end = ABSOLUTE (.)
                0x0000000000001468                __alt_stack_base = ABSOLUTE (.)
                0x0000000000001468                PROVIDE (_alt_partition_onchip_memory_load_addr, LOADADDR (.onchip_memory))

.stab
 *(.stab)

.stabstr
 *(.stabstr)

.stab.excl
 *(.stab.excl)

.stab.exclstr
 *(.stab.exclstr)

.stab.index
 *(.stab.index)

.stab.indexstr
 *(.stab.indexstr)

.comment        0x0000000000000000       0x23
 *(.comment)
 .comment       0x0000000000000000       0x23 obj/default/hello_world_small.o
                                         0x24 (size before relaxing)
 .comment       0x0000000000000000       0x24 ../hello_world_small_bsp/\libhal_bsp.a(alt_getchar.o)
 .comment       0x0000000000000000       0x24 ../hello_world_small_bsp/\libhal_bsp.a(alt_load.o)
 .comment       0x0000000000000000       0x24 ../hello_world_small_bsp/\libhal_bsp.a(alt_main.o)
 .comment       0x0000000000000000       0x24 ../hello_world_small_bsp/\libhal_bsp.a(alt_putstr.o)
 .comment       0x0000000000000000       0x24 ../hello_world_small_bsp/\libhal_bsp.a(alt_sys_init.o)
 .comment       0x0000000000000000       0x24 ../hello_world_small_bsp/\libhal_bsp.a(altera_avalon_jtag_uart_read.o)
 .comment       0x0000000000000000       0x24 ../hello_world_small_bsp/\libhal_bsp.a(altera_avalon_jtag_uart_write.o)
 .comment       0x0000000000000000       0x24 ../hello_world_small_bsp/\libhal_bsp.a(alt_dcache_flush_all.o)
 .comment       0x0000000000000000       0x24 ../hello_world_small_bsp/\libhal_bsp.a(alt_dev.o)
 .comment       0x0000000000000000       0x24 ../hello_world_small_bsp/\libhal_bsp.a(alt_icache_flush_all.o)
 .comment       0x0000000000000000       0x24 ../hello_world_small_bsp/\libhal_bsp.a(altera_nios2_qsys_irq.o)
 .comment       0x0000000000000000       0x24 c:/altera/14.0/nios2eds/bin/gnu/h-x86_64-mingw32/bin/../lib/gcc/nios2-elf/4.7.3/../../../../../H-x86_64-mingw32/nios2-elf/lib/mno-hw-mul\libsmallc.a(lib_a-strlen.o)

.debug
 *(.debug)

.line
 *(.line)

.debug_srcinfo
 *(.debug_srcinfo)

.debug_sfnames
 *(.debug_sfnames)

.debug_aranges  0x0000000000000000      0x1c8
 *(.debug_aranges)
 .debug_aranges
                0x0000000000000000       0x28 ../hello_world_small_bsp//obj/HAL/src/crt0.o
 .debug_aranges
                0x0000000000000028       0x20 obj/default/hello_world_small.o
 .debug_aranges
                0x0000000000000048       0x20 ../hello_world_small_bsp/\libhal_bsp.a(alt_getchar.o)
 .debug_aranges
                0x0000000000000068       0x20 ../hello_world_small_bsp/\libhal_bsp.a(alt_load.o)
 .debug_aranges
                0x0000000000000088       0x20 ../hello_world_small_bsp/\libhal_bsp.a(alt_main.o)
 .debug_aranges
                0x00000000000000a8       0x20 ../hello_world_small_bsp/\libhal_bsp.a(alt_putstr.o)
 .debug_aranges
                0x00000000000000c8       0x20 ../hello_world_small_bsp/\libhal_bsp.a(alt_sys_init.o)
 .debug_aranges
                0x00000000000000e8       0x20 ../hello_world_small_bsp/\libhal_bsp.a(altera_avalon_jtag_uart_read.o)
 .debug_aranges
                0x0000000000000108       0x20 ../hello_world_small_bsp/\libhal_bsp.a(altera_avalon_jtag_uart_write.o)
 .debug_aranges
                0x0000000000000128       0x20 ../hello_world_small_bsp/\libhal_bsp.a(alt_dcache_flush_all.o)
 .debug_aranges
                0x0000000000000148       0x20 ../hello_world_small_bsp/\libhal_bsp.a(alt_dev.o)
 .debug_aranges
                0x0000000000000168       0x20 ../hello_world_small_bsp/\libhal_bsp.a(alt_icache_flush_all.o)
 .debug_aranges
                0x0000000000000188       0x20 ../hello_world_small_bsp/\libhal_bsp.a(altera_nios2_qsys_irq.o)
 .debug_aranges
                0x00000000000001a8       0x20 c:/altera/14.0/nios2eds/bin/gnu/h-x86_64-mingw32/bin/../lib/gcc/nios2-elf/4.7.3/../../../../../H-x86_64-mingw32/nios2-elf/lib/mno-hw-mul\libsmallc.a(lib_a-strlen.o)

.debug_pubnames
 *(.debug_pubnames)

.debug_info     0x0000000000000000     0x15d5
 *(.debug_info .gnu.linkonce.wi.*)
 .debug_info    0x0000000000000000       0x8c ../hello_world_small_bsp//obj/HAL/src/crt0.o
 .debug_info    0x000000000000008c       0xb5 obj/default/hello_world_small.o
 .debug_info    0x0000000000000141      0x374 ../hello_world_small_bsp/\libhal_bsp.a(alt_getchar.o)
 .debug_info    0x00000000000004b5      0x1d9 ../hello_world_small_bsp/\libhal_bsp.a(alt_load.o)
 .debug_info    0x000000000000068e      0x194 ../hello_world_small_bsp/\libhal_bsp.a(alt_main.o)
 .debug_info    0x0000000000000822      0x171 ../hello_world_small_bsp/\libhal_bsp.a(alt_putstr.o)
 .debug_info    0x0000000000000993      0x193 ../hello_world_small_bsp/\libhal_bsp.a(alt_sys_init.o)
 .debug_info    0x0000000000000b26      0x1bd ../hello_world_small_bsp/\libhal_bsp.a(altera_avalon_jtag_uart_read.o)
 .debug_info    0x0000000000000ce3      0x1a0 ../hello_world_small_bsp/\libhal_bsp.a(altera_avalon_jtag_uart_write.o)
 .debug_info    0x0000000000000e83       0x8f ../hello_world_small_bsp/\libhal_bsp.a(alt_dcache_flush_all.o)
 .debug_info    0x0000000000000f12      0x4df ../hello_world_small_bsp/\libhal_bsp.a(alt_dev.o)
 .debug_info    0x00000000000013f1       0x8f ../hello_world_small_bsp/\libhal_bsp.a(alt_icache_flush_all.o)
 .debug_info    0x0000000000001480       0x8f ../hello_world_small_bsp/\libhal_bsp.a(altera_nios2_qsys_irq.o)
 .debug_info    0x000000000000150f       0xc6 c:/altera/14.0/nios2eds/bin/gnu/h-x86_64-mingw32/bin/../lib/gcc/nios2-elf/4.7.3/../../../../../H-x86_64-mingw32/nios2-elf/lib/mno-hw-mul\libsmallc.a(lib_a-strlen.o)

.debug_abbrev   0x0000000000000000      0x9c0
 *(.debug_abbrev)
 .debug_abbrev  0x0000000000000000       0x12 ../hello_world_small_bsp//obj/HAL/src/crt0.o
 .debug_abbrev  0x0000000000000012       0xbb obj/default/hello_world_small.o
 .debug_abbrev  0x00000000000000cd      0x11f ../hello_world_small_bsp/\libhal_bsp.a(alt_getchar.o)
 .debug_abbrev  0x00000000000001ec       0xd8 ../hello_world_small_bsp/\libhal_bsp.a(alt_load.o)
 .debug_abbrev  0x00000000000002c4      0x120 ../hello_world_small_bsp/\libhal_bsp.a(alt_main.o)
 .debug_abbrev  0x00000000000003e4       0xe2 ../hello_world_small_bsp/\libhal_bsp.a(alt_putstr.o)
 .debug_abbrev  0x00000000000004c6      0x105 ../hello_world_small_bsp/\libhal_bsp.a(alt_sys_init.o)
 .debug_abbrev  0x00000000000005cb      0x102 ../hello_world_small_bsp/\libhal_bsp.a(altera_avalon_jtag_uart_read.o)
 .debug_abbrev  0x00000000000006cd       0xd5 ../hello_world_small_bsp/\libhal_bsp.a(altera_avalon_jtag_uart_write.o)
 .debug_abbrev  0x00000000000007a2       0x42 ../hello_world_small_bsp/\libhal_bsp.a(alt_dcache_flush_all.o)
 .debug_abbrev  0x00000000000007e4       0xd9 ../hello_world_small_bsp/\libhal_bsp.a(alt_dev.o)
 .debug_abbrev  0x00000000000008bd       0x42 ../hello_world_small_bsp/\libhal_bsp.a(alt_icache_flush_all.o)
 .debug_abbrev  0x00000000000008ff       0x42 ../hello_world_small_bsp/\libhal_bsp.a(altera_nios2_qsys_irq.o)
 .debug_abbrev  0x0000000000000941       0x7f c:/altera/14.0/nios2eds/bin/gnu/h-x86_64-mingw32/bin/../lib/gcc/nios2-elf/4.7.3/../../../../../H-x86_64-mingw32/nios2-elf/lib/mno-hw-mul\libsmallc.a(lib_a-strlen.o)

.debug_line     0x0000000000000000      0xac7
 *(.debug_line)
 .debug_line    0x0000000000000000       0x66 ../hello_world_small_bsp//obj/HAL/src/crt0.o
 .debug_line    0x0000000000000066       0x89 obj/default/hello_world_small.o
 .debug_line    0x00000000000000ef       0xad ../hello_world_small_bsp/\libhal_bsp.a(alt_getchar.o)
 .debug_line    0x000000000000019c       0xd6 ../hello_world_small_bsp/\libhal_bsp.a(alt_load.o)
 .debug_line    0x0000000000000272       0xbd ../hello_world_small_bsp/\libhal_bsp.a(alt_main.o)
 .debug_line    0x000000000000032f      0x127 ../hello_world_small_bsp/\libhal_bsp.a(alt_putstr.o)
 .debug_line    0x0000000000000456      0x101 ../hello_world_small_bsp/\libhal_bsp.a(alt_sys_init.o)
 .debug_line    0x0000000000000557      0x104 ../hello_world_small_bsp/\libhal_bsp.a(altera_avalon_jtag_uart_read.o)
 .debug_line    0x000000000000065b       0xf5 ../hello_world_small_bsp/\libhal_bsp.a(altera_avalon_jtag_uart_write.o)
 .debug_line    0x0000000000000750       0x4e ../hello_world_small_bsp/\libhal_bsp.a(alt_dcache_flush_all.o)
 .debug_line    0x000000000000079e      0x119 ../hello_world_small_bsp/\libhal_bsp.a(alt_dev.o)
 .debug_line    0x00000000000008b7       0x4e ../hello_world_small_bsp/\libhal_bsp.a(alt_icache_flush_all.o)
 .debug_line    0x0000000000000905       0x50 ../hello_world_small_bsp/\libhal_bsp.a(altera_nios2_qsys_irq.o)
 .debug_line    0x0000000000000955      0x172 c:/altera/14.0/nios2eds/bin/gnu/h-x86_64-mingw32/bin/../lib/gcc/nios2-elf/4.7.3/../../../../../H-x86_64-mingw32/nios2-elf/lib/mno-hw-mul\libsmallc.a(lib_a-strlen.o)

.debug_frame    0x0000000000000000      0x1e0
 *(.debug_frame)
 .debug_frame   0x0000000000000000       0x28 obj/default/hello_world_small.o
 .debug_frame   0x0000000000000028       0x28 ../hello_world_small_bsp/\libhal_bsp.a(alt_getchar.o)
 .debug_frame   0x0000000000000050       0x28 ../hello_world_small_bsp/\libhal_bsp.a(alt_load.o)
 .debug_frame   0x0000000000000078       0x28 ../hello_world_small_bsp/\libhal_bsp.a(alt_main.o)
 .debug_frame   0x00000000000000a0       0x28 ../hello_world_small_bsp/\libhal_bsp.a(alt_putstr.o)
 .debug_frame   0x00000000000000c8       0x38 ../hello_world_small_bsp/\libhal_bsp.a(alt_sys_init.o)
 .debug_frame   0x0000000000000100       0x20 ../hello_world_small_bsp/\libhal_bsp.a(altera_avalon_jtag_uart_read.o)
 .debug_frame   0x0000000000000120       0x20 ../hello_world_small_bsp/\libhal_bsp.a(altera_avalon_jtag_uart_write.o)
 .debug_frame   0x0000000000000140       0x20 ../hello_world_small_bsp/\libhal_bsp.a(alt_dcache_flush_all.o)
 .debug_frame   0x0000000000000160       0x20 ../hello_world_small_bsp/\libhal_bsp.a(alt_dev.o)
 .debug_frame   0x0000000000000180       0x20 ../hello_world_small_bsp/\libhal_bsp.a(alt_icache_flush_all.o)
 .debug_frame   0x00000000000001a0       0x20 ../hello_world_small_bsp/\libhal_bsp.a(altera_nios2_qsys_irq.o)
 .debug_frame   0x00000000000001c0       0x20 c:/altera/14.0/nios2eds/bin/gnu/h-x86_64-mingw32/bin/../lib/gcc/nios2-elf/4.7.3/../../../../../H-x86_64-mingw32/nios2-elf/lib/mno-hw-mul\libsmallc.a(lib_a-strlen.o)

.debug_str      0x0000000000000000      0x738
 *(.debug_str)
 .debug_str     0x0000000000000000       0x8b obj/default/hello_world_small.o
                                         0x95 (size before relaxing)
 .debug_str     0x000000000000008b      0x1a4 ../hello_world_small_bsp/\libhal_bsp.a(alt_getchar.o)
                                        0x20b (size before relaxing)
 .debug_str     0x000000000000022f      0x11b ../hello_world_small_bsp/\libhal_bsp.a(alt_load.o)
                                        0x211 (size before relaxing)
 .debug_str     0x000000000000034a       0x5e ../hello_world_small_bsp/\libhal_bsp.a(alt_main.o)
                                        0x18a (size before relaxing)
 .debug_str     0x00000000000003a8       0x41 ../hello_world_small_bsp/\libhal_bsp.a(alt_putstr.o)
                                        0x16c (size before relaxing)
 .debug_str     0x00000000000003e9       0x86 ../hello_world_small_bsp/\libhal_bsp.a(alt_sys_init.o)
                                        0x1f9 (size before relaxing)
 .debug_str     0x000000000000046f       0x3d ../hello_world_small_bsp/\libhal_bsp.a(altera_avalon_jtag_uart_read.o)
                                        0x1f4 (size before relaxing)
 .debug_str     0x00000000000004ac       0x32 ../hello_world_small_bsp/\libhal_bsp.a(altera_avalon_jtag_uart_write.o)
                                        0x1ea (size before relaxing)
 .debug_str     0x00000000000004de       0x1f ../hello_world_small_bsp/\libhal_bsp.a(alt_dcache_flush_all.o)
                                        0x12a (size before relaxing)
 .debug_str     0x00000000000004fd      0x120 ../hello_world_small_bsp/\libhal_bsp.a(alt_dev.o)
                                        0x2da (size before relaxing)
 .debug_str     0x000000000000061d       0x1f ../hello_world_small_bsp/\libhal_bsp.a(alt_icache_flush_all.o)
                                        0x12a (size before relaxing)
 .debug_str     0x000000000000063c       0x20 ../hello_world_small_bsp/\libhal_bsp.a(altera_nios2_qsys_irq.o)
                                        0x131 (size before relaxing)
 .debug_str     0x000000000000065c       0xdc c:/altera/14.0/nios2eds/bin/gnu/h-x86_64-mingw32/bin/../lib/gcc/nios2-elf/4.7.3/../../../../../H-x86_64-mingw32/nios2-elf/lib/mno-hw-mul\libsmallc.a(lib_a-strlen.o)
                                        0x18e (size before relaxing)

.debug_loc      0x0000000000000000      0x2a7
 *(.debug_loc)
 .debug_loc     0x0000000000000000       0x33 obj/default/hello_world_small.o
 .debug_loc     0x0000000000000033       0x40 ../hello_world_small_bsp/\libhal_bsp.a(alt_getchar.o)
 .debug_loc     0x0000000000000073       0x20 ../hello_world_small_bsp/\libhal_bsp.a(alt_load.o)
 .debug_loc     0x0000000000000093       0x20 ../hello_world_small_bsp/\libhal_bsp.a(alt_main.o)
 .debug_loc     0x00000000000000b3       0x57 ../hello_world_small_bsp/\libhal_bsp.a(alt_putstr.o)
 .debug_loc     0x000000000000010a       0x41 ../hello_world_small_bsp/\libhal_bsp.a(alt_sys_init.o)
 .debug_loc     0x000000000000014b       0xb5 ../hello_world_small_bsp/\libhal_bsp.a(altera_avalon_jtag_uart_read.o)
 .debug_loc     0x0000000000000200       0x7e ../hello_world_small_bsp/\libhal_bsp.a(altera_avalon_jtag_uart_write.o)
 .debug_loc     0x000000000000027e       0x29 c:/altera/14.0/nios2eds/bin/gnu/h-x86_64-mingw32/bin/../lib/gcc/nios2-elf/4.7.3/../../../../../H-x86_64-mingw32/nios2-elf/lib/mno-hw-mul\libsmallc.a(lib_a-strlen.o)

.debug_macinfo
 *(.debug_macinfo)

.debug_weaknames
 *(.debug_weaknames)

.debug_funcnames
 *(.debug_funcnames)

.debug_typenames
 *(.debug_typenames)

.debug_varnames
 *(.debug_varnames)

.debug_alt_sim_info
                0x0000000000000000       0x10
 *(.debug_alt_sim_info)
 .debug_alt_sim_info
                0x0000000000000000       0x10 ../hello_world_small_bsp//obj/HAL/src/crt0.o
                0x0000000000002000                __alt_data_end = 0x2000
                0x0000000000002000                PROVIDE (__alt_stack_pointer, __alt_data_end)
                0x0000000000001468                PROVIDE (__alt_stack_limit, __alt_stack_base)
                0x0000000000001468                PROVIDE (__alt_heap_start, end)
                0x0000000000002000                PROVIDE (__alt_heap_limit, 0x2000)
OUTPUT(hello_world_small.elf elf32-littlenios2)

.debug_ranges   0x0000000000000000       0x98
 .debug_ranges  0x0000000000000000       0x20 ../hello_world_small_bsp//obj/HAL/src/crt0.o
 .debug_ranges  0x0000000000000020       0x10 obj/default/hello_world_small.o
 .debug_ranges  0x0000000000000030       0x48 ../hello_world_small_bsp/\libhal_bsp.a(alt_load.o)
 .debug_ranges  0x0000000000000078       0x20 ../hello_world_small_bsp/\libhal_bsp.a(altera_avalon_jtag_uart_read.o)
