Archive member included because of file (symbol)

../CameraSystem_TalkToSelfish_bsp/\libhal_bsp.a(alt_getchar.o)
                              obj/default/hello_world_small.o (alt_getchar)
../CameraSystem_TalkToSelfish_bsp/\libhal_bsp.a(alt_load.o)
                              ../CameraSystem_TalkToSelfish_bsp//obj/HAL/src/crt0.o (alt_load)
../CameraSystem_TalkToSelfish_bsp/\libhal_bsp.a(alt_main.o)
                              ../CameraSystem_TalkToSelfish_bsp//obj/HAL/src/crt0.o (alt_main)
../CameraSystem_TalkToSelfish_bsp/\libhal_bsp.a(alt_printf.o)
                              obj/default/hello_world_small.o (alt_printf)
../CameraSystem_TalkToSelfish_bsp/\libhal_bsp.a(alt_putchar.o)
                              ../CameraSystem_TalkToSelfish_bsp/\libhal_bsp.a(alt_printf.o) (alt_putchar)
../CameraSystem_TalkToSelfish_bsp/\libhal_bsp.a(alt_putstr.o)
                              obj/default/hello_world_small.o (alt_putstr)
../CameraSystem_TalkToSelfish_bsp/\libhal_bsp.a(alt_sys_init.o)
                              ../CameraSystem_TalkToSelfish_bsp/\libhal_bsp.a(alt_main.o) (alt_irq_init)
../CameraSystem_TalkToSelfish_bsp/\libhal_bsp.a(altera_avalon_jtag_uart_read.o)
                              ../CameraSystem_TalkToSelfish_bsp/\libhal_bsp.a(alt_getchar.o) (altera_avalon_jtag_uart_read)
../CameraSystem_TalkToSelfish_bsp/\libhal_bsp.a(altera_avalon_jtag_uart_write.o)
                              ../CameraSystem_TalkToSelfish_bsp/\libhal_bsp.a(alt_putchar.o) (altera_avalon_jtag_uart_write)
../CameraSystem_TalkToSelfish_bsp/\libhal_bsp.a(alt_dcache_flush_all.o)
                              ../CameraSystem_TalkToSelfish_bsp/\libhal_bsp.a(alt_load.o) (alt_dcache_flush_all)
../CameraSystem_TalkToSelfish_bsp/\libhal_bsp.a(alt_dev.o)
                              ../CameraSystem_TalkToSelfish_bsp/\libhal_bsp.a(alt_getchar.o) (alt_fd_list)
../CameraSystem_TalkToSelfish_bsp/\libhal_bsp.a(alt_icache_flush_all.o)
                              ../CameraSystem_TalkToSelfish_bsp/\libhal_bsp.a(alt_load.o) (alt_icache_flush_all)
../CameraSystem_TalkToSelfish_bsp/\libhal_bsp.a(altera_nios2_qsys_irq.o)
                              ../CameraSystem_TalkToSelfish_bsp/\libhal_bsp.a(alt_sys_init.o) (altera_nios2_qsys_irq_init)
c:/altera/14.0/nios2eds/bin/gnu/h-x86_64-mingw32/bin/../lib/gcc/nios2-elf/4.7.3/../../../../../H-x86_64-mingw32/nios2-elf/lib/mno-hw-mul\libsmallc.a(lib_a-strlen.o)
                              ../CameraSystem_TalkToSelfish_bsp/\libhal_bsp.a(alt_putstr.o) (strlen)

Memory Configuration

Name             Origin             Length             Attributes
reset            0x0000000000001000 0x0000000000000020
onchip_memory    0x0000000000001020 0x0000000000000fe0
*default*        0x0000000000000000 0xffffffffffffffff

Linker script and memory map

LOAD ../CameraSystem_TalkToSelfish_bsp//obj/HAL/src/crt0.o
LOAD obj/default/hello_world_small.o
LOAD c:/altera/14.0/nios2eds/bin/gnu/h-x86_64-mingw32/bin/../lib/gcc/nios2-elf/4.7.3/../../../../../H-x86_64-mingw32/nios2-elf/lib/mno-hw-mul\libstdc++.a
LOAD c:/altera/14.0/nios2eds/bin/gnu/h-x86_64-mingw32/bin/../lib/gcc/nios2-elf/4.7.3/../../../../../H-x86_64-mingw32/nios2-elf/lib/mno-hw-mul\libm.a
LOAD c:/altera/14.0/nios2eds/bin/gnu/h-x86_64-mingw32/bin/../lib/gcc/nios2-elf/4.7.3/mno-hw-mul\libgcc.a
START GROUP
LOAD c:/altera/14.0/nios2eds/bin/gnu/h-x86_64-mingw32/bin/../lib/gcc/nios2-elf/4.7.3/../../../../../H-x86_64-mingw32/nios2-elf/lib/mno-hw-mul\libsmallc.a
LOAD c:/altera/14.0/nios2eds/bin/gnu/h-x86_64-mingw32/bin/../lib/gcc/nios2-elf/4.7.3/mno-hw-mul\libgcc.a
LOAD ../CameraSystem_TalkToSelfish_bsp/\libhal_bsp.a
END GROUP
LOAD c:/altera/14.0/nios2eds/bin/gnu/h-x86_64-mingw32/bin/../lib/gcc/nios2-elf/4.7.3/mno-hw-mul\libgcc.a
                0x0000000000001000                __alt_mem_onchip_memory = 0x1000

.entry          0x0000000000001000       0x20
 *(.entry)
 .entry         0x0000000000001000       0x20 ../CameraSystem_TalkToSelfish_bsp//obj/HAL/src/crt0.o
                0x0000000000001000                __reset
                0x000000000000100c                _exit

.exceptions     0x0000000000001020        0x0
                0x0000000000001020                PROVIDE (__ram_exceptions_start, ABSOLUTE (.))
                0x0000000000001020                . = ALIGN (0x20)
 *(.irq)
 *(.exceptions.entry.label)
 *(.exceptions.entry.user)
 *(.exceptions.entry.ecc_fatal)
 *(.exceptions.entry)
 *(.exceptions.irqtest.user)
 *(.exceptions.irqtest)
 *(.exceptions.irqhandler.user)
 *(.exceptions.irqhandler)
 *(.exceptions.irqreturn.user)
 *(.exceptions.irqreturn)
 *(.exceptions.notirq.label)
 *(.exceptions.notirq.user)
 *(.exceptions.notirq)
 *(.exceptions.soft.user)
 *(.exceptions.soft)
 *(.exceptions.unknown.user)
 *(.exceptions.unknown)
 *(.exceptions.exit.label)
 *(.exceptions.exit.user)
 *(.exceptions.exit)
 *(.exceptions)
                0x0000000000001020                PROVIDE (__ram_exceptions_end, ABSOLUTE (.))
                0x0000000000001020                PROVIDE (__flash_exceptions_start, LOADADDR (.exceptions))

.text           0x0000000000001020      0x72c
                0x0000000000001020                PROVIDE (stext, ABSOLUTE (.))
 *(.interp)
 *(.hash)
 *(.dynsym)
 *(.dynstr)
 *(.gnu.version)
 *(.gnu.version_d)
 *(.gnu.version_r)
 *(.rel.init)
 *(.rela.init)
 *(.rel.text .rel.text.* .rel.gnu.linkonce.t.*)
 *(.rela.text .rela.text.* .rela.gnu.linkonce.t.*)
 *(.rel.fini)
 *(.rela.fini)
 *(.rel.rodata .rel.rodata.* .rel.gnu.linkonce.r.*)
 *(.rela.rodata .rela.rodata.* .rela.gnu.linkonce.r.*)
 *(.rel.data .rel.data.* .rel.gnu.linkonce.d.*)
 *(.rela.data .rela.data.* .rela.gnu.linkonce.d.*)
 *(.rel.tdata .rel.tdata.* .rel.gnu.linkonce.td.*)
 *(.rela.tdata .rela.tdata.* .rela.gnu.linkonce.td.*)
 *(.rel.tbss .rel.tbss.* .rel.gnu.linkonce.tb.*)
 *(.rela.tbss .rela.tbss.* .rela.gnu.linkonce.tb.*)
 *(.rel.ctors)
 *(.rela.ctors)
 *(.rel.dtors)
 *(.rela.dtors)
 *(.rel.got)
 *(.rela.got)
 *(.rel.sdata .rel.sdata.* .rel.gnu.linkonce.s.*)
 *(.rela.sdata .rela.sdata.* .rela.gnu.linkonce.s.*)
 *(.rel.sbss .rel.sbss.* .rel.gnu.linkonce.sb.*)
 *(.rela.sbss .rela.sbss.* .rela.gnu.linkonce.sb.*)
 *(.rel.sdata2 .rel.sdata2.* .rel.gnu.linkonce.s2.*)
 *(.rela.sdata2 .rela.sdata2.* .rela.gnu.linkonce.s2.*)
 *(.rel.sbss2 .rel.sbss2.* .rel.gnu.linkonce.sb2.*)
 *(.rela.sbss2 .rela.sbss2.* .rela.gnu.linkonce.sb2.*)
 *(.rel.bss .rel.bss.* .rel.gnu.linkonce.b.*)
 *(.rela.bss .rela.bss.* .rela.gnu.linkonce.b.*)
 *(.rel.plt)
 *(.rela.plt)
 *(.rel.dyn)
 *(.init)
 *(.plt)
 *(.text .stub .text.* .gnu.linkonce.t.*)
 .text          0x0000000000001020       0x3c ../CameraSystem_TalkToSelfish_bsp//obj/HAL/src/crt0.o
                0x0000000000001020                _start
 .text          0x000000000000105c       0x5c obj/default/hello_world_small.o
                0x000000000000105c                sendData
 .text.startup  0x00000000000010b8      0x238 obj/default/hello_world_small.o
                0x00000000000010b8                main
 .text          0x00000000000012f0       0x44 ../CameraSystem_TalkToSelfish_bsp/\libhal_bsp.a(alt_getchar.o)
                0x00000000000012f0                alt_getchar
 .text          0x0000000000001334      0x104 ../CameraSystem_TalkToSelfish_bsp/\libhal_bsp.a(alt_load.o)
                0x0000000000001334                alt_load
 .text          0x0000000000001438       0x2c ../CameraSystem_TalkToSelfish_bsp/\libhal_bsp.a(alt_main.o)
                0x0000000000001438                alt_main
 .text          0x0000000000001464      0x170 ../CameraSystem_TalkToSelfish_bsp/\libhal_bsp.a(alt_printf.o)
                0x0000000000001464                alt_printf
 .text          0x00000000000015d4       0x4c ../CameraSystem_TalkToSelfish_bsp/\libhal_bsp.a(alt_putchar.o)
                0x00000000000015d4                alt_putchar
 .text          0x0000000000001620       0x38 ../CameraSystem_TalkToSelfish_bsp/\libhal_bsp.a(alt_putstr.o)
                0x0000000000001620                alt_putstr
 .text          0x0000000000001658       0x24 ../CameraSystem_TalkToSelfish_bsp/\libhal_bsp.a(alt_sys_init.o)
                0x0000000000001658                alt_irq_init
                0x0000000000001678                alt_sys_init
 .text          0x000000000000167c       0x5c ../CameraSystem_TalkToSelfish_bsp/\libhal_bsp.a(altera_avalon_jtag_uart_read.o)
                0x000000000000167c                altera_avalon_jtag_uart_read
 .text          0x00000000000016d8       0x34 ../CameraSystem_TalkToSelfish_bsp/\libhal_bsp.a(altera_avalon_jtag_uart_write.o)
                0x00000000000016d8                altera_avalon_jtag_uart_write
 .text          0x000000000000170c        0x4 ../CameraSystem_TalkToSelfish_bsp/\libhal_bsp.a(alt_dcache_flush_all.o)
                0x000000000000170c                alt_dcache_flush_all
 .text          0x0000000000001710        0x8 ../CameraSystem_TalkToSelfish_bsp/\libhal_bsp.a(alt_dev.o)
 .text          0x0000000000001718        0x4 ../CameraSystem_TalkToSelfish_bsp/\libhal_bsp.a(alt_icache_flush_all.o)
                0x0000000000001718                alt_icache_flush_all
 .text          0x000000000000171c        0x8 ../CameraSystem_TalkToSelfish_bsp/\libhal_bsp.a(altera_nios2_qsys_irq.o)
                0x000000000000171c                altera_nios2_qsys_irq_init
 .text          0x0000000000001724       0x28 c:/altera/14.0/nios2eds/bin/gnu/h-x86_64-mingw32/bin/../lib/gcc/nios2-elf/4.7.3/../../../../../H-x86_64-mingw32/nios2-elf/lib/mno-hw-mul\libsmallc.a(lib_a-strlen.o)
                0x0000000000001724                strlen
 *(.gnu.warning.*)
 *(.fini)
                0x000000000000174c                PROVIDE (__etext, ABSOLUTE (.))
                0x000000000000174c                PROVIDE (_etext, ABSOLUTE (.))
                0x000000000000174c                PROVIDE (etext, ABSOLUTE (.))
 *(.eh_frame_hdr)
                0x000000000000174c                . = ALIGN (0x4)
                0x000000000000174c                PROVIDE (__preinit_array_start, ABSOLUTE (.))
 *(.preinit_array)
                0x000000000000174c                PROVIDE (__preinit_array_end, ABSOLUTE (.))
                0x000000000000174c                PROVIDE (__init_array_start, ABSOLUTE (.))
 *(.init_array)
                0x000000000000174c                PROVIDE (__init_array_end, ABSOLUTE (.))
                0x000000000000174c                PROVIDE (__fini_array_start, ABSOLUTE (.))
 *(.fini_array)
                0x000000000000174c                PROVIDE (__fini_array_end, ABSOLUTE (.))
 *(.eh_frame)
 *(.gcc_except_table .gcc_except_table.*)
 *(.dynamic)
                0x000000000000174c                PROVIDE (__CTOR_LIST__, ABSOLUTE (.))
 *(.ctors)
 *(SORT(.ctors.*))
                0x000000000000174c                PROVIDE (__CTOR_END__, ABSOLUTE (.))
                0x000000000000174c                PROVIDE (__DTOR_LIST__, ABSOLUTE (.))
 *(.dtors)
 *(SORT(.dtors.*))
                0x000000000000174c                PROVIDE (__DTOR_END__, ABSOLUTE (.))
 *(.jcr)
                0x000000000000174c                . = ALIGN (0x4)

.rodata         0x000000000000174c      0x2a0
                0x000000000000174c                PROVIDE (__ram_rodata_start, ABSOLUTE (.))
                0x000000000000174c                . = ALIGN (0x4)
 *(.rodata .rodata.* .gnu.linkonce.r.*)
 .rodata.str1.4
                0x000000000000174c      0x293 obj/default/hello_world_small.o
                                        0x294 (size before relaxing)
 *fill*         0x00000000000019df        0x1 
 .rodata.str1.4
                0x00000000000019e0        0xc ../CameraSystem_TalkToSelfish_bsp/\libhal_bsp.a(alt_dev.o)
 *(.rodata1)
                0x00000000000019ec                . = ALIGN (0x4)
                0x00000000000019ec                PROVIDE (__ram_rodata_end, ABSOLUTE (.))
                0x000000000000174c                PROVIDE (__flash_rodata_start, LOADADDR (.rodata))

.rwdata         0x00000000000019ec       0x70 load address 0x0000000000001a5c
                0x00000000000019ec                PROVIDE (__ram_rwdata_start, ABSOLUTE (.))
                0x00000000000019ec                . = ALIGN (0x4)
 *(.got.plt)
 *(.got)
 *(.data1)
 *(.data .data.* .gnu.linkonce.d.*)
 .data          0x00000000000019ec        0x0 ../CameraSystem_TalkToSelfish_bsp//obj/HAL/src/crt0.o
 .data          0x00000000000019ec        0x0 obj/default/hello_world_small.o
 .data          0x00000000000019ec        0x0 ../CameraSystem_TalkToSelfish_bsp/\libhal_bsp.a(alt_getchar.o)
 .data          0x00000000000019ec        0x0 ../CameraSystem_TalkToSelfish_bsp/\libhal_bsp.a(alt_load.o)
 .data          0x00000000000019ec        0x0 ../CameraSystem_TalkToSelfish_bsp/\libhal_bsp.a(alt_main.o)
 .data          0x00000000000019ec        0x0 ../CameraSystem_TalkToSelfish_bsp/\libhal_bsp.a(alt_printf.o)
 .data          0x00000000000019ec        0x0 ../CameraSystem_TalkToSelfish_bsp/\libhal_bsp.a(alt_putchar.o)
 .data          0x00000000000019ec        0x0 ../CameraSystem_TalkToSelfish_bsp/\libhal_bsp.a(alt_putstr.o)
 .data          0x00000000000019ec        0x0 ../CameraSystem_TalkToSelfish_bsp/\libhal_bsp.a(alt_sys_init.o)
 .data          0x00000000000019ec        0x0 ../CameraSystem_TalkToSelfish_bsp/\libhal_bsp.a(altera_avalon_jtag_uart_read.o)
 .data          0x00000000000019ec        0x0 ../CameraSystem_TalkToSelfish_bsp/\libhal_bsp.a(altera_avalon_jtag_uart_write.o)
 .data          0x00000000000019ec        0x0 ../CameraSystem_TalkToSelfish_bsp/\libhal_bsp.a(alt_dcache_flush_all.o)
 .data          0x00000000000019ec       0x58 ../CameraSystem_TalkToSelfish_bsp/\libhal_bsp.a(alt_dev.o)
                0x00000000000019ec                alt_fd_list
                0x0000000000001a1c                alt_dev_null
 .data          0x0000000000001a44        0x0 ../CameraSystem_TalkToSelfish_bsp/\libhal_bsp.a(alt_icache_flush_all.o)
 .data          0x0000000000001a44        0x0 ../CameraSystem_TalkToSelfish_bsp/\libhal_bsp.a(altera_nios2_qsys_irq.o)
 .data          0x0000000000001a44        0x0 c:/altera/14.0/nios2eds/bin/gnu/h-x86_64-mingw32/bin/../lib/gcc/nios2-elf/4.7.3/../../../../../H-x86_64-mingw32/nios2-elf/lib/mno-hw-mul\libsmallc.a(lib_a-strlen.o)
                0x0000000000009a44                _gp = ABSOLUTE ((. + 0x8000))
                0x0000000000009a44                PROVIDE (gp, _gp)
 *(.rwdata .rwdata.*)
 *(.sdata .sdata.* .gnu.linkonce.s.*)
 .sdata         0x0000000000001a44        0x4 ../CameraSystem_TalkToSelfish_bsp/\libhal_bsp.a(alt_sys_init.o)
                0x0000000000001a44                jtag_uart
 .sdata         0x0000000000001a48       0x14 ../CameraSystem_TalkToSelfish_bsp/\libhal_bsp.a(alt_dev.o)
                0x0000000000001a48                alt_max_fd
                0x0000000000001a4c                alt_dev_list
                0x0000000000001a54                alt_fs_list
 *(.sdata2 .sdata2.* .gnu.linkonce.s2.*)
                0x0000000000001a5c                . = ALIGN (0x4)
                0x0000000000001a5c                _edata = ABSOLUTE (.)
                0x0000000000001a5c                PROVIDE (edata, ABSOLUTE (.))
                0x0000000000001a5c                PROVIDE (__ram_rwdata_end, ABSOLUTE (.))
                0x0000000000001a5c                PROVIDE (__flash_rwdata_start, LOADADDR (.rwdata))

.bss            0x0000000000001acc        0xc
                0x0000000000001acc                __bss_start = ABSOLUTE (.)
                0x0000000000001acc                PROVIDE (__sbss_start, ABSOLUTE (.))
                0x0000000000001acc                PROVIDE (___sbss_start, ABSOLUTE (.))
 *(.dynsbss)
 *(.sbss .sbss.* .gnu.linkonce.sb.*)
 .sbss          0x0000000000001acc        0xc ../CameraSystem_TalkToSelfish_bsp/\libhal_bsp.a(alt_main.o)
                0x0000000000001acc                alt_envp
                0x0000000000001ad0                alt_argv
                0x0000000000001ad4                alt_argc
 *(.sbss2 .sbss2.* .gnu.linkonce.sb2.*)
 *(.scommon)
                0x0000000000001ad8                PROVIDE (__sbss_end, ABSOLUTE (.))
                0x0000000000001ad8                PROVIDE (___sbss_end, ABSOLUTE (.))
 *(.dynbss)
 *(.bss .bss.* .gnu.linkonce.b.*)
 .bss           0x0000000000001ad8        0x0 ../CameraSystem_TalkToSelfish_bsp//obj/HAL/src/crt0.o
 .bss           0x0000000000001ad8        0x0 obj/default/hello_world_small.o
 .bss           0x0000000000001ad8        0x0 ../CameraSystem_TalkToSelfish_bsp/\libhal_bsp.a(alt_getchar.o)
 .bss           0x0000000000001ad8        0x0 ../CameraSystem_TalkToSelfish_bsp/\libhal_bsp.a(alt_load.o)
 .bss           0x0000000000001ad8        0x0 ../CameraSystem_TalkToSelfish_bsp/\libhal_bsp.a(alt_main.o)
 .bss           0x0000000000001ad8        0x0 ../CameraSystem_TalkToSelfish_bsp/\libhal_bsp.a(alt_printf.o)
 .bss           0x0000000000001ad8        0x0 ../CameraSystem_TalkToSelfish_bsp/\libhal_bsp.a(alt_putchar.o)
 .bss           0x0000000000001ad8        0x0 ../CameraSystem_TalkToSelfish_bsp/\libhal_bsp.a(alt_putstr.o)
 .bss           0x0000000000001ad8        0x0 ../CameraSystem_TalkToSelfish_bsp/\libhal_bsp.a(alt_sys_init.o)
 .bss           0x0000000000001ad8        0x0 ../CameraSystem_TalkToSelfish_bsp/\libhal_bsp.a(altera_avalon_jtag_uart_read.o)
 .bss           0x0000000000001ad8        0x0 ../CameraSystem_TalkToSelfish_bsp/\libhal_bsp.a(altera_avalon_jtag_uart_write.o)
 .bss           0x0000000000001ad8        0x0 ../CameraSystem_TalkToSelfish_bsp/\libhal_bsp.a(alt_dcache_flush_all.o)
 .bss           0x0000000000001ad8        0x0 ../CameraSystem_TalkToSelfish_bsp/\libhal_bsp.a(alt_dev.o)
 .bss           0x0000000000001ad8        0x0 ../CameraSystem_TalkToSelfish_bsp/\libhal_bsp.a(alt_icache_flush_all.o)
 .bss           0x0000000000001ad8        0x0 ../CameraSystem_TalkToSelfish_bsp/\libhal_bsp.a(altera_nios2_qsys_irq.o)
 .bss           0x0000000000001ad8        0x0 c:/altera/14.0/nios2eds/bin/gnu/h-x86_64-mingw32/bin/../lib/gcc/nios2-elf/4.7.3/../../../../../H-x86_64-mingw32/nios2-elf/lib/mno-hw-mul\libsmallc.a(lib_a-strlen.o)
 *(COMMON)
                0x0000000000001ad8                . = ALIGN (0x4)
                0x0000000000001ad8                __bss_end = ABSOLUTE (.)

.onchip_memory  0x0000000000001ad8        0x0
                0x0000000000001ad8                PROVIDE (_alt_partition_onchip_memory_start, ABSOLUTE (.))
 *(.onchip_memory .onchip_memory. onchip_memory.*)
                0x0000000000001ad8                . = ALIGN (0x4)
                0x0000000000001ad8                PROVIDE (_alt_partition_onchip_memory_end, ABSOLUTE (.))
                0x0000000000001ad8                _end = ABSOLUTE (.)
                0x0000000000001ad8                end = ABSOLUTE (.)
                0x0000000000001ad8                __alt_stack_base = ABSOLUTE (.)
                0x0000000000001ad8                PROVIDE (_alt_partition_onchip_memory_load_addr, LOADADDR (.onchip_memory))

.stab
 *(.stab)

.stabstr
 *(.stabstr)

.stab.excl
 *(.stab.excl)

.stab.exclstr
 *(.stab.exclstr)

.stab.index
 *(.stab.index)

.stab.indexstr
 *(.stab.indexstr)

.comment        0x0000000000000000       0x23
 *(.comment)
 .comment       0x0000000000000000       0x23 obj/default/hello_world_small.o
                                         0x24 (size before relaxing)
 .comment       0x0000000000000000       0x24 ../CameraSystem_TalkToSelfish_bsp/\libhal_bsp.a(alt_getchar.o)
 .comment       0x0000000000000000       0x24 ../CameraSystem_TalkToSelfish_bsp/\libhal_bsp.a(alt_load.o)
 .comment       0x0000000000000000       0x24 ../CameraSystem_TalkToSelfish_bsp/\libhal_bsp.a(alt_main.o)
 .comment       0x0000000000000000       0x24 ../CameraSystem_TalkToSelfish_bsp/\libhal_bsp.a(alt_printf.o)
 .comment       0x0000000000000000       0x24 ../CameraSystem_TalkToSelfish_bsp/\libhal_bsp.a(alt_putchar.o)
 .comment       0x0000000000000000       0x24 ../CameraSystem_TalkToSelfish_bsp/\libhal_bsp.a(alt_putstr.o)
 .comment       0x0000000000000000       0x24 ../CameraSystem_TalkToSelfish_bsp/\libhal_bsp.a(alt_sys_init.o)
 .comment       0x0000000000000000       0x24 ../CameraSystem_TalkToSelfish_bsp/\libhal_bsp.a(altera_avalon_jtag_uart_read.o)
 .comment       0x0000000000000000       0x24 ../CameraSystem_TalkToSelfish_bsp/\libhal_bsp.a(altera_avalon_jtag_uart_write.o)
 .comment       0x0000000000000000       0x24 ../CameraSystem_TalkToSelfish_bsp/\libhal_bsp.a(alt_dcache_flush_all.o)
 .comment       0x0000000000000000       0x24 ../CameraSystem_TalkToSelfish_bsp/\libhal_bsp.a(alt_dev.o)
 .comment       0x0000000000000000       0x24 ../CameraSystem_TalkToSelfish_bsp/\libhal_bsp.a(alt_icache_flush_all.o)
 .comment       0x0000000000000000       0x24 ../CameraSystem_TalkToSelfish_bsp/\libhal_bsp.a(altera_nios2_qsys_irq.o)
 .comment       0x0000000000000000       0x24 c:/altera/14.0/nios2eds/bin/gnu/h-x86_64-mingw32/bin/../lib/gcc/nios2-elf/4.7.3/../../../../../H-x86_64-mingw32/nios2-elf/lib/mno-hw-mul\libsmallc.a(lib_a-strlen.o)

.debug
 *(.debug)

.line
 *(.line)

.debug_srcinfo
 *(.debug_srcinfo)

.debug_sfnames
 *(.debug_sfnames)

.debug_aranges  0x0000000000000000      0x210
 *(.debug_aranges)
 .debug_aranges
                0x0000000000000000       0x28 ../CameraSystem_TalkToSelfish_bsp//obj/HAL/src/crt0.o
 .debug_aranges
                0x0000000000000028       0x28 obj/default/hello_world_small.o
 .debug_aranges
                0x0000000000000050       0x20 ../CameraSystem_TalkToSelfish_bsp/\libhal_bsp.a(alt_getchar.o)
 .debug_aranges
                0x0000000000000070       0x20 ../CameraSystem_TalkToSelfish_bsp/\libhal_bsp.a(alt_load.o)
 .debug_aranges
                0x0000000000000090       0x20 ../CameraSystem_TalkToSelfish_bsp/\libhal_bsp.a(alt_main.o)
 .debug_aranges
                0x00000000000000b0       0x20 ../CameraSystem_TalkToSelfish_bsp/\libhal_bsp.a(alt_printf.o)
 .debug_aranges
                0x00000000000000d0       0x20 ../CameraSystem_TalkToSelfish_bsp/\libhal_bsp.a(alt_putchar.o)
 .debug_aranges
                0x00000000000000f0       0x20 ../CameraSystem_TalkToSelfish_bsp/\libhal_bsp.a(alt_putstr.o)
 .debug_aranges
                0x0000000000000110       0x20 ../CameraSystem_TalkToSelfish_bsp/\libhal_bsp.a(alt_sys_init.o)
 .debug_aranges
                0x0000000000000130       0x20 ../CameraSystem_TalkToSelfish_bsp/\libhal_bsp.a(altera_avalon_jtag_uart_read.o)
 .debug_aranges
                0x0000000000000150       0x20 ../CameraSystem_TalkToSelfish_bsp/\libhal_bsp.a(altera_avalon_jtag_uart_write.o)
 .debug_aranges
                0x0000000000000170       0x20 ../CameraSystem_TalkToSelfish_bsp/\libhal_bsp.a(alt_dcache_flush_all.o)
 .debug_aranges
                0x0000000000000190       0x20 ../CameraSystem_TalkToSelfish_bsp/\libhal_bsp.a(alt_dev.o)
 .debug_aranges
                0x00000000000001b0       0x20 ../CameraSystem_TalkToSelfish_bsp/\libhal_bsp.a(alt_icache_flush_all.o)
 .debug_aranges
                0x00000000000001d0       0x20 ../CameraSystem_TalkToSelfish_bsp/\libhal_bsp.a(altera_nios2_qsys_irq.o)
 .debug_aranges
                0x00000000000001f0       0x20 c:/altera/14.0/nios2eds/bin/gnu/h-x86_64-mingw32/bin/../lib/gcc/nios2-elf/4.7.3/../../../../../H-x86_64-mingw32/nios2-elf/lib/mno-hw-mul\libsmallc.a(lib_a-strlen.o)

.debug_pubnames
 *(.debug_pubnames)

.debug_info     0x0000000000000000     0x1c02
 *(.debug_info .gnu.linkonce.wi.*)
 .debug_info    0x0000000000000000       0x94 ../CameraSystem_TalkToSelfish_bsp//obj/HAL/src/crt0.o
 .debug_info    0x0000000000000094      0x42f obj/default/hello_world_small.o
 .debug_info    0x00000000000004c3      0x374 ../CameraSystem_TalkToSelfish_bsp/\libhal_bsp.a(alt_getchar.o)
 .debug_info    0x0000000000000837      0x1d9 ../CameraSystem_TalkToSelfish_bsp/\libhal_bsp.a(alt_load.o)
 .debug_info    0x0000000000000a10      0x194 ../CameraSystem_TalkToSelfish_bsp/\libhal_bsp.a(alt_main.o)
 .debug_info    0x0000000000000ba4      0x163 ../CameraSystem_TalkToSelfish_bsp/\libhal_bsp.a(alt_printf.o)
 .debug_info    0x0000000000000d07      0x148 ../CameraSystem_TalkToSelfish_bsp/\libhal_bsp.a(alt_putchar.o)
 .debug_info    0x0000000000000e4f      0x171 ../CameraSystem_TalkToSelfish_bsp/\libhal_bsp.a(alt_putstr.o)
 .debug_info    0x0000000000000fc0      0x193 ../CameraSystem_TalkToSelfish_bsp/\libhal_bsp.a(alt_sys_init.o)
 .debug_info    0x0000000000001153      0x1bd ../CameraSystem_TalkToSelfish_bsp/\libhal_bsp.a(altera_avalon_jtag_uart_read.o)
 .debug_info    0x0000000000001310      0x1a0 ../CameraSystem_TalkToSelfish_bsp/\libhal_bsp.a(altera_avalon_jtag_uart_write.o)
 .debug_info    0x00000000000014b0       0x8f ../CameraSystem_TalkToSelfish_bsp/\libhal_bsp.a(alt_dcache_flush_all.o)
 .debug_info    0x000000000000153f      0x4df ../CameraSystem_TalkToSelfish_bsp/\libhal_bsp.a(alt_dev.o)
 .debug_info    0x0000000000001a1e       0x8f ../CameraSystem_TalkToSelfish_bsp/\libhal_bsp.a(alt_icache_flush_all.o)
 .debug_info    0x0000000000001aad       0x8f ../CameraSystem_TalkToSelfish_bsp/\libhal_bsp.a(altera_nios2_qsys_irq.o)
 .debug_info    0x0000000000001b3c       0xc6 c:/altera/14.0/nios2eds/bin/gnu/h-x86_64-mingw32/bin/../lib/gcc/nios2-elf/4.7.3/../../../../../H-x86_64-mingw32/nios2-elf/lib/mno-hw-mul\libsmallc.a(lib_a-strlen.o)

.debug_abbrev   0x0000000000000000      0xc15
 *(.debug_abbrev)
 .debug_abbrev  0x0000000000000000       0x12 ../CameraSystem_TalkToSelfish_bsp//obj/HAL/src/crt0.o
 .debug_abbrev  0x0000000000000012      0x170 obj/default/hello_world_small.o
 .debug_abbrev  0x0000000000000182      0x11f ../CameraSystem_TalkToSelfish_bsp/\libhal_bsp.a(alt_getchar.o)
 .debug_abbrev  0x00000000000002a1       0xd8 ../CameraSystem_TalkToSelfish_bsp/\libhal_bsp.a(alt_load.o)
 .debug_abbrev  0x0000000000000379      0x120 ../CameraSystem_TalkToSelfish_bsp/\libhal_bsp.a(alt_main.o)
 .debug_abbrev  0x0000000000000499       0xcc ../CameraSystem_TalkToSelfish_bsp/\libhal_bsp.a(alt_printf.o)
 .debug_abbrev  0x0000000000000565       0xd4 ../CameraSystem_TalkToSelfish_bsp/\libhal_bsp.a(alt_putchar.o)
 .debug_abbrev  0x0000000000000639       0xe2 ../CameraSystem_TalkToSelfish_bsp/\libhal_bsp.a(alt_putstr.o)
 .debug_abbrev  0x000000000000071b      0x105 ../CameraSystem_TalkToSelfish_bsp/\libhal_bsp.a(alt_sys_init.o)
 .debug_abbrev  0x0000000000000820      0x102 ../CameraSystem_TalkToSelfish_bsp/\libhal_bsp.a(altera_avalon_jtag_uart_read.o)
 .debug_abbrev  0x0000000000000922       0xd5 ../CameraSystem_TalkToSelfish_bsp/\libhal_bsp.a(altera_avalon_jtag_uart_write.o)
 .debug_abbrev  0x00000000000009f7       0x42 ../CameraSystem_TalkToSelfish_bsp/\libhal_bsp.a(alt_dcache_flush_all.o)
 .debug_abbrev  0x0000000000000a39       0xd9 ../CameraSystem_TalkToSelfish_bsp/\libhal_bsp.a(alt_dev.o)
 .debug_abbrev  0x0000000000000b12       0x42 ../CameraSystem_TalkToSelfish_bsp/\libhal_bsp.a(alt_icache_flush_all.o)
 .debug_abbrev  0x0000000000000b54       0x42 ../CameraSystem_TalkToSelfish_bsp/\libhal_bsp.a(altera_nios2_qsys_irq.o)
 .debug_abbrev  0x0000000000000b96       0x7f c:/altera/14.0/nios2eds/bin/gnu/h-x86_64-mingw32/bin/../lib/gcc/nios2-elf/4.7.3/../../../../../H-x86_64-mingw32/nios2-elf/lib/mno-hw-mul\libsmallc.a(lib_a-strlen.o)

.debug_line     0x0000000000000000      0xcd0
 *(.debug_line)
 .debug_line    0x0000000000000000       0x66 ../CameraSystem_TalkToSelfish_bsp//obj/HAL/src/crt0.o
 .debug_line    0x0000000000000066      0x123 obj/default/hello_world_small.o
 .debug_line    0x0000000000000189       0xad ../CameraSystem_TalkToSelfish_bsp/\libhal_bsp.a(alt_getchar.o)
 .debug_line    0x0000000000000236       0xd6 ../CameraSystem_TalkToSelfish_bsp/\libhal_bsp.a(alt_load.o)
 .debug_line    0x000000000000030c       0xbd ../CameraSystem_TalkToSelfish_bsp/\libhal_bsp.a(alt_main.o)
 .debug_line    0x00000000000003c9      0x122 ../CameraSystem_TalkToSelfish_bsp/\libhal_bsp.a(alt_printf.o)
 .debug_line    0x00000000000004eb       0x4d ../CameraSystem_TalkToSelfish_bsp/\libhal_bsp.a(alt_putchar.o)
 .debug_line    0x0000000000000538      0x127 ../CameraSystem_TalkToSelfish_bsp/\libhal_bsp.a(alt_putstr.o)
 .debug_line    0x000000000000065f      0x101 ../CameraSystem_TalkToSelfish_bsp/\libhal_bsp.a(alt_sys_init.o)
 .debug_line    0x0000000000000760      0x104 ../CameraSystem_TalkToSelfish_bsp/\libhal_bsp.a(altera_avalon_jtag_uart_read.o)
 .debug_line    0x0000000000000864       0xf5 ../CameraSystem_TalkToSelfish_bsp/\libhal_bsp.a(altera_avalon_jtag_uart_write.o)
 .debug_line    0x0000000000000959       0x4e ../CameraSystem_TalkToSelfish_bsp/\libhal_bsp.a(alt_dcache_flush_all.o)
 .debug_line    0x00000000000009a7      0x119 ../CameraSystem_TalkToSelfish_bsp/\libhal_bsp.a(alt_dev.o)
 .debug_line    0x0000000000000ac0       0x4e ../CameraSystem_TalkToSelfish_bsp/\libhal_bsp.a(alt_icache_flush_all.o)
 .debug_line    0x0000000000000b0e       0x50 ../CameraSystem_TalkToSelfish_bsp/\libhal_bsp.a(altera_nios2_qsys_irq.o)
 .debug_line    0x0000000000000b5e      0x172 c:/altera/14.0/nios2eds/bin/gnu/h-x86_64-mingw32/bin/../lib/gcc/nios2-elf/4.7.3/../../../../../H-x86_64-mingw32/nios2-elf/lib/mno-hw-mul\libsmallc.a(lib_a-strlen.o)

.debug_frame    0x0000000000000000      0x264
 *(.debug_frame)
 .debug_frame   0x0000000000000000       0x48 obj/default/hello_world_small.o
 .debug_frame   0x0000000000000048       0x28 ../CameraSystem_TalkToSelfish_bsp/\libhal_bsp.a(alt_getchar.o)
 .debug_frame   0x0000000000000070       0x28 ../CameraSystem_TalkToSelfish_bsp/\libhal_bsp.a(alt_load.o)
 .debug_frame   0x0000000000000098       0x28 ../CameraSystem_TalkToSelfish_bsp/\libhal_bsp.a(alt_main.o)
 .debug_frame   0x00000000000000c0       0x38 ../CameraSystem_TalkToSelfish_bsp/\libhal_bsp.a(alt_printf.o)
 .debug_frame   0x00000000000000f8       0x2c ../CameraSystem_TalkToSelfish_bsp/\libhal_bsp.a(alt_putchar.o)
 .debug_frame   0x0000000000000124       0x28 ../CameraSystem_TalkToSelfish_bsp/\libhal_bsp.a(alt_putstr.o)
 .debug_frame   0x000000000000014c       0x38 ../CameraSystem_TalkToSelfish_bsp/\libhal_bsp.a(alt_sys_init.o)
 .debug_frame   0x0000000000000184       0x20 ../CameraSystem_TalkToSelfish_bsp/\libhal_bsp.a(altera_avalon_jtag_uart_read.o)
 .debug_frame   0x00000000000001a4       0x20 ../CameraSystem_TalkToSelfish_bsp/\libhal_bsp.a(altera_avalon_jtag_uart_write.o)
 .debug_frame   0x00000000000001c4       0x20 ../CameraSystem_TalkToSelfish_bsp/\libhal_bsp.a(alt_dcache_flush_all.o)
 .debug_frame   0x00000000000001e4       0x20 ../CameraSystem_TalkToSelfish_bsp/\libhal_bsp.a(alt_dev.o)
 .debug_frame   0x0000000000000204       0x20 ../CameraSystem_TalkToSelfish_bsp/\libhal_bsp.a(alt_icache_flush_all.o)
 .debug_frame   0x0000000000000224       0x20 ../CameraSystem_TalkToSelfish_bsp/\libhal_bsp.a(altera_nios2_qsys_irq.o)
 .debug_frame   0x0000000000000244       0x20 c:/altera/14.0/nios2eds/bin/gnu/h-x86_64-mingw32/bin/../lib/gcc/nios2-elf/4.7.3/../../../../../H-x86_64-mingw32/nios2-elf/lib/mno-hw-mul\libsmallc.a(lib_a-strlen.o)

.debug_str      0x0000000000000000      0x856
 *(.debug_str)
 .debug_str     0x0000000000000000      0x194 obj/default/hello_world_small.o
                                        0x1cb (size before relaxing)
 .debug_str     0x0000000000000194      0x155 ../CameraSystem_TalkToSelfish_bsp/\libhal_bsp.a(alt_getchar.o)
                                        0x213 (size before relaxing)
 .debug_str     0x00000000000002e9      0x11b ../CameraSystem_TalkToSelfish_bsp/\libhal_bsp.a(alt_load.o)
                                        0x219 (size before relaxing)
 .debug_str     0x0000000000000404       0x5e ../CameraSystem_TalkToSelfish_bsp/\libhal_bsp.a(alt_main.o)
                                        0x192 (size before relaxing)
 .debug_str     0x0000000000000462       0x59 ../CameraSystem_TalkToSelfish_bsp/\libhal_bsp.a(alt_printf.o)
                                         0xef (size before relaxing)
 .debug_str     0x00000000000004bb       0x34 ../CameraSystem_TalkToSelfish_bsp/\libhal_bsp.a(alt_putchar.o)
                                        0x168 (size before relaxing)
 .debug_str     0x00000000000004ef       0x23 ../CameraSystem_TalkToSelfish_bsp/\libhal_bsp.a(alt_putstr.o)
                                        0x174 (size before relaxing)
 .debug_str     0x0000000000000512       0x86 ../CameraSystem_TalkToSelfish_bsp/\libhal_bsp.a(alt_sys_init.o)
                                        0x201 (size before relaxing)
 .debug_str     0x0000000000000598       0x38 ../CameraSystem_TalkToSelfish_bsp/\libhal_bsp.a(altera_avalon_jtag_uart_read.o)
                                        0x1fc (size before relaxing)
 .debug_str     0x00000000000005d0       0x2c ../CameraSystem_TalkToSelfish_bsp/\libhal_bsp.a(altera_avalon_jtag_uart_write.o)
                                        0x1f2 (size before relaxing)
 .debug_str     0x00000000000005fc       0x1f ../CameraSystem_TalkToSelfish_bsp/\libhal_bsp.a(alt_dcache_flush_all.o)
                                        0x132 (size before relaxing)
 .debug_str     0x000000000000061b      0x120 ../CameraSystem_TalkToSelfish_bsp/\libhal_bsp.a(alt_dev.o)
                                        0x2e2 (size before relaxing)
 .debug_str     0x000000000000073b       0x1f ../CameraSystem_TalkToSelfish_bsp/\libhal_bsp.a(alt_icache_flush_all.o)
                                        0x132 (size before relaxing)
 .debug_str     0x000000000000075a       0x20 ../CameraSystem_TalkToSelfish_bsp/\libhal_bsp.a(altera_nios2_qsys_irq.o)
                                        0x139 (size before relaxing)
 .debug_str     0x000000000000077a       0xdc c:/altera/14.0/nios2eds/bin/gnu/h-x86_64-mingw32/bin/../lib/gcc/nios2-elf/4.7.3/../../../../../H-x86_64-mingw32/nios2-elf/lib/mno-hw-mul\libsmallc.a(lib_a-strlen.o)
                                        0x18e (size before relaxing)

.debug_loc      0x0000000000000000      0x718
 *(.debug_loc)
 .debug_loc     0x0000000000000000      0x214 obj/default/hello_world_small.o
 .debug_loc     0x0000000000000214       0x40 ../CameraSystem_TalkToSelfish_bsp/\libhal_bsp.a(alt_getchar.o)
 .debug_loc     0x0000000000000254       0x20 ../CameraSystem_TalkToSelfish_bsp/\libhal_bsp.a(alt_load.o)
 .debug_loc     0x0000000000000274       0x20 ../CameraSystem_TalkToSelfish_bsp/\libhal_bsp.a(alt_main.o)
 .debug_loc     0x0000000000000294      0x244 ../CameraSystem_TalkToSelfish_bsp/\libhal_bsp.a(alt_printf.o)
 .debug_loc     0x00000000000004d8       0x4c ../CameraSystem_TalkToSelfish_bsp/\libhal_bsp.a(alt_putchar.o)
 .debug_loc     0x0000000000000524       0x57 ../CameraSystem_TalkToSelfish_bsp/\libhal_bsp.a(alt_putstr.o)
 .debug_loc     0x000000000000057b       0x41 ../CameraSystem_TalkToSelfish_bsp/\libhal_bsp.a(alt_sys_init.o)
 .debug_loc     0x00000000000005bc       0xb5 ../CameraSystem_TalkToSelfish_bsp/\libhal_bsp.a(altera_avalon_jtag_uart_read.o)
 .debug_loc     0x0000000000000671       0x7e ../CameraSystem_TalkToSelfish_bsp/\libhal_bsp.a(altera_avalon_jtag_uart_write.o)
 .debug_loc     0x00000000000006ef       0x29 c:/altera/14.0/nios2eds/bin/gnu/h-x86_64-mingw32/bin/../lib/gcc/nios2-elf/4.7.3/../../../../../H-x86_64-mingw32/nios2-elf/lib/mno-hw-mul\libsmallc.a(lib_a-strlen.o)

.debug_macinfo
 *(.debug_macinfo)

.debug_weaknames
 *(.debug_weaknames)

.debug_funcnames
 *(.debug_funcnames)

.debug_typenames
 *(.debug_typenames)

.debug_varnames
 *(.debug_varnames)

.debug_alt_sim_info
                0x0000000000000000       0x10
 *(.debug_alt_sim_info)
 .debug_alt_sim_info
                0x0000000000000000       0x10 ../CameraSystem_TalkToSelfish_bsp//obj/HAL/src/crt0.o
                0x0000000000002000                __alt_data_end = 0x2000
                0x0000000000002000                PROVIDE (__alt_stack_pointer, __alt_data_end)
                0x0000000000001ad8                PROVIDE (__alt_stack_limit, __alt_stack_base)
                0x0000000000001ad8                PROVIDE (__alt_heap_start, end)
                0x0000000000002000                PROVIDE (__alt_heap_limit, 0x2000)
OUTPUT(CameraSystem_TalkToSelfish.elf elf32-littlenios2)

.debug_ranges   0x0000000000000000       0xa0
 .debug_ranges  0x0000000000000000       0x20 ../CameraSystem_TalkToSelfish_bsp//obj/HAL/src/crt0.o
 .debug_ranges  0x0000000000000020       0x18 obj/default/hello_world_small.o
 .debug_ranges  0x0000000000000038       0x48 ../CameraSystem_TalkToSelfish_bsp/\libhal_bsp.a(alt_load.o)
 .debug_ranges  0x0000000000000080       0x20 ../CameraSystem_TalkToSelfish_bsp/\libhal_bsp.a(altera_avalon_jtag_uart_read.o)
