Archive member included because of file (symbol)

../hello_world_small5_bsp/\libhal_bsp.a(alt_getchar.o)
                              obj/default/hello_world_small.o (alt_getchar)
../hello_world_small5_bsp/\libhal_bsp.a(alt_load.o)
                              ../hello_world_small5_bsp//obj/HAL/src/crt0.o (alt_load)
../hello_world_small5_bsp/\libhal_bsp.a(alt_main.o)
                              ../hello_world_small5_bsp//obj/HAL/src/crt0.o (alt_main)
../hello_world_small5_bsp/\libhal_bsp.a(alt_printf.o)
                              obj/default/hello_world_small.o (alt_printf)
../hello_world_small5_bsp/\libhal_bsp.a(alt_putchar.o)
                              ../hello_world_small5_bsp/\libhal_bsp.a(alt_printf.o) (alt_putchar)
../hello_world_small5_bsp/\libhal_bsp.a(alt_putstr.o)
                              obj/default/hello_world_small.o (alt_putstr)
../hello_world_small5_bsp/\libhal_bsp.a(alt_sys_init.o)
                              ../hello_world_small5_bsp/\libhal_bsp.a(alt_main.o) (alt_irq_init)
../hello_world_small5_bsp/\libhal_bsp.a(altera_avalon_jtag_uart_read.o)
                              ../hello_world_small5_bsp/\libhal_bsp.a(alt_getchar.o) (altera_avalon_jtag_uart_read)
../hello_world_small5_bsp/\libhal_bsp.a(altera_avalon_jtag_uart_write.o)
                              ../hello_world_small5_bsp/\libhal_bsp.a(alt_putchar.o) (altera_avalon_jtag_uart_write)
../hello_world_small5_bsp/\libhal_bsp.a(alt_dcache_flush_all.o)
                              ../hello_world_small5_bsp/\libhal_bsp.a(alt_load.o) (alt_dcache_flush_all)
../hello_world_small5_bsp/\libhal_bsp.a(alt_dev.o)
                              ../hello_world_small5_bsp/\libhal_bsp.a(alt_getchar.o) (alt_fd_list)
../hello_world_small5_bsp/\libhal_bsp.a(alt_icache_flush_all.o)
                              ../hello_world_small5_bsp/\libhal_bsp.a(alt_load.o) (alt_icache_flush_all)
../hello_world_small5_bsp/\libhal_bsp.a(altera_nios2_qsys_irq.o)
                              ../hello_world_small5_bsp/\libhal_bsp.a(alt_sys_init.o) (altera_nios2_qsys_irq_init)
c:/altera/14.0/nios2eds/bin/gnu/h-x86_64-mingw32/bin/../lib/gcc/nios2-elf/4.7.3/../../../../../H-x86_64-mingw32/nios2-elf/lib/mno-hw-mul\libsmallc.a(lib_a-strlen.o)
                              ../hello_world_small5_bsp/\libhal_bsp.a(alt_putstr.o) (strlen)

Memory Configuration

Name             Origin             Length             Attributes
reset            0x0000000000001000 0x0000000000000020
onchip_memory    0x0000000000001020 0x0000000000000fe0
*default*        0x0000000000000000 0xffffffffffffffff

Linker script and memory map

LOAD ../hello_world_small5_bsp//obj/HAL/src/crt0.o
LOAD obj/default/hello_world_small.o
LOAD c:/altera/14.0/nios2eds/bin/gnu/h-x86_64-mingw32/bin/../lib/gcc/nios2-elf/4.7.3/../../../../../H-x86_64-mingw32/nios2-elf/lib/mno-hw-mul\libstdc++.a
LOAD c:/altera/14.0/nios2eds/bin/gnu/h-x86_64-mingw32/bin/../lib/gcc/nios2-elf/4.7.3/../../../../../H-x86_64-mingw32/nios2-elf/lib/mno-hw-mul\libm.a
LOAD c:/altera/14.0/nios2eds/bin/gnu/h-x86_64-mingw32/bin/../lib/gcc/nios2-elf/4.7.3/mno-hw-mul\libgcc.a
START GROUP
LOAD c:/altera/14.0/nios2eds/bin/gnu/h-x86_64-mingw32/bin/../lib/gcc/nios2-elf/4.7.3/../../../../../H-x86_64-mingw32/nios2-elf/lib/mno-hw-mul\libsmallc.a
LOAD c:/altera/14.0/nios2eds/bin/gnu/h-x86_64-mingw32/bin/../lib/gcc/nios2-elf/4.7.3/mno-hw-mul\libgcc.a
LOAD ../hello_world_small5_bsp/\libhal_bsp.a
END GROUP
LOAD c:/altera/14.0/nios2eds/bin/gnu/h-x86_64-mingw32/bin/../lib/gcc/nios2-elf/4.7.3/mno-hw-mul\libgcc.a
                0x0000000000001000                __alt_mem_onchip_memory = 0x1000

.entry          0x0000000000001000       0x20
 *(.entry)
 .entry         0x0000000000001000       0x20 ../hello_world_small5_bsp//obj/HAL/src/crt0.o
                0x0000000000001000                __reset
                0x000000000000100c                _exit

.exceptions     0x0000000000001020        0x0
                0x0000000000001020                PROVIDE (__ram_exceptions_start, ABSOLUTE (.))
                0x0000000000001020                . = ALIGN (0x20)
 *(.irq)
 *(.exceptions.entry.label)
 *(.exceptions.entry.user)
 *(.exceptions.entry.ecc_fatal)
 *(.exceptions.entry)
 *(.exceptions.irqtest.user)
 *(.exceptions.irqtest)
 *(.exceptions.irqhandler.user)
 *(.exceptions.irqhandler)
 *(.exceptions.irqreturn.user)
 *(.exceptions.irqreturn)
 *(.exceptions.notirq.label)
 *(.exceptions.notirq.user)
 *(.exceptions.notirq)
 *(.exceptions.soft.user)
 *(.exceptions.soft)
 *(.exceptions.unknown.user)
 *(.exceptions.unknown)
 *(.exceptions.exit.label)
 *(.exceptions.exit.user)
 *(.exceptions.exit)
 *(.exceptions)
                0x0000000000001020                PROVIDE (__ram_exceptions_end, ABSOLUTE (.))
                0x0000000000001020                PROVIDE (__flash_exceptions_start, LOADADDR (.exceptions))

.text           0x0000000000001020      0x610
                0x0000000000001020                PROVIDE (stext, ABSOLUTE (.))
 *(.interp)
 *(.hash)
 *(.dynsym)
 *(.dynstr)
 *(.gnu.version)
 *(.gnu.version_d)
 *(.gnu.version_r)
 *(.rel.init)
 *(.rela.init)
 *(.rel.text .rel.text.* .rel.gnu.linkonce.t.*)
 *(.rela.text .rela.text.* .rela.gnu.linkonce.t.*)
 *(.rel.fini)
 *(.rela.fini)
 *(.rel.rodata .rel.rodata.* .rel.gnu.linkonce.r.*)
 *(.rela.rodata .rela.rodata.* .rela.gnu.linkonce.r.*)
 *(.rel.data .rel.data.* .rel.gnu.linkonce.d.*)
 *(.rela.data .rela.data.* .rela.gnu.linkonce.d.*)
 *(.rel.tdata .rel.tdata.* .rel.gnu.linkonce.td.*)
 *(.rela.tdata .rela.tdata.* .rela.gnu.linkonce.td.*)
 *(.rel.tbss .rel.tbss.* .rel.gnu.linkonce.tb.*)
 *(.rela.tbss .rela.tbss.* .rela.gnu.linkonce.tb.*)
 *(.rel.ctors)
 *(.rela.ctors)
 *(.rel.dtors)
 *(.rela.dtors)
 *(.rel.got)
 *(.rela.got)
 *(.rel.sdata .rel.sdata.* .rel.gnu.linkonce.s.*)
 *(.rela.sdata .rela.sdata.* .rela.gnu.linkonce.s.*)
 *(.rel.sbss .rel.sbss.* .rel.gnu.linkonce.sb.*)
 *(.rela.sbss .rela.sbss.* .rela.gnu.linkonce.sb.*)
 *(.rel.sdata2 .rel.sdata2.* .rel.gnu.linkonce.s2.*)
 *(.rela.sdata2 .rela.sdata2.* .rela.gnu.linkonce.s2.*)
 *(.rel.sbss2 .rel.sbss2.* .rel.gnu.linkonce.sb2.*)
 *(.rela.sbss2 .rela.sbss2.* .rela.gnu.linkonce.sb2.*)
 *(.rel.bss .rel.bss.* .rel.gnu.linkonce.b.*)
 *(.rela.bss .rela.bss.* .rela.gnu.linkonce.b.*)
 *(.rel.plt)
 *(.rela.plt)
 *(.rel.dyn)
 *(.init)
 *(.plt)
 *(.text .stub .text.* .gnu.linkonce.t.*)
 .text          0x0000000000001020       0x3c ../hello_world_small5_bsp//obj/HAL/src/crt0.o
                0x0000000000001020                _start
 .text          0x000000000000105c        0x0 obj/default/hello_world_small.o
 .text.startup  0x000000000000105c      0x178 obj/default/hello_world_small.o
                0x000000000000105c                main
 .text          0x00000000000011d4       0x44 ../hello_world_small5_bsp/\libhal_bsp.a(alt_getchar.o)
                0x00000000000011d4                alt_getchar
 .text          0x0000000000001218      0x104 ../hello_world_small5_bsp/\libhal_bsp.a(alt_load.o)
                0x0000000000001218                alt_load
 .text          0x000000000000131c       0x2c ../hello_world_small5_bsp/\libhal_bsp.a(alt_main.o)
                0x000000000000131c                alt_main
 .text          0x0000000000001348      0x170 ../hello_world_small5_bsp/\libhal_bsp.a(alt_printf.o)
                0x0000000000001348                alt_printf
 .text          0x00000000000014b8       0x4c ../hello_world_small5_bsp/\libhal_bsp.a(alt_putchar.o)
                0x00000000000014b8                alt_putchar
 .text          0x0000000000001504       0x38 ../hello_world_small5_bsp/\libhal_bsp.a(alt_putstr.o)
                0x0000000000001504                alt_putstr
 .text          0x000000000000153c       0x24 ../hello_world_small5_bsp/\libhal_bsp.a(alt_sys_init.o)
                0x000000000000153c                alt_irq_init
                0x000000000000155c                alt_sys_init
 .text          0x0000000000001560       0x5c ../hello_world_small5_bsp/\libhal_bsp.a(altera_avalon_jtag_uart_read.o)
                0x0000000000001560                altera_avalon_jtag_uart_read
 .text          0x00000000000015bc       0x34 ../hello_world_small5_bsp/\libhal_bsp.a(altera_avalon_jtag_uart_write.o)
                0x00000000000015bc                altera_avalon_jtag_uart_write
 .text          0x00000000000015f0        0x4 ../hello_world_small5_bsp/\libhal_bsp.a(alt_dcache_flush_all.o)
                0x00000000000015f0                alt_dcache_flush_all
 .text          0x00000000000015f4        0x8 ../hello_world_small5_bsp/\libhal_bsp.a(alt_dev.o)
 .text          0x00000000000015fc        0x4 ../hello_world_small5_bsp/\libhal_bsp.a(alt_icache_flush_all.o)
                0x00000000000015fc                alt_icache_flush_all
 .text          0x0000000000001600        0x8 ../hello_world_small5_bsp/\libhal_bsp.a(altera_nios2_qsys_irq.o)
                0x0000000000001600                altera_nios2_qsys_irq_init
 .text          0x0000000000001608       0x28 c:/altera/14.0/nios2eds/bin/gnu/h-x86_64-mingw32/bin/../lib/gcc/nios2-elf/4.7.3/../../../../../H-x86_64-mingw32/nios2-elf/lib/mno-hw-mul\libsmallc.a(lib_a-strlen.o)
                0x0000000000001608                strlen
 *(.gnu.warning.*)
 *(.fini)
                0x0000000000001630                PROVIDE (__etext, ABSOLUTE (.))
                0x0000000000001630                PROVIDE (_etext, ABSOLUTE (.))
                0x0000000000001630                PROVIDE (etext, ABSOLUTE (.))
 *(.eh_frame_hdr)
                0x0000000000001630                . = ALIGN (0x4)
                0x0000000000001630                PROVIDE (__preinit_array_start, ABSOLUTE (.))
 *(.preinit_array)
                0x0000000000001630                PROVIDE (__preinit_array_end, ABSOLUTE (.))
                0x0000000000001630                PROVIDE (__init_array_start, ABSOLUTE (.))
 *(.init_array)
                0x0000000000001630                PROVIDE (__init_array_end, ABSOLUTE (.))
                0x0000000000001630                PROVIDE (__fini_array_start, ABSOLUTE (.))
 *(.fini_array)
                0x0000000000001630                PROVIDE (__fini_array_end, ABSOLUTE (.))
 *(.eh_frame)
 *(.gcc_except_table .gcc_except_table.*)
 *(.dynamic)
                0x0000000000001630                PROVIDE (__CTOR_LIST__, ABSOLUTE (.))
 *(.ctors)
 *(SORT(.ctors.*))
                0x0000000000001630                PROVIDE (__CTOR_END__, ABSOLUTE (.))
                0x0000000000001630                PROVIDE (__DTOR_LIST__, ABSOLUTE (.))
 *(.dtors)
 *(SORT(.dtors.*))
                0x0000000000001630                PROVIDE (__DTOR_END__, ABSOLUTE (.))
 *(.jcr)
                0x0000000000001630                . = ALIGN (0x4)

.rodata         0x0000000000001630       0x68
                0x0000000000001630                PROVIDE (__ram_rodata_start, ABSOLUTE (.))
                0x0000000000001630                . = ALIGN (0x4)
 *(.rodata .rodata.* .gnu.linkonce.r.*)
 .rodata.str1.4
                0x0000000000001630       0x5b obj/default/hello_world_small.o
                                         0x5c (size before relaxing)
 *fill*         0x000000000000168b        0x1 
 .rodata.str1.4
                0x000000000000168c        0xc ../hello_world_small5_bsp/\libhal_bsp.a(alt_dev.o)
 *(.rodata1)
                0x0000000000001698                . = ALIGN (0x4)
                0x0000000000001698                PROVIDE (__ram_rodata_end, ABSOLUTE (.))
                0x0000000000001630                PROVIDE (__flash_rodata_start, LOADADDR (.rodata))

.rwdata         0x0000000000001698       0x70 load address 0x0000000000001708
                0x0000000000001698                PROVIDE (__ram_rwdata_start, ABSOLUTE (.))
                0x0000000000001698                . = ALIGN (0x4)
 *(.got.plt)
 *(.got)
 *(.data1)
 *(.data .data.* .gnu.linkonce.d.*)
 .data          0x0000000000001698        0x0 ../hello_world_small5_bsp//obj/HAL/src/crt0.o
 .data          0x0000000000001698        0x0 obj/default/hello_world_small.o
 .data          0x0000000000001698        0x0 ../hello_world_small5_bsp/\libhal_bsp.a(alt_getchar.o)
 .data          0x0000000000001698        0x0 ../hello_world_small5_bsp/\libhal_bsp.a(alt_load.o)
 .data          0x0000000000001698        0x0 ../hello_world_small5_bsp/\libhal_bsp.a(alt_main.o)
 .data          0x0000000000001698        0x0 ../hello_world_small5_bsp/\libhal_bsp.a(alt_printf.o)
 .data          0x0000000000001698        0x0 ../hello_world_small5_bsp/\libhal_bsp.a(alt_putchar.o)
 .data          0x0000000000001698        0x0 ../hello_world_small5_bsp/\libhal_bsp.a(alt_putstr.o)
 .data          0x0000000000001698        0x0 ../hello_world_small5_bsp/\libhal_bsp.a(alt_sys_init.o)
 .data          0x0000000000001698        0x0 ../hello_world_small5_bsp/\libhal_bsp.a(altera_avalon_jtag_uart_read.o)
 .data          0x0000000000001698        0x0 ../hello_world_small5_bsp/\libhal_bsp.a(altera_avalon_jtag_uart_write.o)
 .data          0x0000000000001698        0x0 ../hello_world_small5_bsp/\libhal_bsp.a(alt_dcache_flush_all.o)
 .data          0x0000000000001698       0x58 ../hello_world_small5_bsp/\libhal_bsp.a(alt_dev.o)
                0x0000000000001698                alt_fd_list
                0x00000000000016c8                alt_dev_null
 .data          0x00000000000016f0        0x0 ../hello_world_small5_bsp/\libhal_bsp.a(alt_icache_flush_all.o)
 .data          0x00000000000016f0        0x0 ../hello_world_small5_bsp/\libhal_bsp.a(altera_nios2_qsys_irq.o)
 .data          0x00000000000016f0        0x0 c:/altera/14.0/nios2eds/bin/gnu/h-x86_64-mingw32/bin/../lib/gcc/nios2-elf/4.7.3/../../../../../H-x86_64-mingw32/nios2-elf/lib/mno-hw-mul\libsmallc.a(lib_a-strlen.o)
                0x00000000000096f0                _gp = ABSOLUTE ((. + 0x8000))
                0x00000000000096f0                PROVIDE (gp, _gp)
 *(.rwdata .rwdata.*)
 *(.sdata .sdata.* .gnu.linkonce.s.*)
 .sdata         0x00000000000016f0        0x4 ../hello_world_small5_bsp/\libhal_bsp.a(alt_sys_init.o)
                0x00000000000016f0                jtag_uart
 .sdata         0x00000000000016f4       0x14 ../hello_world_small5_bsp/\libhal_bsp.a(alt_dev.o)
                0x00000000000016f4                alt_max_fd
                0x00000000000016f8                alt_dev_list
                0x0000000000001700                alt_fs_list
 *(.sdata2 .sdata2.* .gnu.linkonce.s2.*)
                0x0000000000001708                . = ALIGN (0x4)
                0x0000000000001708                _edata = ABSOLUTE (.)
                0x0000000000001708                PROVIDE (edata, ABSOLUTE (.))
                0x0000000000001708                PROVIDE (__ram_rwdata_end, ABSOLUTE (.))
                0x0000000000001708                PROVIDE (__flash_rwdata_start, LOADADDR (.rwdata))

.bss            0x0000000000001778        0xc
                0x0000000000001778                __bss_start = ABSOLUTE (.)
                0x0000000000001778                PROVIDE (__sbss_start, ABSOLUTE (.))
                0x0000000000001778                PROVIDE (___sbss_start, ABSOLUTE (.))
 *(.dynsbss)
 *(.sbss .sbss.* .gnu.linkonce.sb.*)
 .sbss          0x0000000000001778        0xc ../hello_world_small5_bsp/\libhal_bsp.a(alt_main.o)
                0x0000000000001778                alt_envp
                0x000000000000177c                alt_argv
                0x0000000000001780                alt_argc
 *(.sbss2 .sbss2.* .gnu.linkonce.sb2.*)
 *(.scommon)
                0x0000000000001784                PROVIDE (__sbss_end, ABSOLUTE (.))
                0x0000000000001784                PROVIDE (___sbss_end, ABSOLUTE (.))
 *(.dynbss)
 *(.bss .bss.* .gnu.linkonce.b.*)
 .bss           0x0000000000001784        0x0 ../hello_world_small5_bsp//obj/HAL/src/crt0.o
 .bss           0x0000000000001784        0x0 obj/default/hello_world_small.o
 .bss           0x0000000000001784        0x0 ../hello_world_small5_bsp/\libhal_bsp.a(alt_getchar.o)
 .bss           0x0000000000001784        0x0 ../hello_world_small5_bsp/\libhal_bsp.a(alt_load.o)
 .bss           0x0000000000001784        0x0 ../hello_world_small5_bsp/\libhal_bsp.a(alt_main.o)
 .bss           0x0000000000001784        0x0 ../hello_world_small5_bsp/\libhal_bsp.a(alt_printf.o)
 .bss           0x0000000000001784        0x0 ../hello_world_small5_bsp/\libhal_bsp.a(alt_putchar.o)
 .bss           0x0000000000001784        0x0 ../hello_world_small5_bsp/\libhal_bsp.a(alt_putstr.o)
 .bss           0x0000000000001784        0x0 ../hello_world_small5_bsp/\libhal_bsp.a(alt_sys_init.o)
 .bss           0x0000000000001784        0x0 ../hello_world_small5_bsp/\libhal_bsp.a(altera_avalon_jtag_uart_read.o)
 .bss           0x0000000000001784        0x0 ../hello_world_small5_bsp/\libhal_bsp.a(altera_avalon_jtag_uart_write.o)
 .bss           0x0000000000001784        0x0 ../hello_world_small5_bsp/\libhal_bsp.a(alt_dcache_flush_all.o)
 .bss           0x0000000000001784        0x0 ../hello_world_small5_bsp/\libhal_bsp.a(alt_dev.o)
 .bss           0x0000000000001784        0x0 ../hello_world_small5_bsp/\libhal_bsp.a(alt_icache_flush_all.o)
 .bss           0x0000000000001784        0x0 ../hello_world_small5_bsp/\libhal_bsp.a(altera_nios2_qsys_irq.o)
 .bss           0x0000000000001784        0x0 c:/altera/14.0/nios2eds/bin/gnu/h-x86_64-mingw32/bin/../lib/gcc/nios2-elf/4.7.3/../../../../../H-x86_64-mingw32/nios2-elf/lib/mno-hw-mul\libsmallc.a(lib_a-strlen.o)
 *(COMMON)
                0x0000000000001784                . = ALIGN (0x4)
                0x0000000000001784                __bss_end = ABSOLUTE (.)

.onchip_memory  0x0000000000001784        0x0
                0x0000000000001784                PROVIDE (_alt_partition_onchip_memory_start, ABSOLUTE (.))
 *(.onchip_memory .onchip_memory. onchip_memory.*)
                0x0000000000001784                . = ALIGN (0x4)
                0x0000000000001784                PROVIDE (_alt_partition_onchip_memory_end, ABSOLUTE (.))
                0x0000000000001784                _end = ABSOLUTE (.)
                0x0000000000001784                end = ABSOLUTE (.)
                0x0000000000001784                __alt_stack_base = ABSOLUTE (.)
                0x0000000000001784                PROVIDE (_alt_partition_onchip_memory_load_addr, LOADADDR (.onchip_memory))

.stab
 *(.stab)

.stabstr
 *(.stabstr)

.stab.excl
 *(.stab.excl)

.stab.exclstr
 *(.stab.exclstr)

.stab.index
 *(.stab.index)

.stab.indexstr
 *(.stab.indexstr)

.comment        0x0000000000000000       0x23
 *(.comment)
 .comment       0x0000000000000000       0x23 obj/default/hello_world_small.o
                                         0x24 (size before relaxing)
 .comment       0x0000000000000000       0x24 ../hello_world_small5_bsp/\libhal_bsp.a(alt_getchar.o)
 .comment       0x0000000000000000       0x24 ../hello_world_small5_bsp/\libhal_bsp.a(alt_load.o)
 .comment       0x0000000000000000       0x24 ../hello_world_small5_bsp/\libhal_bsp.a(alt_main.o)
 .comment       0x0000000000000000       0x24 ../hello_world_small5_bsp/\libhal_bsp.a(alt_printf.o)
 .comment       0x0000000000000000       0x24 ../hello_world_small5_bsp/\libhal_bsp.a(alt_putchar.o)
 .comment       0x0000000000000000       0x24 ../hello_world_small5_bsp/\libhal_bsp.a(alt_putstr.o)
 .comment       0x0000000000000000       0x24 ../hello_world_small5_bsp/\libhal_bsp.a(alt_sys_init.o)
 .comment       0x0000000000000000       0x24 ../hello_world_small5_bsp/\libhal_bsp.a(altera_avalon_jtag_uart_read.o)
 .comment       0x0000000000000000       0x24 ../hello_world_small5_bsp/\libhal_bsp.a(altera_avalon_jtag_uart_write.o)
 .comment       0x0000000000000000       0x24 ../hello_world_small5_bsp/\libhal_bsp.a(alt_dcache_flush_all.o)
 .comment       0x0000000000000000       0x24 ../hello_world_small5_bsp/\libhal_bsp.a(alt_dev.o)
 .comment       0x0000000000000000       0x24 ../hello_world_small5_bsp/\libhal_bsp.a(alt_icache_flush_all.o)
 .comment       0x0000000000000000       0x24 ../hello_world_small5_bsp/\libhal_bsp.a(altera_nios2_qsys_irq.o)
 .comment       0x0000000000000000       0x24 c:/altera/14.0/nios2eds/bin/gnu/h-x86_64-mingw32/bin/../lib/gcc/nios2-elf/4.7.3/../../../../../H-x86_64-mingw32/nios2-elf/lib/mno-hw-mul\libsmallc.a(lib_a-strlen.o)

.debug
 *(.debug)

.line
 *(.line)

.debug_srcinfo
 *(.debug_srcinfo)

.debug_sfnames
 *(.debug_sfnames)

.debug_aranges  0x0000000000000000      0x208
 *(.debug_aranges)
 .debug_aranges
                0x0000000000000000       0x28 ../hello_world_small5_bsp//obj/HAL/src/crt0.o
 .debug_aranges
                0x0000000000000028       0x20 obj/default/hello_world_small.o
 .debug_aranges
                0x0000000000000048       0x20 ../hello_world_small5_bsp/\libhal_bsp.a(alt_getchar.o)
 .debug_aranges
                0x0000000000000068       0x20 ../hello_world_small5_bsp/\libhal_bsp.a(alt_load.o)
 .debug_aranges
                0x0000000000000088       0x20 ../hello_world_small5_bsp/\libhal_bsp.a(alt_main.o)
 .debug_aranges
                0x00000000000000a8       0x20 ../hello_world_small5_bsp/\libhal_bsp.a(alt_printf.o)
 .debug_aranges
                0x00000000000000c8       0x20 ../hello_world_small5_bsp/\libhal_bsp.a(alt_putchar.o)
 .debug_aranges
                0x00000000000000e8       0x20 ../hello_world_small5_bsp/\libhal_bsp.a(alt_putstr.o)
 .debug_aranges
                0x0000000000000108       0x20 ../hello_world_small5_bsp/\libhal_bsp.a(alt_sys_init.o)
 .debug_aranges
                0x0000000000000128       0x20 ../hello_world_small5_bsp/\libhal_bsp.a(altera_avalon_jtag_uart_read.o)
 .debug_aranges
                0x0000000000000148       0x20 ../hello_world_small5_bsp/\libhal_bsp.a(altera_avalon_jtag_uart_write.o)
 .debug_aranges
                0x0000000000000168       0x20 ../hello_world_small5_bsp/\libhal_bsp.a(alt_dcache_flush_all.o)
 .debug_aranges
                0x0000000000000188       0x20 ../hello_world_small5_bsp/\libhal_bsp.a(alt_dev.o)
 .debug_aranges
                0x00000000000001a8       0x20 ../hello_world_small5_bsp/\libhal_bsp.a(alt_icache_flush_all.o)
 .debug_aranges
                0x00000000000001c8       0x20 ../hello_world_small5_bsp/\libhal_bsp.a(altera_nios2_qsys_irq.o)
 .debug_aranges
                0x00000000000001e8       0x20 c:/altera/14.0/nios2eds/bin/gnu/h-x86_64-mingw32/bin/../lib/gcc/nios2-elf/4.7.3/../../../../../H-x86_64-mingw32/nios2-elf/lib/mno-hw-mul\libsmallc.a(lib_a-strlen.o)

.debug_pubnames
 *(.debug_pubnames)

.debug_info     0x0000000000000000     0x19d2
 *(.debug_info .gnu.linkonce.wi.*)
 .debug_info    0x0000000000000000       0x8e ../hello_world_small5_bsp//obj/HAL/src/crt0.o
 .debug_info    0x000000000000008e      0x205 obj/default/hello_world_small.o
 .debug_info    0x0000000000000293      0x374 ../hello_world_small5_bsp/\libhal_bsp.a(alt_getchar.o)
 .debug_info    0x0000000000000607      0x1d9 ../hello_world_small5_bsp/\libhal_bsp.a(alt_load.o)
 .debug_info    0x00000000000007e0      0x194 ../hello_world_small5_bsp/\libhal_bsp.a(alt_main.o)
 .debug_info    0x0000000000000974      0x163 ../hello_world_small5_bsp/\libhal_bsp.a(alt_printf.o)
 .debug_info    0x0000000000000ad7      0x148 ../hello_world_small5_bsp/\libhal_bsp.a(alt_putchar.o)
 .debug_info    0x0000000000000c1f      0x171 ../hello_world_small5_bsp/\libhal_bsp.a(alt_putstr.o)
 .debug_info    0x0000000000000d90      0x193 ../hello_world_small5_bsp/\libhal_bsp.a(alt_sys_init.o)
 .debug_info    0x0000000000000f23      0x1bd ../hello_world_small5_bsp/\libhal_bsp.a(altera_avalon_jtag_uart_read.o)
 .debug_info    0x00000000000010e0      0x1a0 ../hello_world_small5_bsp/\libhal_bsp.a(altera_avalon_jtag_uart_write.o)
 .debug_info    0x0000000000001280       0x8f ../hello_world_small5_bsp/\libhal_bsp.a(alt_dcache_flush_all.o)
 .debug_info    0x000000000000130f      0x4df ../hello_world_small5_bsp/\libhal_bsp.a(alt_dev.o)
 .debug_info    0x00000000000017ee       0x8f ../hello_world_small5_bsp/\libhal_bsp.a(alt_icache_flush_all.o)
 .debug_info    0x000000000000187d       0x8f ../hello_world_small5_bsp/\libhal_bsp.a(altera_nios2_qsys_irq.o)
 .debug_info    0x000000000000190c       0xc6 c:/altera/14.0/nios2eds/bin/gnu/h-x86_64-mingw32/bin/../lib/gcc/nios2-elf/4.7.3/../../../../../H-x86_64-mingw32/nios2-elf/lib/mno-hw-mul\libsmallc.a(lib_a-strlen.o)

.debug_abbrev   0x0000000000000000      0xb9a
 *(.debug_abbrev)
 .debug_abbrev  0x0000000000000000       0x12 ../hello_world_small5_bsp//obj/HAL/src/crt0.o
 .debug_abbrev  0x0000000000000012       0xf5 obj/default/hello_world_small.o
 .debug_abbrev  0x0000000000000107      0x11f ../hello_world_small5_bsp/\libhal_bsp.a(alt_getchar.o)
 .debug_abbrev  0x0000000000000226       0xd8 ../hello_world_small5_bsp/\libhal_bsp.a(alt_load.o)
 .debug_abbrev  0x00000000000002fe      0x120 ../hello_world_small5_bsp/\libhal_bsp.a(alt_main.o)
 .debug_abbrev  0x000000000000041e       0xcc ../hello_world_small5_bsp/\libhal_bsp.a(alt_printf.o)
 .debug_abbrev  0x00000000000004ea       0xd4 ../hello_world_small5_bsp/\libhal_bsp.a(alt_putchar.o)
 .debug_abbrev  0x00000000000005be       0xe2 ../hello_world_small5_bsp/\libhal_bsp.a(alt_putstr.o)
 .debug_abbrev  0x00000000000006a0      0x105 ../hello_world_small5_bsp/\libhal_bsp.a(alt_sys_init.o)
 .debug_abbrev  0x00000000000007a5      0x102 ../hello_world_small5_bsp/\libhal_bsp.a(altera_avalon_jtag_uart_read.o)
 .debug_abbrev  0x00000000000008a7       0xd5 ../hello_world_small5_bsp/\libhal_bsp.a(altera_avalon_jtag_uart_write.o)
 .debug_abbrev  0x000000000000097c       0x42 ../hello_world_small5_bsp/\libhal_bsp.a(alt_dcache_flush_all.o)
 .debug_abbrev  0x00000000000009be       0xd9 ../hello_world_small5_bsp/\libhal_bsp.a(alt_dev.o)
 .debug_abbrev  0x0000000000000a97       0x42 ../hello_world_small5_bsp/\libhal_bsp.a(alt_icache_flush_all.o)
 .debug_abbrev  0x0000000000000ad9       0x42 ../hello_world_small5_bsp/\libhal_bsp.a(altera_nios2_qsys_irq.o)
 .debug_abbrev  0x0000000000000b1b       0x7f c:/altera/14.0/nios2eds/bin/gnu/h-x86_64-mingw32/bin/../lib/gcc/nios2-elf/4.7.3/../../../../../H-x86_64-mingw32/nios2-elf/lib/mno-hw-mul\libsmallc.a(lib_a-strlen.o)

.debug_line     0x0000000000000000      0xc82
 *(.debug_line)
 .debug_line    0x0000000000000000       0x66 ../hello_world_small5_bsp//obj/HAL/src/crt0.o
 .debug_line    0x0000000000000066       0xd5 obj/default/hello_world_small.o
 .debug_line    0x000000000000013b       0xad ../hello_world_small5_bsp/\libhal_bsp.a(alt_getchar.o)
 .debug_line    0x00000000000001e8       0xd6 ../hello_world_small5_bsp/\libhal_bsp.a(alt_load.o)
 .debug_line    0x00000000000002be       0xbd ../hello_world_small5_bsp/\libhal_bsp.a(alt_main.o)
 .debug_line    0x000000000000037b      0x122 ../hello_world_small5_bsp/\libhal_bsp.a(alt_printf.o)
 .debug_line    0x000000000000049d       0x4d ../hello_world_small5_bsp/\libhal_bsp.a(alt_putchar.o)
 .debug_line    0x00000000000004ea      0x127 ../hello_world_small5_bsp/\libhal_bsp.a(alt_putstr.o)
 .debug_line    0x0000000000000611      0x101 ../hello_world_small5_bsp/\libhal_bsp.a(alt_sys_init.o)
 .debug_line    0x0000000000000712      0x104 ../hello_world_small5_bsp/\libhal_bsp.a(altera_avalon_jtag_uart_read.o)
 .debug_line    0x0000000000000816       0xf5 ../hello_world_small5_bsp/\libhal_bsp.a(altera_avalon_jtag_uart_write.o)
 .debug_line    0x000000000000090b       0x4e ../hello_world_small5_bsp/\libhal_bsp.a(alt_dcache_flush_all.o)
 .debug_line    0x0000000000000959      0x119 ../hello_world_small5_bsp/\libhal_bsp.a(alt_dev.o)
 .debug_line    0x0000000000000a72       0x4e ../hello_world_small5_bsp/\libhal_bsp.a(alt_icache_flush_all.o)
 .debug_line    0x0000000000000ac0       0x50 ../hello_world_small5_bsp/\libhal_bsp.a(altera_nios2_qsys_irq.o)
 .debug_line    0x0000000000000b10      0x172 c:/altera/14.0/nios2eds/bin/gnu/h-x86_64-mingw32/bin/../lib/gcc/nios2-elf/4.7.3/../../../../../H-x86_64-mingw32/nios2-elf/lib/mno-hw-mul\libsmallc.a(lib_a-strlen.o)

.debug_frame    0x0000000000000000      0x254
 *(.debug_frame)
 .debug_frame   0x0000000000000000       0x38 obj/default/hello_world_small.o
 .debug_frame   0x0000000000000038       0x28 ../hello_world_small5_bsp/\libhal_bsp.a(alt_getchar.o)
 .debug_frame   0x0000000000000060       0x28 ../hello_world_small5_bsp/\libhal_bsp.a(alt_load.o)
 .debug_frame   0x0000000000000088       0x28 ../hello_world_small5_bsp/\libhal_bsp.a(alt_main.o)
 .debug_frame   0x00000000000000b0       0x38 ../hello_world_small5_bsp/\libhal_bsp.a(alt_printf.o)
 .debug_frame   0x00000000000000e8       0x2c ../hello_world_small5_bsp/\libhal_bsp.a(alt_putchar.o)
 .debug_frame   0x0000000000000114       0x28 ../hello_world_small5_bsp/\libhal_bsp.a(alt_putstr.o)
 .debug_frame   0x000000000000013c       0x38 ../hello_world_small5_bsp/\libhal_bsp.a(alt_sys_init.o)
 .debug_frame   0x0000000000000174       0x20 ../hello_world_small5_bsp/\libhal_bsp.a(altera_avalon_jtag_uart_read.o)
 .debug_frame   0x0000000000000194       0x20 ../hello_world_small5_bsp/\libhal_bsp.a(altera_avalon_jtag_uart_write.o)
 .debug_frame   0x00000000000001b4       0x20 ../hello_world_small5_bsp/\libhal_bsp.a(alt_dcache_flush_all.o)
 .debug_frame   0x00000000000001d4       0x20 ../hello_world_small5_bsp/\libhal_bsp.a(alt_dev.o)
 .debug_frame   0x00000000000001f4       0x20 ../hello_world_small5_bsp/\libhal_bsp.a(alt_icache_flush_all.o)
 .debug_frame   0x0000000000000214       0x20 ../hello_world_small5_bsp/\libhal_bsp.a(altera_nios2_qsys_irq.o)
 .debug_frame   0x0000000000000234       0x20 c:/altera/14.0/nios2eds/bin/gnu/h-x86_64-mingw32/bin/../lib/gcc/nios2-elf/4.7.3/../../../../../H-x86_64-mingw32/nios2-elf/lib/mno-hw-mul\libsmallc.a(lib_a-strlen.o)

.debug_str      0x0000000000000000      0x809
 *(.debug_str)
 .debug_str     0x0000000000000000      0x142 obj/default/hello_world_small.o
                                        0x179 (size before relaxing)
 .debug_str     0x0000000000000142      0x14f ../hello_world_small5_bsp/\libhal_bsp.a(alt_getchar.o)
                                        0x20d (size before relaxing)
 .debug_str     0x0000000000000291      0x11b ../hello_world_small5_bsp/\libhal_bsp.a(alt_load.o)
                                        0x213 (size before relaxing)
 .debug_str     0x00000000000003ac       0x5e ../hello_world_small5_bsp/\libhal_bsp.a(alt_main.o)
                                        0x18c (size before relaxing)
 .debug_str     0x000000000000040a       0x59 ../hello_world_small5_bsp/\libhal_bsp.a(alt_printf.o)
                                         0xe9 (size before relaxing)
 .debug_str     0x0000000000000463       0x34 ../hello_world_small5_bsp/\libhal_bsp.a(alt_putchar.o)
                                        0x162 (size before relaxing)
 .debug_str     0x0000000000000497       0x23 ../hello_world_small5_bsp/\libhal_bsp.a(alt_putstr.o)
                                        0x16e (size before relaxing)
 .debug_str     0x00000000000004ba       0x86 ../hello_world_small5_bsp/\libhal_bsp.a(alt_sys_init.o)
                                        0x1fb (size before relaxing)
 .debug_str     0x0000000000000540       0x3d ../hello_world_small5_bsp/\libhal_bsp.a(altera_avalon_jtag_uart_read.o)
                                        0x1f6 (size before relaxing)
 .debug_str     0x000000000000057d       0x32 ../hello_world_small5_bsp/\libhal_bsp.a(altera_avalon_jtag_uart_write.o)
                                        0x1ec (size before relaxing)
 .debug_str     0x00000000000005af       0x1f ../hello_world_small5_bsp/\libhal_bsp.a(alt_dcache_flush_all.o)
                                        0x12c (size before relaxing)
 .debug_str     0x00000000000005ce      0x120 ../hello_world_small5_bsp/\libhal_bsp.a(alt_dev.o)
                                        0x2dc (size before relaxing)
 .debug_str     0x00000000000006ee       0x1f ../hello_world_small5_bsp/\libhal_bsp.a(alt_icache_flush_all.o)
                                        0x12c (size before relaxing)
 .debug_str     0x000000000000070d       0x20 ../hello_world_small5_bsp/\libhal_bsp.a(altera_nios2_qsys_irq.o)
                                        0x133 (size before relaxing)
 .debug_str     0x000000000000072d       0xdc c:/altera/14.0/nios2eds/bin/gnu/h-x86_64-mingw32/bin/../lib/gcc/nios2-elf/4.7.3/../../../../../H-x86_64-mingw32/nios2-elf/lib/mno-hw-mul\libsmallc.a(lib_a-strlen.o)
                                        0x18e (size before relaxing)

.debug_loc      0x0000000000000000      0x5f8
 *(.debug_loc)
 .debug_loc     0x0000000000000000       0xf4 obj/default/hello_world_small.o
 .debug_loc     0x00000000000000f4       0x40 ../hello_world_small5_bsp/\libhal_bsp.a(alt_getchar.o)
 .debug_loc     0x0000000000000134       0x20 ../hello_world_small5_bsp/\libhal_bsp.a(alt_load.o)
 .debug_loc     0x0000000000000154       0x20 ../hello_world_small5_bsp/\libhal_bsp.a(alt_main.o)
 .debug_loc     0x0000000000000174      0x244 ../hello_world_small5_bsp/\libhal_bsp.a(alt_printf.o)
 .debug_loc     0x00000000000003b8       0x4c ../hello_world_small5_bsp/\libhal_bsp.a(alt_putchar.o)
 .debug_loc     0x0000000000000404       0x57 ../hello_world_small5_bsp/\libhal_bsp.a(alt_putstr.o)
 .debug_loc     0x000000000000045b       0x41 ../hello_world_small5_bsp/\libhal_bsp.a(alt_sys_init.o)
 .debug_loc     0x000000000000049c       0xb5 ../hello_world_small5_bsp/\libhal_bsp.a(altera_avalon_jtag_uart_read.o)
 .debug_loc     0x0000000000000551       0x7e ../hello_world_small5_bsp/\libhal_bsp.a(altera_avalon_jtag_uart_write.o)
 .debug_loc     0x00000000000005cf       0x29 c:/altera/14.0/nios2eds/bin/gnu/h-x86_64-mingw32/bin/../lib/gcc/nios2-elf/4.7.3/../../../../../H-x86_64-mingw32/nios2-elf/lib/mno-hw-mul\libsmallc.a(lib_a-strlen.o)

.debug_macinfo
 *(.debug_macinfo)

.debug_weaknames
 *(.debug_weaknames)

.debug_funcnames
 *(.debug_funcnames)

.debug_typenames
 *(.debug_typenames)

.debug_varnames
 *(.debug_varnames)

.debug_alt_sim_info
                0x0000000000000000       0x10
 *(.debug_alt_sim_info)
 .debug_alt_sim_info
                0x0000000000000000       0x10 ../hello_world_small5_bsp//obj/HAL/src/crt0.o
                0x0000000000002000                __alt_data_end = 0x2000
                0x0000000000002000                PROVIDE (__alt_stack_pointer, __alt_data_end)
                0x0000000000001784                PROVIDE (__alt_stack_limit, __alt_stack_base)
                0x0000000000001784                PROVIDE (__alt_heap_start, end)
                0x0000000000002000                PROVIDE (__alt_heap_limit, 0x2000)
OUTPUT(hello_world_small5.elf elf32-littlenios2)

.debug_ranges   0x0000000000000000       0x98
 .debug_ranges  0x0000000000000000       0x20 ../hello_world_small5_bsp//obj/HAL/src/crt0.o
 .debug_ranges  0x0000000000000020       0x10 obj/default/hello_world_small.o
 .debug_ranges  0x0000000000000030       0x48 ../hello_world_small5_bsp/\libhal_bsp.a(alt_load.o)
 .debug_ranges  0x0000000000000078       0x20 ../hello_world_small5_bsp/\libhal_bsp.a(altera_avalon_jtag_uart_read.o)
