Archive member included because of file (symbol)

c:/altera/14.0/nios2eds/bin/gnu/h-x86_64-mingw32/bin/../lib/gcc/nios2-elf/4.7.3/mno-hw-mul\libgcc.a(lib2-divmod.o)
                              obj/default/hello_world_small.o (__modsi3)
../Camera_System_bsp/\libhal_bsp.a(alt_getchar.o)
                              obj/default/hello_world_small.o (alt_getchar)
../Camera_System_bsp/\libhal_bsp.a(alt_load.o)
                              ../Camera_System_bsp//obj/HAL/src/crt0.o (alt_load)
../Camera_System_bsp/\libhal_bsp.a(alt_main.o)
                              ../Camera_System_bsp//obj/HAL/src/crt0.o (alt_main)
../Camera_System_bsp/\libhal_bsp.a(alt_printf.o)
                              obj/default/hello_world_small.o (alt_printf)
../Camera_System_bsp/\libhal_bsp.a(alt_putchar.o)
                              ../Camera_System_bsp/\libhal_bsp.a(alt_printf.o) (alt_putchar)
../Camera_System_bsp/\libhal_bsp.a(alt_putstr.o)
                              obj/default/hello_world_small.o (alt_putstr)
../Camera_System_bsp/\libhal_bsp.a(alt_sys_init.o)
                              ../Camera_System_bsp/\libhal_bsp.a(alt_main.o) (alt_irq_init)
../Camera_System_bsp/\libhal_bsp.a(altera_avalon_jtag_uart_read.o)
                              ../Camera_System_bsp/\libhal_bsp.a(alt_getchar.o) (altera_avalon_jtag_uart_read)
../Camera_System_bsp/\libhal_bsp.a(altera_avalon_jtag_uart_write.o)
                              ../Camera_System_bsp/\libhal_bsp.a(alt_putchar.o) (altera_avalon_jtag_uart_write)
../Camera_System_bsp/\libhal_bsp.a(alt_dcache_flush_all.o)
                              ../Camera_System_bsp/\libhal_bsp.a(alt_load.o) (alt_dcache_flush_all)
../Camera_System_bsp/\libhal_bsp.a(alt_dev.o)
                              ../Camera_System_bsp/\libhal_bsp.a(alt_getchar.o) (alt_fd_list)
../Camera_System_bsp/\libhal_bsp.a(alt_icache_flush_all.o)
                              ../Camera_System_bsp/\libhal_bsp.a(alt_load.o) (alt_icache_flush_all)
../Camera_System_bsp/\libhal_bsp.a(altera_nios2_qsys_irq.o)
                              ../Camera_System_bsp/\libhal_bsp.a(alt_sys_init.o) (altera_nios2_qsys_irq_init)
c:/altera/14.0/nios2eds/bin/gnu/h-x86_64-mingw32/bin/../lib/gcc/nios2-elf/4.7.3/../../../../../H-x86_64-mingw32/nios2-elf/lib/mno-hw-mul\libsmallc.a(lib_a-strlen.o)
                              ../Camera_System_bsp/\libhal_bsp.a(alt_putstr.o) (strlen)

Memory Configuration

Name             Origin             Length             Attributes
reset            0x0000000000001000 0x0000000000000020
onchip_memory    0x0000000000001020 0x0000000000000fe0
*default*        0x0000000000000000 0xffffffffffffffff

Linker script and memory map

LOAD ../Camera_System_bsp//obj/HAL/src/crt0.o
LOAD obj/default/hello_world_small.o
LOAD c:/altera/14.0/nios2eds/bin/gnu/h-x86_64-mingw32/bin/../lib/gcc/nios2-elf/4.7.3/../../../../../H-x86_64-mingw32/nios2-elf/lib/mno-hw-mul\libstdc++.a
LOAD c:/altera/14.0/nios2eds/bin/gnu/h-x86_64-mingw32/bin/../lib/gcc/nios2-elf/4.7.3/../../../../../H-x86_64-mingw32/nios2-elf/lib/mno-hw-mul\libm.a
LOAD c:/altera/14.0/nios2eds/bin/gnu/h-x86_64-mingw32/bin/../lib/gcc/nios2-elf/4.7.3/mno-hw-mul\libgcc.a
START GROUP
LOAD c:/altera/14.0/nios2eds/bin/gnu/h-x86_64-mingw32/bin/../lib/gcc/nios2-elf/4.7.3/../../../../../H-x86_64-mingw32/nios2-elf/lib/mno-hw-mul\libsmallc.a
LOAD c:/altera/14.0/nios2eds/bin/gnu/h-x86_64-mingw32/bin/../lib/gcc/nios2-elf/4.7.3/mno-hw-mul\libgcc.a
LOAD ../Camera_System_bsp/\libhal_bsp.a
END GROUP
LOAD c:/altera/14.0/nios2eds/bin/gnu/h-x86_64-mingw32/bin/../lib/gcc/nios2-elf/4.7.3/mno-hw-mul\libgcc.a
                0x0000000000001000                __alt_mem_onchip_memory = 0x1000

.entry          0x0000000000001000       0x20
 *(.entry)
 .entry         0x0000000000001000       0x20 ../Camera_System_bsp//obj/HAL/src/crt0.o
                0x0000000000001000                __reset
                0x000000000000100c                _exit

.exceptions     0x0000000000001020        0x0
                0x0000000000001020                PROVIDE (__ram_exceptions_start, ABSOLUTE (.))
                0x0000000000001020                . = ALIGN (0x20)
 *(.irq)
 *(.exceptions.entry.label)
 *(.exceptions.entry.user)
 *(.exceptions.entry.ecc_fatal)
 *(.exceptions.entry)
 *(.exceptions.irqtest.user)
 *(.exceptions.irqtest)
 *(.exceptions.irqhandler.user)
 *(.exceptions.irqhandler)
 *(.exceptions.irqreturn.user)
 *(.exceptions.irqreturn)
 *(.exceptions.notirq.label)
 *(.exceptions.notirq.user)
 *(.exceptions.notirq)
 *(.exceptions.soft.user)
 *(.exceptions.soft)
 *(.exceptions.unknown.user)
 *(.exceptions.unknown)
 *(.exceptions.exit.label)
 *(.exceptions.exit.user)
 *(.exceptions.exit)
 *(.exceptions)
                0x0000000000001020                PROVIDE (__ram_exceptions_end, ABSOLUTE (.))
                0x0000000000001020                PROVIDE (__flash_exceptions_start, LOADADDR (.exceptions))

.text           0x0000000000001020      0x940
                0x0000000000001020                PROVIDE (stext, ABSOLUTE (.))
 *(.interp)
 *(.hash)
 *(.dynsym)
 *(.dynstr)
 *(.gnu.version)
 *(.gnu.version_d)
 *(.gnu.version_r)
 *(.rel.init)
 *(.rela.init)
 *(.rel.text .rel.text.* .rel.gnu.linkonce.t.*)
 *(.rela.text .rela.text.* .rela.gnu.linkonce.t.*)
 *(.rel.fini)
 *(.rela.fini)
 *(.rel.rodata .rel.rodata.* .rel.gnu.linkonce.r.*)
 *(.rela.rodata .rela.rodata.* .rela.gnu.linkonce.r.*)
 *(.rel.data .rel.data.* .rel.gnu.linkonce.d.*)
 *(.rela.data .rela.data.* .rela.gnu.linkonce.d.*)
 *(.rel.tdata .rel.tdata.* .rel.gnu.linkonce.td.*)
 *(.rela.tdata .rela.tdata.* .rela.gnu.linkonce.td.*)
 *(.rel.tbss .rel.tbss.* .rel.gnu.linkonce.tb.*)
 *(.rela.tbss .rela.tbss.* .rela.gnu.linkonce.tb.*)
 *(.rel.ctors)
 *(.rela.ctors)
 *(.rel.dtors)
 *(.rela.dtors)
 *(.rel.got)
 *(.rela.got)
 *(.rel.sdata .rel.sdata.* .rel.gnu.linkonce.s.*)
 *(.rela.sdata .rela.sdata.* .rela.gnu.linkonce.s.*)
 *(.rel.sbss .rel.sbss.* .rel.gnu.linkonce.sb.*)
 *(.rela.sbss .rela.sbss.* .rela.gnu.linkonce.sb.*)
 *(.rel.sdata2 .rel.sdata2.* .rel.gnu.linkonce.s2.*)
 *(.rela.sdata2 .rela.sdata2.* .rela.gnu.linkonce.s2.*)
 *(.rel.sbss2 .rel.sbss2.* .rel.gnu.linkonce.sb2.*)
 *(.rela.sbss2 .rela.sbss2.* .rela.gnu.linkonce.sb2.*)
 *(.rel.bss .rel.bss.* .rel.gnu.linkonce.b.*)
 *(.rela.bss .rela.bss.* .rela.gnu.linkonce.b.*)
 *(.rel.plt)
 *(.rela.plt)
 *(.rel.dyn)
 *(.init)
 *(.plt)
 *(.text .stub .text.* .gnu.linkonce.t.*)
 .text          0x0000000000001020       0x3c ../Camera_System_bsp//obj/HAL/src/crt0.o
                0x0000000000001020                _start
 .text          0x000000000000105c       0x54 obj/default/hello_world_small.o
                0x000000000000105c                sendData
 .text.startup  0x00000000000010b0      0x324 obj/default/hello_world_small.o
                0x00000000000010b0                main
 .text          0x00000000000013d4      0x130 c:/altera/14.0/nios2eds/bin/gnu/h-x86_64-mingw32/bin/../lib/gcc/nios2-elf/4.7.3/mno-hw-mul\libgcc.a(lib2-divmod.o)
                0x0000000000001448                __divsi3
                0x0000000000001498                __modsi3
                0x00000000000014f4                __udivsi3
                0x00000000000014fc                __umodsi3
 .text          0x0000000000001504       0x44 ../Camera_System_bsp/\libhal_bsp.a(alt_getchar.o)
                0x0000000000001504                alt_getchar
 .text          0x0000000000001548      0x104 ../Camera_System_bsp/\libhal_bsp.a(alt_load.o)
                0x0000000000001548                alt_load
 .text          0x000000000000164c       0x2c ../Camera_System_bsp/\libhal_bsp.a(alt_main.o)
                0x000000000000164c                alt_main
 .text          0x0000000000001678      0x170 ../Camera_System_bsp/\libhal_bsp.a(alt_printf.o)
                0x0000000000001678                alt_printf
 .text          0x00000000000017e8       0x4c ../Camera_System_bsp/\libhal_bsp.a(alt_putchar.o)
                0x00000000000017e8                alt_putchar
 .text          0x0000000000001834       0x38 ../Camera_System_bsp/\libhal_bsp.a(alt_putstr.o)
                0x0000000000001834                alt_putstr
 .text          0x000000000000186c       0x24 ../Camera_System_bsp/\libhal_bsp.a(alt_sys_init.o)
                0x000000000000186c                alt_irq_init
                0x000000000000188c                alt_sys_init
 .text          0x0000000000001890       0x5c ../Camera_System_bsp/\libhal_bsp.a(altera_avalon_jtag_uart_read.o)
                0x0000000000001890                altera_avalon_jtag_uart_read
 .text          0x00000000000018ec       0x34 ../Camera_System_bsp/\libhal_bsp.a(altera_avalon_jtag_uart_write.o)
                0x00000000000018ec                altera_avalon_jtag_uart_write
 .text          0x0000000000001920        0x4 ../Camera_System_bsp/\libhal_bsp.a(alt_dcache_flush_all.o)
                0x0000000000001920                alt_dcache_flush_all
 .text          0x0000000000001924        0x8 ../Camera_System_bsp/\libhal_bsp.a(alt_dev.o)
 .text          0x000000000000192c        0x4 ../Camera_System_bsp/\libhal_bsp.a(alt_icache_flush_all.o)
                0x000000000000192c                alt_icache_flush_all
 .text          0x0000000000001930        0x8 ../Camera_System_bsp/\libhal_bsp.a(altera_nios2_qsys_irq.o)
                0x0000000000001930                altera_nios2_qsys_irq_init
 .text          0x0000000000001938       0x28 c:/altera/14.0/nios2eds/bin/gnu/h-x86_64-mingw32/bin/../lib/gcc/nios2-elf/4.7.3/../../../../../H-x86_64-mingw32/nios2-elf/lib/mno-hw-mul\libsmallc.a(lib_a-strlen.o)
                0x0000000000001938                strlen
 *(.gnu.warning.*)
 *(.fini)
                0x0000000000001960                PROVIDE (__etext, ABSOLUTE (.))
                0x0000000000001960                PROVIDE (_etext, ABSOLUTE (.))
                0x0000000000001960                PROVIDE (etext, ABSOLUTE (.))
 *(.eh_frame_hdr)
                0x0000000000001960                . = ALIGN (0x4)
                0x0000000000001960                PROVIDE (__preinit_array_start, ABSOLUTE (.))
 *(.preinit_array)
                0x0000000000001960                PROVIDE (__preinit_array_end, ABSOLUTE (.))
                0x0000000000001960                PROVIDE (__init_array_start, ABSOLUTE (.))
 *(.init_array)
                0x0000000000001960                PROVIDE (__init_array_end, ABSOLUTE (.))
                0x0000000000001960                PROVIDE (__fini_array_start, ABSOLUTE (.))
 *(.fini_array)
                0x0000000000001960                PROVIDE (__fini_array_end, ABSOLUTE (.))
 *(.eh_frame)
 *(.gcc_except_table .gcc_except_table.*)
 *(.dynamic)
                0x0000000000001960                PROVIDE (__CTOR_LIST__, ABSOLUTE (.))
 *(.ctors)
 *(SORT(.ctors.*))
                0x0000000000001960                PROVIDE (__CTOR_END__, ABSOLUTE (.))
                0x0000000000001960                PROVIDE (__DTOR_LIST__, ABSOLUTE (.))
 *(.dtors)
 *(SORT(.dtors.*))
                0x0000000000001960                PROVIDE (__DTOR_END__, ABSOLUTE (.))
 *(.jcr)
                0x0000000000001960                . = ALIGN (0x4)

.rodata         0x0000000000001960      0x23c
                0x0000000000001960                PROVIDE (__ram_rodata_start, ABSOLUTE (.))
                0x0000000000001960                . = ALIGN (0x4)
 *(.rodata .rodata.* .gnu.linkonce.r.*)
 .rodata.str1.4
                0x0000000000001960      0x22f obj/default/hello_world_small.o
                                        0x230 (size before relaxing)
 *fill*         0x0000000000001b8f        0x1 
 .rodata.str1.4
                0x0000000000001b90        0xc ../Camera_System_bsp/\libhal_bsp.a(alt_dev.o)
 *(.rodata1)
                0x0000000000001b9c                . = ALIGN (0x4)
                0x0000000000001b9c                PROVIDE (__ram_rodata_end, ABSOLUTE (.))
                0x0000000000001960                PROVIDE (__flash_rodata_start, LOADADDR (.rodata))

.rwdata         0x0000000000001b9c       0x70 load address 0x0000000000001c0c
                0x0000000000001b9c                PROVIDE (__ram_rwdata_start, ABSOLUTE (.))
                0x0000000000001b9c                . = ALIGN (0x4)
 *(.got.plt)
 *(.got)
 *(.data1)
 *(.data .data.* .gnu.linkonce.d.*)
 .data          0x0000000000001b9c        0x0 ../Camera_System_bsp//obj/HAL/src/crt0.o
 .data          0x0000000000001b9c        0x0 obj/default/hello_world_small.o
 .data          0x0000000000001b9c        0x0 c:/altera/14.0/nios2eds/bin/gnu/h-x86_64-mingw32/bin/../lib/gcc/nios2-elf/4.7.3/mno-hw-mul\libgcc.a(lib2-divmod.o)
 .data          0x0000000000001b9c        0x0 ../Camera_System_bsp/\libhal_bsp.a(alt_getchar.o)
 .data          0x0000000000001b9c        0x0 ../Camera_System_bsp/\libhal_bsp.a(alt_load.o)
 .data          0x0000000000001b9c        0x0 ../Camera_System_bsp/\libhal_bsp.a(alt_main.o)
 .data          0x0000000000001b9c        0x0 ../Camera_System_bsp/\libhal_bsp.a(alt_printf.o)
 .data          0x0000000000001b9c        0x0 ../Camera_System_bsp/\libhal_bsp.a(alt_putchar.o)
 .data          0x0000000000001b9c        0x0 ../Camera_System_bsp/\libhal_bsp.a(alt_putstr.o)
 .data          0x0000000000001b9c        0x0 ../Camera_System_bsp/\libhal_bsp.a(alt_sys_init.o)
 .data          0x0000000000001b9c        0x0 ../Camera_System_bsp/\libhal_bsp.a(altera_avalon_jtag_uart_read.o)
 .data          0x0000000000001b9c        0x0 ../Camera_System_bsp/\libhal_bsp.a(altera_avalon_jtag_uart_write.o)
 .data          0x0000000000001b9c        0x0 ../Camera_System_bsp/\libhal_bsp.a(alt_dcache_flush_all.o)
 .data          0x0000000000001b9c       0x58 ../Camera_System_bsp/\libhal_bsp.a(alt_dev.o)
                0x0000000000001b9c                alt_fd_list
                0x0000000000001bcc                alt_dev_null
 .data          0x0000000000001bf4        0x0 ../Camera_System_bsp/\libhal_bsp.a(alt_icache_flush_all.o)
 .data          0x0000000000001bf4        0x0 ../Camera_System_bsp/\libhal_bsp.a(altera_nios2_qsys_irq.o)
 .data          0x0000000000001bf4        0x0 c:/altera/14.0/nios2eds/bin/gnu/h-x86_64-mingw32/bin/../lib/gcc/nios2-elf/4.7.3/../../../../../H-x86_64-mingw32/nios2-elf/lib/mno-hw-mul\libsmallc.a(lib_a-strlen.o)
                0x0000000000009bf4                _gp = ABSOLUTE ((. + 0x8000))
                0x0000000000009bf4                PROVIDE (gp, _gp)
 *(.rwdata .rwdata.*)
 *(.sdata .sdata.* .gnu.linkonce.s.*)
 .sdata         0x0000000000001bf4        0x4 ../Camera_System_bsp/\libhal_bsp.a(alt_sys_init.o)
                0x0000000000001bf4                jtag_uart
 .sdata         0x0000000000001bf8       0x14 ../Camera_System_bsp/\libhal_bsp.a(alt_dev.o)
                0x0000000000001bf8                alt_max_fd
                0x0000000000001bfc                alt_dev_list
                0x0000000000001c04                alt_fs_list
 *(.sdata2 .sdata2.* .gnu.linkonce.s2.*)
                0x0000000000001c0c                . = ALIGN (0x4)
                0x0000000000001c0c                _edata = ABSOLUTE (.)
                0x0000000000001c0c                PROVIDE (edata, ABSOLUTE (.))
                0x0000000000001c0c                PROVIDE (__ram_rwdata_end, ABSOLUTE (.))
                0x0000000000001c0c                PROVIDE (__flash_rwdata_start, LOADADDR (.rwdata))

.bss            0x0000000000001c7c        0xc
                0x0000000000001c7c                __bss_start = ABSOLUTE (.)
                0x0000000000001c7c                PROVIDE (__sbss_start, ABSOLUTE (.))
                0x0000000000001c7c                PROVIDE (___sbss_start, ABSOLUTE (.))
 *(.dynsbss)
 *(.sbss .sbss.* .gnu.linkonce.sb.*)
 .sbss          0x0000000000001c7c        0xc ../Camera_System_bsp/\libhal_bsp.a(alt_main.o)
                0x0000000000001c7c                alt_envp
                0x0000000000001c80                alt_argv
                0x0000000000001c84                alt_argc
 *(.sbss2 .sbss2.* .gnu.linkonce.sb2.*)
 *(.scommon)
                0x0000000000001c88                PROVIDE (__sbss_end, ABSOLUTE (.))
                0x0000000000001c88                PROVIDE (___sbss_end, ABSOLUTE (.))
 *(.dynbss)
 *(.bss .bss.* .gnu.linkonce.b.*)
 .bss           0x0000000000001c88        0x0 ../Camera_System_bsp//obj/HAL/src/crt0.o
 .bss           0x0000000000001c88        0x0 obj/default/hello_world_small.o
 .bss           0x0000000000001c88        0x0 c:/altera/14.0/nios2eds/bin/gnu/h-x86_64-mingw32/bin/../lib/gcc/nios2-elf/4.7.3/mno-hw-mul\libgcc.a(lib2-divmod.o)
 .bss           0x0000000000001c88        0x0 ../Camera_System_bsp/\libhal_bsp.a(alt_getchar.o)
 .bss           0x0000000000001c88        0x0 ../Camera_System_bsp/\libhal_bsp.a(alt_load.o)
 .bss           0x0000000000001c88        0x0 ../Camera_System_bsp/\libhal_bsp.a(alt_main.o)
 .bss           0x0000000000001c88        0x0 ../Camera_System_bsp/\libhal_bsp.a(alt_printf.o)
 .bss           0x0000000000001c88        0x0 ../Camera_System_bsp/\libhal_bsp.a(alt_putchar.o)
 .bss           0x0000000000001c88        0x0 ../Camera_System_bsp/\libhal_bsp.a(alt_putstr.o)
 .bss           0x0000000000001c88        0x0 ../Camera_System_bsp/\libhal_bsp.a(alt_sys_init.o)
 .bss           0x0000000000001c88        0x0 ../Camera_System_bsp/\libhal_bsp.a(altera_avalon_jtag_uart_read.o)
 .bss           0x0000000000001c88        0x0 ../Camera_System_bsp/\libhal_bsp.a(altera_avalon_jtag_uart_write.o)
 .bss           0x0000000000001c88        0x0 ../Camera_System_bsp/\libhal_bsp.a(alt_dcache_flush_all.o)
 .bss           0x0000000000001c88        0x0 ../Camera_System_bsp/\libhal_bsp.a(alt_dev.o)
 .bss           0x0000000000001c88        0x0 ../Camera_System_bsp/\libhal_bsp.a(alt_icache_flush_all.o)
 .bss           0x0000000000001c88        0x0 ../Camera_System_bsp/\libhal_bsp.a(altera_nios2_qsys_irq.o)
 .bss           0x0000000000001c88        0x0 c:/altera/14.0/nios2eds/bin/gnu/h-x86_64-mingw32/bin/../lib/gcc/nios2-elf/4.7.3/../../../../../H-x86_64-mingw32/nios2-elf/lib/mno-hw-mul\libsmallc.a(lib_a-strlen.o)
 *(COMMON)
                0x0000000000001c88                . = ALIGN (0x4)
                0x0000000000001c88                __bss_end = ABSOLUTE (.)

.onchip_memory  0x0000000000001c88        0x0
                0x0000000000001c88                PROVIDE (_alt_partition_onchip_memory_start, ABSOLUTE (.))
 *(.onchip_memory .onchip_memory. onchip_memory.*)
                0x0000000000001c88                . = ALIGN (0x4)
                0x0000000000001c88                PROVIDE (_alt_partition_onchip_memory_end, ABSOLUTE (.))
                0x0000000000001c88                _end = ABSOLUTE (.)
                0x0000000000001c88                end = ABSOLUTE (.)
                0x0000000000001c88                __alt_stack_base = ABSOLUTE (.)
                0x0000000000001c88                PROVIDE (_alt_partition_onchip_memory_load_addr, LOADADDR (.onchip_memory))

.stab
 *(.stab)

.stabstr
 *(.stabstr)

.stab.excl
 *(.stab.excl)

.stab.exclstr
 *(.stab.exclstr)

.stab.index
 *(.stab.index)

.stab.indexstr
 *(.stab.indexstr)

.comment        0x0000000000000000       0x23
 *(.comment)
 .comment       0x0000000000000000       0x23 obj/default/hello_world_small.o
                                         0x24 (size before relaxing)
 .comment       0x0000000000000000       0x24 c:/altera/14.0/nios2eds/bin/gnu/h-x86_64-mingw32/bin/../lib/gcc/nios2-elf/4.7.3/mno-hw-mul\libgcc.a(lib2-divmod.o)
 .comment       0x0000000000000000       0x24 ../Camera_System_bsp/\libhal_bsp.a(alt_getchar.o)
 .comment       0x0000000000000000       0x24 ../Camera_System_bsp/\libhal_bsp.a(alt_load.o)
 .comment       0x0000000000000000       0x24 ../Camera_System_bsp/\libhal_bsp.a(alt_main.o)
 .comment       0x0000000000000000       0x24 ../Camera_System_bsp/\libhal_bsp.a(alt_printf.o)
 .comment       0x0000000000000000       0x24 ../Camera_System_bsp/\libhal_bsp.a(alt_putchar.o)
 .comment       0x0000000000000000       0x24 ../Camera_System_bsp/\libhal_bsp.a(alt_putstr.o)
 .comment       0x0000000000000000       0x24 ../Camera_System_bsp/\libhal_bsp.a(alt_sys_init.o)
 .comment       0x0000000000000000       0x24 ../Camera_System_bsp/\libhal_bsp.a(altera_avalon_jtag_uart_read.o)
 .comment       0x0000000000000000       0x24 ../Camera_System_bsp/\libhal_bsp.a(altera_avalon_jtag_uart_write.o)
 .comment       0x0000000000000000       0x24 ../Camera_System_bsp/\libhal_bsp.a(alt_dcache_flush_all.o)
 .comment       0x0000000000000000       0x24 ../Camera_System_bsp/\libhal_bsp.a(alt_dev.o)
 .comment       0x0000000000000000       0x24 ../Camera_System_bsp/\libhal_bsp.a(alt_icache_flush_all.o)
 .comment       0x0000000000000000       0x24 ../Camera_System_bsp/\libhal_bsp.a(altera_nios2_qsys_irq.o)
 .comment       0x0000000000000000       0x24 c:/altera/14.0/nios2eds/bin/gnu/h-x86_64-mingw32/bin/../lib/gcc/nios2-elf/4.7.3/../../../../../H-x86_64-mingw32/nios2-elf/lib/mno-hw-mul\libsmallc.a(lib_a-strlen.o)

.debug
 *(.debug)

.line
 *(.line)

.debug_srcinfo
 *(.debug_srcinfo)

.debug_sfnames
 *(.debug_sfnames)

.debug_aranges  0x0000000000000000      0x230
 *(.debug_aranges)
 .debug_aranges
                0x0000000000000000       0x28 ../Camera_System_bsp//obj/HAL/src/crt0.o
 .debug_aranges
                0x0000000000000028       0x28 obj/default/hello_world_small.o
 .debug_aranges
                0x0000000000000050       0x20 c:/altera/14.0/nios2eds/bin/gnu/h-x86_64-mingw32/bin/../lib/gcc/nios2-elf/4.7.3/mno-hw-mul\libgcc.a(lib2-divmod.o)
 .debug_aranges
                0x0000000000000070       0x20 ../Camera_System_bsp/\libhal_bsp.a(alt_getchar.o)
 .debug_aranges
                0x0000000000000090       0x20 ../Camera_System_bsp/\libhal_bsp.a(alt_load.o)
 .debug_aranges
                0x00000000000000b0       0x20 ../Camera_System_bsp/\libhal_bsp.a(alt_main.o)
 .debug_aranges
                0x00000000000000d0       0x20 ../Camera_System_bsp/\libhal_bsp.a(alt_printf.o)
 .debug_aranges
                0x00000000000000f0       0x20 ../Camera_System_bsp/\libhal_bsp.a(alt_putchar.o)
 .debug_aranges
                0x0000000000000110       0x20 ../Camera_System_bsp/\libhal_bsp.a(alt_putstr.o)
 .debug_aranges
                0x0000000000000130       0x20 ../Camera_System_bsp/\libhal_bsp.a(alt_sys_init.o)
 .debug_aranges
                0x0000000000000150       0x20 ../Camera_System_bsp/\libhal_bsp.a(altera_avalon_jtag_uart_read.o)
 .debug_aranges
                0x0000000000000170       0x20 ../Camera_System_bsp/\libhal_bsp.a(altera_avalon_jtag_uart_write.o)
 .debug_aranges
                0x0000000000000190       0x20 ../Camera_System_bsp/\libhal_bsp.a(alt_dcache_flush_all.o)
 .debug_aranges
                0x00000000000001b0       0x20 ../Camera_System_bsp/\libhal_bsp.a(alt_dev.o)
 .debug_aranges
                0x00000000000001d0       0x20 ../Camera_System_bsp/\libhal_bsp.a(alt_icache_flush_all.o)
 .debug_aranges
                0x00000000000001f0       0x20 ../Camera_System_bsp/\libhal_bsp.a(altera_nios2_qsys_irq.o)
 .debug_aranges
                0x0000000000000210       0x20 c:/altera/14.0/nios2eds/bin/gnu/h-x86_64-mingw32/bin/../lib/gcc/nios2-elf/4.7.3/../../../../../H-x86_64-mingw32/nios2-elf/lib/mno-hw-mul\libsmallc.a(lib_a-strlen.o)

.debug_pubnames
 *(.debug_pubnames)

.debug_info     0x0000000000000000     0x1ef4
 *(.debug_info .gnu.linkonce.wi.*)
 .debug_info    0x0000000000000000       0x89 ../Camera_System_bsp//obj/HAL/src/crt0.o
 .debug_info    0x0000000000000089      0x4a3 obj/default/hello_world_small.o
 .debug_info    0x000000000000052c      0x289 c:/altera/14.0/nios2eds/bin/gnu/h-x86_64-mingw32/bin/../lib/gcc/nios2-elf/4.7.3/mno-hw-mul\libgcc.a(lib2-divmod.o)
 .debug_info    0x00000000000007b5      0x374 ../Camera_System_bsp/\libhal_bsp.a(alt_getchar.o)
 .debug_info    0x0000000000000b29      0x1d9 ../Camera_System_bsp/\libhal_bsp.a(alt_load.o)
 .debug_info    0x0000000000000d02      0x194 ../Camera_System_bsp/\libhal_bsp.a(alt_main.o)
 .debug_info    0x0000000000000e96      0x163 ../Camera_System_bsp/\libhal_bsp.a(alt_printf.o)
 .debug_info    0x0000000000000ff9      0x148 ../Camera_System_bsp/\libhal_bsp.a(alt_putchar.o)
 .debug_info    0x0000000000001141      0x171 ../Camera_System_bsp/\libhal_bsp.a(alt_putstr.o)
 .debug_info    0x00000000000012b2      0x193 ../Camera_System_bsp/\libhal_bsp.a(alt_sys_init.o)
 .debug_info    0x0000000000001445      0x1bd ../Camera_System_bsp/\libhal_bsp.a(altera_avalon_jtag_uart_read.o)
 .debug_info    0x0000000000001602      0x1a0 ../Camera_System_bsp/\libhal_bsp.a(altera_avalon_jtag_uart_write.o)
 .debug_info    0x00000000000017a2       0x8f ../Camera_System_bsp/\libhal_bsp.a(alt_dcache_flush_all.o)
 .debug_info    0x0000000000001831      0x4df ../Camera_System_bsp/\libhal_bsp.a(alt_dev.o)
 .debug_info    0x0000000000001d10       0x8f ../Camera_System_bsp/\libhal_bsp.a(alt_icache_flush_all.o)
 .debug_info    0x0000000000001d9f       0x8f ../Camera_System_bsp/\libhal_bsp.a(altera_nios2_qsys_irq.o)
 .debug_info    0x0000000000001e2e       0xc6 c:/altera/14.0/nios2eds/bin/gnu/h-x86_64-mingw32/bin/../lib/gcc/nios2-elf/4.7.3/../../../../../H-x86_64-mingw32/nios2-elf/lib/mno-hw-mul\libsmallc.a(lib_a-strlen.o)

.debug_abbrev   0x0000000000000000      0xd0e
 *(.debug_abbrev)
 .debug_abbrev  0x0000000000000000       0x12 ../Camera_System_bsp//obj/HAL/src/crt0.o
 .debug_abbrev  0x0000000000000012      0x157 obj/default/hello_world_small.o
 .debug_abbrev  0x0000000000000169      0x112 c:/altera/14.0/nios2eds/bin/gnu/h-x86_64-mingw32/bin/../lib/gcc/nios2-elf/4.7.3/mno-hw-mul\libgcc.a(lib2-divmod.o)
 .debug_abbrev  0x000000000000027b      0x11f ../Camera_System_bsp/\libhal_bsp.a(alt_getchar.o)
 .debug_abbrev  0x000000000000039a       0xd8 ../Camera_System_bsp/\libhal_bsp.a(alt_load.o)
 .debug_abbrev  0x0000000000000472      0x120 ../Camera_System_bsp/\libhal_bsp.a(alt_main.o)
 .debug_abbrev  0x0000000000000592       0xcc ../Camera_System_bsp/\libhal_bsp.a(alt_printf.o)
 .debug_abbrev  0x000000000000065e       0xd4 ../Camera_System_bsp/\libhal_bsp.a(alt_putchar.o)
 .debug_abbrev  0x0000000000000732       0xe2 ../Camera_System_bsp/\libhal_bsp.a(alt_putstr.o)
 .debug_abbrev  0x0000000000000814      0x105 ../Camera_System_bsp/\libhal_bsp.a(alt_sys_init.o)
 .debug_abbrev  0x0000000000000919      0x102 ../Camera_System_bsp/\libhal_bsp.a(altera_avalon_jtag_uart_read.o)
 .debug_abbrev  0x0000000000000a1b       0xd5 ../Camera_System_bsp/\libhal_bsp.a(altera_avalon_jtag_uart_write.o)
 .debug_abbrev  0x0000000000000af0       0x42 ../Camera_System_bsp/\libhal_bsp.a(alt_dcache_flush_all.o)
 .debug_abbrev  0x0000000000000b32       0xd9 ../Camera_System_bsp/\libhal_bsp.a(alt_dev.o)
 .debug_abbrev  0x0000000000000c0b       0x42 ../Camera_System_bsp/\libhal_bsp.a(alt_icache_flush_all.o)
 .debug_abbrev  0x0000000000000c4d       0x42 ../Camera_System_bsp/\libhal_bsp.a(altera_nios2_qsys_irq.o)
 .debug_abbrev  0x0000000000000c8f       0x7f c:/altera/14.0/nios2eds/bin/gnu/h-x86_64-mingw32/bin/../lib/gcc/nios2-elf/4.7.3/../../../../../H-x86_64-mingw32/nios2-elf/lib/mno-hw-mul\libsmallc.a(lib_a-strlen.o)

.debug_line     0x0000000000000000      0xdc8
 *(.debug_line)
 .debug_line    0x0000000000000000       0x66 ../Camera_System_bsp//obj/HAL/src/crt0.o
 .debug_line    0x0000000000000066      0x145 obj/default/hello_world_small.o
 .debug_line    0x00000000000001ab       0xd6 c:/altera/14.0/nios2eds/bin/gnu/h-x86_64-mingw32/bin/../lib/gcc/nios2-elf/4.7.3/mno-hw-mul\libgcc.a(lib2-divmod.o)
 .debug_line    0x0000000000000281       0xad ../Camera_System_bsp/\libhal_bsp.a(alt_getchar.o)
 .debug_line    0x000000000000032e       0xd6 ../Camera_System_bsp/\libhal_bsp.a(alt_load.o)
 .debug_line    0x0000000000000404       0xbd ../Camera_System_bsp/\libhal_bsp.a(alt_main.o)
 .debug_line    0x00000000000004c1      0x122 ../Camera_System_bsp/\libhal_bsp.a(alt_printf.o)
 .debug_line    0x00000000000005e3       0x4d ../Camera_System_bsp/\libhal_bsp.a(alt_putchar.o)
 .debug_line    0x0000000000000630      0x127 ../Camera_System_bsp/\libhal_bsp.a(alt_putstr.o)
 .debug_line    0x0000000000000757      0x101 ../Camera_System_bsp/\libhal_bsp.a(alt_sys_init.o)
 .debug_line    0x0000000000000858      0x104 ../Camera_System_bsp/\libhal_bsp.a(altera_avalon_jtag_uart_read.o)
 .debug_line    0x000000000000095c       0xf5 ../Camera_System_bsp/\libhal_bsp.a(altera_avalon_jtag_uart_write.o)
 .debug_line    0x0000000000000a51       0x4e ../Camera_System_bsp/\libhal_bsp.a(alt_dcache_flush_all.o)
 .debug_line    0x0000000000000a9f      0x119 ../Camera_System_bsp/\libhal_bsp.a(alt_dev.o)
 .debug_line    0x0000000000000bb8       0x4e ../Camera_System_bsp/\libhal_bsp.a(alt_icache_flush_all.o)
 .debug_line    0x0000000000000c06       0x50 ../Camera_System_bsp/\libhal_bsp.a(altera_nios2_qsys_irq.o)
 .debug_line    0x0000000000000c56      0x172 c:/altera/14.0/nios2eds/bin/gnu/h-x86_64-mingw32/bin/../lib/gcc/nios2-elf/4.7.3/../../../../../H-x86_64-mingw32/nios2-elf/lib/mno-hw-mul\libsmallc.a(lib_a-strlen.o)

.debug_frame    0x0000000000000000      0x2d4
 *(.debug_frame)
 .debug_frame   0x0000000000000000       0x48 obj/default/hello_world_small.o
 .debug_frame   0x0000000000000048       0x70 c:/altera/14.0/nios2eds/bin/gnu/h-x86_64-mingw32/bin/../lib/gcc/nios2-elf/4.7.3/mno-hw-mul\libgcc.a(lib2-divmod.o)
 .debug_frame   0x00000000000000b8       0x28 ../Camera_System_bsp/\libhal_bsp.a(alt_getchar.o)
 .debug_frame   0x00000000000000e0       0x28 ../Camera_System_bsp/\libhal_bsp.a(alt_load.o)
 .debug_frame   0x0000000000000108       0x28 ../Camera_System_bsp/\libhal_bsp.a(alt_main.o)
 .debug_frame   0x0000000000000130       0x38 ../Camera_System_bsp/\libhal_bsp.a(alt_printf.o)
 .debug_frame   0x0000000000000168       0x2c ../Camera_System_bsp/\libhal_bsp.a(alt_putchar.o)
 .debug_frame   0x0000000000000194       0x28 ../Camera_System_bsp/\libhal_bsp.a(alt_putstr.o)
 .debug_frame   0x00000000000001bc       0x38 ../Camera_System_bsp/\libhal_bsp.a(alt_sys_init.o)
 .debug_frame   0x00000000000001f4       0x20 ../Camera_System_bsp/\libhal_bsp.a(altera_avalon_jtag_uart_read.o)
 .debug_frame   0x0000000000000214       0x20 ../Camera_System_bsp/\libhal_bsp.a(altera_avalon_jtag_uart_write.o)
 .debug_frame   0x0000000000000234       0x20 ../Camera_System_bsp/\libhal_bsp.a(alt_dcache_flush_all.o)
 .debug_frame   0x0000000000000254       0x20 ../Camera_System_bsp/\libhal_bsp.a(alt_dev.o)
 .debug_frame   0x0000000000000274       0x20 ../Camera_System_bsp/\libhal_bsp.a(alt_icache_flush_all.o)
 .debug_frame   0x0000000000000294       0x20 ../Camera_System_bsp/\libhal_bsp.a(altera_nios2_qsys_irq.o)
 .debug_frame   0x00000000000002b4       0x20 c:/altera/14.0/nios2eds/bin/gnu/h-x86_64-mingw32/bin/../lib/gcc/nios2-elf/4.7.3/../../../../../H-x86_64-mingw32/nios2-elf/lib/mno-hw-mul\libsmallc.a(lib_a-strlen.o)

.debug_str      0x0000000000000000      0x962
 *(.debug_str)
 .debug_str     0x0000000000000000      0x19b obj/default/hello_world_small.o
                                        0x1d2 (size before relaxing)
 .debug_str     0x000000000000019b      0x110 c:/altera/14.0/nios2eds/bin/gnu/h-x86_64-mingw32/bin/../lib/gcc/nios2-elf/4.7.3/mno-hw-mul\libgcc.a(lib2-divmod.o)
                                        0x167 (size before relaxing)
 .debug_str     0x00000000000002ab      0x14a ../Camera_System_bsp/\libhal_bsp.a(alt_getchar.o)
                                        0x208 (size before relaxing)
 .debug_str     0x00000000000003f5      0x11b ../Camera_System_bsp/\libhal_bsp.a(alt_load.o)
                                        0x20e (size before relaxing)
 .debug_str     0x0000000000000510       0x5e ../Camera_System_bsp/\libhal_bsp.a(alt_main.o)
                                        0x187 (size before relaxing)
 .debug_str     0x000000000000056e       0x59 ../Camera_System_bsp/\libhal_bsp.a(alt_printf.o)
                                         0xe4 (size before relaxing)
 .debug_str     0x00000000000005c7       0x34 ../Camera_System_bsp/\libhal_bsp.a(alt_putchar.o)
                                        0x15d (size before relaxing)
 .debug_str     0x00000000000005fb       0x23 ../Camera_System_bsp/\libhal_bsp.a(alt_putstr.o)
                                        0x169 (size before relaxing)
 .debug_str     0x000000000000061e       0x86 ../Camera_System_bsp/\libhal_bsp.a(alt_sys_init.o)
                                        0x1f6 (size before relaxing)
 .debug_str     0x00000000000006a4       0x38 ../Camera_System_bsp/\libhal_bsp.a(altera_avalon_jtag_uart_read.o)
                                        0x1f1 (size before relaxing)
 .debug_str     0x00000000000006dc       0x2c ../Camera_System_bsp/\libhal_bsp.a(altera_avalon_jtag_uart_write.o)
                                        0x1e7 (size before relaxing)
 .debug_str     0x0000000000000708       0x1f ../Camera_System_bsp/\libhal_bsp.a(alt_dcache_flush_all.o)
                                        0x127 (size before relaxing)
 .debug_str     0x0000000000000727      0x120 ../Camera_System_bsp/\libhal_bsp.a(alt_dev.o)
                                        0x2d7 (size before relaxing)
 .debug_str     0x0000000000000847       0x1f ../Camera_System_bsp/\libhal_bsp.a(alt_icache_flush_all.o)
                                        0x127 (size before relaxing)
 .debug_str     0x0000000000000866       0x20 ../Camera_System_bsp/\libhal_bsp.a(altera_nios2_qsys_irq.o)
                                        0x12e (size before relaxing)
 .debug_str     0x0000000000000886       0xdc c:/altera/14.0/nios2eds/bin/gnu/h-x86_64-mingw32/bin/../lib/gcc/nios2-elf/4.7.3/../../../../../H-x86_64-mingw32/nios2-elf/lib/mno-hw-mul\libsmallc.a(lib_a-strlen.o)
                                        0x18e (size before relaxing)

.debug_loc      0x0000000000000000      0xb7b
 *(.debug_loc)
 .debug_loc     0x0000000000000000      0x33f obj/default/hello_world_small.o
 .debug_loc     0x000000000000033f      0x338 c:/altera/14.0/nios2eds/bin/gnu/h-x86_64-mingw32/bin/../lib/gcc/nios2-elf/4.7.3/mno-hw-mul\libgcc.a(lib2-divmod.o)
 .debug_loc     0x0000000000000677       0x40 ../Camera_System_bsp/\libhal_bsp.a(alt_getchar.o)
 .debug_loc     0x00000000000006b7       0x20 ../Camera_System_bsp/\libhal_bsp.a(alt_load.o)
 .debug_loc     0x00000000000006d7       0x20 ../Camera_System_bsp/\libhal_bsp.a(alt_main.o)
 .debug_loc     0x00000000000006f7      0x244 ../Camera_System_bsp/\libhal_bsp.a(alt_printf.o)
 .debug_loc     0x000000000000093b       0x4c ../Camera_System_bsp/\libhal_bsp.a(alt_putchar.o)
 .debug_loc     0x0000000000000987       0x57 ../Camera_System_bsp/\libhal_bsp.a(alt_putstr.o)
 .debug_loc     0x00000000000009de       0x41 ../Camera_System_bsp/\libhal_bsp.a(alt_sys_init.o)
 .debug_loc     0x0000000000000a1f       0xb5 ../Camera_System_bsp/\libhal_bsp.a(altera_avalon_jtag_uart_read.o)
 .debug_loc     0x0000000000000ad4       0x7e ../Camera_System_bsp/\libhal_bsp.a(altera_avalon_jtag_uart_write.o)
 .debug_loc     0x0000000000000b52       0x29 c:/altera/14.0/nios2eds/bin/gnu/h-x86_64-mingw32/bin/../lib/gcc/nios2-elf/4.7.3/../../../../../H-x86_64-mingw32/nios2-elf/lib/mno-hw-mul\libsmallc.a(lib_a-strlen.o)

.debug_macinfo
 *(.debug_macinfo)

.debug_weaknames
 *(.debug_weaknames)

.debug_funcnames
 *(.debug_funcnames)

.debug_typenames
 *(.debug_typenames)

.debug_varnames
 *(.debug_varnames)

.debug_alt_sim_info
                0x0000000000000000       0x10
 *(.debug_alt_sim_info)
 .debug_alt_sim_info
                0x0000000000000000       0x10 ../Camera_System_bsp//obj/HAL/src/crt0.o
                0x0000000000002000                __alt_data_end = 0x2000
                0x0000000000002000                PROVIDE (__alt_stack_pointer, __alt_data_end)
                0x0000000000001c88                PROVIDE (__alt_stack_limit, __alt_stack_base)
                0x0000000000001c88                PROVIDE (__alt_heap_start, end)
                0x0000000000002000                PROVIDE (__alt_heap_limit, 0x2000)
OUTPUT(Camera_System.elf elf32-littlenios2)

.debug_ranges   0x0000000000000000       0xd0
 .debug_ranges  0x0000000000000000       0x20 ../Camera_System_bsp//obj/HAL/src/crt0.o
 .debug_ranges  0x0000000000000020       0x48 obj/default/hello_world_small.o
 .debug_ranges  0x0000000000000068       0x48 ../Camera_System_bsp/\libhal_bsp.a(alt_load.o)
 .debug_ranges  0x00000000000000b0       0x20 ../Camera_System_bsp/\libhal_bsp.a(altera_avalon_jtag_uart_read.o)
